Namespace(prefix='', communication_epoch=100, local_epoch=5, parti_num=10, model='dapperfl', dataset='fl_officecaltech', pr_strategy='AD', backbone='resnet18', alpha=0.9, alpha_min=0.1, epsilon=0.2, reg_coeff=0.01, wandb=1, device_id=0, seed=1234, rand_dataset=1, learning_decay=False, averaing='weight', online_ratio=1, csv_log=False, local_lr=0.01, local_batch_size=64, pr_ratios=['0', '0.2', '0.4', '0.6', '0.8'], arch='res18')
2025-03-28 20:35:53
{'dslr': 3, 'webcam': 2, 'amazon': 2, 'caltech': 3}
['dslr', 'dslr', 'webcam', 'amazon', 'caltech', 'caltech', 'caltech', 'amazon', 'webcam', 'dslr']
Prune local model 7, pr_ratio = [0.4, 0.4, 0.4, 0.4]
Prune local model 8, pr_ratio = [0.6, 0.6, 0.6, 0.6]
Prune local model 9, pr_ratio = [0.8, 0.8, 0.8, 0.8]
Prune local model 6, pr_ratio = [0.2, 0.2, 0.2, 0.2]
Prune local model 3, pr_ratio = [0.6, 0.6, 0.6, 0.6]
Prune local model 4, pr_ratio = [0.8, 0.8, 0.8, 0.8]
Prune local model 5, pr_ratio = [0, 0, 0, 0]
Prune local model 0, pr_ratio = [0, 0, 0, 0]
Prune local model 2, pr_ratio = [0.4, 0.4, 0.4, 0.4]
Prune local model 1, pr_ratio = [0.2, 0.2, 0.2, 0.2]
Round: 0 Method: dapperfl Mean_Acc: 8.782 Best_Acc: 8.782
Domain_Acc: [7.59, 10.53, 10.34, 6.67] Domain_BestAcc: [7.59, 10.53, 10.34, 6.67]
Prune local model 2, pr_ratio = [0.4, 0.4, 0.4, 0.4]
Prune local model 7, pr_ratio = [0.4, 0.4, 0.4, 0.4]
Prune local model 1, pr_ratio = [0.2, 0.2, 0.2, 0.2]
Prune local model 5, pr_ratio = [0, 0, 0, 0]
Prune local model 0, pr_ratio = [0, 0, 0, 0]
Prune local model 9, pr_ratio = [0.8, 0.8, 0.8, 0.8]
Prune local model 6, pr_ratio = [0.2, 0.2, 0.2, 0.2]
Prune local model 8, pr_ratio = [0.6, 0.6, 0.6, 0.6]
Prune local model 3, pr_ratio = [0.6, 0.6, 0.6, 0.6]
Prune local model 4, pr_ratio = [0.8, 0.8, 0.8, 0.8]
Round: 1 Method: dapperfl Mean_Acc: 10.048 Best_Acc: 10.048
Domain_Acc: [9.82, 8.42, 8.62, 13.33] Domain_BestAcc: [9.82, 10.53, 10.34, 13.33]
Prune local model 3, pr_ratio = [0.6, 0.6, 0.6, 0.6]
Prune local model 7, pr_ratio = [0.4, 0.4, 0.4, 0.4]
Prune local model 5, pr_ratio = [0, 0, 0, 0]
Prune local model 0, pr_ratio = [0, 0, 0, 0]
Prune local model 2, pr_ratio = [0.4, 0.4, 0.4, 0.4]
Prune local model 6, pr_ratio = [0.2, 0.2, 0.2, 0.2]
Prune local model 4, pr_ratio = [0.8, 0.8, 0.8, 0.8]
Prune local model 1, pr_ratio = [0.2, 0.2, 0.2, 0.2]
Prune local model 8, pr_ratio = [0.6, 0.6, 0.6, 0.6]
Prune local model 9, pr_ratio = [0.8, 0.8, 0.8, 0.8]
Round: 2 Method: dapperfl Mean_Acc: 10.048 Best_Acc: 10.048
Domain_Acc: [9.82, 8.42, 8.62, 13.33] Domain_BestAcc: [9.82, 10.53, 10.34, 13.33]
Prune local model 1, pr_ratio = [0.2, 0.2, 0.2, 0.2]
Prune local model 8, pr_ratio = [0.6, 0.6, 0.6, 0.6]
Prune local model 9, pr_ratio = [0.8, 0.8, 0.8, 0.8]
Prune local model 6, pr_ratio = [0.2, 0.2, 0.2, 0.2]
Prune local model 7, pr_ratio = [0.4, 0.4, 0.4, 0.4]
Prune local model 2, pr_ratio = [0.4, 0.4, 0.4, 0.4]
Prune local model 5, pr_ratio = [0, 0, 0, 0]
Prune local model 3, pr_ratio = [0.6, 0.6, 0.6, 0.6]
Prune local model 4, pr_ratio = [0.8, 0.8, 0.8, 0.8]
Prune local model 0, pr_ratio = [0, 0, 0, 0]
Round: 3 Method: dapperfl Mean_Acc: 10.048 Best_Acc: 10.048
Domain_Acc: [9.82, 8.42, 8.62, 13.33] Domain_BestAcc: [9.82, 10.53, 10.34, 13.33]
Prune local model 4, pr_ratio = [0.8, 0.8, 0.8, 0.8]
Prune local model 3, pr_ratio = [0.6, 0.6, 0.6, 0.6]
Prune local model 7, pr_ratio = [0.4, 0.4, 0.4, 0.4]
Prune local model 0, pr_ratio = [0, 0, 0, 0]
Prune local model 2, pr_ratio = [0.4, 0.4, 0.4, 0.4]
Prune local model 5, pr_ratio = [0, 0, 0, 0]
Prune local model 6, pr_ratio = [0.2, 0.2, 0.2, 0.2]
Prune local model 8, pr_ratio = [0.6, 0.6, 0.6, 0.6]
Prune local model 9, pr_ratio = [0.8, 0.8, 0.8, 0.8]
Prune local model 1, pr_ratio = [0.2, 0.2, 0.2, 0.2]
Round: 4 Method: dapperfl Mean_Acc: 10.18 Best_Acc: 10.18
Domain_Acc: [9.82, 8.95, 8.62, 13.33] Domain_BestAcc: [9.82, 10.53, 10.34, 13.33]
Prune local model 3, pr_ratio = [0.6, 0.6, 0.6, 0.6]
Prune local model 4, pr_ratio = [0.8, 0.8, 0.8, 0.8]
Prune local model 6, pr_ratio = [0.2, 0.2, 0.2, 0.2]
Prune local model 9, pr_ratio = [0.8, 0.8, 0.8, 0.8]
Prune local model 0, pr_ratio = [0, 0, 0, 0]
Prune local model 5, pr_ratio = [0, 0, 0, 0]
Prune local model 2, pr_ratio = [0.4, 0.4, 0.4, 0.4]
Prune local model 7, pr_ratio = [0.4, 0.4, 0.4, 0.4]
Prune local model 8, pr_ratio = [0.6, 0.6, 0.6, 0.6]
Prune local model 1, pr_ratio = [0.2, 0.2, 0.2, 0.2]
Round: 5 Method: dapperfl Mean_Acc: 11.487 Best_Acc: 11.487
Domain_Acc: [12.95, 11.05, 8.62, 13.33] Domain_BestAcc: [12.95, 11.05, 10.34, 13.33]
Prune local model 7, pr_ratio = [0.4, 0.4, 0.4, 0.4]
Prune local model 5, pr_ratio = [0, 0, 0, 0]
Prune local model 4, pr_ratio = [0.8, 0.8, 0.8, 0.8]
Prune local model 0, pr_ratio = [0, 0, 0, 0]
Prune local model 6, pr_ratio = [0.2, 0.2, 0.2, 0.2]
Prune local model 2, pr_ratio = [0.4, 0.4, 0.4, 0.4]
Prune local model 1, pr_ratio = [0.2, 0.2, 0.2, 0.2]
Prune local model 8, pr_ratio = [0.6, 0.6, 0.6, 0.6]
Prune local model 3, pr_ratio = [0.6, 0.6, 0.6, 0.6]
Prune local model 9, pr_ratio = [0.8, 0.8, 0.8, 0.8]
Round: 6 Method: dapperfl Mean_Acc: 16.63 Best_Acc: 16.63
Domain_Acc: [16.96, 17.37, 15.52, 16.67] Domain_BestAcc: [16.96, 17.37, 15.52, 16.67]
Prune local model 2, pr_ratio = [0.4, 0.4, 0.4, 0.4]
Prune local model 9, pr_ratio = [0.8, 0.8, 0.8, 0.8]
Prune local model 7, pr_ratio = [0.4, 0.4, 0.4, 0.4]
Prune local model 3, pr_ratio = [0.6, 0.6, 0.6, 0.6]
Prune local model 5, pr_ratio = [0, 0, 0, 0]
Prune local model 6, pr_ratio = [0.2, 0.2, 0.2, 0.2]
Prune local model 4, pr_ratio = [0.8, 0.8, 0.8, 0.8]
Prune local model 8, pr_ratio = [0.6, 0.6, 0.6, 0.6]
Prune local model 0, pr_ratio = [0, 0, 0, 0]
Prune local model 1, pr_ratio = [0.2, 0.2, 0.2, 0.2]
Round: 7 Method: dapperfl Mean_Acc: 20.875 Best_Acc: 20.875
Domain_Acc: [23.66, 17.89, 8.62, 33.33] Domain_BestAcc: [23.66, 17.89, 15.52, 33.33]
Prune local model 1, pr_ratio = [0.2, 0.2, 0.2, 0.2]
Prune local model 3, pr_ratio = [0.6, 0.6, 0.6, 0.6]
Prune local model 4, pr_ratio = [0.8, 0.8, 0.8, 0.8]
Prune local model 2, pr_ratio = [0.4, 0.4, 0.4, 0.4]
Prune local model 9, pr_ratio = [0.8, 0.8, 0.8, 0.8]
Prune local model 6, pr_ratio = [0.2, 0.2, 0.2, 0.2]
Prune local model 0, pr_ratio = [0, 0, 0, 0]
Prune local model 7, pr_ratio = [0.4, 0.4, 0.4, 0.4]
Prune local model 8, pr_ratio = [0.6, 0.6, 0.6, 0.6]
Prune local model 5, pr_ratio = [0, 0, 0, 0]
Round: 8 Method: dapperfl Mean_Acc: 21.625 Best_Acc: 21.625
Domain_Acc: [23.21, 27.89, 12.07, 23.33] Domain_BestAcc: [23.66, 27.89, 15.52, 33.33]
Prune local model 2, pr_ratio = [0.4, 0.4, 0.4, 0.4]
Prune local model 6, pr_ratio = [0.2, 0.2, 0.2, 0.2]
Prune local model 5, pr_ratio = [0, 0, 0, 0]
Prune local model 3, pr_ratio = [0.6, 0.6, 0.6, 0.6]
Prune local model 1, pr_ratio = [0.2, 0.2, 0.2, 0.2]
Prune local model 7, pr_ratio = [0.4, 0.4, 0.4, 0.4]
Prune local model 8, pr_ratio = [0.6, 0.6, 0.6, 0.6]
Prune local model 0, pr_ratio = [0, 0, 0, 0]
Prune local model 9, pr_ratio = [0.8, 0.8, 0.8, 0.8]
Prune local model 4, pr_ratio = [0.8, 0.8, 0.8, 0.8]
Round: 9 Method: dapperfl Mean_Acc: 20.942 Best_Acc: 21.625
Domain_Acc: [22.77, 25.26, 22.41, 13.33] Domain_BestAcc: [23.66, 27.89, 22.41, 33.33]
Prune local model 2, pr_ratio = [0.4, 0.4, 0.4, 0.4]
Prune local model 5, pr_ratio = [0, 0, 0, 0]
Prune local model 3, pr_ratio = [0.6, 0.6, 0.6, 0.6]
Prune local model 0, pr_ratio = [0, 0, 0, 0]
Prune local model 9, pr_ratio = [0.8, 0.8, 0.8, 0.8]
Prune local model 7, pr_ratio = [0.4, 0.4, 0.4, 0.4]
Prune local model 4, pr_ratio = [0.8, 0.8, 0.8, 0.8]
Prune local model 1, pr_ratio = [0.2, 0.2, 0.2, 0.2]
Prune local model 8, pr_ratio = [0.6, 0.6, 0.6, 0.6]
Prune local model 6, pr_ratio = [0.2, 0.2, 0.2, 0.2]
Round: 10 Method: dapperfl Mean_Acc: 23.658 Best_Acc: 23.658
Domain_Acc: [19.2, 34.74, 20.69, 20.0] Domain_BestAcc: [23.66, 34.74, 22.41, 33.33]
Prune local model 9, pr_ratio = [0.8, 0.8, 0.8, 0.8]
Prune local model 5, pr_ratio = [0, 0, 0, 0]
Prune local model 0, pr_ratio = [0, 0, 0, 0]
Prune local model 4, pr_ratio = [0.8, 0.8, 0.8, 0.8]
Prune local model 7, pr_ratio = [0.4, 0.4, 0.4, 0.4]
Prune local model 6, pr_ratio = [0.2, 0.2, 0.2, 0.2]
Prune local model 2, pr_ratio = [0.4, 0.4, 0.4, 0.4]
Prune local model 8, pr_ratio = [0.6, 0.6, 0.6, 0.6]
Prune local model 1, pr_ratio = [0.2, 0.2, 0.2, 0.2]
Prune local model 3, pr_ratio = [0.6, 0.6, 0.6, 0.6]
Round: 11 Method: dapperfl Mean_Acc: 23.083 Best_Acc: 23.658
Domain_Acc: [25.0, 25.26, 12.07, 30.0] Domain_BestAcc: [25.0, 34.74, 22.41, 33.33]
Prune local model 8, pr_ratio = [0.6, 0.6, 0.6, 0.6]
Prune local model 9, pr_ratio = [0.8, 0.8, 0.8, 0.8]
Prune local model 2, pr_ratio = [0.4, 0.4, 0.4, 0.4]
Prune local model 5, pr_ratio = [0, 0, 0, 0]
Prune local model 4, pr_ratio = [0.8, 0.8, 0.8, 0.8]
Prune local model 3, pr_ratio = [0.6, 0.6, 0.6, 0.6]
Prune local model 6, pr_ratio = [0.2, 0.2, 0.2, 0.2]
Prune local model 1, pr_ratio = [0.2, 0.2, 0.2, 0.2]
Prune local model 7, pr_ratio = [0.4, 0.4, 0.4, 0.4]
Prune local model 0, pr_ratio = [0, 0, 0, 0]
Round: 12 Method: dapperfl Mean_Acc: 24.328 Best_Acc: 24.328
Domain_Acc: [30.8, 37.89, 8.62, 20.0] Domain_BestAcc: [30.8, 37.89, 22.41, 33.33]
Prune local model 1, pr_ratio = [0.2, 0.2, 0.2, 0.2]
Prune local model 6, pr_ratio = [0.2, 0.2, 0.2, 0.2]
Prune local model 9, pr_ratio = [0.8, 0.8, 0.8, 0.8]
Prune local model 4, pr_ratio = [0.8, 0.8, 0.8, 0.8]
Prune local model 7, pr_ratio = [0.4, 0.4, 0.4, 0.4]
Prune local model 3, pr_ratio = [0.6, 0.6, 0.6, 0.6]
Prune local model 0, pr_ratio = [0, 0, 0, 0]
Prune local model 2, pr_ratio = [0.4, 0.4, 0.4, 0.4]
Prune local model 8, pr_ratio = [0.6, 0.6, 0.6, 0.6]
Prune local model 5, pr_ratio = [0, 0, 0, 0]
Round: 13 Method: dapperfl Mean_Acc: 28.658 Best_Acc: 28.658
Domain_Acc: [34.82, 35.79, 20.69, 23.33] Domain_BestAcc: [34.82, 37.89, 22.41, 33.33]
Prune local model 5, pr_ratio = [0, 0, 0, 0]
Prune local model 3, pr_ratio = [0.6, 0.6, 0.6, 0.6]
Prune local model 2, pr_ratio = [0.4, 0.4, 0.4, 0.4]
Prune local model 1, pr_ratio = [0.2, 0.2, 0.2, 0.2]
Prune local model 6, pr_ratio = [0.2, 0.2, 0.2, 0.2]
Prune local model 9, pr_ratio = [0.8, 0.8, 0.8, 0.8]
Prune local model 7, pr_ratio = [0.4, 0.4, 0.4, 0.4]
Prune local model 0, pr_ratio = [0, 0, 0, 0]
Prune local model 8, pr_ratio = [0.6, 0.6, 0.6, 0.6]
Prune local model 4, pr_ratio = [0.8, 0.8, 0.8, 0.8]
Round: 14 Method: dapperfl Mean_Acc: 28.458 Best_Acc: 28.658
Domain_Acc: [35.27, 43.16, 12.07, 23.33] Domain_BestAcc: [35.27, 43.16, 22.41, 33.33]
Prune local model 9, pr_ratio = [0.8, 0.8, 0.8, 0.8]
Prune local model 1, pr_ratio = [0.2, 0.2, 0.2, 0.2]
Prune local model 3, pr_ratio = [0.6, 0.6, 0.6, 0.6]
Prune local model 7, pr_ratio = [0.4, 0.4, 0.4, 0.4]
Prune local model 2, pr_ratio = [0.4, 0.4, 0.4, 0.4]
Prune local model 6, pr_ratio = [0.2, 0.2, 0.2, 0.2]
Prune local model 4, pr_ratio = [0.8, 0.8, 0.8, 0.8]
Prune local model 5, pr_ratio = [0, 0, 0, 0]
Prune local model 0, pr_ratio = [0, 0, 0, 0]
Prune local model 8, pr_ratio = [0.6, 0.6, 0.6, 0.6]
Round: 15 Method: dapperfl Mean_Acc: 33.438 Best_Acc: 33.438
Domain_Acc: [38.39, 37.89, 24.14, 33.33] Domain_BestAcc: [38.39, 43.16, 24.14, 33.33]
Prune local model 2, pr_ratio = [0.4, 0.4, 0.4, 0.4]
Prune local model 6, pr_ratio = [0.2, 0.2, 0.2, 0.2]
Prune local model 8, pr_ratio = [0.6, 0.6, 0.6, 0.6]
Prune local model 3, pr_ratio = [0.6, 0.6, 0.6, 0.6]
Prune local model 9, pr_ratio = [0.8, 0.8, 0.8, 0.8]
Prune local model 4, pr_ratio = [0.8, 0.8, 0.8, 0.8]
Prune local model 0, pr_ratio = [0, 0, 0, 0]
Prune local model 7, pr_ratio = [0.4, 0.4, 0.4, 0.4]
Prune local model 5, pr_ratio = [0, 0, 0, 0]
Prune local model 1, pr_ratio = [0.2, 0.2, 0.2, 0.2]
Round: 16 Method: dapperfl Mean_Acc: 35.155 Best_Acc: 35.155
Domain_Acc: [43.3, 51.58, 22.41, 23.33] Domain_BestAcc: [43.3, 51.58, 24.14, 33.33]
Prune local model 8, pr_ratio = [0.6, 0.6, 0.6, 0.6]
Prune local model 3, pr_ratio = [0.6, 0.6, 0.6, 0.6]
Prune local model 6, pr_ratio = [0.2, 0.2, 0.2, 0.2]
Prune local model 0, pr_ratio = [0, 0, 0, 0]
Prune local model 2, pr_ratio = [0.4, 0.4, 0.4, 0.4]
Prune local model 9, pr_ratio = [0.8, 0.8, 0.8, 0.8]
Prune local model 1, pr_ratio = [0.2, 0.2, 0.2, 0.2]
Prune local model 4, pr_ratio = [0.8, 0.8, 0.8, 0.8]
Prune local model 5, pr_ratio = [0, 0, 0, 0]
Prune local model 7, pr_ratio = [0.4, 0.4, 0.4, 0.4]
Round: 17 Method: dapperfl Mean_Acc: 32.448 Best_Acc: 35.155
Domain_Acc: [38.84, 38.42, 25.86, 26.67] Domain_BestAcc: [43.3, 51.58, 25.86, 33.33]
Prune local model 7, pr_ratio = [0.4, 0.4, 0.4, 0.4]
Prune local model 2, pr_ratio = [0.4, 0.4, 0.4, 0.4]
Prune local model 5, pr_ratio = [0, 0, 0, 0]
Prune local model 3, pr_ratio = [0.6, 0.6, 0.6, 0.6]
Prune local model 0, pr_ratio = [0, 0, 0, 0]
Prune local model 6, pr_ratio = [0.2, 0.2, 0.2, 0.2]
Prune local model 8, pr_ratio = [0.6, 0.6, 0.6, 0.6]
Prune local model 1, pr_ratio = [0.2, 0.2, 0.2, 0.2]
Prune local model 9, pr_ratio = [0.8, 0.8, 0.8, 0.8]
Prune local model 4, pr_ratio = [0.8, 0.8, 0.8, 0.8]
Round: 18 Method: dapperfl Mean_Acc: 38.15 Best_Acc: 38.15
Domain_Acc: [39.73, 53.68, 25.86, 33.33] Domain_BestAcc: [43.3, 53.68, 25.86, 33.33]
Prune local model 2, pr_ratio = [0.4, 0.4, 0.4, 0.4]
Prune local model 5, pr_ratio = [0, 0, 0, 0]
Prune local model 6, pr_ratio = [0.2, 0.2, 0.2, 0.2]
Prune local model 4, pr_ratio = [0.8, 0.8, 0.8, 0.8]
Prune local model 8, pr_ratio = [0.6, 0.6, 0.6, 0.6]
Prune local model 7, pr_ratio = [0.4, 0.4, 0.4, 0.4]
Prune local model 3, pr_ratio = [0.6, 0.6, 0.6, 0.6]
Prune local model 9, pr_ratio = [0.8, 0.8, 0.8, 0.8]
Prune local model 1, pr_ratio = [0.2, 0.2, 0.2, 0.2]
Prune local model 0, pr_ratio = [0, 0, 0, 0]
Round: 19 Method: dapperfl Mean_Acc: 33.315 Best_Acc: 38.15
Domain_Acc: [36.16, 51.58, 15.52, 30.0] Domain_BestAcc: [43.3, 53.68, 25.86, 33.33]
Prune local model 1, pr_ratio = [0.2, 0.2, 0.2, 0.2]
Prune local model 6, pr_ratio = [0.2, 0.2, 0.2, 0.2]
Prune local model 0, pr_ratio = [0, 0, 0, 0]
Prune local model 7, pr_ratio = [0.4, 0.4, 0.4, 0.4]
Prune local model 3, pr_ratio = [0.6, 0.6, 0.6, 0.6]
Prune local model 4, pr_ratio = [0.8, 0.8, 0.8, 0.8]
Prune local model 8, pr_ratio = [0.6, 0.6, 0.6, 0.6]
Prune local model 9, pr_ratio = [0.8, 0.8, 0.8, 0.8]
Prune local model 5, pr_ratio = [0, 0, 0, 0]
Prune local model 2, pr_ratio = [0.4, 0.4, 0.4, 0.4]
Round: 20 Method: dapperfl Mean_Acc: 32.782 Best_Acc: 38.15
Domain_Acc: [39.29, 46.32, 15.52, 30.0] Domain_BestAcc: [43.3, 53.68, 25.86, 33.33]
Prune local model 3, pr_ratio = [0.6, 0.6, 0.6, 0.6]
Prune local model 8, pr_ratio = [0.6, 0.6, 0.6, 0.6]
Prune local model 7, pr_ratio = [0.4, 0.4, 0.4, 0.4]
Prune local model 5, pr_ratio = [0, 0, 0, 0]
Prune local model 9, pr_ratio = [0.8, 0.8, 0.8, 0.8]
Prune local model 6, pr_ratio = [0.2, 0.2, 0.2, 0.2]
Prune local model 0, pr_ratio = [0, 0, 0, 0]
Prune local model 2, pr_ratio = [0.4, 0.4, 0.4, 0.4]
Prune local model 1, pr_ratio = [0.2, 0.2, 0.2, 0.2]
Prune local model 4, pr_ratio = [0.8, 0.8, 0.8, 0.8]
Round: 21 Method: dapperfl Mean_Acc: 33.575 Best_Acc: 38.15
Domain_Acc: [43.75, 51.58, 18.97, 20.0] Domain_BestAcc: [43.75, 53.68, 25.86, 33.33]
Prune local model 2, pr_ratio = [0.4, 0.4, 0.4, 0.4]
Prune local model 1, pr_ratio = [0.2, 0.2, 0.2, 0.2]
Prune local model 6, pr_ratio = [0.2, 0.2, 0.2, 0.2]
Prune local model 8, pr_ratio = [0.6, 0.6, 0.6, 0.6]
Prune local model 9, pr_ratio = [0.8, 0.8, 0.8, 0.8]
Prune local model 0, pr_ratio = [0, 0, 0, 0]
Prune local model 5, pr_ratio = [0, 0, 0, 0]
Prune local model 3, pr_ratio = [0.6, 0.6, 0.6, 0.6]
Prune local model 4, pr_ratio = [0.8, 0.8, 0.8, 0.8]
Prune local model 7, pr_ratio = [0.4, 0.4, 0.4, 0.4]
Round: 22 Method: dapperfl Mean_Acc: 39.56 Best_Acc: 39.56
Domain_Acc: [48.66, 52.11, 24.14, 33.33] Domain_BestAcc: [48.66, 53.68, 25.86, 33.33]
Prune local model 5, pr_ratio = [0, 0, 0, 0]
Prune local model 7, pr_ratio = [0.4, 0.4, 0.4, 0.4]
Prune local model 3, pr_ratio = [0.6, 0.6, 0.6, 0.6]
Prune local model 4, pr_ratio = [0.8, 0.8, 0.8, 0.8]
Prune local model 9, pr_ratio = [0.8, 0.8, 0.8, 0.8]
Prune local model 8, pr_ratio = [0.6, 0.6, 0.6, 0.6]
Prune local model 0, pr_ratio = [0, 0, 0, 0]
Prune local model 2, pr_ratio = [0.4, 0.4, 0.4, 0.4]
Prune local model 6, pr_ratio = [0.2, 0.2, 0.2, 0.2]
Prune local model 1, pr_ratio = [0.2, 0.2, 0.2, 0.2]
Round: 23 Method: dapperfl Mean_Acc: 37.792 Best_Acc: 39.56
Domain_Acc: [47.32, 53.16, 20.69, 30.0] Domain_BestAcc: [48.66, 53.68, 25.86, 33.33]
Prune local model 6, pr_ratio = [0.2, 0.2, 0.2, 0.2]
Prune local model 7, pr_ratio = [0.4, 0.4, 0.4, 0.4]
Prune local model 0, pr_ratio = [0, 0, 0, 0]
Prune local model 8, pr_ratio = [0.6, 0.6, 0.6, 0.6]
Prune local model 4, pr_ratio = [0.8, 0.8, 0.8, 0.8]
Prune local model 2, pr_ratio = [0.4, 0.4, 0.4, 0.4]
Prune local model 3, pr_ratio = [0.6, 0.6, 0.6, 0.6]
Prune local model 5, pr_ratio = [0, 0, 0, 0]
Prune local model 9, pr_ratio = [0.8, 0.8, 0.8, 0.8]
Prune local model 1, pr_ratio = [0.2, 0.2, 0.2, 0.2]
Round: 24 Method: dapperfl Mean_Acc: 35.308 Best_Acc: 39.56
Domain_Acc: [45.54, 46.84, 15.52, 33.33] Domain_BestAcc: [48.66, 53.68, 25.86, 33.33]
Prune local model 3, pr_ratio = [0.6, 0.6, 0.6, 0.6]
Prune local model 5, pr_ratio = [0, 0, 0, 0]
Prune local model 8, pr_ratio = [0.6, 0.6, 0.6, 0.6]
Prune local model 6, pr_ratio = [0.2, 0.2, 0.2, 0.2]
Prune local model 7, pr_ratio = [0.4, 0.4, 0.4, 0.4]
Prune local model 9, pr_ratio = [0.8, 0.8, 0.8, 0.8]
Prune local model 1, pr_ratio = [0.2, 0.2, 0.2, 0.2]
Prune local model 4, pr_ratio = [0.8, 0.8, 0.8, 0.8]
Prune local model 2, pr_ratio = [0.4, 0.4, 0.4, 0.4]
Prune local model 0, pr_ratio = [0, 0, 0, 0]
Round: 25 Method: dapperfl Mean_Acc: 39.495 Best_Acc: 39.56
Domain_Acc: [45.98, 59.47, 25.86, 26.67] Domain_BestAcc: [48.66, 59.47, 25.86, 33.33]
Prune local model 5, pr_ratio = [0, 0, 0, 0]
Prune local model 1, pr_ratio = [0.2, 0.2, 0.2, 0.2]
Prune local model 8, pr_ratio = [0.6, 0.6, 0.6, 0.6]
Prune local model 3, pr_ratio = [0.6, 0.6, 0.6, 0.6]
Prune local model 2, pr_ratio = [0.4, 0.4, 0.4, 0.4]
Prune local model 6, pr_ratio = [0.2, 0.2, 0.2, 0.2]
Prune local model 0, pr_ratio = [0, 0, 0, 0]
Prune local model 9, pr_ratio = [0.8, 0.8, 0.8, 0.8]
Prune local model 4, pr_ratio = [0.8, 0.8, 0.8, 0.8]
Prune local model 7, pr_ratio = [0.4, 0.4, 0.4, 0.4]
Round: 26 Method: dapperfl Mean_Acc: 40.862 Best_Acc: 40.862
Domain_Acc: [50.89, 58.42, 24.14, 30.0] Domain_BestAcc: [50.89, 59.47, 25.86, 33.33]
Prune local model 8, pr_ratio = [0.6, 0.6, 0.6, 0.6]
Prune local model 3, pr_ratio = [0.6, 0.6, 0.6, 0.6]
Prune local model 9, pr_ratio = [0.8, 0.8, 0.8, 0.8]
Prune local model 2, pr_ratio = [0.4, 0.4, 0.4, 0.4]
Prune local model 5, pr_ratio = [0, 0, 0, 0]
Prune local model 7, pr_ratio = [0.4, 0.4, 0.4, 0.4]
Prune local model 4, pr_ratio = [0.8, 0.8, 0.8, 0.8]
Prune local model 0, pr_ratio = [0, 0, 0, 0]
Prune local model 1, pr_ratio = [0.2, 0.2, 0.2, 0.2]
Prune local model 6, pr_ratio = [0.2, 0.2, 0.2, 0.2]
Round: 27 Method: dapperfl Mean_Acc: 31.75 Best_Acc: 40.862
Domain_Acc: [37.95, 45.26, 13.79, 30.0] Domain_BestAcc: [50.89, 59.47, 25.86, 33.33]
Prune local model 7, pr_ratio = [0.4, 0.4, 0.4, 0.4]
Prune local model 0, pr_ratio = [0, 0, 0, 0]
Prune local model 8, pr_ratio = [0.6, 0.6, 0.6, 0.6]
Prune local model 5, pr_ratio = [0, 0, 0, 0]
Prune local model 1, pr_ratio = [0.2, 0.2, 0.2, 0.2]
Prune local model 2, pr_ratio = [0.4, 0.4, 0.4, 0.4]
Prune local model 3, pr_ratio = [0.6, 0.6, 0.6, 0.6]
Prune local model 6, pr_ratio = [0.2, 0.2, 0.2, 0.2]
Prune local model 9, pr_ratio = [0.8, 0.8, 0.8, 0.8]
Prune local model 4, pr_ratio = [0.8, 0.8, 0.8, 0.8]
Round: 28 Method: dapperfl Mean_Acc: 38.4 Best_Acc: 40.862
Domain_Acc: [43.3, 57.89, 22.41, 30.0] Domain_BestAcc: [50.89, 59.47, 25.86, 33.33]
Prune local model 5, pr_ratio = [0, 0, 0, 0]
Prune local model 2, pr_ratio = [0.4, 0.4, 0.4, 0.4]
Prune local model 9, pr_ratio = [0.8, 0.8, 0.8, 0.8]
Prune local model 8, pr_ratio = [0.6, 0.6, 0.6, 0.6]
Prune local model 4, pr_ratio = [0.8, 0.8, 0.8, 0.8]
Prune local model 0, pr_ratio = [0, 0, 0, 0]
Prune local model 6, pr_ratio = [0.2, 0.2, 0.2, 0.2]
Prune local model 3, pr_ratio = [0.6, 0.6, 0.6, 0.6]
Prune local model 1, pr_ratio = [0.2, 0.2, 0.2, 0.2]
Prune local model 7, pr_ratio = [0.4, 0.4, 0.4, 0.4]
Round: 29 Method: dapperfl Mean_Acc: 44.26 Best_Acc: 44.26
Domain_Acc: [54.46, 66.84, 22.41, 33.33] Domain_BestAcc: [54.46, 66.84, 25.86, 33.33]
Prune local model 2, pr_ratio = [0.4, 0.4, 0.4, 0.4]
Prune local model 9, pr_ratio = [0.8, 0.8, 0.8, 0.8]
Prune local model 4, pr_ratio = [0.8, 0.8, 0.8, 0.8]
Prune local model 5, pr_ratio = [0, 0, 0, 0]
Prune local model 8, pr_ratio = [0.6, 0.6, 0.6, 0.6]
Prune local model 1, pr_ratio = [0.2, 0.2, 0.2, 0.2]
Prune local model 0, pr_ratio = [0, 0, 0, 0]
Prune local model 6, pr_ratio = [0.2, 0.2, 0.2, 0.2]
Prune local model 7, pr_ratio = [0.4, 0.4, 0.4, 0.4]
Prune local model 3, pr_ratio = [0.6, 0.6, 0.6, 0.6]
Round: 30 Method: dapperfl Mean_Acc: 40.435 Best_Acc: 44.26
Domain_Acc: [47.77, 53.16, 24.14, 36.67] Domain_BestAcc: [54.46, 66.84, 25.86, 36.67]
Prune local model 0, pr_ratio = [0, 0, 0, 0]
Prune local model 3, pr_ratio = [0.6, 0.6, 0.6, 0.6]
Prune local model 6, pr_ratio = [0.2, 0.2, 0.2, 0.2]
Prune local model 4, pr_ratio = [0.8, 0.8, 0.8, 0.8]
Prune local model 9, pr_ratio = [0.8, 0.8, 0.8, 0.8]
Prune local model 2, pr_ratio = [0.4, 0.4, 0.4, 0.4]
Prune local model 1, pr_ratio = [0.2, 0.2, 0.2, 0.2]
Prune local model 7, pr_ratio = [0.4, 0.4, 0.4, 0.4]
Prune local model 8, pr_ratio = [0.6, 0.6, 0.6, 0.6]
Prune local model 5, pr_ratio = [0, 0, 0, 0]
Round: 31 Method: dapperfl Mean_Acc: 35.342 Best_Acc: 44.26
Domain_Acc: [45.54, 55.26, 17.24, 23.33] Domain_BestAcc: [54.46, 66.84, 25.86, 36.67]
Prune local model 9, pr_ratio = [0.8, 0.8, 0.8, 0.8]
Prune local model 3, pr_ratio = [0.6, 0.6, 0.6, 0.6]
Prune local model 1, pr_ratio = [0.2, 0.2, 0.2, 0.2]
Prune local model 6, pr_ratio = [0.2, 0.2, 0.2, 0.2]
Prune local model 8, pr_ratio = [0.6, 0.6, 0.6, 0.6]
Prune local model 2, pr_ratio = [0.4, 0.4, 0.4, 0.4]
Prune local model 0, pr_ratio = [0, 0, 0, 0]
Prune local model 5, pr_ratio = [0, 0, 0, 0]
Prune local model 7, pr_ratio = [0.4, 0.4, 0.4, 0.4]
Prune local model 4, pr_ratio = [0.8, 0.8, 0.8, 0.8]
Round: 32 Method: dapperfl Mean_Acc: 40.935 Best_Acc: 44.26
Domain_Acc: [45.98, 56.84, 27.59, 33.33] Domain_BestAcc: [54.46, 66.84, 27.59, 36.67]
Prune local model 7, pr_ratio = [0.4, 0.4, 0.4, 0.4]
Prune local model 6, pr_ratio = [0.2, 0.2, 0.2, 0.2]
Prune local model 8, pr_ratio = [0.6, 0.6, 0.6, 0.6]
Prune local model 4, pr_ratio = [0.8, 0.8, 0.8, 0.8]
Prune local model 9, pr_ratio = [0.8, 0.8, 0.8, 0.8]
Prune local model 1, pr_ratio = [0.2, 0.2, 0.2, 0.2]
Prune local model 5, pr_ratio = [0, 0, 0, 0]
Prune local model 3, pr_ratio = [0.6, 0.6, 0.6, 0.6]
Prune local model 2, pr_ratio = [0.4, 0.4, 0.4, 0.4]
Prune local model 0, pr_ratio = [0, 0, 0, 0]
Round: 33 Method: dapperfl Mean_Acc: 39.925 Best_Acc: 44.26
Domain_Acc: [43.75, 65.26, 20.69, 30.0] Domain_BestAcc: [54.46, 66.84, 27.59, 36.67]
Prune local model 0, pr_ratio = [0, 0, 0, 0]
Prune local model 6, pr_ratio = [0.2, 0.2, 0.2, 0.2]
Prune local model 8, pr_ratio = [0.6, 0.6, 0.6, 0.6]
Prune local model 1, pr_ratio = [0.2, 0.2, 0.2, 0.2]
Prune local model 9, pr_ratio = [0.8, 0.8, 0.8, 0.8]
Prune local model 4, pr_ratio = [0.8, 0.8, 0.8, 0.8]
Prune local model 3, pr_ratio = [0.6, 0.6, 0.6, 0.6]
Prune local model 5, pr_ratio = [0, 0, 0, 0]
Prune local model 2, pr_ratio = [0.4, 0.4, 0.4, 0.4]
Prune local model 7, pr_ratio = [0.4, 0.4, 0.4, 0.4]
Round: 34 Method: dapperfl Mean_Acc: 38.808 Best_Acc: 44.26
Domain_Acc: [46.88, 54.21, 24.14, 30.0] Domain_BestAcc: [54.46, 66.84, 27.59, 36.67]
Prune local model 0, pr_ratio = [0, 0, 0, 0]
Prune local model 8, pr_ratio = [0.6, 0.6, 0.6, 0.6]
Prune local model 6, pr_ratio = [0.2, 0.2, 0.2, 0.2]
Prune local model 9, pr_ratio = [0.8, 0.8, 0.8, 0.8]
Prune local model 3, pr_ratio = [0.6, 0.6, 0.6, 0.6]
Prune local model 4, pr_ratio = [0.8, 0.8, 0.8, 0.8]
Prune local model 1, pr_ratio = [0.2, 0.2, 0.2, 0.2]
Prune local model 5, pr_ratio = [0, 0, 0, 0]
Prune local model 2, pr_ratio = [0.4, 0.4, 0.4, 0.4]
Prune local model 7, pr_ratio = [0.4, 0.4, 0.4, 0.4]
Round: 35 Method: dapperfl Mean_Acc: 44.722 Best_Acc: 44.722
Domain_Acc: [49.55, 68.42, 27.59, 33.33] Domain_BestAcc: [54.46, 68.42, 27.59, 36.67]
Prune local model 0, pr_ratio = [0, 0, 0, 0]
Prune local model 1, pr_ratio = [0.2, 0.2, 0.2, 0.2]
Prune local model 3, pr_ratio = [0.6, 0.6, 0.6, 0.6]
Prune local model 6, pr_ratio = [0.2, 0.2, 0.2, 0.2]
Prune local model 9, pr_ratio = [0.8, 0.8, 0.8, 0.8]
Prune local model 2, pr_ratio = [0.4, 0.4, 0.4, 0.4]
Prune local model 8, pr_ratio = [0.6, 0.6, 0.6, 0.6]
Prune local model 7, pr_ratio = [0.4, 0.4, 0.4, 0.4]
Prune local model 4, pr_ratio = [0.8, 0.8, 0.8, 0.8]
Prune local model 5, pr_ratio = [0, 0, 0, 0]
Round: 36 Method: dapperfl Mean_Acc: 41.775 Best_Acc: 44.722
Domain_Acc: [45.98, 55.26, 25.86, 40.0] Domain_BestAcc: [54.46, 68.42, 27.59, 40.0]
Prune local model 6, pr_ratio = [0.2, 0.2, 0.2, 0.2]
Prune local model 8, pr_ratio = [0.6, 0.6, 0.6, 0.6]
Prune local model 1, pr_ratio = [0.2, 0.2, 0.2, 0.2]
Prune local model 4, pr_ratio = [0.8, 0.8, 0.8, 0.8]
Prune local model 2, pr_ratio = [0.4, 0.4, 0.4, 0.4]
Prune local model 7, pr_ratio = [0.4, 0.4, 0.4, 0.4]
Prune local model 0, pr_ratio = [0, 0, 0, 0]
Prune local model 3, pr_ratio = [0.6, 0.6, 0.6, 0.6]
Prune local model 9, pr_ratio = [0.8, 0.8, 0.8, 0.8]
Prune local model 5, pr_ratio = [0, 0, 0, 0]
Round: 37 Method: dapperfl Mean_Acc: 41.117 Best_Acc: 44.722
Domain_Acc: [49.11, 67.89, 24.14, 23.33] Domain_BestAcc: [54.46, 68.42, 27.59, 40.0]
Prune local model 1, pr_ratio = [0.2, 0.2, 0.2, 0.2]
Prune local model 7, pr_ratio = [0.4, 0.4, 0.4, 0.4]
Prune local model 2, pr_ratio = [0.4, 0.4, 0.4, 0.4]
Prune local model 0, pr_ratio = [0, 0, 0, 0]
Prune local model 5, pr_ratio = [0, 0, 0, 0]
Prune local model 9, pr_ratio = [0.8, 0.8, 0.8, 0.8]
Prune local model 4, pr_ratio = [0.8, 0.8, 0.8, 0.8]
Prune local model 3, pr_ratio = [0.6, 0.6, 0.6, 0.6]
Prune local model 8, pr_ratio = [0.6, 0.6, 0.6, 0.6]
Prune local model 6, pr_ratio = [0.2, 0.2, 0.2, 0.2]
Round: 38 Method: dapperfl Mean_Acc: 42.41 Best_Acc: 44.722
Domain_Acc: [50.45, 60.0, 25.86, 33.33] Domain_BestAcc: [54.46, 68.42, 27.59, 40.0]
Prune local model 4, pr_ratio = [0.8, 0.8, 0.8, 0.8]
Prune local model 0, pr_ratio = [0, 0, 0, 0]
Prune local model 1, pr_ratio = [0.2, 0.2, 0.2, 0.2]
Prune local model 2, pr_ratio = [0.4, 0.4, 0.4, 0.4]
Prune local model 6, pr_ratio = [0.2, 0.2, 0.2, 0.2]
Prune local model 5, pr_ratio = [0, 0, 0, 0]
Prune local model 8, pr_ratio = [0.6, 0.6, 0.6, 0.6]
Prune local model 3, pr_ratio = [0.6, 0.6, 0.6, 0.6]
Prune local model 9, pr_ratio = [0.8, 0.8, 0.8, 0.8]
Prune local model 7, pr_ratio = [0.4, 0.4, 0.4, 0.4]
Round: 39 Method: dapperfl Mean_Acc: 41.855 Best_Acc: 44.722
Domain_Acc: [52.23, 61.05, 24.14, 30.0] Domain_BestAcc: [54.46, 68.42, 27.59, 40.0]
Prune local model 2, pr_ratio = [0.4, 0.4, 0.4, 0.4]
Prune local model 6, pr_ratio = [0.2, 0.2, 0.2, 0.2]
Prune local model 0, pr_ratio = [0, 0, 0, 0]
Prune local model 4, pr_ratio = [0.8, 0.8, 0.8, 0.8]
Prune local model 1, pr_ratio = [0.2, 0.2, 0.2, 0.2]
Prune local model 3, pr_ratio = [0.6, 0.6, 0.6, 0.6]
Prune local model 7, pr_ratio = [0.4, 0.4, 0.4, 0.4]
Prune local model 9, pr_ratio = [0.8, 0.8, 0.8, 0.8]
Prune local model 5, pr_ratio = [0, 0, 0, 0]
Prune local model 8, pr_ratio = [0.6, 0.6, 0.6, 0.6]
Round: 40 Method: dapperfl Mean_Acc: 41.242 Best_Acc: 44.722
Domain_Acc: [50.89, 53.16, 27.59, 33.33] Domain_BestAcc: [54.46, 68.42, 27.59, 40.0]
Prune local model 2, pr_ratio = [0.4, 0.4, 0.4, 0.4]
Prune local model 0, pr_ratio = [0, 0, 0, 0]
Prune local model 9, pr_ratio = [0.8, 0.8, 0.8, 0.8]
Prune local model 4, pr_ratio = [0.8, 0.8, 0.8, 0.8]
Prune local model 7, pr_ratio = [0.4, 0.4, 0.4, 0.4]
Prune local model 6, pr_ratio = [0.2, 0.2, 0.2, 0.2]
Prune local model 8, pr_ratio = [0.6, 0.6, 0.6, 0.6]
Prune local model 1, pr_ratio = [0.2, 0.2, 0.2, 0.2]
Prune local model 3, pr_ratio = [0.6, 0.6, 0.6, 0.6]
Prune local model 5, pr_ratio = [0, 0, 0, 0]
Round: 41 Method: dapperfl Mean_Acc: 38.455 Best_Acc: 44.722
Domain_Acc: [46.88, 59.47, 24.14, 23.33] Domain_BestAcc: [54.46, 68.42, 27.59, 40.0]
Prune local model 3, pr_ratio = [0.6, 0.6, 0.6, 0.6]
Prune local model 4, pr_ratio = [0.8, 0.8, 0.8, 0.8]
Prune local model 6, pr_ratio = [0.2, 0.2, 0.2, 0.2]
Prune local model 2, pr_ratio = [0.4, 0.4, 0.4, 0.4]
Prune local model 9, pr_ratio = [0.8, 0.8, 0.8, 0.8]
Prune local model 1, pr_ratio = [0.2, 0.2, 0.2, 0.2]
Prune local model 0, pr_ratio = [0, 0, 0, 0]
Prune local model 5, pr_ratio = [0, 0, 0, 0]
Prune local model 8, pr_ratio = [0.6, 0.6, 0.6, 0.6]
Prune local model 7, pr_ratio = [0.4, 0.4, 0.4, 0.4]
Round: 42 Method: dapperfl Mean_Acc: 44.832 Best_Acc: 44.832
Domain_Acc: [54.02, 61.05, 27.59, 36.67] Domain_BestAcc: [54.46, 68.42, 27.59, 40.0]
Prune local model 6, pr_ratio = [0.2, 0.2, 0.2, 0.2]
Prune local model 7, pr_ratio = [0.4, 0.4, 0.4, 0.4]
Prune local model 0, pr_ratio = [0, 0, 0, 0]
Prune local model 4, pr_ratio = [0.8, 0.8, 0.8, 0.8]
Prune local model 5, pr_ratio = [0, 0, 0, 0]
Prune local model 3, pr_ratio = [0.6, 0.6, 0.6, 0.6]
Prune local model 8, pr_ratio = [0.6, 0.6, 0.6, 0.6]
Prune local model 2, pr_ratio = [0.4, 0.4, 0.4, 0.4]
Prune local model 9, pr_ratio = [0.8, 0.8, 0.8, 0.8]
Prune local model 1, pr_ratio = [0.2, 0.2, 0.2, 0.2]
Round: 43 Method: dapperfl Mean_Acc: 43.158 Best_Acc: 44.832
Domain_Acc: [48.66, 63.16, 24.14, 36.67] Domain_BestAcc: [54.46, 68.42, 27.59, 40.0]
Prune local model 7, pr_ratio = [0.4, 0.4, 0.4, 0.4]
Prune local model 0, pr_ratio = [0, 0, 0, 0]
Prune local model 6, pr_ratio = [0.2, 0.2, 0.2, 0.2]
Prune local model 4, pr_ratio = [0.8, 0.8, 0.8, 0.8]
Prune local model 1, pr_ratio = [0.2, 0.2, 0.2, 0.2]
Prune local model 9, pr_ratio = [0.8, 0.8, 0.8, 0.8]
Prune local model 5, pr_ratio = [0, 0, 0, 0]
Prune local model 3, pr_ratio = [0.6, 0.6, 0.6, 0.6]
Prune local model 2, pr_ratio = [0.4, 0.4, 0.4, 0.4]
Prune local model 8, pr_ratio = [0.6, 0.6, 0.6, 0.6]
Round: 44 Method: dapperfl Mean_Acc: 39.543 Best_Acc: 44.832
Domain_Acc: [50.0, 61.05, 13.79, 33.33] Domain_BestAcc: [54.46, 68.42, 27.59, 40.0]
Prune local model 6, pr_ratio = [0.2, 0.2, 0.2, 0.2]
Prune local model 1, pr_ratio = [0.2, 0.2, 0.2, 0.2]
Prune local model 8, pr_ratio = [0.6, 0.6, 0.6, 0.6]
Prune local model 9, pr_ratio = [0.8, 0.8, 0.8, 0.8]
Prune local model 5, pr_ratio = [0, 0, 0, 0]
Prune local model 0, pr_ratio = [0, 0, 0, 0]
Prune local model 3, pr_ratio = [0.6, 0.6, 0.6, 0.6]
Prune local model 7, pr_ratio = [0.4, 0.4, 0.4, 0.4]
Prune local model 4, pr_ratio = [0.8, 0.8, 0.8, 0.8]
Prune local model 2, pr_ratio = [0.4, 0.4, 0.4, 0.4]
Round: 45 Method: dapperfl Mean_Acc: 43.832 Best_Acc: 44.832
Domain_Acc: [54.91, 57.89, 25.86, 36.67] Domain_BestAcc: [54.91, 68.42, 27.59, 40.0]
Prune local model 0, pr_ratio = [0, 0, 0, 0]
Prune local model 2, pr_ratio = [0.4, 0.4, 0.4, 0.4]
Prune local model 9, pr_ratio = [0.8, 0.8, 0.8, 0.8]
Prune local model 3, pr_ratio = [0.6, 0.6, 0.6, 0.6]
Prune local model 5, pr_ratio = [0, 0, 0, 0]
Prune local model 1, pr_ratio = [0.2, 0.2, 0.2, 0.2]
Prune local model 8, pr_ratio = [0.6, 0.6, 0.6, 0.6]
Prune local model 4, pr_ratio = [0.8, 0.8, 0.8, 0.8]
Prune local model 7, pr_ratio = [0.4, 0.4, 0.4, 0.4]
Prune local model 6, pr_ratio = [0.2, 0.2, 0.2, 0.2]
Round: 46 Method: dapperfl Mean_Acc: 45.338 Best_Acc: 45.338
Domain_Acc: [58.04, 68.95, 31.03, 23.33] Domain_BestAcc: [58.04, 68.95, 31.03, 40.0]
Prune local model 9, pr_ratio = [0.8, 0.8, 0.8, 0.8]
Prune local model 0, pr_ratio = [0, 0, 0, 0]
Prune local model 1, pr_ratio = [0.2, 0.2, 0.2, 0.2]
Prune local model 8, pr_ratio = [0.6, 0.6, 0.6, 0.6]
Prune local model 2, pr_ratio = [0.4, 0.4, 0.4, 0.4]
Prune local model 7, pr_ratio = [0.4, 0.4, 0.4, 0.4]
Prune local model 6, pr_ratio = [0.2, 0.2, 0.2, 0.2]
Prune local model 4, pr_ratio = [0.8, 0.8, 0.8, 0.8]
Prune local model 3, pr_ratio = [0.6, 0.6, 0.6, 0.6]
Prune local model 5, pr_ratio = [0, 0, 0, 0]
Round: 47 Method: dapperfl Mean_Acc: 45.298 Best_Acc: 45.338
Domain_Acc: [47.32, 57.89, 29.31, 46.67] Domain_BestAcc: [58.04, 68.95, 31.03, 46.67]
Prune local model 1, pr_ratio = [0.2, 0.2, 0.2, 0.2]
Prune local model 0, pr_ratio = [0, 0, 0, 0]
Prune local model 6, pr_ratio = [0.2, 0.2, 0.2, 0.2]
Prune local model 5, pr_ratio = [0, 0, 0, 0]
Prune local model 4, pr_ratio = [0.8, 0.8, 0.8, 0.8]
Prune local model 7, pr_ratio = [0.4, 0.4, 0.4, 0.4]
Prune local model 2, pr_ratio = [0.4, 0.4, 0.4, 0.4]
Prune local model 8, pr_ratio = [0.6, 0.6, 0.6, 0.6]
Prune local model 3, pr_ratio = [0.6, 0.6, 0.6, 0.6]
Prune local model 9, pr_ratio = [0.8, 0.8, 0.8, 0.8]
Round: 48 Method: dapperfl Mean_Acc: 41.155 Best_Acc: 45.338
Domain_Acc: [45.54, 60.0, 22.41, 36.67] Domain_BestAcc: [58.04, 68.95, 31.03, 46.67]
Prune local model 4, pr_ratio = [0.8, 0.8, 0.8, 0.8]
Prune local model 0, pr_ratio = [0, 0, 0, 0]
Prune local model 2, pr_ratio = [0.4, 0.4, 0.4, 0.4]
Prune local model 6, pr_ratio = [0.2, 0.2, 0.2, 0.2]
Prune local model 8, pr_ratio = [0.6, 0.6, 0.6, 0.6]
Prune local model 9, pr_ratio = [0.8, 0.8, 0.8, 0.8]
Prune local model 3, pr_ratio = [0.6, 0.6, 0.6, 0.6]
Prune local model 1, pr_ratio = [0.2, 0.2, 0.2, 0.2]
Prune local model 5, pr_ratio = [0, 0, 0, 0]
Prune local model 7, pr_ratio = [0.4, 0.4, 0.4, 0.4]
Round: 49 Method: dapperfl Mean_Acc: 41.51 Best_Acc: 45.338
Domain_Acc: [48.66, 51.05, 39.66, 26.67] Domain_BestAcc: [58.04, 68.95, 39.66, 46.67]
Prune local model 7, pr_ratio = [0.4, 0.4, 0.4, 0.4]
Prune local model 6, pr_ratio = [0.2, 0.2, 0.2, 0.2]
Prune local model 2, pr_ratio = [0.4, 0.4, 0.4, 0.4]
Prune local model 9, pr_ratio = [0.8, 0.8, 0.8, 0.8]
Prune local model 8, pr_ratio = [0.6, 0.6, 0.6, 0.6]
Prune local model 5, pr_ratio = [0, 0, 0, 0]
Prune local model 0, pr_ratio = [0, 0, 0, 0]
Prune local model 1, pr_ratio = [0.2, 0.2, 0.2, 0.2]
Prune local model 4, pr_ratio = [0.8, 0.8, 0.8, 0.8]
Prune local model 3, pr_ratio = [0.6, 0.6, 0.6, 0.6]
Round: 50 Method: dapperfl Mean_Acc: 43.392 Best_Acc: 45.338
Domain_Acc: [48.21, 67.89, 24.14, 33.33] Domain_BestAcc: [58.04, 68.95, 39.66, 46.67]
Prune local model 7, pr_ratio = [0.4, 0.4, 0.4, 0.4]
Prune local model 9, pr_ratio = [0.8, 0.8, 0.8, 0.8]
Prune local model 3, pr_ratio = [0.6, 0.6, 0.6, 0.6]
Prune local model 0, pr_ratio = [0, 0, 0, 0]
Prune local model 8, pr_ratio = [0.6, 0.6, 0.6, 0.6]
Prune local model 5, pr_ratio = [0, 0, 0, 0]
Prune local model 2, pr_ratio = [0.4, 0.4, 0.4, 0.4]
Prune local model 1, pr_ratio = [0.2, 0.2, 0.2, 0.2]
Prune local model 4, pr_ratio = [0.8, 0.8, 0.8, 0.8]
Prune local model 6, pr_ratio = [0.2, 0.2, 0.2, 0.2]
Round: 51 Method: dapperfl Mean_Acc: 41.265 Best_Acc: 45.338
Domain_Acc: [52.23, 60.53, 18.97, 33.33] Domain_BestAcc: [58.04, 68.95, 39.66, 46.67]
Prune local model 1, pr_ratio = [0.2, 0.2, 0.2, 0.2]
Prune local model 8, pr_ratio = [0.6, 0.6, 0.6, 0.6]
Prune local model 2, pr_ratio = [0.4, 0.4, 0.4, 0.4]
Prune local model 3, pr_ratio = [0.6, 0.6, 0.6, 0.6]
Prune local model 5, pr_ratio = [0, 0, 0, 0]
Prune local model 0, pr_ratio = [0, 0, 0, 0]
Prune local model 6, pr_ratio = [0.2, 0.2, 0.2, 0.2]
Prune local model 4, pr_ratio = [0.8, 0.8, 0.8, 0.8]
Prune local model 7, pr_ratio = [0.4, 0.4, 0.4, 0.4]
Prune local model 9, pr_ratio = [0.8, 0.8, 0.8, 0.8]
Round: 52 Method: dapperfl Mean_Acc: 45.325 Best_Acc: 45.338
Domain_Acc: [53.57, 58.42, 29.31, 40.0] Domain_BestAcc: [58.04, 68.95, 39.66, 46.67]
Prune local model 9, pr_ratio = [0.8, 0.8, 0.8, 0.8]
Prune local model 8, pr_ratio = [0.6, 0.6, 0.6, 0.6]
Prune local model 5, pr_ratio = [0, 0, 0, 0]
Prune local model 0, pr_ratio = [0, 0, 0, 0]
Prune local model 2, pr_ratio = [0.4, 0.4, 0.4, 0.4]
Prune local model 1, pr_ratio = [0.2, 0.2, 0.2, 0.2]
Prune local model 4, pr_ratio = [0.8, 0.8, 0.8, 0.8]
Prune local model 6, pr_ratio = [0.2, 0.2, 0.2, 0.2]
Prune local model 7, pr_ratio = [0.4, 0.4, 0.4, 0.4]
Prune local model 3, pr_ratio = [0.6, 0.6, 0.6, 0.6]
Round: 53 Method: dapperfl Mean_Acc: 45.633 Best_Acc: 45.633
Domain_Acc: [55.36, 59.47, 31.03, 36.67] Domain_BestAcc: [58.04, 68.95, 39.66, 46.67]
Prune local model 2, pr_ratio = [0.4, 0.4, 0.4, 0.4]
Prune local model 3, pr_ratio = [0.6, 0.6, 0.6, 0.6]
Prune local model 5, pr_ratio = [0, 0, 0, 0]
Prune local model 4, pr_ratio = [0.8, 0.8, 0.8, 0.8]
Prune local model 9, pr_ratio = [0.8, 0.8, 0.8, 0.8]
Prune local model 6, pr_ratio = [0.2, 0.2, 0.2, 0.2]
Prune local model 7, pr_ratio = [0.4, 0.4, 0.4, 0.4]
Prune local model 0, pr_ratio = [0, 0, 0, 0]
Prune local model 1, pr_ratio = [0.2, 0.2, 0.2, 0.2]
Prune local model 8, pr_ratio = [0.6, 0.6, 0.6, 0.6]
Round: 54 Method: dapperfl Mean_Acc: 45.902 Best_Acc: 45.902
Domain_Acc: [47.32, 65.26, 31.03, 40.0] Domain_BestAcc: [58.04, 68.95, 39.66, 46.67]
Prune local model 4, pr_ratio = [0.8, 0.8, 0.8, 0.8]
Prune local model 6, pr_ratio = [0.2, 0.2, 0.2, 0.2]
Prune local model 7, pr_ratio = [0.4, 0.4, 0.4, 0.4]
Prune local model 2, pr_ratio = [0.4, 0.4, 0.4, 0.4]
Prune local model 3, pr_ratio = [0.6, 0.6, 0.6, 0.6]
Prune local model 5, pr_ratio = [0, 0, 0, 0]
Prune local model 1, pr_ratio = [0.2, 0.2, 0.2, 0.2]
Prune local model 8, pr_ratio = [0.6, 0.6, 0.6, 0.6]
Prune local model 0, pr_ratio = [0, 0, 0, 0]
Prune local model 9, pr_ratio = [0.8, 0.8, 0.8, 0.8]
Round: 55 Method: dapperfl Mean_Acc: 46.0 Best_Acc: 46.0
Domain_Acc: [55.8, 65.79, 22.41, 40.0] Domain_BestAcc: [58.04, 68.95, 39.66, 46.67]
Prune local model 3, pr_ratio = [0.6, 0.6, 0.6, 0.6]
Prune local model 5, pr_ratio = [0, 0, 0, 0]
Prune local model 1, pr_ratio = [0.2, 0.2, 0.2, 0.2]
Prune local model 4, pr_ratio = [0.8, 0.8, 0.8, 0.8]
Prune local model 8, pr_ratio = [0.6, 0.6, 0.6, 0.6]
Prune local model 9, pr_ratio = [0.8, 0.8, 0.8, 0.8]
Prune local model 6, pr_ratio = [0.2, 0.2, 0.2, 0.2]
Prune local model 2, pr_ratio = [0.4, 0.4, 0.4, 0.4]
Prune local model 0, pr_ratio = [0, 0, 0, 0]
Prune local model 7, pr_ratio = [0.4, 0.4, 0.4, 0.4]
Round: 56 Method: dapperfl Mean_Acc: 40.933 Best_Acc: 46.0
Domain_Acc: [46.43, 53.16, 24.14, 40.0] Domain_BestAcc: [58.04, 68.95, 39.66, 46.67]
Prune local model 3, pr_ratio = [0.6, 0.6, 0.6, 0.6]
Prune local model 8, pr_ratio = [0.6, 0.6, 0.6, 0.6]
Prune local model 6, pr_ratio = [0.2, 0.2, 0.2, 0.2]
Prune local model 4, pr_ratio = [0.8, 0.8, 0.8, 0.8]
Prune local model 5, pr_ratio = [0, 0, 0, 0]
Prune local model 7, pr_ratio = [0.4, 0.4, 0.4, 0.4]
Prune local model 9, pr_ratio = [0.8, 0.8, 0.8, 0.8]
Prune local model 0, pr_ratio = [0, 0, 0, 0]
Prune local model 2, pr_ratio = [0.4, 0.4, 0.4, 0.4]
Prune local model 1, pr_ratio = [0.2, 0.2, 0.2, 0.2]
Round: 57 Method: dapperfl Mean_Acc: 46.535 Best_Acc: 46.535
Domain_Acc: [52.23, 66.32, 27.59, 40.0] Domain_BestAcc: [58.04, 68.95, 39.66, 46.67]
Prune local model 9, pr_ratio = [0.8, 0.8, 0.8, 0.8]
Prune local model 7, pr_ratio = [0.4, 0.4, 0.4, 0.4]
Prune local model 1, pr_ratio = [0.2, 0.2, 0.2, 0.2]
Prune local model 3, pr_ratio = [0.6, 0.6, 0.6, 0.6]
Prune local model 4, pr_ratio = [0.8, 0.8, 0.8, 0.8]
Prune local model 0, pr_ratio = [0, 0, 0, 0]
Prune local model 8, pr_ratio = [0.6, 0.6, 0.6, 0.6]
Prune local model 6, pr_ratio = [0.2, 0.2, 0.2, 0.2]
Prune local model 5, pr_ratio = [0, 0, 0, 0]
Prune local model 2, pr_ratio = [0.4, 0.4, 0.4, 0.4]
Round: 58 Method: dapperfl Mean_Acc: 46.543 Best_Acc: 46.543
Domain_Acc: [51.34, 60.0, 44.83, 30.0] Domain_BestAcc: [58.04, 68.95, 44.83, 46.67]
Prune local model 9, pr_ratio = [0.8, 0.8, 0.8, 0.8]
Prune local model 5, pr_ratio = [0, 0, 0, 0]
Prune local model 7, pr_ratio = [0.4, 0.4, 0.4, 0.4]
Prune local model 0, pr_ratio = [0, 0, 0, 0]
Prune local model 1, pr_ratio = [0.2, 0.2, 0.2, 0.2]
Prune local model 4, pr_ratio = [0.8, 0.8, 0.8, 0.8]
Prune local model 6, pr_ratio = [0.2, 0.2, 0.2, 0.2]
Prune local model 8, pr_ratio = [0.6, 0.6, 0.6, 0.6]
Prune local model 3, pr_ratio = [0.6, 0.6, 0.6, 0.6]
Prune local model 2, pr_ratio = [0.4, 0.4, 0.4, 0.4]
Round: 59 Method: dapperfl Mean_Acc: 43.938 Best_Acc: 46.543
Domain_Acc: [55.8, 64.21, 22.41, 33.33] Domain_BestAcc: [58.04, 68.95, 44.83, 46.67]
Prune local model 5, pr_ratio = [0, 0, 0, 0]
Prune local model 1, pr_ratio = [0.2, 0.2, 0.2, 0.2]
Prune local model 9, pr_ratio = [0.8, 0.8, 0.8, 0.8]
Prune local model 0, pr_ratio = [0, 0, 0, 0]
Prune local model 4, pr_ratio = [0.8, 0.8, 0.8, 0.8]
Prune local model 6, pr_ratio = [0.2, 0.2, 0.2, 0.2]
Prune local model 3, pr_ratio = [0.6, 0.6, 0.6, 0.6]
Prune local model 8, pr_ratio = [0.6, 0.6, 0.6, 0.6]
Prune local model 7, pr_ratio = [0.4, 0.4, 0.4, 0.4]
Prune local model 2, pr_ratio = [0.4, 0.4, 0.4, 0.4]
Round: 60 Method: dapperfl Mean_Acc: 43.805 Best_Acc: 46.543
Domain_Acc: [45.09, 61.05, 22.41, 46.67] Domain_BestAcc: [58.04, 68.95, 44.83, 46.67]
Prune local model 6, pr_ratio = [0.2, 0.2, 0.2, 0.2]
Prune local model 7, pr_ratio = [0.4, 0.4, 0.4, 0.4]
Prune local model 5, pr_ratio = [0, 0, 0, 0]
Prune local model 4, pr_ratio = [0.8, 0.8, 0.8, 0.8]
Prune local model 3, pr_ratio = [0.6, 0.6, 0.6, 0.6]
Prune local model 8, pr_ratio = [0.6, 0.6, 0.6, 0.6]
Prune local model 9, pr_ratio = [0.8, 0.8, 0.8, 0.8]
Prune local model 1, pr_ratio = [0.2, 0.2, 0.2, 0.2]
Prune local model 0, pr_ratio = [0, 0, 0, 0]
Prune local model 2, pr_ratio = [0.4, 0.4, 0.4, 0.4]
Round: 61 Method: dapperfl Mean_Acc: 40.58 Best_Acc: 46.543
Domain_Acc: [48.66, 52.63, 31.03, 30.0] Domain_BestAcc: [58.04, 68.95, 44.83, 46.67]
Prune local model 6, pr_ratio = [0.2, 0.2, 0.2, 0.2]
Prune local model 8, pr_ratio = [0.6, 0.6, 0.6, 0.6]
Prune local model 1, pr_ratio = [0.2, 0.2, 0.2, 0.2]
Prune local model 3, pr_ratio = [0.6, 0.6, 0.6, 0.6]
Prune local model 4, pr_ratio = [0.8, 0.8, 0.8, 0.8]
Prune local model 5, pr_ratio = [0, 0, 0, 0]
Prune local model 7, pr_ratio = [0.4, 0.4, 0.4, 0.4]
Prune local model 9, pr_ratio = [0.8, 0.8, 0.8, 0.8]
Prune local model 0, pr_ratio = [0, 0, 0, 0]
Prune local model 2, pr_ratio = [0.4, 0.4, 0.4, 0.4]
Round: 62 Method: dapperfl Mean_Acc: 40.22 Best_Acc: 46.543
Domain_Acc: [50.45, 61.58, 15.52, 33.33] Domain_BestAcc: [58.04, 68.95, 44.83, 46.67]
Prune local model 7, pr_ratio = [0.4, 0.4, 0.4, 0.4]
Prune local model 1, pr_ratio = [0.2, 0.2, 0.2, 0.2]
Prune local model 5, pr_ratio = [0, 0, 0, 0]
Prune local model 0, pr_ratio = [0, 0, 0, 0]
Prune local model 4, pr_ratio = [0.8, 0.8, 0.8, 0.8]
Prune local model 8, pr_ratio = [0.6, 0.6, 0.6, 0.6]
Prune local model 2, pr_ratio = [0.4, 0.4, 0.4, 0.4]
Prune local model 3, pr_ratio = [0.6, 0.6, 0.6, 0.6]
Prune local model 6, pr_ratio = [0.2, 0.2, 0.2, 0.2]
Prune local model 9, pr_ratio = [0.8, 0.8, 0.8, 0.8]
Round: 63 Method: dapperfl Mean_Acc: 49.42 Best_Acc: 49.42
Domain_Acc: [60.71, 64.21, 32.76, 40.0] Domain_BestAcc: [60.71, 68.95, 44.83, 46.67]
Prune local model 4, pr_ratio = [0.8, 0.8, 0.8, 0.8]
Prune local model 9, pr_ratio = [0.8, 0.8, 0.8, 0.8]
Prune local model 1, pr_ratio = [0.2, 0.2, 0.2, 0.2]
Prune local model 0, pr_ratio = [0, 0, 0, 0]
Prune local model 3, pr_ratio = [0.6, 0.6, 0.6, 0.6]
Prune local model 7, pr_ratio = [0.4, 0.4, 0.4, 0.4]
Prune local model 2, pr_ratio = [0.4, 0.4, 0.4, 0.4]
Prune local model 6, pr_ratio = [0.2, 0.2, 0.2, 0.2]
Prune local model 5, pr_ratio = [0, 0, 0, 0]
Prune local model 8, pr_ratio = [0.6, 0.6, 0.6, 0.6]
Round: 64 Method: dapperfl Mean_Acc: 45.95 Best_Acc: 49.42
Domain_Acc: [52.68, 55.26, 25.86, 50.0] Domain_BestAcc: [60.71, 68.95, 44.83, 50.0]
Prune local model 3, pr_ratio = [0.6, 0.6, 0.6, 0.6]
Prune local model 2, pr_ratio = [0.4, 0.4, 0.4, 0.4]
Prune local model 4, pr_ratio = [0.8, 0.8, 0.8, 0.8]
Prune local model 8, pr_ratio = [0.6, 0.6, 0.6, 0.6]
Prune local model 6, pr_ratio = [0.2, 0.2, 0.2, 0.2]
Prune local model 1, pr_ratio = [0.2, 0.2, 0.2, 0.2]
Prune local model 9, pr_ratio = [0.8, 0.8, 0.8, 0.8]
Prune local model 7, pr_ratio = [0.4, 0.4, 0.4, 0.4]
Prune local model 0, pr_ratio = [0, 0, 0, 0]
Prune local model 5, pr_ratio = [0, 0, 0, 0]
Round: 65 Method: dapperfl Mean_Acc: 50.465 Best_Acc: 50.465
Domain_Acc: [58.93, 66.84, 32.76, 43.33] Domain_BestAcc: [60.71, 68.95, 44.83, 50.0]
Prune local model 1, pr_ratio = [0.2, 0.2, 0.2, 0.2]
Prune local model 2, pr_ratio = [0.4, 0.4, 0.4, 0.4]
Prune local model 5, pr_ratio = [0, 0, 0, 0]
Prune local model 6, pr_ratio = [0.2, 0.2, 0.2, 0.2]
Prune local model 7, pr_ratio = [0.4, 0.4, 0.4, 0.4]
Prune local model 3, pr_ratio = [0.6, 0.6, 0.6, 0.6]
Prune local model 8, pr_ratio = [0.6, 0.6, 0.6, 0.6]
Prune local model 0, pr_ratio = [0, 0, 0, 0]
Prune local model 4, pr_ratio = [0.8, 0.8, 0.8, 0.8]
Prune local model 9, pr_ratio = [0.8, 0.8, 0.8, 0.8]
Round: 66 Method: dapperfl Mean_Acc: 37.578 Best_Acc: 50.465
Domain_Acc: [43.3, 56.32, 20.69, 30.0] Domain_BestAcc: [60.71, 68.95, 44.83, 50.0]
Prune local model 7, pr_ratio = [0.4, 0.4, 0.4, 0.4]
Prune local model 8, pr_ratio = [0.6, 0.6, 0.6, 0.6]
Prune local model 2, pr_ratio = [0.4, 0.4, 0.4, 0.4]
Prune local model 1, pr_ratio = [0.2, 0.2, 0.2, 0.2]
Prune local model 4, pr_ratio = [0.8, 0.8, 0.8, 0.8]
Prune local model 3, pr_ratio = [0.6, 0.6, 0.6, 0.6]
Prune local model 0, pr_ratio = [0, 0, 0, 0]
Prune local model 5, pr_ratio = [0, 0, 0, 0]
Prune local model 9, pr_ratio = [0.8, 0.8, 0.8, 0.8]
Prune local model 6, pr_ratio = [0.2, 0.2, 0.2, 0.2]
Round: 67 Method: dapperfl Mean_Acc: 49.668 Best_Acc: 50.465
Domain_Acc: [56.7, 67.37, 37.93, 36.67] Domain_BestAcc: [60.71, 68.95, 44.83, 50.0]
Prune local model 2, pr_ratio = [0.4, 0.4, 0.4, 0.4]
Prune local model 7, pr_ratio = [0.4, 0.4, 0.4, 0.4]
Prune local model 6, pr_ratio = [0.2, 0.2, 0.2, 0.2]
Prune local model 3, pr_ratio = [0.6, 0.6, 0.6, 0.6]
Prune local model 9, pr_ratio = [0.8, 0.8, 0.8, 0.8]
Prune local model 5, pr_ratio = [0, 0, 0, 0]
Prune local model 1, pr_ratio = [0.2, 0.2, 0.2, 0.2]
Prune local model 8, pr_ratio = [0.6, 0.6, 0.6, 0.6]
Prune local model 0, pr_ratio = [0, 0, 0, 0]
Prune local model 4, pr_ratio = [0.8, 0.8, 0.8, 0.8]
Round: 68 Method: dapperfl Mean_Acc: 45.287 Best_Acc: 50.465
Domain_Acc: [50.0, 60.0, 34.48, 36.67] Domain_BestAcc: [60.71, 68.95, 44.83, 50.0]
Prune local model 6, pr_ratio = [0.2, 0.2, 0.2, 0.2]
Prune local model 1, pr_ratio = [0.2, 0.2, 0.2, 0.2]
Prune local model 9, pr_ratio = [0.8, 0.8, 0.8, 0.8]
Prune local model 8, pr_ratio = [0.6, 0.6, 0.6, 0.6]
Prune local model 7, pr_ratio = [0.4, 0.4, 0.4, 0.4]
Prune local model 2, pr_ratio = [0.4, 0.4, 0.4, 0.4]
Prune local model 5, pr_ratio = [0, 0, 0, 0]
Prune local model 0, pr_ratio = [0, 0, 0, 0]
Prune local model 4, pr_ratio = [0.8, 0.8, 0.8, 0.8]
Prune local model 3, pr_ratio = [0.6, 0.6, 0.6, 0.6]
Round: 69 Method: dapperfl Mean_Acc: 41.34 Best_Acc: 50.465
Domain_Acc: [49.11, 62.11, 24.14, 30.0] Domain_BestAcc: [60.71, 68.95, 44.83, 50.0]
Prune local model 9, pr_ratio = [0.8, 0.8, 0.8, 0.8]
Prune local model 4, pr_ratio = [0.8, 0.8, 0.8, 0.8]
Prune local model 0, pr_ratio = [0, 0, 0, 0]
Prune local model 1, pr_ratio = [0.2, 0.2, 0.2, 0.2]
Prune local model 8, pr_ratio = [0.6, 0.6, 0.6, 0.6]
Prune local model 3, pr_ratio = [0.6, 0.6, 0.6, 0.6]
Prune local model 6, pr_ratio = [0.2, 0.2, 0.2, 0.2]
Prune local model 2, pr_ratio = [0.4, 0.4, 0.4, 0.4]
Prune local model 5, pr_ratio = [0, 0, 0, 0]
Prune local model 7, pr_ratio = [0.4, 0.4, 0.4, 0.4]
Round: 70 Method: dapperfl Mean_Acc: 44.912 Best_Acc: 50.465
Domain_Acc: [52.23, 63.16, 27.59, 36.67] Domain_BestAcc: [60.71, 68.95, 44.83, 50.0]
Prune local model 3, pr_ratio = [0.6, 0.6, 0.6, 0.6]
Prune local model 9, pr_ratio = [0.8, 0.8, 0.8, 0.8]
Prune local model 6, pr_ratio = [0.2, 0.2, 0.2, 0.2]
Prune local model 7, pr_ratio = [0.4, 0.4, 0.4, 0.4]
Prune local model 1, pr_ratio = [0.2, 0.2, 0.2, 0.2]
Prune local model 2, pr_ratio = [0.4, 0.4, 0.4, 0.4]
Prune local model 5, pr_ratio = [0, 0, 0, 0]
Prune local model 0, pr_ratio = [0, 0, 0, 0]
Prune local model 4, pr_ratio = [0.8, 0.8, 0.8, 0.8]
Prune local model 8, pr_ratio = [0.6, 0.6, 0.6, 0.6]
Round: 71 Method: dapperfl Mean_Acc: 44.213 Best_Acc: 50.465
Domain_Acc: [53.12, 63.16, 17.24, 43.33] Domain_BestAcc: [60.71, 68.95, 44.83, 50.0]
Prune local model 2, pr_ratio = [0.4, 0.4, 0.4, 0.4]
Prune local model 7, pr_ratio = [0.4, 0.4, 0.4, 0.4]
Prune local model 5, pr_ratio = [0, 0, 0, 0]
Prune local model 3, pr_ratio = [0.6, 0.6, 0.6, 0.6]
Prune local model 4, pr_ratio = [0.8, 0.8, 0.8, 0.8]
Prune local model 6, pr_ratio = [0.2, 0.2, 0.2, 0.2]
Prune local model 1, pr_ratio = [0.2, 0.2, 0.2, 0.2]
Prune local model 0, pr_ratio = [0, 0, 0, 0]
Prune local model 9, pr_ratio = [0.8, 0.8, 0.8, 0.8]
Prune local model 8, pr_ratio = [0.6, 0.6, 0.6, 0.6]
Round: 72 Method: dapperfl Mean_Acc: 47.988 Best_Acc: 50.465
Domain_Acc: [58.04, 66.32, 27.59, 40.0] Domain_BestAcc: [60.71, 68.95, 44.83, 50.0]
Prune local model 4, pr_ratio = [0.8, 0.8, 0.8, 0.8]
Prune local model 2, pr_ratio = [0.4, 0.4, 0.4, 0.4]
Prune local model 5, pr_ratio = [0, 0, 0, 0]
Prune local model 7, pr_ratio = [0.4, 0.4, 0.4, 0.4]
Prune local model 8, pr_ratio = [0.6, 0.6, 0.6, 0.6]
Prune local model 3, pr_ratio = [0.6, 0.6, 0.6, 0.6]
Prune local model 6, pr_ratio = [0.2, 0.2, 0.2, 0.2]
Prune local model 9, pr_ratio = [0.8, 0.8, 0.8, 0.8]
Prune local model 1, pr_ratio = [0.2, 0.2, 0.2, 0.2]
Prune local model 0, pr_ratio = [0, 0, 0, 0]
Round: 73 Method: dapperfl Mean_Acc: 43.785 Best_Acc: 50.465
Domain_Acc: [44.64, 59.47, 31.03, 40.0] Domain_BestAcc: [60.71, 68.95, 44.83, 50.0]
Prune local model 7, pr_ratio = [0.4, 0.4, 0.4, 0.4]
Prune local model 4, pr_ratio = [0.8, 0.8, 0.8, 0.8]
Prune local model 2, pr_ratio = [0.4, 0.4, 0.4, 0.4]
Prune local model 8, pr_ratio = [0.6, 0.6, 0.6, 0.6]
Prune local model 3, pr_ratio = [0.6, 0.6, 0.6, 0.6]
Prune local model 5, pr_ratio = [0, 0, 0, 0]
Prune local model 1, pr_ratio = [0.2, 0.2, 0.2, 0.2]
Prune local model 6, pr_ratio = [0.2, 0.2, 0.2, 0.2]
Prune local model 9, pr_ratio = [0.8, 0.8, 0.8, 0.8]
Prune local model 0, pr_ratio = [0, 0, 0, 0]
Round: 74 Method: dapperfl Mean_Acc: 45.665 Best_Acc: 50.465
Domain_Acc: [52.68, 58.95, 31.03, 40.0] Domain_BestAcc: [60.71, 68.95, 44.83, 50.0]
Prune local model 9, pr_ratio = [0.8, 0.8, 0.8, 0.8]
Prune local model 7, pr_ratio = [0.4, 0.4, 0.4, 0.4]
Prune local model 8, pr_ratio = [0.6, 0.6, 0.6, 0.6]
Prune local model 4, pr_ratio = [0.8, 0.8, 0.8, 0.8]
Prune local model 2, pr_ratio = [0.4, 0.4, 0.4, 0.4]
Prune local model 0, pr_ratio = [0, 0, 0, 0]
Prune local model 3, pr_ratio = [0.6, 0.6, 0.6, 0.6]
Prune local model 1, pr_ratio = [0.2, 0.2, 0.2, 0.2]
Prune local model 5, pr_ratio = [0, 0, 0, 0]
Prune local model 6, pr_ratio = [0.2, 0.2, 0.2, 0.2]
Round: 75 Method: dapperfl Mean_Acc: 50.665 Best_Acc: 50.665
Domain_Acc: [58.93, 69.47, 27.59, 46.67] Domain_BestAcc: [60.71, 69.47, 44.83, 50.0]
Prune local model 7, pr_ratio = [0.4, 0.4, 0.4, 0.4]
Prune local model 3, pr_ratio = [0.6, 0.6, 0.6, 0.6]
Prune local model 0, pr_ratio = [0, 0, 0, 0]
Prune local model 8, pr_ratio = [0.6, 0.6, 0.6, 0.6]
Prune local model 6, pr_ratio = [0.2, 0.2, 0.2, 0.2]
Prune local model 9, pr_ratio = [0.8, 0.8, 0.8, 0.8]
Prune local model 2, pr_ratio = [0.4, 0.4, 0.4, 0.4]
Prune local model 5, pr_ratio = [0, 0, 0, 0]
Prune local model 1, pr_ratio = [0.2, 0.2, 0.2, 0.2]
Prune local model 4, pr_ratio = [0.8, 0.8, 0.8, 0.8]
Round: 76 Method: dapperfl Mean_Acc: 37.765 Best_Acc: 50.665
Domain_Acc: [41.07, 52.63, 20.69, 36.67] Domain_BestAcc: [60.71, 69.47, 44.83, 50.0]
Prune local model 7, pr_ratio = [0.4, 0.4, 0.4, 0.4]
Prune local model 2, pr_ratio = [0.4, 0.4, 0.4, 0.4]
Prune local model 4, pr_ratio = [0.8, 0.8, 0.8, 0.8]
Prune local model 8, pr_ratio = [0.6, 0.6, 0.6, 0.6]
Prune local model 9, pr_ratio = [0.8, 0.8, 0.8, 0.8]
Prune local model 3, pr_ratio = [0.6, 0.6, 0.6, 0.6]
Prune local model 0, pr_ratio = [0, 0, 0, 0]
Prune local model 5, pr_ratio = [0, 0, 0, 0]
Prune local model 6, pr_ratio = [0.2, 0.2, 0.2, 0.2]
Prune local model 1, pr_ratio = [0.2, 0.2, 0.2, 0.2]
Round: 77 Method: dapperfl Mean_Acc: 53.892 Best_Acc: 53.892
Domain_Acc: [55.8, 60.0, 43.1, 56.67] Domain_BestAcc: [60.71, 69.47, 44.83, 56.67]
Prune local model 8, pr_ratio = [0.6, 0.6, 0.6, 0.6]
Prune local model 3, pr_ratio = [0.6, 0.6, 0.6, 0.6]
Prune local model 9, pr_ratio = [0.8, 0.8, 0.8, 0.8]
Prune local model 4, pr_ratio = [0.8, 0.8, 0.8, 0.8]
Prune local model 1, pr_ratio = [0.2, 0.2, 0.2, 0.2]
Prune local model 6, pr_ratio = [0.2, 0.2, 0.2, 0.2]
Prune local model 2, pr_ratio = [0.4, 0.4, 0.4, 0.4]
Prune local model 0, pr_ratio = [0, 0, 0, 0]
Prune local model 5, pr_ratio = [0, 0, 0, 0]
Prune local model 7, pr_ratio = [0.4, 0.4, 0.4, 0.4]
Round: 78 Method: dapperfl Mean_Acc: 44.787 Best_Acc: 53.892
Domain_Acc: [55.8, 61.05, 18.97, 43.33] Domain_BestAcc: [60.71, 69.47, 44.83, 56.67]
Prune local model 0, pr_ratio = [0, 0, 0, 0]
Prune local model 5, pr_ratio = [0, 0, 0, 0]
Prune local model 2, pr_ratio = [0.4, 0.4, 0.4, 0.4]
Prune local model 9, pr_ratio = [0.8, 0.8, 0.8, 0.8]
Prune local model 6, pr_ratio = [0.2, 0.2, 0.2, 0.2]
Prune local model 4, pr_ratio = [0.8, 0.8, 0.8, 0.8]
Prune local model 1, pr_ratio = [0.2, 0.2, 0.2, 0.2]
Prune local model 3, pr_ratio = [0.6, 0.6, 0.6, 0.6]
Prune local model 7, pr_ratio = [0.4, 0.4, 0.4, 0.4]
Prune local model 8, pr_ratio = [0.6, 0.6, 0.6, 0.6]
Round: 79 Method: dapperfl Mean_Acc: 44.328 Best_Acc: 53.892
Domain_Acc: [49.55, 66.84, 27.59, 33.33] Domain_BestAcc: [60.71, 69.47, 44.83, 56.67]
Prune local model 5, pr_ratio = [0, 0, 0, 0]
Prune local model 7, pr_ratio = [0.4, 0.4, 0.4, 0.4]
Prune local model 6, pr_ratio = [0.2, 0.2, 0.2, 0.2]
Prune local model 2, pr_ratio = [0.4, 0.4, 0.4, 0.4]
Prune local model 0, pr_ratio = [0, 0, 0, 0]
Prune local model 8, pr_ratio = [0.6, 0.6, 0.6, 0.6]
Prune local model 3, pr_ratio = [0.6, 0.6, 0.6, 0.6]
Prune local model 4, pr_ratio = [0.8, 0.8, 0.8, 0.8]
Prune local model 9, pr_ratio = [0.8, 0.8, 0.8, 0.8]
Prune local model 1, pr_ratio = [0.2, 0.2, 0.2, 0.2]
Round: 80 Method: dapperfl Mean_Acc: 45.048 Best_Acc: 53.892
Domain_Acc: [51.34, 66.32, 25.86, 36.67] Domain_BestAcc: [60.71, 69.47, 44.83, 56.67]
Prune local model 3, pr_ratio = [0.6, 0.6, 0.6, 0.6]
Prune local model 4, pr_ratio = [0.8, 0.8, 0.8, 0.8]
Prune local model 2, pr_ratio = [0.4, 0.4, 0.4, 0.4]
Prune local model 1, pr_ratio = [0.2, 0.2, 0.2, 0.2]
Prune local model 7, pr_ratio = [0.4, 0.4, 0.4, 0.4]
Prune local model 6, pr_ratio = [0.2, 0.2, 0.2, 0.2]
Prune local model 9, pr_ratio = [0.8, 0.8, 0.8, 0.8]
Prune local model 0, pr_ratio = [0, 0, 0, 0]
Prune local model 5, pr_ratio = [0, 0, 0, 0]
Prune local model 8, pr_ratio = [0.6, 0.6, 0.6, 0.6]
Round: 81 Method: dapperfl Mean_Acc: 49.485 Best_Acc: 53.892
Domain_Acc: [57.14, 66.32, 34.48, 40.0] Domain_BestAcc: [60.71, 69.47, 44.83, 56.67]
Prune local model 6, pr_ratio = [0.2, 0.2, 0.2, 0.2]
Prune local model 1, pr_ratio = [0.2, 0.2, 0.2, 0.2]
Prune local model 8, pr_ratio = [0.6, 0.6, 0.6, 0.6]
Prune local model 0, pr_ratio = [0, 0, 0, 0]
Prune local model 2, pr_ratio = [0.4, 0.4, 0.4, 0.4]
Prune local model 7, pr_ratio = [0.4, 0.4, 0.4, 0.4]
Prune local model 5, pr_ratio = [0, 0, 0, 0]
Prune local model 4, pr_ratio = [0.8, 0.8, 0.8, 0.8]
Prune local model 9, pr_ratio = [0.8, 0.8, 0.8, 0.8]
Prune local model 3, pr_ratio = [0.6, 0.6, 0.6, 0.6]
Round: 82 Method: dapperfl Mean_Acc: 48.482 Best_Acc: 53.892
Domain_Acc: [60.27, 62.63, 31.03, 40.0] Domain_BestAcc: [60.71, 69.47, 44.83, 56.67]
Prune local model 9, pr_ratio = [0.8, 0.8, 0.8, 0.8]
Prune local model 7, pr_ratio = [0.4, 0.4, 0.4, 0.4]
Prune local model 0, pr_ratio = [0, 0, 0, 0]
Prune local model 6, pr_ratio = [0.2, 0.2, 0.2, 0.2]
Prune local model 8, pr_ratio = [0.6, 0.6, 0.6, 0.6]
Prune local model 3, pr_ratio = [0.6, 0.6, 0.6, 0.6]
Prune local model 2, pr_ratio = [0.4, 0.4, 0.4, 0.4]
Prune local model 5, pr_ratio = [0, 0, 0, 0]
Prune local model 4, pr_ratio = [0.8, 0.8, 0.8, 0.8]
Prune local model 1, pr_ratio = [0.2, 0.2, 0.2, 0.2]
Round: 83 Method: dapperfl Mean_Acc: 48.09 Best_Acc: 53.892
Domain_Acc: [56.7, 64.74, 27.59, 43.33] Domain_BestAcc: [60.71, 69.47, 44.83, 56.67]
Prune local model 0, pr_ratio = [0, 0, 0, 0]
Prune local model 7, pr_ratio = [0.4, 0.4, 0.4, 0.4]
Prune local model 8, pr_ratio = [0.6, 0.6, 0.6, 0.6]
Prune local model 2, pr_ratio = [0.4, 0.4, 0.4, 0.4]
Prune local model 4, pr_ratio = [0.8, 0.8, 0.8, 0.8]
Prune local model 5, pr_ratio = [0, 0, 0, 0]
Prune local model 9, pr_ratio = [0.8, 0.8, 0.8, 0.8]
Prune local model 6, pr_ratio = [0.2, 0.2, 0.2, 0.2]
Prune local model 1, pr_ratio = [0.2, 0.2, 0.2, 0.2]
Prune local model 3, pr_ratio = [0.6, 0.6, 0.6, 0.6]
Round: 84 Method: dapperfl Mean_Acc: 46.48 Best_Acc: 53.892
Domain_Acc: [52.23, 61.05, 29.31, 43.33] Domain_BestAcc: [60.71, 69.47, 44.83, 56.67]
Prune local model 4, pr_ratio = [0.8, 0.8, 0.8, 0.8]
Prune local model 8, pr_ratio = [0.6, 0.6, 0.6, 0.6]
Prune local model 1, pr_ratio = [0.2, 0.2, 0.2, 0.2]
Prune local model 3, pr_ratio = [0.6, 0.6, 0.6, 0.6]
Prune local model 9, pr_ratio = [0.8, 0.8, 0.8, 0.8]
Prune local model 7, pr_ratio = [0.4, 0.4, 0.4, 0.4]
Prune local model 6, pr_ratio = [0.2, 0.2, 0.2, 0.2]
Prune local model 2, pr_ratio = [0.4, 0.4, 0.4, 0.4]
Prune local model 0, pr_ratio = [0, 0, 0, 0]
Prune local model 5, pr_ratio = [0, 0, 0, 0]
Round: 85 Method: dapperfl Mean_Acc: 46.262 Best_Acc: 53.892
Domain_Acc: [49.11, 61.58, 31.03, 43.33] Domain_BestAcc: [60.71, 69.47, 44.83, 56.67]
Prune local model 6, pr_ratio = [0.2, 0.2, 0.2, 0.2]
Prune local model 3, pr_ratio = [0.6, 0.6, 0.6, 0.6]
Prune local model 4, pr_ratio = [0.8, 0.8, 0.8, 0.8]
Prune local model 7, pr_ratio = [0.4, 0.4, 0.4, 0.4]
Prune local model 8, pr_ratio = [0.6, 0.6, 0.6, 0.6]
Prune local model 2, pr_ratio = [0.4, 0.4, 0.4, 0.4]
Prune local model 9, pr_ratio = [0.8, 0.8, 0.8, 0.8]
Prune local model 5, pr_ratio = [0, 0, 0, 0]
Prune local model 1, pr_ratio = [0.2, 0.2, 0.2, 0.2]
Prune local model 0, pr_ratio = [0, 0, 0, 0]
Round: 86 Method: dapperfl Mean_Acc: 47.662 Best_Acc: 53.892
Domain_Acc: [53.57, 67.89, 25.86, 43.33] Domain_BestAcc: [60.71, 69.47, 44.83, 56.67]
Prune local model 7, pr_ratio = [0.4, 0.4, 0.4, 0.4]
Prune local model 8, pr_ratio = [0.6, 0.6, 0.6, 0.6]
Prune local model 5, pr_ratio = [0, 0, 0, 0]
Prune local model 9, pr_ratio = [0.8, 0.8, 0.8, 0.8]
Prune local model 3, pr_ratio = [0.6, 0.6, 0.6, 0.6]
Prune local model 6, pr_ratio = [0.2, 0.2, 0.2, 0.2]
Prune local model 1, pr_ratio = [0.2, 0.2, 0.2, 0.2]
Prune local model 4, pr_ratio = [0.8, 0.8, 0.8, 0.8]
Prune local model 2, pr_ratio = [0.4, 0.4, 0.4, 0.4]
Prune local model 0, pr_ratio = [0, 0, 0, 0]
Round: 87 Method: dapperfl Mean_Acc: 50.71 Best_Acc: 53.892
Domain_Acc: [58.48, 60.0, 31.03, 53.33] Domain_BestAcc: [60.71, 69.47, 44.83, 56.67]
Prune local model 5, pr_ratio = [0, 0, 0, 0]
Prune local model 0, pr_ratio = [0, 0, 0, 0]
Prune local model 8, pr_ratio = [0.6, 0.6, 0.6, 0.6]
Prune local model 2, pr_ratio = [0.4, 0.4, 0.4, 0.4]
Prune local model 3, pr_ratio = [0.6, 0.6, 0.6, 0.6]
Prune local model 6, pr_ratio = [0.2, 0.2, 0.2, 0.2]
Prune local model 1, pr_ratio = [0.2, 0.2, 0.2, 0.2]
Prune local model 4, pr_ratio = [0.8, 0.8, 0.8, 0.8]
Prune local model 7, pr_ratio = [0.4, 0.4, 0.4, 0.4]
Prune local model 9, pr_ratio = [0.8, 0.8, 0.8, 0.8]
Round: 88 Method: dapperfl Mean_Acc: 47.995 Best_Acc: 53.892
Domain_Acc: [54.46, 63.16, 31.03, 43.33] Domain_BestAcc: [60.71, 69.47, 44.83, 56.67]
Prune local model 3, pr_ratio = [0.6, 0.6, 0.6, 0.6]
Prune local model 6, pr_ratio = [0.2, 0.2, 0.2, 0.2]
Prune local model 4, pr_ratio = [0.8, 0.8, 0.8, 0.8]
Prune local model 5, pr_ratio = [0, 0, 0, 0]
Prune local model 8, pr_ratio = [0.6, 0.6, 0.6, 0.6]
Prune local model 1, pr_ratio = [0.2, 0.2, 0.2, 0.2]
Prune local model 0, pr_ratio = [0, 0, 0, 0]
Prune local model 9, pr_ratio = [0.8, 0.8, 0.8, 0.8]
Prune local model 7, pr_ratio = [0.4, 0.4, 0.4, 0.4]
Prune local model 2, pr_ratio = [0.4, 0.4, 0.4, 0.4]
Round: 89 Method: dapperfl Mean_Acc: 44.37 Best_Acc: 53.892
Domain_Acc: [46.88, 64.74, 25.86, 40.0] Domain_BestAcc: [60.71, 69.47, 44.83, 56.67]
Prune local model 5, pr_ratio = [0, 0, 0, 0]
Prune local model 8, pr_ratio = [0.6, 0.6, 0.6, 0.6]
Prune local model 7, pr_ratio = [0.4, 0.4, 0.4, 0.4]
Prune local model 9, pr_ratio = [0.8, 0.8, 0.8, 0.8]
Prune local model 4, pr_ratio = [0.8, 0.8, 0.8, 0.8]
Prune local model 1, pr_ratio = [0.2, 0.2, 0.2, 0.2]
Prune local model 2, pr_ratio = [0.4, 0.4, 0.4, 0.4]
Prune local model 0, pr_ratio = [0, 0, 0, 0]
Prune local model 3, pr_ratio = [0.6, 0.6, 0.6, 0.6]
Prune local model 6, pr_ratio = [0.2, 0.2, 0.2, 0.2]
Round: 90 Method: dapperfl Mean_Acc: 48.81 Best_Acc: 53.892
Domain_Acc: [58.48, 68.95, 34.48, 33.33] Domain_BestAcc: [60.71, 69.47, 44.83, 56.67]
Prune local model 4, pr_ratio = [0.8, 0.8, 0.8, 0.8]
Prune local model 2, pr_ratio = [0.4, 0.4, 0.4, 0.4]
Prune local model 6, pr_ratio = [0.2, 0.2, 0.2, 0.2]
Prune local model 3, pr_ratio = [0.6, 0.6, 0.6, 0.6]
Prune local model 7, pr_ratio = [0.4, 0.4, 0.4, 0.4]
Prune local model 0, pr_ratio = [0, 0, 0, 0]
Prune local model 9, pr_ratio = [0.8, 0.8, 0.8, 0.8]
Prune local model 8, pr_ratio = [0.6, 0.6, 0.6, 0.6]
Prune local model 1, pr_ratio = [0.2, 0.2, 0.2, 0.2]
Prune local model 5, pr_ratio = [0, 0, 0, 0]
Round: 91 Method: dapperfl Mean_Acc: 50.912 Best_Acc: 53.892
Domain_Acc: [57.14, 70.53, 29.31, 46.67] Domain_BestAcc: [60.71, 70.53, 44.83, 56.67]
Prune local model 9, pr_ratio = [0.8, 0.8, 0.8, 0.8]
Prune local model 3, pr_ratio = [0.6, 0.6, 0.6, 0.6]
Prune local model 1, pr_ratio = [0.2, 0.2, 0.2, 0.2]
Prune local model 8, pr_ratio = [0.6, 0.6, 0.6, 0.6]
Prune local model 7, pr_ratio = [0.4, 0.4, 0.4, 0.4]
Prune local model 6, pr_ratio = [0.2, 0.2, 0.2, 0.2]
Prune local model 0, pr_ratio = [0, 0, 0, 0]
Prune local model 4, pr_ratio = [0.8, 0.8, 0.8, 0.8]
Prune local model 2, pr_ratio = [0.4, 0.4, 0.4, 0.4]
Prune local model 5, pr_ratio = [0, 0, 0, 0]
Round: 92 Method: dapperfl Mean_Acc: 41.902 Best_Acc: 53.892
Domain_Acc: [54.91, 56.84, 25.86, 30.0] Domain_BestAcc: [60.71, 70.53, 44.83, 56.67]
Prune local model 7, pr_ratio = [0.4, 0.4, 0.4, 0.4]
Prune local model 6, pr_ratio = [0.2, 0.2, 0.2, 0.2]
Prune local model 2, pr_ratio = [0.4, 0.4, 0.4, 0.4]
Prune local model 8, pr_ratio = [0.6, 0.6, 0.6, 0.6]
Prune local model 1, pr_ratio = [0.2, 0.2, 0.2, 0.2]
Prune local model 0, pr_ratio = [0, 0, 0, 0]
Prune local model 3, pr_ratio = [0.6, 0.6, 0.6, 0.6]
Prune local model 9, pr_ratio = [0.8, 0.8, 0.8, 0.8]
Prune local model 5, pr_ratio = [0, 0, 0, 0]
Prune local model 4, pr_ratio = [0.8, 0.8, 0.8, 0.8]
Round: 93 Method: dapperfl Mean_Acc: 47.708 Best_Acc: 53.892
Domain_Acc: [53.57, 71.05, 36.21, 30.0] Domain_BestAcc: [60.71, 71.05, 44.83, 56.67]
Prune local model 4, pr_ratio = [0.8, 0.8, 0.8, 0.8]
Prune local model 7, pr_ratio = [0.4, 0.4, 0.4, 0.4]
Prune local model 0, pr_ratio = [0, 0, 0, 0]
Prune local model 3, pr_ratio = [0.6, 0.6, 0.6, 0.6]
Prune local model 1, pr_ratio = [0.2, 0.2, 0.2, 0.2]
Prune local model 2, pr_ratio = [0.4, 0.4, 0.4, 0.4]
Prune local model 8, pr_ratio = [0.6, 0.6, 0.6, 0.6]
Prune local model 9, pr_ratio = [0.8, 0.8, 0.8, 0.8]
Prune local model 5, pr_ratio = [0, 0, 0, 0]
Prune local model 6, pr_ratio = [0.2, 0.2, 0.2, 0.2]
Round: 94 Method: dapperfl Mean_Acc: 45.345 Best_Acc: 53.892
Domain_Acc: [59.38, 69.47, 25.86, 26.67] Domain_BestAcc: [60.71, 71.05, 44.83, 56.67]
Prune local model 6, pr_ratio = [0.2, 0.2, 0.2, 0.2]
Prune local model 9, pr_ratio = [0.8, 0.8, 0.8, 0.8]
Prune local model 4, pr_ratio = [0.8, 0.8, 0.8, 0.8]
Prune local model 3, pr_ratio = [0.6, 0.6, 0.6, 0.6]
Prune local model 0, pr_ratio = [0, 0, 0, 0]
Prune local model 8, pr_ratio = [0.6, 0.6, 0.6, 0.6]
Prune local model 5, pr_ratio = [0, 0, 0, 0]
Prune local model 1, pr_ratio = [0.2, 0.2, 0.2, 0.2]
Prune local model 7, pr_ratio = [0.4, 0.4, 0.4, 0.4]
Prune local model 2, pr_ratio = [0.4, 0.4, 0.4, 0.4]
Round: 95 Method: dapperfl Mean_Acc: 46.22 Best_Acc: 53.892
Domain_Acc: [50.45, 66.84, 27.59, 40.0] Domain_BestAcc: [60.71, 71.05, 44.83, 56.67]
Prune local model 7, pr_ratio = [0.4, 0.4, 0.4, 0.4]
Prune local model 2, pr_ratio = [0.4, 0.4, 0.4, 0.4]
Prune local model 4, pr_ratio = [0.8, 0.8, 0.8, 0.8]
Prune local model 9, pr_ratio = [0.8, 0.8, 0.8, 0.8]
Prune local model 8, pr_ratio = [0.6, 0.6, 0.6, 0.6]
Prune local model 5, pr_ratio = [0, 0, 0, 0]
Prune local model 1, pr_ratio = [0.2, 0.2, 0.2, 0.2]
Prune local model 6, pr_ratio = [0.2, 0.2, 0.2, 0.2]
Prune local model 0, pr_ratio = [0, 0, 0, 0]
Prune local model 3, pr_ratio = [0.6, 0.6, 0.6, 0.6]
Round: 96 Method: dapperfl Mean_Acc: 48.345 Best_Acc: 53.892
Domain_Acc: [55.36, 65.26, 32.76, 40.0] Domain_BestAcc: [60.71, 71.05, 44.83, 56.67]
Prune local model 2, pr_ratio = [0.4, 0.4, 0.4, 0.4]
Prune local model 1, pr_ratio = [0.2, 0.2, 0.2, 0.2]
Prune local model 7, pr_ratio = [0.4, 0.4, 0.4, 0.4]
Prune local model 3, pr_ratio = [0.6, 0.6, 0.6, 0.6]
Prune local model 0, pr_ratio = [0, 0, 0, 0]
Prune local model 6, pr_ratio = [0.2, 0.2, 0.2, 0.2]
Prune local model 4, pr_ratio = [0.8, 0.8, 0.8, 0.8]
Prune local model 9, pr_ratio = [0.8, 0.8, 0.8, 0.8]
Prune local model 8, pr_ratio = [0.6, 0.6, 0.6, 0.6]
Prune local model 5, pr_ratio = [0, 0, 0, 0]
Round: 97 Method: dapperfl Mean_Acc: 50.992 Best_Acc: 53.892
Domain_Acc: [58.93, 68.95, 32.76, 43.33] Domain_BestAcc: [60.71, 71.05, 44.83, 56.67]
Prune local model 5, pr_ratio = [0, 0, 0, 0]
Prune local model 2, pr_ratio = [0.4, 0.4, 0.4, 0.4]
Prune local model 0, pr_ratio = [0, 0, 0, 0]
Prune local model 4, pr_ratio = [0.8, 0.8, 0.8, 0.8]
Prune local model 9, pr_ratio = [0.8, 0.8, 0.8, 0.8]
Prune local model 3, pr_ratio = [0.6, 0.6, 0.6, 0.6]
Prune local model 8, pr_ratio = [0.6, 0.6, 0.6, 0.6]
Prune local model 1, pr_ratio = [0.2, 0.2, 0.2, 0.2]
Prune local model 7, pr_ratio = [0.4, 0.4, 0.4, 0.4]
Prune local model 6, pr_ratio = [0.2, 0.2, 0.2, 0.2]
Round: 98 Method: dapperfl Mean_Acc: 46.573 Best_Acc: 53.892
Domain_Acc: [49.55, 64.21, 25.86, 46.67] Domain_BestAcc: [60.71, 71.05, 44.83, 56.67]
Prune local model 2, pr_ratio = [0.4, 0.4, 0.4, 0.4]
Prune local model 3, pr_ratio = [0.6, 0.6, 0.6, 0.6]
Prune local model 4, pr_ratio = [0.8, 0.8, 0.8, 0.8]
Prune local model 7, pr_ratio = [0.4, 0.4, 0.4, 0.4]
Prune local model 1, pr_ratio = [0.2, 0.2, 0.2, 0.2]
Prune local model 8, pr_ratio = [0.6, 0.6, 0.6, 0.6]
Prune local model 9, pr_ratio = [0.8, 0.8, 0.8, 0.8]
Prune local model 5, pr_ratio = [0, 0, 0, 0]
Prune local model 6, pr_ratio = [0.2, 0.2, 0.2, 0.2]
Prune local model 0, pr_ratio = [0, 0, 0, 0]
Round: 99 Method: dapperfl Mean_Acc: 49.032 Best_Acc: 53.892
Domain_Acc: [58.93, 67.89, 29.31, 40.0] Domain_BestAcc: [60.71, 71.05, 44.83, 56.67]
2025-03-28 20:49:38
