Namespace(prefix='', communication_epoch=100, local_epoch=5, parti_num=10, model='dapperfl', dataset='fl_officecaltech', pr_strategy='AD', backbone='resnet18', alpha=0.9, alpha_min=0.1, epsilon=0.2, reg_coeff=0.01, wandb=0, device_id=0, seed=1234, rand_dataset=1, learning_decay=False, averaing='weight', online_ratio=1, mu=0.1, input_dim=28, csv_log=False, local_lr=0.01, local_batch_size=64, pr_ratios=['0', '0.2', '0.4', '0.6', '0.8'], arch='res18')
2025-04-13 16:15:11
{'dslr': 3, 'webcam': 2, 'amazon': 2, 'caltech': 3}
['dslr', 'dslr', 'webcam', 'amazon', 'caltech', 'caltech', 'caltech', 'amazon', 'webcam', 'dslr']
Prune local model 3, pr_ratio = [0.6, 0.6, 0.6, 0.6]
Prune local model 0, pr_ratio = [0, 0, 0, 0]
Prune local model 4, pr_ratio = [0.8, 0.8, 0.8, 0.8]
Prune local model 6, pr_ratio = [0.2, 0.2, 0.2, 0.2]
Prune local model 5, pr_ratio = [0, 0, 0, 0]
Prune local model 1, pr_ratio = [0.2, 0.2, 0.2, 0.2]
Prune local model 7, pr_ratio = [0.4, 0.4, 0.4, 0.4]
Prune local model 2, pr_ratio = [0.4, 0.4, 0.4, 0.4]
Prune local model 9, pr_ratio = [0.8, 0.8, 0.8, 0.8]
Prune local model 8, pr_ratio = [0.6, 0.6, 0.6, 0.6]
Round: 0 Method: dapperfl Mean_Acc: 8.782 Best_Acc: 8.782
Domain_Acc: [7.59, 10.53, 10.34, 6.67] Domain_BestAcc: [7.59, 10.53, 10.34, 6.67]
Prune local model 5, pr_ratio = [0, 0, 0, 0]
Prune local model 7, pr_ratio = [0.4, 0.4, 0.4, 0.4]
Prune local model 4, pr_ratio = [0.8, 0.8, 0.8, 0.8]
Prune local model 2, pr_ratio = [0.4, 0.4, 0.4, 0.4]
Prune local model 1, pr_ratio = [0.2, 0.2, 0.2, 0.2]
Prune local model 3, pr_ratio = [0.6, 0.6, 0.6, 0.6]
Prune local model 8, pr_ratio = [0.6, 0.6, 0.6, 0.6]
Prune local model 6, pr_ratio = [0.2, 0.2, 0.2, 0.2]
Prune local model 0, pr_ratio = [0, 0, 0, 0]
Prune local model 9, pr_ratio = [0.8, 0.8, 0.8, 0.8]
Round: 1 Method: dapperfl Mean_Acc: 8.852 Best_Acc: 8.852
Domain_Acc: [8.93, 9.47, 10.34, 6.67] Domain_BestAcc: [8.93, 10.53, 10.34, 6.67]
Prune local model 0, pr_ratio = [0, 0, 0, 0]
Prune local model 5, pr_ratio = [0, 0, 0, 0]
Prune local model 1, pr_ratio = [0.2, 0.2, 0.2, 0.2]
Prune local model 6, pr_ratio = [0.2, 0.2, 0.2, 0.2]
Prune local model 8, pr_ratio = [0.6, 0.6, 0.6, 0.6]
Prune local model 7, pr_ratio = [0.4, 0.4, 0.4, 0.4]
Prune local model 4, pr_ratio = [0.8, 0.8, 0.8, 0.8]
Prune local model 2, pr_ratio = [0.4, 0.4, 0.4, 0.4]
Prune local model 9, pr_ratio = [0.8, 0.8, 0.8, 0.8]
Prune local model 3, pr_ratio = [0.6, 0.6, 0.6, 0.6]
Round: 2 Method: dapperfl Mean_Acc: 8.852 Best_Acc: 8.852
Domain_Acc: [8.93, 9.47, 10.34, 6.67] Domain_BestAcc: [8.93, 10.53, 10.34, 6.67]
Prune local model 8, pr_ratio = [0.6, 0.6, 0.6, 0.6]
Prune local model 6, pr_ratio = [0.2, 0.2, 0.2, 0.2]
Prune local model 4, pr_ratio = [0.8, 0.8, 0.8, 0.8]
Prune local model 0, pr_ratio = [0, 0, 0, 0]
Prune local model 5, pr_ratio = [0, 0, 0, 0]
Prune local model 2, pr_ratio = [0.4, 0.4, 0.4, 0.4]
Prune local model 3, pr_ratio = [0.6, 0.6, 0.6, 0.6]
Prune local model 7, pr_ratio = [0.4, 0.4, 0.4, 0.4]
Prune local model 1, pr_ratio = [0.2, 0.2, 0.2, 0.2]
Prune local model 9, pr_ratio = [0.8, 0.8, 0.8, 0.8]
Round: 3 Method: dapperfl Mean_Acc: 10.048 Best_Acc: 10.048
Domain_Acc: [9.82, 8.42, 8.62, 13.33] Domain_BestAcc: [9.82, 10.53, 10.34, 13.33]
Prune local model 6, pr_ratio = [0.2, 0.2, 0.2, 0.2]
Prune local model 8, pr_ratio = [0.6, 0.6, 0.6, 0.6]
Prune local model 3, pr_ratio = [0.6, 0.6, 0.6, 0.6]
Prune local model 0, pr_ratio = [0, 0, 0, 0]
Prune local model 4, pr_ratio = [0.8, 0.8, 0.8, 0.8]
Prune local model 5, pr_ratio = [0, 0, 0, 0]
Prune local model 9, pr_ratio = [0.8, 0.8, 0.8, 0.8]
Prune local model 7, pr_ratio = [0.4, 0.4, 0.4, 0.4]
Prune local model 1, pr_ratio = [0.2, 0.2, 0.2, 0.2]
Prune local model 2, pr_ratio = [0.4, 0.4, 0.4, 0.4]
Round: 4 Method: dapperfl Mean_Acc: 16.8 Best_Acc: 16.8
Domain_Acc: [13.84, 14.74, 8.62, 30.0] Domain_BestAcc: [13.84, 14.74, 10.34, 30.0]
Prune local model 6, pr_ratio = [0.2, 0.2, 0.2, 0.2]
Prune local model 5, pr_ratio = [0, 0, 0, 0]
Prune local model 2, pr_ratio = [0.4, 0.4, 0.4, 0.4]
Prune local model 9, pr_ratio = [0.8, 0.8, 0.8, 0.8]
Prune local model 4, pr_ratio = [0.8, 0.8, 0.8, 0.8]
Prune local model 1, pr_ratio = [0.2, 0.2, 0.2, 0.2]
Prune local model 0, pr_ratio = [0, 0, 0, 0]
Prune local model 3, pr_ratio = [0.6, 0.6, 0.6, 0.6]
Prune local model 7, pr_ratio = [0.4, 0.4, 0.4, 0.4]
Prune local model 8, pr_ratio = [0.6, 0.6, 0.6, 0.6]
Round: 5 Method: dapperfl Mean_Acc: 19.18 Best_Acc: 19.18
Domain_Acc: [15.18, 19.47, 12.07, 30.0] Domain_BestAcc: [15.18, 19.47, 12.07, 30.0]
Prune local model 1, pr_ratio = [0.2, 0.2, 0.2, 0.2]
Prune local model 5, pr_ratio = [0, 0, 0, 0]
Prune local model 8, pr_ratio = [0.6, 0.6, 0.6, 0.6]
Prune local model 9, pr_ratio = [0.8, 0.8, 0.8, 0.8]
Prune local model 4, pr_ratio = [0.8, 0.8, 0.8, 0.8]
Prune local model 2, pr_ratio = [0.4, 0.4, 0.4, 0.4]
Prune local model 6, pr_ratio = [0.2, 0.2, 0.2, 0.2]
Prune local model 3, pr_ratio = [0.6, 0.6, 0.6, 0.6]
Prune local model 0, pr_ratio = [0, 0, 0, 0]
Prune local model 7, pr_ratio = [0.4, 0.4, 0.4, 0.4]
Round: 6 Method: dapperfl Mean_Acc: 14.852 Best_Acc: 19.18
Domain_Acc: [18.75, 15.26, 12.07, 13.33] Domain_BestAcc: [18.75, 19.47, 12.07, 30.0]
Prune local model 9, pr_ratio = [0.8, 0.8, 0.8, 0.8]
Prune local model 6, pr_ratio = [0.2, 0.2, 0.2, 0.2]
Prune local model 7, pr_ratio = [0.4, 0.4, 0.4, 0.4]
Prune local model 5, pr_ratio = [0, 0, 0, 0]
Prune local model 2, pr_ratio = [0.4, 0.4, 0.4, 0.4]
Prune local model 4, pr_ratio = [0.8, 0.8, 0.8, 0.8]
Prune local model 1, pr_ratio = [0.2, 0.2, 0.2, 0.2]
Prune local model 3, pr_ratio = [0.6, 0.6, 0.6, 0.6]
Prune local model 0, pr_ratio = [0, 0, 0, 0]
Prune local model 8, pr_ratio = [0.6, 0.6, 0.6, 0.6]
Round: 7 Method: dapperfl Mean_Acc: 21.553 Best_Acc: 21.553
Domain_Acc: [27.68, 24.74, 13.79, 20.0] Domain_BestAcc: [27.68, 24.74, 13.79, 30.0]
Prune local model 1, pr_ratio = [0.2, 0.2, 0.2, 0.2]
Prune local model 6, pr_ratio = [0.2, 0.2, 0.2, 0.2]
Prune local model 2, pr_ratio = [0.4, 0.4, 0.4, 0.4]
Prune local model 3, pr_ratio = [0.6, 0.6, 0.6, 0.6]
Prune local model 0, pr_ratio = [0, 0, 0, 0]
Prune local model 9, pr_ratio = [0.8, 0.8, 0.8, 0.8]
Prune local model 5, pr_ratio = [0, 0, 0, 0]
Prune local model 8, pr_ratio = [0.6, 0.6, 0.6, 0.6]
Prune local model 4, pr_ratio = [0.8, 0.8, 0.8, 0.8]
Prune local model 7, pr_ratio = [0.4, 0.4, 0.4, 0.4]
Round: 8 Method: dapperfl Mean_Acc: 21.155 Best_Acc: 21.553
Domain_Acc: [29.02, 25.26, 10.34, 20.0] Domain_BestAcc: [29.02, 25.26, 13.79, 30.0]
Prune local model 2, pr_ratio = [0.4, 0.4, 0.4, 0.4]
Prune local model 7, pr_ratio = [0.4, 0.4, 0.4, 0.4]
Prune local model 6, pr_ratio = [0.2, 0.2, 0.2, 0.2]
Prune local model 4, pr_ratio = [0.8, 0.8, 0.8, 0.8]
Prune local model 0, pr_ratio = [0, 0, 0, 0]
Prune local model 8, pr_ratio = [0.6, 0.6, 0.6, 0.6]
Prune local model 5, pr_ratio = [0, 0, 0, 0]
Prune local model 3, pr_ratio = [0.6, 0.6, 0.6, 0.6]
Prune local model 1, pr_ratio = [0.2, 0.2, 0.2, 0.2]
Prune local model 9, pr_ratio = [0.8, 0.8, 0.8, 0.8]
Round: 9 Method: dapperfl Mean_Acc: 21.713 Best_Acc: 21.713
Domain_Acc: [29.02, 27.37, 13.79, 16.67] Domain_BestAcc: [29.02, 27.37, 13.79, 30.0]
Prune local model 4, pr_ratio = [0.8, 0.8, 0.8, 0.8]
Prune local model 8, pr_ratio = [0.6, 0.6, 0.6, 0.6]
Prune local model 3, pr_ratio = [0.6, 0.6, 0.6, 0.6]
Prune local model 0, pr_ratio = [0, 0, 0, 0]
Prune local model 2, pr_ratio = [0.4, 0.4, 0.4, 0.4]
Prune local model 6, pr_ratio = [0.2, 0.2, 0.2, 0.2]
Prune local model 5, pr_ratio = [0, 0, 0, 0]
Prune local model 7, pr_ratio = [0.4, 0.4, 0.4, 0.4]
Prune local model 9, pr_ratio = [0.8, 0.8, 0.8, 0.8]
Prune local model 1, pr_ratio = [0.2, 0.2, 0.2, 0.2]
Round: 10 Method: dapperfl Mean_Acc: 20.86 Best_Acc: 21.713
Domain_Acc: [26.34, 31.58, 15.52, 10.0] Domain_BestAcc: [29.02, 31.58, 15.52, 30.0]
Prune local model 5, pr_ratio = [0, 0, 0, 0]
Prune local model 0, pr_ratio = [0, 0, 0, 0]
Prune local model 4, pr_ratio = [0.8, 0.8, 0.8, 0.8]
Prune local model 9, pr_ratio = [0.8, 0.8, 0.8, 0.8]
Prune local model 2, pr_ratio = [0.4, 0.4, 0.4, 0.4]
Prune local model 7, pr_ratio = [0.4, 0.4, 0.4, 0.4]
Prune local model 3, pr_ratio = [0.6, 0.6, 0.6, 0.6]
Prune local model 6, pr_ratio = [0.2, 0.2, 0.2, 0.2]
Prune local model 8, pr_ratio = [0.6, 0.6, 0.6, 0.6]
Prune local model 1, pr_ratio = [0.2, 0.2, 0.2, 0.2]
Round: 11 Method: dapperfl Mean_Acc: 29.538 Best_Acc: 29.538
Domain_Acc: [34.38, 41.58, 15.52, 26.67] Domain_BestAcc: [34.38, 41.58, 15.52, 30.0]
Prune local model 5, pr_ratio = [0, 0, 0, 0]
Prune local model 9, pr_ratio = [0.8, 0.8, 0.8, 0.8]
Prune local model 8, pr_ratio = [0.6, 0.6, 0.6, 0.6]
Prune local model 0, pr_ratio = [0, 0, 0, 0]
Prune local model 4, pr_ratio = [0.8, 0.8, 0.8, 0.8]
Prune local model 6, pr_ratio = [0.2, 0.2, 0.2, 0.2]
Prune local model 3, pr_ratio = [0.6, 0.6, 0.6, 0.6]
Prune local model 2, pr_ratio = [0.4, 0.4, 0.4, 0.4]
Prune local model 7, pr_ratio = [0.4, 0.4, 0.4, 0.4]
Prune local model 1, pr_ratio = [0.2, 0.2, 0.2, 0.2]
Round: 12 Method: dapperfl Mean_Acc: 23.197 Best_Acc: 29.538
Domain_Acc: [31.25, 29.47, 12.07, 20.0] Domain_BestAcc: [34.38, 41.58, 15.52, 30.0]
Prune local model 3, pr_ratio = [0.6, 0.6, 0.6, 0.6]
Prune local model 6, pr_ratio = [0.2, 0.2, 0.2, 0.2]
Prune local model 7, pr_ratio = [0.4, 0.4, 0.4, 0.4]
Prune local model 8, pr_ratio = [0.6, 0.6, 0.6, 0.6]
Prune local model 9, pr_ratio = [0.8, 0.8, 0.8, 0.8]
Prune local model 5, pr_ratio = [0, 0, 0, 0]
Prune local model 2, pr_ratio = [0.4, 0.4, 0.4, 0.4]
Prune local model 4, pr_ratio = [0.8, 0.8, 0.8, 0.8]
Prune local model 1, pr_ratio = [0.2, 0.2, 0.2, 0.2]
Prune local model 0, pr_ratio = [0, 0, 0, 0]
Round: 13 Method: dapperfl Mean_Acc: 32.452 Best_Acc: 32.452
Domain_Acc: [42.86, 43.16, 13.79, 30.0] Domain_BestAcc: [42.86, 43.16, 15.52, 30.0]
Prune local model 6, pr_ratio = [0.2, 0.2, 0.2, 0.2]
Prune local model 0, pr_ratio = [0, 0, 0, 0]
Prune local model 4, pr_ratio = [0.8, 0.8, 0.8, 0.8]
Prune local model 3, pr_ratio = [0.6, 0.6, 0.6, 0.6]
Prune local model 2, pr_ratio = [0.4, 0.4, 0.4, 0.4]
Prune local model 9, pr_ratio = [0.8, 0.8, 0.8, 0.8]
Prune local model 5, pr_ratio = [0, 0, 0, 0]
Prune local model 1, pr_ratio = [0.2, 0.2, 0.2, 0.2]
Prune local model 8, pr_ratio = [0.6, 0.6, 0.6, 0.6]
Prune local model 7, pr_ratio = [0.4, 0.4, 0.4, 0.4]
Round: 14 Method: dapperfl Mean_Acc: 28.66 Best_Acc: 32.452
Domain_Acc: [37.05, 33.68, 17.24, 26.67] Domain_BestAcc: [42.86, 43.16, 17.24, 30.0]
Prune local model 8, pr_ratio = [0.6, 0.6, 0.6, 0.6]
Prune local model 0, pr_ratio = [0, 0, 0, 0]
Prune local model 2, pr_ratio = [0.4, 0.4, 0.4, 0.4]
Prune local model 6, pr_ratio = [0.2, 0.2, 0.2, 0.2]
Prune local model 1, pr_ratio = [0.2, 0.2, 0.2, 0.2]
Prune local model 4, pr_ratio = [0.8, 0.8, 0.8, 0.8]
Prune local model 3, pr_ratio = [0.6, 0.6, 0.6, 0.6]
Prune local model 9, pr_ratio = [0.8, 0.8, 0.8, 0.8]
Prune local model 7, pr_ratio = [0.4, 0.4, 0.4, 0.4]
Prune local model 5, pr_ratio = [0, 0, 0, 0]
Round: 15 Method: dapperfl Mean_Acc: 30.03 Best_Acc: 32.452
Domain_Acc: [38.84, 37.37, 17.24, 26.67] Domain_BestAcc: [42.86, 43.16, 17.24, 30.0]
Prune local model 6, pr_ratio = [0.2, 0.2, 0.2, 0.2]
Prune local model 5, pr_ratio = [0, 0, 0, 0]
Prune local model 4, pr_ratio = [0.8, 0.8, 0.8, 0.8]
Prune local model 7, pr_ratio = [0.4, 0.4, 0.4, 0.4]
Prune local model 3, pr_ratio = [0.6, 0.6, 0.6, 0.6]
Prune local model 0, pr_ratio = [0, 0, 0, 0]
Prune local model 2, pr_ratio = [0.4, 0.4, 0.4, 0.4]
Prune local model 9, pr_ratio = [0.8, 0.8, 0.8, 0.8]
Prune local model 8, pr_ratio = [0.6, 0.6, 0.6, 0.6]
Prune local model 1, pr_ratio = [0.2, 0.2, 0.2, 0.2]
Round: 16 Method: dapperfl Mean_Acc: 28.69 Best_Acc: 32.452
Domain_Acc: [33.93, 38.42, 22.41, 20.0] Domain_BestAcc: [42.86, 43.16, 22.41, 30.0]
Prune local model 1, pr_ratio = [0.2, 0.2, 0.2, 0.2]
Prune local model 3, pr_ratio = [0.6, 0.6, 0.6, 0.6]
Prune local model 4, pr_ratio = [0.8, 0.8, 0.8, 0.8]
Prune local model 5, pr_ratio = [0, 0, 0, 0]
Prune local model 8, pr_ratio = [0.6, 0.6, 0.6, 0.6]
Prune local model 6, pr_ratio = [0.2, 0.2, 0.2, 0.2]
Prune local model 7, pr_ratio = [0.4, 0.4, 0.4, 0.4]
Prune local model 0, pr_ratio = [0, 0, 0, 0]
Prune local model 9, pr_ratio = [0.8, 0.8, 0.8, 0.8]
Prune local model 2, pr_ratio = [0.4, 0.4, 0.4, 0.4]
Round: 17 Method: dapperfl Mean_Acc: 34.63 Best_Acc: 34.63
Domain_Acc: [44.64, 41.58, 18.97, 33.33] Domain_BestAcc: [44.64, 43.16, 22.41, 33.33]
Prune local model 9, pr_ratio = [0.8, 0.8, 0.8, 0.8]
Prune local model 5, pr_ratio = [0, 0, 0, 0]
Prune local model 1, pr_ratio = [0.2, 0.2, 0.2, 0.2]
Prune local model 8, pr_ratio = [0.6, 0.6, 0.6, 0.6]
Prune local model 3, pr_ratio = [0.6, 0.6, 0.6, 0.6]
Prune local model 4, pr_ratio = [0.8, 0.8, 0.8, 0.8]
Prune local model 7, pr_ratio = [0.4, 0.4, 0.4, 0.4]
Prune local model 2, pr_ratio = [0.4, 0.4, 0.4, 0.4]
Prune local model 0, pr_ratio = [0, 0, 0, 0]
Prune local model 6, pr_ratio = [0.2, 0.2, 0.2, 0.2]
Round: 18 Method: dapperfl Mean_Acc: 37.23 Best_Acc: 37.23
Domain_Acc: [49.11, 45.79, 20.69, 33.33] Domain_BestAcc: [49.11, 45.79, 22.41, 33.33]
Prune local model 1, pr_ratio = [0.2, 0.2, 0.2, 0.2]
Prune local model 0, pr_ratio = [0, 0, 0, 0]
Prune local model 4, pr_ratio = [0.8, 0.8, 0.8, 0.8]
Prune local model 3, pr_ratio = [0.6, 0.6, 0.6, 0.6]
Prune local model 7, pr_ratio = [0.4, 0.4, 0.4, 0.4]
Prune local model 8, pr_ratio = [0.6, 0.6, 0.6, 0.6]
Prune local model 6, pr_ratio = [0.2, 0.2, 0.2, 0.2]
Prune local model 5, pr_ratio = [0, 0, 0, 0]
Prune local model 9, pr_ratio = [0.8, 0.8, 0.8, 0.8]
Prune local model 2, pr_ratio = [0.4, 0.4, 0.4, 0.4]
Round: 19 Method: dapperfl Mean_Acc: 32.463 Best_Acc: 37.23
Domain_Acc: [41.96, 40.53, 20.69, 26.67] Domain_BestAcc: [49.11, 45.79, 22.41, 33.33]
Prune local model 6, pr_ratio = [0.2, 0.2, 0.2, 0.2]
Prune local model 0, pr_ratio = [0, 0, 0, 0]
Prune local model 7, pr_ratio = [0.4, 0.4, 0.4, 0.4]
Prune local model 9, pr_ratio = [0.8, 0.8, 0.8, 0.8]
Prune local model 8, pr_ratio = [0.6, 0.6, 0.6, 0.6]
Prune local model 3, pr_ratio = [0.6, 0.6, 0.6, 0.6]
Prune local model 4, pr_ratio = [0.8, 0.8, 0.8, 0.8]
Prune local model 5, pr_ratio = [0, 0, 0, 0]
Prune local model 2, pr_ratio = [0.4, 0.4, 0.4, 0.4]
Prune local model 1, pr_ratio = [0.2, 0.2, 0.2, 0.2]
Round: 20 Method: dapperfl Mean_Acc: 34.51 Best_Acc: 37.23
Domain_Acc: [46.88, 47.37, 13.79, 30.0] Domain_BestAcc: [49.11, 47.37, 22.41, 33.33]
Prune local model 7, pr_ratio = [0.4, 0.4, 0.4, 0.4]
Prune local model 5, pr_ratio = [0, 0, 0, 0]
Prune local model 9, pr_ratio = [0.8, 0.8, 0.8, 0.8]
Prune local model 6, pr_ratio = [0.2, 0.2, 0.2, 0.2]
Prune local model 2, pr_ratio = [0.4, 0.4, 0.4, 0.4]
Prune local model 3, pr_ratio = [0.6, 0.6, 0.6, 0.6]
Prune local model 4, pr_ratio = [0.8, 0.8, 0.8, 0.8]
Prune local model 0, pr_ratio = [0, 0, 0, 0]
Prune local model 8, pr_ratio = [0.6, 0.6, 0.6, 0.6]
Prune local model 1, pr_ratio = [0.2, 0.2, 0.2, 0.2]
Round: 21 Method: dapperfl Mean_Acc: 36.468 Best_Acc: 37.23
Domain_Acc: [45.09, 55.26, 15.52, 30.0] Domain_BestAcc: [49.11, 55.26, 22.41, 33.33]
Prune local model 8, pr_ratio = [0.6, 0.6, 0.6, 0.6]
Prune local model 3, pr_ratio = [0.6, 0.6, 0.6, 0.6]
Prune local model 1, pr_ratio = [0.2, 0.2, 0.2, 0.2]
Prune local model 2, pr_ratio = [0.4, 0.4, 0.4, 0.4]
Prune local model 4, pr_ratio = [0.8, 0.8, 0.8, 0.8]
Prune local model 7, pr_ratio = [0.4, 0.4, 0.4, 0.4]
Prune local model 0, pr_ratio = [0, 0, 0, 0]
Prune local model 9, pr_ratio = [0.8, 0.8, 0.8, 0.8]
Prune local model 6, pr_ratio = [0.2, 0.2, 0.2, 0.2]
Prune local model 5, pr_ratio = [0, 0, 0, 0]
Round: 22 Method: dapperfl Mean_Acc: 35.492 Best_Acc: 37.23
Domain_Acc: [39.73, 53.16, 22.41, 26.67] Domain_BestAcc: [49.11, 55.26, 22.41, 33.33]
Prune local model 8, pr_ratio = [0.6, 0.6, 0.6, 0.6]
Prune local model 7, pr_ratio = [0.4, 0.4, 0.4, 0.4]
Prune local model 4, pr_ratio = [0.8, 0.8, 0.8, 0.8]
Prune local model 1, pr_ratio = [0.2, 0.2, 0.2, 0.2]
Prune local model 9, pr_ratio = [0.8, 0.8, 0.8, 0.8]
Prune local model 2, pr_ratio = [0.4, 0.4, 0.4, 0.4]
Prune local model 5, pr_ratio = [0, 0, 0, 0]
Prune local model 0, pr_ratio = [0, 0, 0, 0]
Prune local model 6, pr_ratio = [0.2, 0.2, 0.2, 0.2]
Prune local model 3, pr_ratio = [0.6, 0.6, 0.6, 0.6]
Round: 23 Method: dapperfl Mean_Acc: 38.418 Best_Acc: 38.418
Domain_Acc: [46.43, 60.0, 17.24, 30.0] Domain_BestAcc: [49.11, 60.0, 22.41, 33.33]
Prune local model 7, pr_ratio = [0.4, 0.4, 0.4, 0.4]
Prune local model 5, pr_ratio = [0, 0, 0, 0]
Prune local model 1, pr_ratio = [0.2, 0.2, 0.2, 0.2]
Prune local model 0, pr_ratio = [0, 0, 0, 0]
Prune local model 8, pr_ratio = [0.6, 0.6, 0.6, 0.6]
Prune local model 2, pr_ratio = [0.4, 0.4, 0.4, 0.4]
Prune local model 9, pr_ratio = [0.8, 0.8, 0.8, 0.8]
Prune local model 3, pr_ratio = [0.6, 0.6, 0.6, 0.6]
Prune local model 4, pr_ratio = [0.8, 0.8, 0.8, 0.8]
Prune local model 6, pr_ratio = [0.2, 0.2, 0.2, 0.2]
Round: 24 Method: dapperfl Mean_Acc: 34.58 Best_Acc: 38.418
Domain_Acc: [41.96, 45.79, 17.24, 33.33] Domain_BestAcc: [49.11, 60.0, 22.41, 33.33]
Prune local model 2, pr_ratio = [0.4, 0.4, 0.4, 0.4]
Prune local model 1, pr_ratio = [0.2, 0.2, 0.2, 0.2]
Prune local model 6, pr_ratio = [0.2, 0.2, 0.2, 0.2]
Prune local model 0, pr_ratio = [0, 0, 0, 0]
Prune local model 5, pr_ratio = [0, 0, 0, 0]
Prune local model 9, pr_ratio = [0.8, 0.8, 0.8, 0.8]
Prune local model 7, pr_ratio = [0.4, 0.4, 0.4, 0.4]
Prune local model 4, pr_ratio = [0.8, 0.8, 0.8, 0.8]
Prune local model 8, pr_ratio = [0.6, 0.6, 0.6, 0.6]
Prune local model 3, pr_ratio = [0.6, 0.6, 0.6, 0.6]
Round: 25 Method: dapperfl Mean_Acc: 33.787 Best_Acc: 38.418
Domain_Acc: [45.98, 45.26, 17.24, 26.67] Domain_BestAcc: [49.11, 60.0, 22.41, 33.33]
Prune local model 1, pr_ratio = [0.2, 0.2, 0.2, 0.2]
Prune local model 7, pr_ratio = [0.4, 0.4, 0.4, 0.4]
Prune local model 9, pr_ratio = [0.8, 0.8, 0.8, 0.8]
Prune local model 4, pr_ratio = [0.8, 0.8, 0.8, 0.8]
Prune local model 6, pr_ratio = [0.2, 0.2, 0.2, 0.2]
Prune local model 3, pr_ratio = [0.6, 0.6, 0.6, 0.6]
Prune local model 2, pr_ratio = [0.4, 0.4, 0.4, 0.4]
Prune local model 8, pr_ratio = [0.6, 0.6, 0.6, 0.6]
Prune local model 0, pr_ratio = [0, 0, 0, 0]
Prune local model 5, pr_ratio = [0, 0, 0, 0]
Round: 26 Method: dapperfl Mean_Acc: 28.17 Best_Acc: 38.418
Domain_Acc: [35.27, 46.84, 17.24, 13.33] Domain_BestAcc: [49.11, 60.0, 22.41, 33.33]
Prune local model 5, pr_ratio = [0, 0, 0, 0]
Prune local model 1, pr_ratio = [0.2, 0.2, 0.2, 0.2]
Prune local model 7, pr_ratio = [0.4, 0.4, 0.4, 0.4]
Prune local model 0, pr_ratio = [0, 0, 0, 0]
Prune local model 9, pr_ratio = [0.8, 0.8, 0.8, 0.8]
Prune local model 4, pr_ratio = [0.8, 0.8, 0.8, 0.8]
Prune local model 3, pr_ratio = [0.6, 0.6, 0.6, 0.6]
Prune local model 6, pr_ratio = [0.2, 0.2, 0.2, 0.2]
Prune local model 8, pr_ratio = [0.6, 0.6, 0.6, 0.6]
Prune local model 2, pr_ratio = [0.4, 0.4, 0.4, 0.4]
Round: 27 Method: dapperfl Mean_Acc: 41.095 Best_Acc: 41.095
Domain_Acc: [52.23, 61.58, 17.24, 33.33] Domain_BestAcc: [52.23, 61.58, 22.41, 33.33]
Prune local model 5, pr_ratio = [0, 0, 0, 0]
Prune local model 6, pr_ratio = [0.2, 0.2, 0.2, 0.2]
Prune local model 3, pr_ratio = [0.6, 0.6, 0.6, 0.6]
Prune local model 4, pr_ratio = [0.8, 0.8, 0.8, 0.8]
Prune local model 9, pr_ratio = [0.8, 0.8, 0.8, 0.8]
Prune local model 1, pr_ratio = [0.2, 0.2, 0.2, 0.2]
Prune local model 8, pr_ratio = [0.6, 0.6, 0.6, 0.6]
Prune local model 7, pr_ratio = [0.4, 0.4, 0.4, 0.4]
Prune local model 2, pr_ratio = [0.4, 0.4, 0.4, 0.4]
Prune local model 0, pr_ratio = [0, 0, 0, 0]
Round: 28 Method: dapperfl Mean_Acc: 35.215 Best_Acc: 41.095
Domain_Acc: [41.96, 43.16, 22.41, 33.33] Domain_BestAcc: [52.23, 61.58, 22.41, 33.33]
Prune local model 8, pr_ratio = [0.6, 0.6, 0.6, 0.6]
Prune local model 3, pr_ratio = [0.6, 0.6, 0.6, 0.6]
Prune local model 9, pr_ratio = [0.8, 0.8, 0.8, 0.8]
Prune local model 5, pr_ratio = [0, 0, 0, 0]
Prune local model 4, pr_ratio = [0.8, 0.8, 0.8, 0.8]
Prune local model 2, pr_ratio = [0.4, 0.4, 0.4, 0.4]
Prune local model 1, pr_ratio = [0.2, 0.2, 0.2, 0.2]
Prune local model 6, pr_ratio = [0.2, 0.2, 0.2, 0.2]
Prune local model 0, pr_ratio = [0, 0, 0, 0]
Prune local model 7, pr_ratio = [0.4, 0.4, 0.4, 0.4]
Round: 29 Method: dapperfl Mean_Acc: 37.252 Best_Acc: 41.095
Domain_Acc: [39.29, 60.53, 25.86, 23.33] Domain_BestAcc: [52.23, 61.58, 25.86, 33.33]
Prune local model 4, pr_ratio = [0.8, 0.8, 0.8, 0.8]
Prune local model 2, pr_ratio = [0.4, 0.4, 0.4, 0.4]
Prune local model 6, pr_ratio = [0.2, 0.2, 0.2, 0.2]
Prune local model 9, pr_ratio = [0.8, 0.8, 0.8, 0.8]
Prune local model 5, pr_ratio = [0, 0, 0, 0]
Prune local model 1, pr_ratio = [0.2, 0.2, 0.2, 0.2]
Prune local model 3, pr_ratio = [0.6, 0.6, 0.6, 0.6]
Prune local model 0, pr_ratio = [0, 0, 0, 0]
Prune local model 7, pr_ratio = [0.4, 0.4, 0.4, 0.4]
Prune local model 8, pr_ratio = [0.6, 0.6, 0.6, 0.6]
Round: 30 Method: dapperfl Mean_Acc: 34.207 Best_Acc: 41.095
Domain_Acc: [41.52, 44.74, 17.24, 33.33] Domain_BestAcc: [52.23, 61.58, 25.86, 33.33]
Prune local model 9, pr_ratio = [0.8, 0.8, 0.8, 0.8]
Prune local model 8, pr_ratio = [0.6, 0.6, 0.6, 0.6]
Prune local model 2, pr_ratio = [0.4, 0.4, 0.4, 0.4]
Prune local model 3, pr_ratio = [0.6, 0.6, 0.6, 0.6]
Prune local model 1, pr_ratio = [0.2, 0.2, 0.2, 0.2]
Prune local model 0, pr_ratio = [0, 0, 0, 0]
Prune local model 4, pr_ratio = [0.8, 0.8, 0.8, 0.8]
Prune local model 6, pr_ratio = [0.2, 0.2, 0.2, 0.2]
Prune local model 7, pr_ratio = [0.4, 0.4, 0.4, 0.4]
Prune local model 5, pr_ratio = [0, 0, 0, 0]
Round: 31 Method: dapperfl Mean_Acc: 39.485 Best_Acc: 41.095
Domain_Acc: [50.0, 57.37, 17.24, 33.33] Domain_BestAcc: [52.23, 61.58, 25.86, 33.33]
Prune local model 7, pr_ratio = [0.4, 0.4, 0.4, 0.4]
Prune local model 9, pr_ratio = [0.8, 0.8, 0.8, 0.8]
Prune local model 8, pr_ratio = [0.6, 0.6, 0.6, 0.6]
Prune local model 5, pr_ratio = [0, 0, 0, 0]
Prune local model 3, pr_ratio = [0.6, 0.6, 0.6, 0.6]
Prune local model 2, pr_ratio = [0.4, 0.4, 0.4, 0.4]
Prune local model 4, pr_ratio = [0.8, 0.8, 0.8, 0.8]
Prune local model 0, pr_ratio = [0, 0, 0, 0]
Prune local model 6, pr_ratio = [0.2, 0.2, 0.2, 0.2]
Prune local model 1, pr_ratio = [0.2, 0.2, 0.2, 0.2]
Round: 32 Method: dapperfl Mean_Acc: 39.147 Best_Acc: 41.095
Domain_Acc: [49.55, 54.74, 18.97, 33.33] Domain_BestAcc: [52.23, 61.58, 25.86, 33.33]
Prune local model 1, pr_ratio = [0.2, 0.2, 0.2, 0.2]
Prune local model 4, pr_ratio = [0.8, 0.8, 0.8, 0.8]
Prune local model 0, pr_ratio = [0, 0, 0, 0]
Prune local model 3, pr_ratio = [0.6, 0.6, 0.6, 0.6]
Prune local model 2, pr_ratio = [0.4, 0.4, 0.4, 0.4]
Prune local model 8, pr_ratio = [0.6, 0.6, 0.6, 0.6]
Prune local model 9, pr_ratio = [0.8, 0.8, 0.8, 0.8]
Prune local model 6, pr_ratio = [0.2, 0.2, 0.2, 0.2]
Prune local model 7, pr_ratio = [0.4, 0.4, 0.4, 0.4]
Prune local model 5, pr_ratio = [0, 0, 0, 0]
Round: 33 Method: dapperfl Mean_Acc: 41.018 Best_Acc: 41.095
Domain_Acc: [52.68, 57.37, 20.69, 33.33] Domain_BestAcc: [52.68, 61.58, 25.86, 33.33]
Prune local model 3, pr_ratio = [0.6, 0.6, 0.6, 0.6]
Prune local model 4, pr_ratio = [0.8, 0.8, 0.8, 0.8]
Prune local model 8, pr_ratio = [0.6, 0.6, 0.6, 0.6]
Prune local model 7, pr_ratio = [0.4, 0.4, 0.4, 0.4]
Prune local model 6, pr_ratio = [0.2, 0.2, 0.2, 0.2]
Prune local model 1, pr_ratio = [0.2, 0.2, 0.2, 0.2]
Prune local model 9, pr_ratio = [0.8, 0.8, 0.8, 0.8]
Prune local model 2, pr_ratio = [0.4, 0.4, 0.4, 0.4]
Prune local model 0, pr_ratio = [0, 0, 0, 0]
Prune local model 5, pr_ratio = [0, 0, 0, 0]
Round: 34 Method: dapperfl Mean_Acc: 35.072 Best_Acc: 41.095
Domain_Acc: [43.75, 52.63, 17.24, 26.67] Domain_BestAcc: [52.68, 61.58, 25.86, 33.33]
Prune local model 6, pr_ratio = [0.2, 0.2, 0.2, 0.2]
Prune local model 3, pr_ratio = [0.6, 0.6, 0.6, 0.6]
Prune local model 0, pr_ratio = [0, 0, 0, 0]
Prune local model 9, pr_ratio = [0.8, 0.8, 0.8, 0.8]
Prune local model 4, pr_ratio = [0.8, 0.8, 0.8, 0.8]
Prune local model 7, pr_ratio = [0.4, 0.4, 0.4, 0.4]
Prune local model 5, pr_ratio = [0, 0, 0, 0]
Prune local model 1, pr_ratio = [0.2, 0.2, 0.2, 0.2]
Prune local model 2, pr_ratio = [0.4, 0.4, 0.4, 0.4]
Prune local model 8, pr_ratio = [0.6, 0.6, 0.6, 0.6]
Round: 35 Method: dapperfl Mean_Acc: 43.772 Best_Acc: 43.772
Domain_Acc: [52.68, 60.0, 22.41, 40.0] Domain_BestAcc: [52.68, 61.58, 25.86, 40.0]
Prune local model 7, pr_ratio = [0.4, 0.4, 0.4, 0.4]
Prune local model 0, pr_ratio = [0, 0, 0, 0]
Prune local model 4, pr_ratio = [0.8, 0.8, 0.8, 0.8]
Prune local model 3, pr_ratio = [0.6, 0.6, 0.6, 0.6]
Prune local model 8, pr_ratio = [0.6, 0.6, 0.6, 0.6]
Prune local model 5, pr_ratio = [0, 0, 0, 0]
Prune local model 2, pr_ratio = [0.4, 0.4, 0.4, 0.4]
Prune local model 1, pr_ratio = [0.2, 0.2, 0.2, 0.2]
Prune local model 9, pr_ratio = [0.8, 0.8, 0.8, 0.8]
Prune local model 6, pr_ratio = [0.2, 0.2, 0.2, 0.2]
Round: 36 Method: dapperfl Mean_Acc: 45.045 Best_Acc: 45.045
Domain_Acc: [56.25, 54.74, 25.86, 43.33] Domain_BestAcc: [56.25, 61.58, 25.86, 43.33]
Prune local model 2, pr_ratio = [0.4, 0.4, 0.4, 0.4]
Prune local model 9, pr_ratio = [0.8, 0.8, 0.8, 0.8]
Prune local model 3, pr_ratio = [0.6, 0.6, 0.6, 0.6]
Prune local model 0, pr_ratio = [0, 0, 0, 0]
Prune local model 7, pr_ratio = [0.4, 0.4, 0.4, 0.4]
Prune local model 1, pr_ratio = [0.2, 0.2, 0.2, 0.2]
Prune local model 6, pr_ratio = [0.2, 0.2, 0.2, 0.2]
Prune local model 5, pr_ratio = [0, 0, 0, 0]
Prune local model 8, pr_ratio = [0.6, 0.6, 0.6, 0.6]
Prune local model 4, pr_ratio = [0.8, 0.8, 0.8, 0.8]
Round: 37 Method: dapperfl Mean_Acc: 36.222 Best_Acc: 45.045
Domain_Acc: [44.2, 50.0, 20.69, 30.0] Domain_BestAcc: [56.25, 61.58, 25.86, 43.33]
Prune local model 1, pr_ratio = [0.2, 0.2, 0.2, 0.2]
Prune local model 0, pr_ratio = [0, 0, 0, 0]
Prune local model 5, pr_ratio = [0, 0, 0, 0]
Prune local model 3, pr_ratio = [0.6, 0.6, 0.6, 0.6]
Prune local model 9, pr_ratio = [0.8, 0.8, 0.8, 0.8]
Prune local model 6, pr_ratio = [0.2, 0.2, 0.2, 0.2]
Prune local model 2, pr_ratio = [0.4, 0.4, 0.4, 0.4]
Prune local model 7, pr_ratio = [0.4, 0.4, 0.4, 0.4]
Prune local model 4, pr_ratio = [0.8, 0.8, 0.8, 0.8]
Prune local model 8, pr_ratio = [0.6, 0.6, 0.6, 0.6]
Round: 38 Method: dapperfl Mean_Acc: 41.13 Best_Acc: 45.045
Domain_Acc: [41.96, 68.42, 24.14, 30.0] Domain_BestAcc: [56.25, 68.42, 25.86, 43.33]
Prune local model 3, pr_ratio = [0.6, 0.6, 0.6, 0.6]
Prune local model 1, pr_ratio = [0.2, 0.2, 0.2, 0.2]
Prune local model 0, pr_ratio = [0, 0, 0, 0]
Prune local model 2, pr_ratio = [0.4, 0.4, 0.4, 0.4]
Prune local model 8, pr_ratio = [0.6, 0.6, 0.6, 0.6]
Prune local model 4, pr_ratio = [0.8, 0.8, 0.8, 0.8]
Prune local model 6, pr_ratio = [0.2, 0.2, 0.2, 0.2]
Prune local model 7, pr_ratio = [0.4, 0.4, 0.4, 0.4]
Prune local model 5, pr_ratio = [0, 0, 0, 0]
Prune local model 9, pr_ratio = [0.8, 0.8, 0.8, 0.8]
Round: 39 Method: dapperfl Mean_Acc: 43.625 Best_Acc: 45.045
Domain_Acc: [50.89, 59.47, 24.14, 40.0] Domain_BestAcc: [56.25, 68.42, 25.86, 43.33]
Prune local model 7, pr_ratio = [0.4, 0.4, 0.4, 0.4]
Prune local model 6, pr_ratio = [0.2, 0.2, 0.2, 0.2]
Prune local model 3, pr_ratio = [0.6, 0.6, 0.6, 0.6]
Prune local model 4, pr_ratio = [0.8, 0.8, 0.8, 0.8]
Prune local model 9, pr_ratio = [0.8, 0.8, 0.8, 0.8]
Prune local model 8, pr_ratio = [0.6, 0.6, 0.6, 0.6]
Prune local model 0, pr_ratio = [0, 0, 0, 0]
Prune local model 2, pr_ratio = [0.4, 0.4, 0.4, 0.4]
Prune local model 1, pr_ratio = [0.2, 0.2, 0.2, 0.2]
Prune local model 5, pr_ratio = [0, 0, 0, 0]
Round: 40 Method: dapperfl Mean_Acc: 45.243 Best_Acc: 45.243
Domain_Acc: [54.46, 60.53, 29.31, 36.67] Domain_BestAcc: [56.25, 68.42, 29.31, 43.33]
Prune local model 1, pr_ratio = [0.2, 0.2, 0.2, 0.2]
Prune local model 4, pr_ratio = [0.8, 0.8, 0.8, 0.8]
Prune local model 7, pr_ratio = [0.4, 0.4, 0.4, 0.4]
Prune local model 8, pr_ratio = [0.6, 0.6, 0.6, 0.6]
Prune local model 0, pr_ratio = [0, 0, 0, 0]
Prune local model 6, pr_ratio = [0.2, 0.2, 0.2, 0.2]
Prune local model 5, pr_ratio = [0, 0, 0, 0]
Prune local model 3, pr_ratio = [0.6, 0.6, 0.6, 0.6]
Prune local model 2, pr_ratio = [0.4, 0.4, 0.4, 0.4]
Prune local model 9, pr_ratio = [0.8, 0.8, 0.8, 0.8]
Round: 41 Method: dapperfl Mean_Acc: 35.287 Best_Acc: 45.243
Domain_Acc: [42.86, 51.05, 17.24, 30.0] Domain_BestAcc: [56.25, 68.42, 29.31, 43.33]
Prune local model 3, pr_ratio = [0.6, 0.6, 0.6, 0.6]
Prune local model 6, pr_ratio = [0.2, 0.2, 0.2, 0.2]
Prune local model 4, pr_ratio = [0.8, 0.8, 0.8, 0.8]
Prune local model 9, pr_ratio = [0.8, 0.8, 0.8, 0.8]
Prune local model 5, pr_ratio = [0, 0, 0, 0]
Prune local model 2, pr_ratio = [0.4, 0.4, 0.4, 0.4]
Prune local model 8, pr_ratio = [0.6, 0.6, 0.6, 0.6]
Prune local model 7, pr_ratio = [0.4, 0.4, 0.4, 0.4]
Prune local model 1, pr_ratio = [0.2, 0.2, 0.2, 0.2]
Prune local model 0, pr_ratio = [0, 0, 0, 0]
Round: 42 Method: dapperfl Mean_Acc: 45.952 Best_Acc: 45.952
Domain_Acc: [50.0, 61.05, 32.76, 40.0] Domain_BestAcc: [56.25, 68.42, 32.76, 43.33]
Prune local model 0, pr_ratio = [0, 0, 0, 0]
Prune local model 3, pr_ratio = [0.6, 0.6, 0.6, 0.6]
Prune local model 6, pr_ratio = [0.2, 0.2, 0.2, 0.2]
Prune local model 9, pr_ratio = [0.8, 0.8, 0.8, 0.8]
Prune local model 4, pr_ratio = [0.8, 0.8, 0.8, 0.8]
Prune local model 8, pr_ratio = [0.6, 0.6, 0.6, 0.6]
Prune local model 2, pr_ratio = [0.4, 0.4, 0.4, 0.4]
Prune local model 5, pr_ratio = [0, 0, 0, 0]
Prune local model 1, pr_ratio = [0.2, 0.2, 0.2, 0.2]
Prune local model 7, pr_ratio = [0.4, 0.4, 0.4, 0.4]
Round: 43 Method: dapperfl Mean_Acc: 28.958 Best_Acc: 45.952
Domain_Acc: [34.38, 34.21, 17.24, 30.0] Domain_BestAcc: [56.25, 68.42, 32.76, 43.33]
Prune local model 7, pr_ratio = [0.4, 0.4, 0.4, 0.4]
Prune local model 1, pr_ratio = [0.2, 0.2, 0.2, 0.2]
Prune local model 0, pr_ratio = [0, 0, 0, 0]
Prune local model 4, pr_ratio = [0.8, 0.8, 0.8, 0.8]
Prune local model 2, pr_ratio = [0.4, 0.4, 0.4, 0.4]
Prune local model 5, pr_ratio = [0, 0, 0, 0]
Prune local model 6, pr_ratio = [0.2, 0.2, 0.2, 0.2]
Prune local model 8, pr_ratio = [0.6, 0.6, 0.6, 0.6]
Prune local model 9, pr_ratio = [0.8, 0.8, 0.8, 0.8]
Prune local model 3, pr_ratio = [0.6, 0.6, 0.6, 0.6]
Round: 44 Method: dapperfl Mean_Acc: 44.59 Best_Acc: 45.952
Domain_Acc: [55.8, 68.42, 24.14, 30.0] Domain_BestAcc: [56.25, 68.42, 32.76, 43.33]
Prune local model 2, pr_ratio = [0.4, 0.4, 0.4, 0.4]
Prune local model 7, pr_ratio = [0.4, 0.4, 0.4, 0.4]
Prune local model 6, pr_ratio = [0.2, 0.2, 0.2, 0.2]
Prune local model 5, pr_ratio = [0, 0, 0, 0]
Prune local model 0, pr_ratio = [0, 0, 0, 0]
Prune local model 9, pr_ratio = [0.8, 0.8, 0.8, 0.8]
Prune local model 4, pr_ratio = [0.8, 0.8, 0.8, 0.8]
Prune local model 1, pr_ratio = [0.2, 0.2, 0.2, 0.2]
Prune local model 8, pr_ratio = [0.6, 0.6, 0.6, 0.6]
Prune local model 3, pr_ratio = [0.6, 0.6, 0.6, 0.6]
Round: 45 Method: dapperfl Mean_Acc: 36.955 Best_Acc: 45.952
Domain_Acc: [44.64, 54.21, 18.97, 30.0] Domain_BestAcc: [56.25, 68.42, 32.76, 43.33]
Prune local model 1, pr_ratio = [0.2, 0.2, 0.2, 0.2]
Prune local model 3, pr_ratio = [0.6, 0.6, 0.6, 0.6]
Prune local model 5, pr_ratio = [0, 0, 0, 0]
Prune local model 2, pr_ratio = [0.4, 0.4, 0.4, 0.4]
Prune local model 8, pr_ratio = [0.6, 0.6, 0.6, 0.6]
Prune local model 0, pr_ratio = [0, 0, 0, 0]
Prune local model 7, pr_ratio = [0.4, 0.4, 0.4, 0.4]
Prune local model 6, pr_ratio = [0.2, 0.2, 0.2, 0.2]
Prune local model 4, pr_ratio = [0.8, 0.8, 0.8, 0.8]
Prune local model 9, pr_ratio = [0.8, 0.8, 0.8, 0.8]
Round: 46 Method: dapperfl Mean_Acc: 36.688 Best_Acc: 45.952
Domain_Acc: [45.09, 59.47, 15.52, 26.67] Domain_BestAcc: [56.25, 68.42, 32.76, 43.33]
Prune local model 7, pr_ratio = [0.4, 0.4, 0.4, 0.4]
Prune local model 4, pr_ratio = [0.8, 0.8, 0.8, 0.8]
Prune local model 0, pr_ratio = [0, 0, 0, 0]
Prune local model 6, pr_ratio = [0.2, 0.2, 0.2, 0.2]
Prune local model 1, pr_ratio = [0.2, 0.2, 0.2, 0.2]
Prune local model 2, pr_ratio = [0.4, 0.4, 0.4, 0.4]
Prune local model 9, pr_ratio = [0.8, 0.8, 0.8, 0.8]
Prune local model 5, pr_ratio = [0, 0, 0, 0]
Prune local model 3, pr_ratio = [0.6, 0.6, 0.6, 0.6]
Prune local model 8, pr_ratio = [0.6, 0.6, 0.6, 0.6]
Round: 47 Method: dapperfl Mean_Acc: 43.27 Best_Acc: 45.952
Domain_Acc: [44.2, 64.74, 24.14, 40.0] Domain_BestAcc: [56.25, 68.42, 32.76, 43.33]
Prune local model 6, pr_ratio = [0.2, 0.2, 0.2, 0.2]
Prune local model 3, pr_ratio = [0.6, 0.6, 0.6, 0.6]
Prune local model 8, pr_ratio = [0.6, 0.6, 0.6, 0.6]
Prune local model 1, pr_ratio = [0.2, 0.2, 0.2, 0.2]
Prune local model 9, pr_ratio = [0.8, 0.8, 0.8, 0.8]
Prune local model 2, pr_ratio = [0.4, 0.4, 0.4, 0.4]
Prune local model 5, pr_ratio = [0, 0, 0, 0]
Prune local model 4, pr_ratio = [0.8, 0.8, 0.8, 0.8]
Prune local model 0, pr_ratio = [0, 0, 0, 0]
Prune local model 7, pr_ratio = [0.4, 0.4, 0.4, 0.4]
Round: 48 Method: dapperfl Mean_Acc: 44.3 Best_Acc: 45.952
Domain_Acc: [53.57, 67.89, 22.41, 33.33] Domain_BestAcc: [56.25, 68.42, 32.76, 43.33]
Prune local model 5, pr_ratio = [0, 0, 0, 0]
Prune local model 6, pr_ratio = [0.2, 0.2, 0.2, 0.2]
Prune local model 1, pr_ratio = [0.2, 0.2, 0.2, 0.2]
Prune local model 7, pr_ratio = [0.4, 0.4, 0.4, 0.4]
Prune local model 0, pr_ratio = [0, 0, 0, 0]
Prune local model 2, pr_ratio = [0.4, 0.4, 0.4, 0.4]
Prune local model 8, pr_ratio = [0.6, 0.6, 0.6, 0.6]
Prune local model 4, pr_ratio = [0.8, 0.8, 0.8, 0.8]
Prune local model 3, pr_ratio = [0.6, 0.6, 0.6, 0.6]
Prune local model 9, pr_ratio = [0.8, 0.8, 0.8, 0.8]
Round: 49 Method: dapperfl Mean_Acc: 42.35 Best_Acc: 45.952
Domain_Acc: [46.43, 68.95, 20.69, 33.33] Domain_BestAcc: [56.25, 68.95, 32.76, 43.33]
Prune local model 5, pr_ratio = [0, 0, 0, 0]
Prune local model 4, pr_ratio = [0.8, 0.8, 0.8, 0.8]
Prune local model 8, pr_ratio = [0.6, 0.6, 0.6, 0.6]
Prune local model 1, pr_ratio = [0.2, 0.2, 0.2, 0.2]
Prune local model 9, pr_ratio = [0.8, 0.8, 0.8, 0.8]
Prune local model 7, pr_ratio = [0.4, 0.4, 0.4, 0.4]
Prune local model 0, pr_ratio = [0, 0, 0, 0]
Prune local model 2, pr_ratio = [0.4, 0.4, 0.4, 0.4]
Prune local model 6, pr_ratio = [0.2, 0.2, 0.2, 0.2]
Prune local model 3, pr_ratio = [0.6, 0.6, 0.6, 0.6]
Round: 50 Method: dapperfl Mean_Acc: 41.855 Best_Acc: 45.952
Domain_Acc: [50.45, 57.89, 22.41, 36.67] Domain_BestAcc: [56.25, 68.95, 32.76, 43.33]
Prune local model 5, pr_ratio = [0, 0, 0, 0]
Prune local model 0, pr_ratio = [0, 0, 0, 0]
Prune local model 4, pr_ratio = [0.8, 0.8, 0.8, 0.8]
Prune local model 6, pr_ratio = [0.2, 0.2, 0.2, 0.2]
Prune local model 3, pr_ratio = [0.6, 0.6, 0.6, 0.6]
Prune local model 9, pr_ratio = [0.8, 0.8, 0.8, 0.8]
Prune local model 8, pr_ratio = [0.6, 0.6, 0.6, 0.6]
Prune local model 1, pr_ratio = [0.2, 0.2, 0.2, 0.2]
Prune local model 2, pr_ratio = [0.4, 0.4, 0.4, 0.4]
Prune local model 7, pr_ratio = [0.4, 0.4, 0.4, 0.4]
Round: 51 Method: dapperfl Mean_Acc: 47.197 Best_Acc: 47.197
Domain_Acc: [52.23, 67.37, 25.86, 43.33] Domain_BestAcc: [56.25, 68.95, 32.76, 43.33]
Prune local model 9, pr_ratio = [0.8, 0.8, 0.8, 0.8]
Prune local model 7, pr_ratio = [0.4, 0.4, 0.4, 0.4]
Prune local model 8, pr_ratio = [0.6, 0.6, 0.6, 0.6]
Prune local model 5, pr_ratio = [0, 0, 0, 0]
Prune local model 1, pr_ratio = [0.2, 0.2, 0.2, 0.2]
Prune local model 2, pr_ratio = [0.4, 0.4, 0.4, 0.4]
Prune local model 3, pr_ratio = [0.6, 0.6, 0.6, 0.6]
Prune local model 6, pr_ratio = [0.2, 0.2, 0.2, 0.2]
Prune local model 0, pr_ratio = [0, 0, 0, 0]
Prune local model 4, pr_ratio = [0.8, 0.8, 0.8, 0.8]
Round: 52 Method: dapperfl Mean_Acc: 42.177 Best_Acc: 47.197
Domain_Acc: [50.89, 53.68, 24.14, 40.0] Domain_BestAcc: [56.25, 68.95, 32.76, 43.33]
Prune local model 8, pr_ratio = [0.6, 0.6, 0.6, 0.6]
Prune local model 7, pr_ratio = [0.4, 0.4, 0.4, 0.4]
Prune local model 5, pr_ratio = [0, 0, 0, 0]
Prune local model 6, pr_ratio = [0.2, 0.2, 0.2, 0.2]
Prune local model 4, pr_ratio = [0.8, 0.8, 0.8, 0.8]
Prune local model 1, pr_ratio = [0.2, 0.2, 0.2, 0.2]
Prune local model 0, pr_ratio = [0, 0, 0, 0]
Prune local model 9, pr_ratio = [0.8, 0.8, 0.8, 0.8]
Prune local model 3, pr_ratio = [0.6, 0.6, 0.6, 0.6]
Prune local model 2, pr_ratio = [0.4, 0.4, 0.4, 0.4]
Round: 53 Method: dapperfl Mean_Acc: 35.37 Best_Acc: 47.197
Domain_Acc: [31.7, 57.37, 22.41, 30.0] Domain_BestAcc: [56.25, 68.95, 32.76, 43.33]
Prune local model 9, pr_ratio = [0.8, 0.8, 0.8, 0.8]
Prune local model 8, pr_ratio = [0.6, 0.6, 0.6, 0.6]
Prune local model 6, pr_ratio = [0.2, 0.2, 0.2, 0.2]
Prune local model 4, pr_ratio = [0.8, 0.8, 0.8, 0.8]
Prune local model 2, pr_ratio = [0.4, 0.4, 0.4, 0.4]
Prune local model 3, pr_ratio = [0.6, 0.6, 0.6, 0.6]
Prune local model 5, pr_ratio = [0, 0, 0, 0]
Prune local model 0, pr_ratio = [0, 0, 0, 0]
Prune local model 7, pr_ratio = [0.4, 0.4, 0.4, 0.4]
Prune local model 1, pr_ratio = [0.2, 0.2, 0.2, 0.2]
Round: 54 Method: dapperfl Mean_Acc: 45.65 Best_Acc: 47.197
Domain_Acc: [54.46, 58.95, 25.86, 43.33] Domain_BestAcc: [56.25, 68.95, 32.76, 43.33]
Prune local model 7, pr_ratio = [0.4, 0.4, 0.4, 0.4]
Prune local model 2, pr_ratio = [0.4, 0.4, 0.4, 0.4]
Prune local model 3, pr_ratio = [0.6, 0.6, 0.6, 0.6]
Prune local model 1, pr_ratio = [0.2, 0.2, 0.2, 0.2]
Prune local model 5, pr_ratio = [0, 0, 0, 0]
Prune local model 9, pr_ratio = [0.8, 0.8, 0.8, 0.8]
Prune local model 4, pr_ratio = [0.8, 0.8, 0.8, 0.8]
Prune local model 6, pr_ratio = [0.2, 0.2, 0.2, 0.2]
Prune local model 0, pr_ratio = [0, 0, 0, 0]
Prune local model 8, pr_ratio = [0.6, 0.6, 0.6, 0.6]
Round: 55 Method: dapperfl Mean_Acc: 44.495 Best_Acc: 47.197
Domain_Acc: [49.55, 65.79, 29.31, 33.33] Domain_BestAcc: [56.25, 68.95, 32.76, 43.33]
Prune local model 9, pr_ratio = [0.8, 0.8, 0.8, 0.8]
Prune local model 4, pr_ratio = [0.8, 0.8, 0.8, 0.8]
Prune local model 3, pr_ratio = [0.6, 0.6, 0.6, 0.6]
Prune local model 1, pr_ratio = [0.2, 0.2, 0.2, 0.2]
Prune local model 5, pr_ratio = [0, 0, 0, 0]
Prune local model 6, pr_ratio = [0.2, 0.2, 0.2, 0.2]
Prune local model 7, pr_ratio = [0.4, 0.4, 0.4, 0.4]
Prune local model 8, pr_ratio = [0.6, 0.6, 0.6, 0.6]
Prune local model 0, pr_ratio = [0, 0, 0, 0]
Prune local model 2, pr_ratio = [0.4, 0.4, 0.4, 0.4]
Round: 56 Method: dapperfl Mean_Acc: 48.315 Best_Acc: 48.315
Domain_Acc: [57.14, 68.42, 31.03, 36.67] Domain_BestAcc: [57.14, 68.95, 32.76, 43.33]
Prune local model 2, pr_ratio = [0.4, 0.4, 0.4, 0.4]
Prune local model 1, pr_ratio = [0.2, 0.2, 0.2, 0.2]
Prune local model 8, pr_ratio = [0.6, 0.6, 0.6, 0.6]
Prune local model 0, pr_ratio = [0, 0, 0, 0]
Prune local model 6, pr_ratio = [0.2, 0.2, 0.2, 0.2]
Prune local model 4, pr_ratio = [0.8, 0.8, 0.8, 0.8]
Prune local model 9, pr_ratio = [0.8, 0.8, 0.8, 0.8]
Prune local model 3, pr_ratio = [0.6, 0.6, 0.6, 0.6]
Prune local model 7, pr_ratio = [0.4, 0.4, 0.4, 0.4]
Prune local model 5, pr_ratio = [0, 0, 0, 0]
Round: 57 Method: dapperfl Mean_Acc: 46.13 Best_Acc: 48.315
Domain_Acc: [53.57, 58.42, 25.86, 46.67] Domain_BestAcc: [57.14, 68.95, 32.76, 46.67]
Prune local model 2, pr_ratio = [0.4, 0.4, 0.4, 0.4]
Prune local model 1, pr_ratio = [0.2, 0.2, 0.2, 0.2]
Prune local model 3, pr_ratio = [0.6, 0.6, 0.6, 0.6]
Prune local model 5, pr_ratio = [0, 0, 0, 0]
Prune local model 4, pr_ratio = [0.8, 0.8, 0.8, 0.8]
Prune local model 7, pr_ratio = [0.4, 0.4, 0.4, 0.4]
Prune local model 6, pr_ratio = [0.2, 0.2, 0.2, 0.2]
Prune local model 8, pr_ratio = [0.6, 0.6, 0.6, 0.6]
Prune local model 0, pr_ratio = [0, 0, 0, 0]
Prune local model 9, pr_ratio = [0.8, 0.8, 0.8, 0.8]
Round: 58 Method: dapperfl Mean_Acc: 43.543 Best_Acc: 48.315
Domain_Acc: [47.32, 54.21, 29.31, 43.33] Domain_BestAcc: [57.14, 68.95, 32.76, 46.67]
Prune local model 3, pr_ratio = [0.6, 0.6, 0.6, 0.6]
Prune local model 8, pr_ratio = [0.6, 0.6, 0.6, 0.6]
Prune local model 0, pr_ratio = [0, 0, 0, 0]
Prune local model 4, pr_ratio = [0.8, 0.8, 0.8, 0.8]
Prune local model 7, pr_ratio = [0.4, 0.4, 0.4, 0.4]
Prune local model 1, pr_ratio = [0.2, 0.2, 0.2, 0.2]
Prune local model 5, pr_ratio = [0, 0, 0, 0]
Prune local model 9, pr_ratio = [0.8, 0.8, 0.8, 0.8]
Prune local model 2, pr_ratio = [0.4, 0.4, 0.4, 0.4]
Prune local model 6, pr_ratio = [0.2, 0.2, 0.2, 0.2]
Round: 59 Method: dapperfl Mean_Acc: 43.66 Best_Acc: 48.315
Domain_Acc: [50.0, 62.11, 25.86, 36.67] Domain_BestAcc: [57.14, 68.95, 32.76, 46.67]
Prune local model 3, pr_ratio = [0.6, 0.6, 0.6, 0.6]
Prune local model 1, pr_ratio = [0.2, 0.2, 0.2, 0.2]
Prune local model 4, pr_ratio = [0.8, 0.8, 0.8, 0.8]
Prune local model 2, pr_ratio = [0.4, 0.4, 0.4, 0.4]
Prune local model 0, pr_ratio = [0, 0, 0, 0]
Prune local model 5, pr_ratio = [0, 0, 0, 0]
Prune local model 7, pr_ratio = [0.4, 0.4, 0.4, 0.4]
Prune local model 8, pr_ratio = [0.6, 0.6, 0.6, 0.6]
Prune local model 9, pr_ratio = [0.8, 0.8, 0.8, 0.8]
Prune local model 6, pr_ratio = [0.2, 0.2, 0.2, 0.2]
Round: 60 Method: dapperfl Mean_Acc: 44.995 Best_Acc: 48.315
Domain_Acc: [51.34, 61.05, 27.59, 40.0] Domain_BestAcc: [57.14, 68.95, 32.76, 46.67]
Prune local model 2, pr_ratio = [0.4, 0.4, 0.4, 0.4]
Prune local model 5, pr_ratio = [0, 0, 0, 0]
Prune local model 4, pr_ratio = [0.8, 0.8, 0.8, 0.8]
Prune local model 6, pr_ratio = [0.2, 0.2, 0.2, 0.2]
Prune local model 7, pr_ratio = [0.4, 0.4, 0.4, 0.4]
Prune local model 1, pr_ratio = [0.2, 0.2, 0.2, 0.2]
Prune local model 8, pr_ratio = [0.6, 0.6, 0.6, 0.6]
Prune local model 0, pr_ratio = [0, 0, 0, 0]
Prune local model 3, pr_ratio = [0.6, 0.6, 0.6, 0.6]
Prune local model 9, pr_ratio = [0.8, 0.8, 0.8, 0.8]
Round: 61 Method: dapperfl Mean_Acc: 43.045 Best_Acc: 48.315
Domain_Acc: [51.79, 59.47, 27.59, 33.33] Domain_BestAcc: [57.14, 68.95, 32.76, 46.67]
Prune local model 0, pr_ratio = [0, 0, 0, 0]
Prune local model 3, pr_ratio = [0.6, 0.6, 0.6, 0.6]
Prune local model 9, pr_ratio = [0.8, 0.8, 0.8, 0.8]
Prune local model 1, pr_ratio = [0.2, 0.2, 0.2, 0.2]
Prune local model 8, pr_ratio = [0.6, 0.6, 0.6, 0.6]
Prune local model 6, pr_ratio = [0.2, 0.2, 0.2, 0.2]
Prune local model 7, pr_ratio = [0.4, 0.4, 0.4, 0.4]
Prune local model 4, pr_ratio = [0.8, 0.8, 0.8, 0.8]
Prune local model 2, pr_ratio = [0.4, 0.4, 0.4, 0.4]
Prune local model 5, pr_ratio = [0, 0, 0, 0]
Round: 62 Method: dapperfl Mean_Acc: 44.28 Best_Acc: 48.315
Domain_Acc: [53.57, 62.63, 27.59, 33.33] Domain_BestAcc: [57.14, 68.95, 32.76, 46.67]
Prune local model 5, pr_ratio = [0, 0, 0, 0]
Prune local model 4, pr_ratio = [0.8, 0.8, 0.8, 0.8]
Prune local model 8, pr_ratio = [0.6, 0.6, 0.6, 0.6]
Prune local model 6, pr_ratio = [0.2, 0.2, 0.2, 0.2]
Prune local model 3, pr_ratio = [0.6, 0.6, 0.6, 0.6]
Prune local model 1, pr_ratio = [0.2, 0.2, 0.2, 0.2]
Prune local model 2, pr_ratio = [0.4, 0.4, 0.4, 0.4]
Prune local model 9, pr_ratio = [0.8, 0.8, 0.8, 0.8]
Prune local model 0, pr_ratio = [0, 0, 0, 0]
Prune local model 7, pr_ratio = [0.4, 0.4, 0.4, 0.4]
Round: 63 Method: dapperfl Mean_Acc: 40.86 Best_Acc: 48.315
Domain_Acc: [41.96, 58.95, 25.86, 36.67] Domain_BestAcc: [57.14, 68.95, 32.76, 46.67]
Prune local model 3, pr_ratio = [0.6, 0.6, 0.6, 0.6]
Prune local model 2, pr_ratio = [0.4, 0.4, 0.4, 0.4]
Prune local model 0, pr_ratio = [0, 0, 0, 0]
Prune local model 1, pr_ratio = [0.2, 0.2, 0.2, 0.2]
Prune local model 5, pr_ratio = [0, 0, 0, 0]
Prune local model 8, pr_ratio = [0.6, 0.6, 0.6, 0.6]
Prune local model 7, pr_ratio = [0.4, 0.4, 0.4, 0.4]
Prune local model 9, pr_ratio = [0.8, 0.8, 0.8, 0.8]
Prune local model 6, pr_ratio = [0.2, 0.2, 0.2, 0.2]
Prune local model 4, pr_ratio = [0.8, 0.8, 0.8, 0.8]
Round: 64 Method: dapperfl Mean_Acc: 48.108 Best_Acc: 48.315
Domain_Acc: [53.12, 70.0, 29.31, 40.0] Domain_BestAcc: [57.14, 70.0, 32.76, 46.67]
Prune local model 8, pr_ratio = [0.6, 0.6, 0.6, 0.6]
Prune local model 6, pr_ratio = [0.2, 0.2, 0.2, 0.2]
Prune local model 4, pr_ratio = [0.8, 0.8, 0.8, 0.8]
Prune local model 1, pr_ratio = [0.2, 0.2, 0.2, 0.2]
Prune local model 3, pr_ratio = [0.6, 0.6, 0.6, 0.6]
Prune local model 0, pr_ratio = [0, 0, 0, 0]
Prune local model 7, pr_ratio = [0.4, 0.4, 0.4, 0.4]
Prune local model 2, pr_ratio = [0.4, 0.4, 0.4, 0.4]
Prune local model 9, pr_ratio = [0.8, 0.8, 0.8, 0.8]
Prune local model 5, pr_ratio = [0, 0, 0, 0]
Round: 65 Method: dapperfl Mean_Acc: 45.565 Best_Acc: 48.315
Domain_Acc: [52.68, 62.11, 24.14, 43.33] Domain_BestAcc: [57.14, 70.0, 32.76, 46.67]
Prune local model 4, pr_ratio = [0.8, 0.8, 0.8, 0.8]
Prune local model 3, pr_ratio = [0.6, 0.6, 0.6, 0.6]
Prune local model 9, pr_ratio = [0.8, 0.8, 0.8, 0.8]
Prune local model 6, pr_ratio = [0.2, 0.2, 0.2, 0.2]
Prune local model 0, pr_ratio = [0, 0, 0, 0]
Prune local model 7, pr_ratio = [0.4, 0.4, 0.4, 0.4]
Prune local model 2, pr_ratio = [0.4, 0.4, 0.4, 0.4]
Prune local model 1, pr_ratio = [0.2, 0.2, 0.2, 0.2]
Prune local model 8, pr_ratio = [0.6, 0.6, 0.6, 0.6]
Prune local model 5, pr_ratio = [0, 0, 0, 0]
Round: 66 Method: dapperfl Mean_Acc: 42.05 Best_Acc: 48.315
Domain_Acc: [51.34, 57.89, 18.97, 40.0] Domain_BestAcc: [57.14, 70.0, 32.76, 46.67]
Prune local model 7, pr_ratio = [0.4, 0.4, 0.4, 0.4]
Prune local model 2, pr_ratio = [0.4, 0.4, 0.4, 0.4]
Prune local model 1, pr_ratio = [0.2, 0.2, 0.2, 0.2]
Prune local model 4, pr_ratio = [0.8, 0.8, 0.8, 0.8]
Prune local model 5, pr_ratio = [0, 0, 0, 0]
Prune local model 6, pr_ratio = [0.2, 0.2, 0.2, 0.2]
Prune local model 9, pr_ratio = [0.8, 0.8, 0.8, 0.8]
Prune local model 8, pr_ratio = [0.6, 0.6, 0.6, 0.6]
Prune local model 0, pr_ratio = [0, 0, 0, 0]
Prune local model 3, pr_ratio = [0.6, 0.6, 0.6, 0.6]
Round: 67 Method: dapperfl Mean_Acc: 38.567 Best_Acc: 48.315
Domain_Acc: [43.75, 53.16, 20.69, 36.67] Domain_BestAcc: [57.14, 70.0, 32.76, 46.67]
Prune local model 1, pr_ratio = [0.2, 0.2, 0.2, 0.2]
Prune local model 4, pr_ratio = [0.8, 0.8, 0.8, 0.8]
Prune local model 9, pr_ratio = [0.8, 0.8, 0.8, 0.8]
Prune local model 6, pr_ratio = [0.2, 0.2, 0.2, 0.2]
Prune local model 2, pr_ratio = [0.4, 0.4, 0.4, 0.4]
Prune local model 0, pr_ratio = [0, 0, 0, 0]
Prune local model 5, pr_ratio = [0, 0, 0, 0]
Prune local model 3, pr_ratio = [0.6, 0.6, 0.6, 0.6]
Prune local model 7, pr_ratio = [0.4, 0.4, 0.4, 0.4]
Prune local model 8, pr_ratio = [0.6, 0.6, 0.6, 0.6]
Round: 68 Method: dapperfl Mean_Acc: 46.63 Best_Acc: 48.315
Domain_Acc: [55.8, 54.74, 29.31, 46.67] Domain_BestAcc: [57.14, 70.0, 32.76, 46.67]
Prune local model 2, pr_ratio = [0.4, 0.4, 0.4, 0.4]
Prune local model 8, pr_ratio = [0.6, 0.6, 0.6, 0.6]
Prune local model 7, pr_ratio = [0.4, 0.4, 0.4, 0.4]
Prune local model 4, pr_ratio = [0.8, 0.8, 0.8, 0.8]
Prune local model 0, pr_ratio = [0, 0, 0, 0]
Prune local model 1, pr_ratio = [0.2, 0.2, 0.2, 0.2]
Prune local model 6, pr_ratio = [0.2, 0.2, 0.2, 0.2]
Prune local model 3, pr_ratio = [0.6, 0.6, 0.6, 0.6]
Prune local model 9, pr_ratio = [0.8, 0.8, 0.8, 0.8]
Prune local model 5, pr_ratio = [0, 0, 0, 0]
Round: 69 Method: dapperfl Mean_Acc: 44.048 Best_Acc: 48.315
Domain_Acc: [49.11, 57.89, 25.86, 43.33] Domain_BestAcc: [57.14, 70.0, 32.76, 46.67]
Prune local model 2, pr_ratio = [0.4, 0.4, 0.4, 0.4]
Prune local model 1, pr_ratio = [0.2, 0.2, 0.2, 0.2]
Prune local model 8, pr_ratio = [0.6, 0.6, 0.6, 0.6]
Prune local model 7, pr_ratio = [0.4, 0.4, 0.4, 0.4]
Prune local model 3, pr_ratio = [0.6, 0.6, 0.6, 0.6]
Prune local model 4, pr_ratio = [0.8, 0.8, 0.8, 0.8]
Prune local model 6, pr_ratio = [0.2, 0.2, 0.2, 0.2]
Prune local model 5, pr_ratio = [0, 0, 0, 0]
Prune local model 0, pr_ratio = [0, 0, 0, 0]
Prune local model 9, pr_ratio = [0.8, 0.8, 0.8, 0.8]
Round: 70 Method: dapperfl Mean_Acc: 46.892 Best_Acc: 48.315
Domain_Acc: [52.68, 60.53, 31.03, 43.33] Domain_BestAcc: [57.14, 70.0, 32.76, 46.67]
Prune local model 0, pr_ratio = [0, 0, 0, 0]
Prune local model 6, pr_ratio = [0.2, 0.2, 0.2, 0.2]
Prune local model 9, pr_ratio = [0.8, 0.8, 0.8, 0.8]
Prune local model 4, pr_ratio = [0.8, 0.8, 0.8, 0.8]
Prune local model 2, pr_ratio = [0.4, 0.4, 0.4, 0.4]
Prune local model 1, pr_ratio = [0.2, 0.2, 0.2, 0.2]
Prune local model 7, pr_ratio = [0.4, 0.4, 0.4, 0.4]
Prune local model 8, pr_ratio = [0.6, 0.6, 0.6, 0.6]
Prune local model 3, pr_ratio = [0.6, 0.6, 0.6, 0.6]
Prune local model 5, pr_ratio = [0, 0, 0, 0]
Round: 71 Method: dapperfl Mean_Acc: 48.222 Best_Acc: 48.315
Domain_Acc: [54.46, 65.79, 29.31, 43.33] Domain_BestAcc: [57.14, 70.0, 32.76, 46.67]
Prune local model 1, pr_ratio = [0.2, 0.2, 0.2, 0.2]
Prune local model 7, pr_ratio = [0.4, 0.4, 0.4, 0.4]
Prune local model 2, pr_ratio = [0.4, 0.4, 0.4, 0.4]
Prune local model 3, pr_ratio = [0.6, 0.6, 0.6, 0.6]
Prune local model 9, pr_ratio = [0.8, 0.8, 0.8, 0.8]
Prune local model 0, pr_ratio = [0, 0, 0, 0]
Prune local model 8, pr_ratio = [0.6, 0.6, 0.6, 0.6]
Prune local model 6, pr_ratio = [0.2, 0.2, 0.2, 0.2]
Prune local model 4, pr_ratio = [0.8, 0.8, 0.8, 0.8]
Prune local model 5, pr_ratio = [0, 0, 0, 0]
Round: 72 Method: dapperfl Mean_Acc: 46.06 Best_Acc: 48.315
Domain_Acc: [53.12, 65.26, 25.86, 40.0] Domain_BestAcc: [57.14, 70.0, 32.76, 46.67]
Prune local model 2, pr_ratio = [0.4, 0.4, 0.4, 0.4]
Prune local model 7, pr_ratio = [0.4, 0.4, 0.4, 0.4]
Prune local model 8, pr_ratio = [0.6, 0.6, 0.6, 0.6]
Prune local model 1, pr_ratio = [0.2, 0.2, 0.2, 0.2]
Prune local model 6, pr_ratio = [0.2, 0.2, 0.2, 0.2]
Prune local model 4, pr_ratio = [0.8, 0.8, 0.8, 0.8]
Prune local model 9, pr_ratio = [0.8, 0.8, 0.8, 0.8]
Prune local model 3, pr_ratio = [0.6, 0.6, 0.6, 0.6]
Prune local model 5, pr_ratio = [0, 0, 0, 0]
Prune local model 0, pr_ratio = [0, 0, 0, 0]
Round: 73 Method: dapperfl Mean_Acc: 46.152 Best_Acc: 48.315
Domain_Acc: [54.46, 55.79, 31.03, 43.33] Domain_BestAcc: [57.14, 70.0, 32.76, 46.67]
Prune local model 0, pr_ratio = [0, 0, 0, 0]
Prune local model 6, pr_ratio = [0.2, 0.2, 0.2, 0.2]
Prune local model 9, pr_ratio = [0.8, 0.8, 0.8, 0.8]
Prune local model 8, pr_ratio = [0.6, 0.6, 0.6, 0.6]
Prune local model 2, pr_ratio = [0.4, 0.4, 0.4, 0.4]
Prune local model 3, pr_ratio = [0.6, 0.6, 0.6, 0.6]
Prune local model 1, pr_ratio = [0.2, 0.2, 0.2, 0.2]
Prune local model 4, pr_ratio = [0.8, 0.8, 0.8, 0.8]
Prune local model 5, pr_ratio = [0, 0, 0, 0]
Prune local model 7, pr_ratio = [0.4, 0.4, 0.4, 0.4]
Round: 74 Method: dapperfl Mean_Acc: 49.135 Best_Acc: 49.135
Domain_Acc: [56.7, 70.53, 29.31, 40.0] Domain_BestAcc: [57.14, 70.53, 32.76, 46.67]
Prune local model 7, pr_ratio = [0.4, 0.4, 0.4, 0.4]
Prune local model 4, pr_ratio = [0.8, 0.8, 0.8, 0.8]
Prune local model 8, pr_ratio = [0.6, 0.6, 0.6, 0.6]
Prune local model 2, pr_ratio = [0.4, 0.4, 0.4, 0.4]
Prune local model 9, pr_ratio = [0.8, 0.8, 0.8, 0.8]
Prune local model 6, pr_ratio = [0.2, 0.2, 0.2, 0.2]
Prune local model 3, pr_ratio = [0.6, 0.6, 0.6, 0.6]
Prune local model 5, pr_ratio = [0, 0, 0, 0]
Prune local model 0, pr_ratio = [0, 0, 0, 0]
Prune local model 1, pr_ratio = [0.2, 0.2, 0.2, 0.2]
Round: 75 Method: dapperfl Mean_Acc: 46.995 Best_Acc: 49.135
Domain_Acc: [57.59, 59.47, 27.59, 43.33] Domain_BestAcc: [57.59, 70.53, 32.76, 46.67]
Prune local model 1, pr_ratio = [0.2, 0.2, 0.2, 0.2]
Prune local model 4, pr_ratio = [0.8, 0.8, 0.8, 0.8]
Prune local model 5, pr_ratio = [0, 0, 0, 0]
Prune local model 6, pr_ratio = [0.2, 0.2, 0.2, 0.2]
Prune local model 8, pr_ratio = [0.6, 0.6, 0.6, 0.6]
Prune local model 7, pr_ratio = [0.4, 0.4, 0.4, 0.4]
Prune local model 3, pr_ratio = [0.6, 0.6, 0.6, 0.6]
Prune local model 2, pr_ratio = [0.4, 0.4, 0.4, 0.4]
Prune local model 9, pr_ratio = [0.8, 0.8, 0.8, 0.8]
Prune local model 0, pr_ratio = [0, 0, 0, 0]
Round: 76 Method: dapperfl Mean_Acc: 47.085 Best_Acc: 49.135
Domain_Acc: [57.59, 63.16, 27.59, 40.0] Domain_BestAcc: [57.59, 70.53, 32.76, 46.67]
Prune local model 1, pr_ratio = [0.2, 0.2, 0.2, 0.2]
Prune local model 4, pr_ratio = [0.8, 0.8, 0.8, 0.8]
Prune local model 7, pr_ratio = [0.4, 0.4, 0.4, 0.4]
Prune local model 9, pr_ratio = [0.8, 0.8, 0.8, 0.8]
Prune local model 8, pr_ratio = [0.6, 0.6, 0.6, 0.6]
Prune local model 0, pr_ratio = [0, 0, 0, 0]
Prune local model 3, pr_ratio = [0.6, 0.6, 0.6, 0.6]
Prune local model 6, pr_ratio = [0.2, 0.2, 0.2, 0.2]
Prune local model 2, pr_ratio = [0.4, 0.4, 0.4, 0.4]
Prune local model 5, pr_ratio = [0, 0, 0, 0]
Round: 77 Method: dapperfl Mean_Acc: 40.502 Best_Acc: 49.135
Domain_Acc: [55.36, 62.63, 20.69, 23.33] Domain_BestAcc: [57.59, 70.53, 32.76, 46.67]
Prune local model 8, pr_ratio = [0.6, 0.6, 0.6, 0.6]
Prune local model 7, pr_ratio = [0.4, 0.4, 0.4, 0.4]
Prune local model 2, pr_ratio = [0.4, 0.4, 0.4, 0.4]
Prune local model 1, pr_ratio = [0.2, 0.2, 0.2, 0.2]
Prune local model 5, pr_ratio = [0, 0, 0, 0]
Prune local model 4, pr_ratio = [0.8, 0.8, 0.8, 0.8]
Prune local model 0, pr_ratio = [0, 0, 0, 0]
Prune local model 6, pr_ratio = [0.2, 0.2, 0.2, 0.2]
Prune local model 3, pr_ratio = [0.6, 0.6, 0.6, 0.6]
Prune local model 9, pr_ratio = [0.8, 0.8, 0.8, 0.8]
Round: 78 Method: dapperfl Mean_Acc: 44.055 Best_Acc: 49.135
Domain_Acc: [50.89, 59.47, 25.86, 40.0] Domain_BestAcc: [57.59, 70.53, 32.76, 46.67]
Prune local model 6, pr_ratio = [0.2, 0.2, 0.2, 0.2]
Prune local model 4, pr_ratio = [0.8, 0.8, 0.8, 0.8]
Prune local model 3, pr_ratio = [0.6, 0.6, 0.6, 0.6]
Prune local model 2, pr_ratio = [0.4, 0.4, 0.4, 0.4]
Prune local model 5, pr_ratio = [0, 0, 0, 0]
Prune local model 1, pr_ratio = [0.2, 0.2, 0.2, 0.2]
Prune local model 0, pr_ratio = [0, 0, 0, 0]
Prune local model 9, pr_ratio = [0.8, 0.8, 0.8, 0.8]
Prune local model 7, pr_ratio = [0.4, 0.4, 0.4, 0.4]
Prune local model 8, pr_ratio = [0.6, 0.6, 0.6, 0.6]
Round: 79 Method: dapperfl Mean_Acc: 42.49 Best_Acc: 49.135
Domain_Acc: [46.43, 67.89, 18.97, 36.67] Domain_BestAcc: [57.59, 70.53, 32.76, 46.67]
Prune local model 5, pr_ratio = [0, 0, 0, 0]
Prune local model 4, pr_ratio = [0.8, 0.8, 0.8, 0.8]
Prune local model 6, pr_ratio = [0.2, 0.2, 0.2, 0.2]
Prune local model 8, pr_ratio = [0.6, 0.6, 0.6, 0.6]
Prune local model 3, pr_ratio = [0.6, 0.6, 0.6, 0.6]
Prune local model 9, pr_ratio = [0.8, 0.8, 0.8, 0.8]
Prune local model 7, pr_ratio = [0.4, 0.4, 0.4, 0.4]
Prune local model 2, pr_ratio = [0.4, 0.4, 0.4, 0.4]
Prune local model 0, pr_ratio = [0, 0, 0, 0]
Prune local model 1, pr_ratio = [0.2, 0.2, 0.2, 0.2]
Round: 80 Method: dapperfl Mean_Acc: 40.82 Best_Acc: 49.135
Domain_Acc: [50.89, 61.58, 24.14, 26.67] Domain_BestAcc: [57.59, 70.53, 32.76, 46.67]
Prune local model 7, pr_ratio = [0.4, 0.4, 0.4, 0.4]
Prune local model 1, pr_ratio = [0.2, 0.2, 0.2, 0.2]
Prune local model 4, pr_ratio = [0.8, 0.8, 0.8, 0.8]
Prune local model 5, pr_ratio = [0, 0, 0, 0]
Prune local model 3, pr_ratio = [0.6, 0.6, 0.6, 0.6]
Prune local model 9, pr_ratio = [0.8, 0.8, 0.8, 0.8]
Prune local model 2, pr_ratio = [0.4, 0.4, 0.4, 0.4]
Prune local model 0, pr_ratio = [0, 0, 0, 0]
Prune local model 8, pr_ratio = [0.6, 0.6, 0.6, 0.6]
Prune local model 6, pr_ratio = [0.2, 0.2, 0.2, 0.2]
Round: 81 Method: dapperfl Mean_Acc: 45.213 Best_Acc: 49.135
Domain_Acc: [54.46, 60.53, 25.86, 40.0] Domain_BestAcc: [57.59, 70.53, 32.76, 46.67]
Prune local model 5, pr_ratio = [0, 0, 0, 0]
Prune local model 6, pr_ratio = [0.2, 0.2, 0.2, 0.2]
Prune local model 9, pr_ratio = [0.8, 0.8, 0.8, 0.8]
Prune local model 4, pr_ratio = [0.8, 0.8, 0.8, 0.8]
Prune local model 2, pr_ratio = [0.4, 0.4, 0.4, 0.4]
Prune local model 0, pr_ratio = [0, 0, 0, 0]
Prune local model 8, pr_ratio = [0.6, 0.6, 0.6, 0.6]
Prune local model 1, pr_ratio = [0.2, 0.2, 0.2, 0.2]
Prune local model 7, pr_ratio = [0.4, 0.4, 0.4, 0.4]
Prune local model 3, pr_ratio = [0.6, 0.6, 0.6, 0.6]
Round: 82 Method: dapperfl Mean_Acc: 48.257 Best_Acc: 49.135
Domain_Acc: [54.46, 64.21, 31.03, 43.33] Domain_BestAcc: [57.59, 70.53, 32.76, 46.67]
Prune local model 7, pr_ratio = [0.4, 0.4, 0.4, 0.4]
Prune local model 5, pr_ratio = [0, 0, 0, 0]
Prune local model 3, pr_ratio = [0.6, 0.6, 0.6, 0.6]
Prune local model 1, pr_ratio = [0.2, 0.2, 0.2, 0.2]
Prune local model 0, pr_ratio = [0, 0, 0, 0]
Prune local model 6, pr_ratio = [0.2, 0.2, 0.2, 0.2]
Prune local model 8, pr_ratio = [0.6, 0.6, 0.6, 0.6]
Prune local model 4, pr_ratio = [0.8, 0.8, 0.8, 0.8]
Prune local model 2, pr_ratio = [0.4, 0.4, 0.4, 0.4]
Prune local model 9, pr_ratio = [0.8, 0.8, 0.8, 0.8]
Round: 83 Method: dapperfl Mean_Acc: 46.805 Best_Acc: 49.135
Domain_Acc: [55.36, 71.05, 24.14, 36.67] Domain_BestAcc: [57.59, 71.05, 32.76, 46.67]
Prune local model 3, pr_ratio = [0.6, 0.6, 0.6, 0.6]
Prune local model 8, pr_ratio = [0.6, 0.6, 0.6, 0.6]
Prune local model 4, pr_ratio = [0.8, 0.8, 0.8, 0.8]
Prune local model 1, pr_ratio = [0.2, 0.2, 0.2, 0.2]
Prune local model 9, pr_ratio = [0.8, 0.8, 0.8, 0.8]
Prune local model 5, pr_ratio = [0, 0, 0, 0]
Prune local model 2, pr_ratio = [0.4, 0.4, 0.4, 0.4]
Prune local model 0, pr_ratio = [0, 0, 0, 0]
Prune local model 6, pr_ratio = [0.2, 0.2, 0.2, 0.2]
Prune local model 7, pr_ratio = [0.4, 0.4, 0.4, 0.4]
Round: 84 Method: dapperfl Mean_Acc: 49.652 Best_Acc: 49.652
Domain_Acc: [56.7, 64.21, 31.03, 46.67] Domain_BestAcc: [57.59, 71.05, 32.76, 46.67]
Prune local model 7, pr_ratio = [0.4, 0.4, 0.4, 0.4]
Prune local model 4, pr_ratio = [0.8, 0.8, 0.8, 0.8]
Prune local model 3, pr_ratio = [0.6, 0.6, 0.6, 0.6]
Prune local model 8, pr_ratio = [0.6, 0.6, 0.6, 0.6]
Prune local model 1, pr_ratio = [0.2, 0.2, 0.2, 0.2]
Prune local model 5, pr_ratio = [0, 0, 0, 0]
Prune local model 9, pr_ratio = [0.8, 0.8, 0.8, 0.8]
Prune local model 0, pr_ratio = [0, 0, 0, 0]
Prune local model 2, pr_ratio = [0.4, 0.4, 0.4, 0.4]
Prune local model 6, pr_ratio = [0.2, 0.2, 0.2, 0.2]
Round: 85 Method: dapperfl Mean_Acc: 50.23 Best_Acc: 50.23
Domain_Acc: [56.7, 61.58, 29.31, 53.33] Domain_BestAcc: [57.59, 71.05, 32.76, 53.33]
Prune local model 9, pr_ratio = [0.8, 0.8, 0.8, 0.8]
Prune local model 5, pr_ratio = [0, 0, 0, 0]
Prune local model 2, pr_ratio = [0.4, 0.4, 0.4, 0.4]
Prune local model 7, pr_ratio = [0.4, 0.4, 0.4, 0.4]
Prune local model 3, pr_ratio = [0.6, 0.6, 0.6, 0.6]
Prune local model 6, pr_ratio = [0.2, 0.2, 0.2, 0.2]
Prune local model 8, pr_ratio = [0.6, 0.6, 0.6, 0.6]
Prune local model 0, pr_ratio = [0, 0, 0, 0]
Prune local model 4, pr_ratio = [0.8, 0.8, 0.8, 0.8]
Prune local model 1, pr_ratio = [0.2, 0.2, 0.2, 0.2]
Round: 86 Method: dapperfl Mean_Acc: 35.78 Best_Acc: 50.23
Domain_Acc: [40.18, 50.53, 22.41, 30.0] Domain_BestAcc: [57.59, 71.05, 32.76, 53.33]
Prune local model 9, pr_ratio = [0.8, 0.8, 0.8, 0.8]
Prune local model 3, pr_ratio = [0.6, 0.6, 0.6, 0.6]
Prune local model 4, pr_ratio = [0.8, 0.8, 0.8, 0.8]
Prune local model 1, pr_ratio = [0.2, 0.2, 0.2, 0.2]
Prune local model 6, pr_ratio = [0.2, 0.2, 0.2, 0.2]
Prune local model 8, pr_ratio = [0.6, 0.6, 0.6, 0.6]
Prune local model 5, pr_ratio = [0, 0, 0, 0]
Prune local model 2, pr_ratio = [0.4, 0.4, 0.4, 0.4]
Prune local model 0, pr_ratio = [0, 0, 0, 0]
Prune local model 7, pr_ratio = [0.4, 0.4, 0.4, 0.4]
Round: 87 Method: dapperfl Mean_Acc: 47.275 Best_Acc: 50.23
Domain_Acc: [57.59, 67.37, 24.14, 40.0] Domain_BestAcc: [57.59, 71.05, 32.76, 53.33]
Prune local model 0, pr_ratio = [0, 0, 0, 0]
Prune local model 1, pr_ratio = [0.2, 0.2, 0.2, 0.2]
Prune local model 7, pr_ratio = [0.4, 0.4, 0.4, 0.4]
Prune local model 6, pr_ratio = [0.2, 0.2, 0.2, 0.2]
Prune local model 9, pr_ratio = [0.8, 0.8, 0.8, 0.8]
Prune local model 5, pr_ratio = [0, 0, 0, 0]
Prune local model 8, pr_ratio = [0.6, 0.6, 0.6, 0.6]
Prune local model 3, pr_ratio = [0.6, 0.6, 0.6, 0.6]
Prune local model 4, pr_ratio = [0.8, 0.8, 0.8, 0.8]
Prune local model 2, pr_ratio = [0.4, 0.4, 0.4, 0.4]
Round: 88 Method: dapperfl Mean_Acc: 46.6 Best_Acc: 50.23
Domain_Acc: [54.46, 62.63, 29.31, 40.0] Domain_BestAcc: [57.59, 71.05, 32.76, 53.33]
Prune local model 9, pr_ratio = [0.8, 0.8, 0.8, 0.8]
Prune local model 7, pr_ratio = [0.4, 0.4, 0.4, 0.4]
Prune local model 3, pr_ratio = [0.6, 0.6, 0.6, 0.6]
Prune local model 5, pr_ratio = [0, 0, 0, 0]
Prune local model 8, pr_ratio = [0.6, 0.6, 0.6, 0.6]
Prune local model 2, pr_ratio = [0.4, 0.4, 0.4, 0.4]
Prune local model 0, pr_ratio = [0, 0, 0, 0]
Prune local model 1, pr_ratio = [0.2, 0.2, 0.2, 0.2]
Prune local model 4, pr_ratio = [0.8, 0.8, 0.8, 0.8]
Prune local model 6, pr_ratio = [0.2, 0.2, 0.2, 0.2]
Round: 89 Method: dapperfl Mean_Acc: 53.213 Best_Acc: 53.213
Domain_Acc: [63.84, 69.47, 36.21, 43.33] Domain_BestAcc: [63.84, 71.05, 36.21, 53.33]
Prune local model 6, pr_ratio = [0.2, 0.2, 0.2, 0.2]
Prune local model 5, pr_ratio = [0, 0, 0, 0]
Prune local model 1, pr_ratio = [0.2, 0.2, 0.2, 0.2]
Prune local model 0, pr_ratio = [0, 0, 0, 0]
Prune local model 7, pr_ratio = [0.4, 0.4, 0.4, 0.4]
Prune local model 9, pr_ratio = [0.8, 0.8, 0.8, 0.8]
Prune local model 8, pr_ratio = [0.6, 0.6, 0.6, 0.6]
Prune local model 3, pr_ratio = [0.6, 0.6, 0.6, 0.6]
Prune local model 4, pr_ratio = [0.8, 0.8, 0.8, 0.8]
Prune local model 2, pr_ratio = [0.4, 0.4, 0.4, 0.4]
Round: 90 Method: dapperfl Mean_Acc: 48.528 Best_Acc: 53.213
Domain_Acc: [55.36, 61.05, 31.03, 46.67] Domain_BestAcc: [63.84, 71.05, 36.21, 53.33]
Prune local model 4, pr_ratio = [0.8, 0.8, 0.8, 0.8]
Prune local model 3, pr_ratio = [0.6, 0.6, 0.6, 0.6]
Prune local model 7, pr_ratio = [0.4, 0.4, 0.4, 0.4]
Prune local model 2, pr_ratio = [0.4, 0.4, 0.4, 0.4]
Prune local model 8, pr_ratio = [0.6, 0.6, 0.6, 0.6]
Prune local model 6, pr_ratio = [0.2, 0.2, 0.2, 0.2]
Prune local model 9, pr_ratio = [0.8, 0.8, 0.8, 0.8]
Prune local model 5, pr_ratio = [0, 0, 0, 0]
Prune local model 0, pr_ratio = [0, 0, 0, 0]
Prune local model 1, pr_ratio = [0.2, 0.2, 0.2, 0.2]
Round: 91 Method: dapperfl Mean_Acc: 45.78 Best_Acc: 53.213
Domain_Acc: [56.7, 68.95, 24.14, 33.33] Domain_BestAcc: [63.84, 71.05, 36.21, 53.33]
Prune local model 0, pr_ratio = [0, 0, 0, 0]
Prune local model 2, pr_ratio = [0.4, 0.4, 0.4, 0.4]
Prune local model 5, pr_ratio = [0, 0, 0, 0]
Prune local model 4, pr_ratio = [0.8, 0.8, 0.8, 0.8]
Prune local model 6, pr_ratio = [0.2, 0.2, 0.2, 0.2]
Prune local model 9, pr_ratio = [0.8, 0.8, 0.8, 0.8]
Prune local model 7, pr_ratio = [0.4, 0.4, 0.4, 0.4]
Prune local model 8, pr_ratio = [0.6, 0.6, 0.6, 0.6]
Prune local model 1, pr_ratio = [0.2, 0.2, 0.2, 0.2]
Prune local model 3, pr_ratio = [0.6, 0.6, 0.6, 0.6]
Round: 92 Method: dapperfl Mean_Acc: 50.5 Best_Acc: 53.213
Domain_Acc: [58.48, 74.21, 29.31, 40.0] Domain_BestAcc: [63.84, 74.21, 36.21, 53.33]
Prune local model 8, pr_ratio = [0.6, 0.6, 0.6, 0.6]
Prune local model 0, pr_ratio = [0, 0, 0, 0]
Prune local model 5, pr_ratio = [0, 0, 0, 0]
Prune local model 6, pr_ratio = [0.2, 0.2, 0.2, 0.2]
Prune local model 1, pr_ratio = [0.2, 0.2, 0.2, 0.2]
Prune local model 3, pr_ratio = [0.6, 0.6, 0.6, 0.6]
Prune local model 9, pr_ratio = [0.8, 0.8, 0.8, 0.8]
Prune local model 2, pr_ratio = [0.4, 0.4, 0.4, 0.4]
Prune local model 4, pr_ratio = [0.8, 0.8, 0.8, 0.8]
Prune local model 7, pr_ratio = [0.4, 0.4, 0.4, 0.4]
Round: 93 Method: dapperfl Mean_Acc: 46.242 Best_Acc: 53.213
Domain_Acc: [57.59, 64.74, 29.31, 33.33] Domain_BestAcc: [63.84, 74.21, 36.21, 53.33]
Prune local model 3, pr_ratio = [0.6, 0.6, 0.6, 0.6]
Prune local model 8, pr_ratio = [0.6, 0.6, 0.6, 0.6]
Prune local model 6, pr_ratio = [0.2, 0.2, 0.2, 0.2]
Prune local model 4, pr_ratio = [0.8, 0.8, 0.8, 0.8]
Prune local model 0, pr_ratio = [0, 0, 0, 0]
Prune local model 1, pr_ratio = [0.2, 0.2, 0.2, 0.2]
Prune local model 2, pr_ratio = [0.4, 0.4, 0.4, 0.4]
Prune local model 7, pr_ratio = [0.4, 0.4, 0.4, 0.4]
Prune local model 9, pr_ratio = [0.8, 0.8, 0.8, 0.8]
Prune local model 5, pr_ratio = [0, 0, 0, 0]
Round: 94 Method: dapperfl Mean_Acc: 49.382 Best_Acc: 53.213
Domain_Acc: [57.14, 69.47, 27.59, 43.33] Domain_BestAcc: [63.84, 74.21, 36.21, 53.33]
Prune local model 0, pr_ratio = [0, 0, 0, 0]
Prune local model 8, pr_ratio = [0.6, 0.6, 0.6, 0.6]
Prune local model 1, pr_ratio = [0.2, 0.2, 0.2, 0.2]
Prune local model 3, pr_ratio = [0.6, 0.6, 0.6, 0.6]
Prune local model 6, pr_ratio = [0.2, 0.2, 0.2, 0.2]
Prune local model 5, pr_ratio = [0, 0, 0, 0]
Prune local model 2, pr_ratio = [0.4, 0.4, 0.4, 0.4]
Prune local model 9, pr_ratio = [0.8, 0.8, 0.8, 0.8]
Prune local model 7, pr_ratio = [0.4, 0.4, 0.4, 0.4]
Prune local model 4, pr_ratio = [0.8, 0.8, 0.8, 0.8]
Round: 95 Method: dapperfl Mean_Acc: 49.748 Best_Acc: 53.213
Domain_Acc: [54.91, 63.16, 27.59, 53.33] Domain_BestAcc: [63.84, 74.21, 36.21, 53.33]
Prune local model 3, pr_ratio = [0.6, 0.6, 0.6, 0.6]
Prune local model 2, pr_ratio = [0.4, 0.4, 0.4, 0.4]
Prune local model 0, pr_ratio = [0, 0, 0, 0]
Prune local model 1, pr_ratio = [0.2, 0.2, 0.2, 0.2]
Prune local model 4, pr_ratio = [0.8, 0.8, 0.8, 0.8]
Prune local model 6, pr_ratio = [0.2, 0.2, 0.2, 0.2]
Prune local model 9, pr_ratio = [0.8, 0.8, 0.8, 0.8]
Prune local model 8, pr_ratio = [0.6, 0.6, 0.6, 0.6]
Prune local model 7, pr_ratio = [0.4, 0.4, 0.4, 0.4]
Prune local model 5, pr_ratio = [0, 0, 0, 0]
Round: 96 Method: dapperfl Mean_Acc: 48.858 Best_Acc: 53.213
Domain_Acc: [55.36, 74.21, 25.86, 40.0] Domain_BestAcc: [63.84, 74.21, 36.21, 53.33]
Prune local model 4, pr_ratio = [0.8, 0.8, 0.8, 0.8]
Prune local model 3, pr_ratio = [0.6, 0.6, 0.6, 0.6]
Prune local model 1, pr_ratio = [0.2, 0.2, 0.2, 0.2]
Prune local model 2, pr_ratio = [0.4, 0.4, 0.4, 0.4]
Prune local model 6, pr_ratio = [0.2, 0.2, 0.2, 0.2]
Prune local model 9, pr_ratio = [0.8, 0.8, 0.8, 0.8]
Prune local model 0, pr_ratio = [0, 0, 0, 0]
Prune local model 5, pr_ratio = [0, 0, 0, 0]
Prune local model 8, pr_ratio = [0.6, 0.6, 0.6, 0.6]
Prune local model 7, pr_ratio = [0.4, 0.4, 0.4, 0.4]
Round: 97 Method: dapperfl Mean_Acc: 54.08 Best_Acc: 54.08
Domain_Acc: [63.39, 66.84, 32.76, 53.33] Domain_BestAcc: [63.84, 74.21, 36.21, 53.33]
Prune local model 9, pr_ratio = [0.8, 0.8, 0.8, 0.8]
Prune local model 8, pr_ratio = [0.6, 0.6, 0.6, 0.6]
Prune local model 1, pr_ratio = [0.2, 0.2, 0.2, 0.2]
Prune local model 2, pr_ratio = [0.4, 0.4, 0.4, 0.4]
Prune local model 4, pr_ratio = [0.8, 0.8, 0.8, 0.8]
Prune local model 6, pr_ratio = [0.2, 0.2, 0.2, 0.2]
Prune local model 7, pr_ratio = [0.4, 0.4, 0.4, 0.4]
Prune local model 0, pr_ratio = [0, 0, 0, 0]
Prune local model 5, pr_ratio = [0, 0, 0, 0]
Prune local model 3, pr_ratio = [0.6, 0.6, 0.6, 0.6]
Round: 98 Method: dapperfl Mean_Acc: 48.518 Best_Acc: 54.08
Domain_Acc: [54.46, 60.53, 22.41, 56.67] Domain_BestAcc: [63.84, 74.21, 36.21, 56.67]
Prune local model 7, pr_ratio = [0.4, 0.4, 0.4, 0.4]
Prune local model 4, pr_ratio = [0.8, 0.8, 0.8, 0.8]
Prune local model 6, pr_ratio = [0.2, 0.2, 0.2, 0.2]
Prune local model 5, pr_ratio = [0, 0, 0, 0]
Prune local model 0, pr_ratio = [0, 0, 0, 0]
Prune local model 3, pr_ratio = [0.6, 0.6, 0.6, 0.6]
Prune local model 9, pr_ratio = [0.8, 0.8, 0.8, 0.8]
Prune local model 1, pr_ratio = [0.2, 0.2, 0.2, 0.2]
Prune local model 8, pr_ratio = [0.6, 0.6, 0.6, 0.6]
Prune local model 2, pr_ratio = [0.4, 0.4, 0.4, 0.4]
Round: 99 Method: dapperfl Mean_Acc: 47.742 Best_Acc: 54.08
Domain_Acc: [57.14, 59.47, 31.03, 43.33] Domain_BestAcc: [63.84, 74.21, 36.21, 56.67]
2025-04-13 16:29:08
