Namespace(prefix='', communication_epoch=100, local_epoch=5, parti_num=10, model='dapperfl', dataset='fl_officecaltech', pr_strategy='AD', backbone='resnet18', alpha=0.9, alpha_min=0.1, epsilon=0.2, reg_coeff=0.01, wandb=0, device_id=0, seed=1234, rand_dataset=1, learning_decay=False, averaing='weight', online_ratio=1, mu=0.1, input_dim=28, csv_log=False, local_lr=0.01, local_batch_size=64, pr_ratios=['0', '0.2', '0.4', '0.6', '0.8'], arch='res18')
2025-05-03 12:10:13
{'dslr': 3, 'webcam': 2, 'amazon': 2, 'caltech': 3}
['dslr', 'dslr', 'webcam', 'amazon', 'caltech', 'caltech', 'caltech', 'amazon', 'webcam', 'dslr']
Prune local model 2, pr_ratio = [0.4, 0.4, 0.4, 0.4]
Prune local model 7, pr_ratio = [0.4, 0.4, 0.4, 0.4]
Prune local model 3, pr_ratio = [0.5, 0.5, 0.5, 0.5]
Prune local model 6, pr_ratio = [0.2, 0.2, 0.2, 0.2]
Prune local model 9, pr_ratio = [0.6, 0.6, 0.6, 0.6]
Prune local model 0, pr_ratio = [0, 0, 0, 0]
Prune local model 4, pr_ratio = [0.6, 0.6, 0.6, 0.6]
Prune local model 8, pr_ratio = [0.5, 0.5, 0.5, 0.5]
Prune local model 1, pr_ratio = [0.2, 0.2, 0.2, 0.2]
Prune local model 5, pr_ratio = [0, 0, 0, 0]
Round: 0 Method: dapperfl Mean_Acc: 8.782 Best_Acc: 8.782
Domain_Acc: [7.59, 10.53, 10.34, 6.67] Domain_BestAcc: [7.59, 10.53, 10.34, 6.67]
Prune local model 9, pr_ratio = [0.6, 0.6, 0.6, 0.6]
Prune local model 0, pr_ratio = [0, 0, 0, 0]
Prune local model 6, pr_ratio = [0.2, 0.2, 0.2, 0.2]
Prune local model 2, pr_ratio = [0.4, 0.4, 0.4, 0.4]
Prune local model 7, pr_ratio = [0.4, 0.4, 0.4, 0.4]
Prune local model 4, pr_ratio = [0.6, 0.6, 0.6, 0.6]
Prune local model 1, pr_ratio = [0.2, 0.2, 0.2, 0.2]
Prune local model 3, pr_ratio = [0.5, 0.5, 0.5, 0.5]
Prune local model 5, pr_ratio = [0, 0, 0, 0]
Prune local model 8, pr_ratio = [0.5, 0.5, 0.5, 0.5]
Round: 1 Method: dapperfl Mean_Acc: 10.048 Best_Acc: 10.048
Domain_Acc: [9.82, 8.42, 8.62, 13.33] Domain_BestAcc: [9.82, 10.53, 10.34, 13.33]
Prune local model 8, pr_ratio = [0.5, 0.5, 0.5, 0.5]
Prune local model 6, pr_ratio = [0.2, 0.2, 0.2, 0.2]
Prune local model 9, pr_ratio = [0.6, 0.6, 0.6, 0.6]
Prune local model 3, pr_ratio = [0.5, 0.5, 0.5, 0.5]
Prune local model 1, pr_ratio = [0.2, 0.2, 0.2, 0.2]
Prune local model 7, pr_ratio = [0.4, 0.4, 0.4, 0.4]
Prune local model 2, pr_ratio = [0.4, 0.4, 0.4, 0.4]
Prune local model 5, pr_ratio = [0, 0, 0, 0]
Prune local model 0, pr_ratio = [0, 0, 0, 0]
Prune local model 4, pr_ratio = [0.6, 0.6, 0.6, 0.6]
Round: 2 Method: dapperfl Mean_Acc: 10.048 Best_Acc: 10.048
Domain_Acc: [9.82, 8.42, 8.62, 13.33] Domain_BestAcc: [9.82, 10.53, 10.34, 13.33]
Prune local model 2, pr_ratio = [0.4, 0.4, 0.4, 0.4]
Prune local model 8, pr_ratio = [0.5, 0.5, 0.5, 0.5]
Prune local model 6, pr_ratio = [0.2, 0.2, 0.2, 0.2]
Prune local model 0, pr_ratio = [0, 0, 0, 0]
Prune local model 3, pr_ratio = [0.5, 0.5, 0.5, 0.5]
Prune local model 4, pr_ratio = [0.6, 0.6, 0.6, 0.6]
Prune local model 7, pr_ratio = [0.4, 0.4, 0.4, 0.4]
Prune local model 9, pr_ratio = [0.6, 0.6, 0.6, 0.6]
Prune local model 5, pr_ratio = [0, 0, 0, 0]
Prune local model 1, pr_ratio = [0.2, 0.2, 0.2, 0.2]
Round: 3 Method: dapperfl Mean_Acc: 10.555 Best_Acc: 10.555
Domain_Acc: [10.27, 10.0, 8.62, 13.33] Domain_BestAcc: [10.27, 10.53, 10.34, 13.33]
Prune local model 3, pr_ratio = [0.5, 0.5, 0.5, 0.5]
Prune local model 7, pr_ratio = [0.4, 0.4, 0.4, 0.4]
Prune local model 8, pr_ratio = [0.5, 0.5, 0.5, 0.5]
Prune local model 0, pr_ratio = [0, 0, 0, 0]
Prune local model 1, pr_ratio = [0.2, 0.2, 0.2, 0.2]
Prune local model 4, pr_ratio = [0.6, 0.6, 0.6, 0.6]
Prune local model 6, pr_ratio = [0.2, 0.2, 0.2, 0.2]
Prune local model 5, pr_ratio = [0, 0, 0, 0]
Prune local model 9, pr_ratio = [0.6, 0.6, 0.6, 0.6]
Prune local model 2, pr_ratio = [0.4, 0.4, 0.4, 0.4]
Round: 4 Method: dapperfl Mean_Acc: 18.625 Best_Acc: 18.625
Domain_Acc: [20.54, 26.84, 13.79, 13.33] Domain_BestAcc: [20.54, 26.84, 13.79, 13.33]
Prune local model 8, pr_ratio = [0.5, 0.5, 0.5, 0.5]
Prune local model 6, pr_ratio = [0.2, 0.2, 0.2, 0.2]
Prune local model 5, pr_ratio = [0, 0, 0, 0]
Prune local model 4, pr_ratio = [0.6, 0.6, 0.6, 0.6]
Prune local model 1, pr_ratio = [0.2, 0.2, 0.2, 0.2]
Prune local model 7, pr_ratio = [0.4, 0.4, 0.4, 0.4]
Prune local model 0, pr_ratio = [0, 0, 0, 0]
Prune local model 2, pr_ratio = [0.4, 0.4, 0.4, 0.4]
Prune local model 3, pr_ratio = [0.5, 0.5, 0.5, 0.5]
Prune local model 9, pr_ratio = [0.6, 0.6, 0.6, 0.6]
Round: 5 Method: dapperfl Mean_Acc: 15.98 Best_Acc: 18.625
Domain_Acc: [19.2, 21.05, 10.34, 13.33] Domain_BestAcc: [20.54, 26.84, 13.79, 13.33]
Prune local model 4, pr_ratio = [0.6, 0.6, 0.6, 0.6]
Prune local model 7, pr_ratio = [0.4, 0.4, 0.4, 0.4]
Prune local model 0, pr_ratio = [0, 0, 0, 0]
Prune local model 9, pr_ratio = [0.6, 0.6, 0.6, 0.6]
Prune local model 5, pr_ratio = [0, 0, 0, 0]
Prune local model 8, pr_ratio = [0.5, 0.5, 0.5, 0.5]
Prune local model 3, pr_ratio = [0.5, 0.5, 0.5, 0.5]
Prune local model 2, pr_ratio = [0.4, 0.4, 0.4, 0.4]
Prune local model 6, pr_ratio = [0.2, 0.2, 0.2, 0.2]
Prune local model 1, pr_ratio = [0.2, 0.2, 0.2, 0.2]
Round: 6 Method: dapperfl Mean_Acc: 17.055 Best_Acc: 18.625
Domain_Acc: [24.55, 20.0, 10.34, 13.33] Domain_BestAcc: [24.55, 26.84, 13.79, 13.33]
Prune local model 6, pr_ratio = [0.2, 0.2, 0.2, 0.2]
Prune local model 7, pr_ratio = [0.4, 0.4, 0.4, 0.4]
Prune local model 8, pr_ratio = [0.5, 0.5, 0.5, 0.5]
Prune local model 0, pr_ratio = [0, 0, 0, 0]
Prune local model 3, pr_ratio = [0.5, 0.5, 0.5, 0.5]
Prune local model 5, pr_ratio = [0, 0, 0, 0]
Prune local model 2, pr_ratio = [0.4, 0.4, 0.4, 0.4]
Prune local model 1, pr_ratio = [0.2, 0.2, 0.2, 0.2]
Prune local model 4, pr_ratio = [0.6, 0.6, 0.6, 0.6]
Prune local model 9, pr_ratio = [0.6, 0.6, 0.6, 0.6]
Round: 7 Method: dapperfl Mean_Acc: 25.645 Best_Acc: 25.645
Domain_Acc: [27.23, 33.16, 15.52, 26.67] Domain_BestAcc: [27.23, 33.16, 15.52, 26.67]
Prune local model 5, pr_ratio = [0, 0, 0, 0]
Prune local model 1, pr_ratio = [0.2, 0.2, 0.2, 0.2]
Prune local model 6, pr_ratio = [0.2, 0.2, 0.2, 0.2]
Prune local model 9, pr_ratio = [0.6, 0.6, 0.6, 0.6]
Prune local model 4, pr_ratio = [0.6, 0.6, 0.6, 0.6]
Prune local model 7, pr_ratio = [0.4, 0.4, 0.4, 0.4]
Prune local model 0, pr_ratio = [0, 0, 0, 0]
Prune local model 8, pr_ratio = [0.5, 0.5, 0.5, 0.5]
Prune local model 3, pr_ratio = [0.5, 0.5, 0.5, 0.5]
Prune local model 2, pr_ratio = [0.4, 0.4, 0.4, 0.4]
Round: 8 Method: dapperfl Mean_Acc: 27.122 Best_Acc: 27.122
Domain_Acc: [34.82, 40.0, 10.34, 23.33] Domain_BestAcc: [34.82, 40.0, 15.52, 26.67]
Prune local model 1, pr_ratio = [0.2, 0.2, 0.2, 0.2]
Prune local model 2, pr_ratio = [0.4, 0.4, 0.4, 0.4]
Prune local model 5, pr_ratio = [0, 0, 0, 0]
Prune local model 7, pr_ratio = [0.4, 0.4, 0.4, 0.4]
Prune local model 6, pr_ratio = [0.2, 0.2, 0.2, 0.2]
Prune local model 0, pr_ratio = [0, 0, 0, 0]
Prune local model 3, pr_ratio = [0.5, 0.5, 0.5, 0.5]
Prune local model 9, pr_ratio = [0.6, 0.6, 0.6, 0.6]
Prune local model 8, pr_ratio = [0.5, 0.5, 0.5, 0.5]
Prune local model 4, pr_ratio = [0.6, 0.6, 0.6, 0.6]
Round: 9 Method: dapperfl Mean_Acc: 31.172 Best_Acc: 31.172
Domain_Acc: [39.73, 41.05, 17.24, 26.67] Domain_BestAcc: [39.73, 41.05, 17.24, 26.67]
Prune local model 5, pr_ratio = [0, 0, 0, 0]
Prune local model 0, pr_ratio = [0, 0, 0, 0]
Prune local model 6, pr_ratio = [0.2, 0.2, 0.2, 0.2]
Prune local model 3, pr_ratio = [0.5, 0.5, 0.5, 0.5]
Prune local model 1, pr_ratio = [0.2, 0.2, 0.2, 0.2]
Prune local model 2, pr_ratio = [0.4, 0.4, 0.4, 0.4]
Prune local model 7, pr_ratio = [0.4, 0.4, 0.4, 0.4]
Prune local model 9, pr_ratio = [0.6, 0.6, 0.6, 0.6]
Prune local model 4, pr_ratio = [0.6, 0.6, 0.6, 0.6]
Prune local model 8, pr_ratio = [0.5, 0.5, 0.5, 0.5]
Round: 10 Method: dapperfl Mean_Acc: 32.5 Best_Acc: 32.5
Domain_Acc: [42.41, 40.0, 27.59, 20.0] Domain_BestAcc: [42.41, 41.05, 27.59, 26.67]
Prune local model 8, pr_ratio = [0.5, 0.5, 0.5, 0.5]
Prune local model 1, pr_ratio = [0.2, 0.2, 0.2, 0.2]
Prune local model 3, pr_ratio = [0.5, 0.5, 0.5, 0.5]
Prune local model 2, pr_ratio = [0.4, 0.4, 0.4, 0.4]
Prune local model 5, pr_ratio = [0, 0, 0, 0]
Prune local model 4, pr_ratio = [0.6, 0.6, 0.6, 0.6]
Prune local model 7, pr_ratio = [0.4, 0.4, 0.4, 0.4]
Prune local model 6, pr_ratio = [0.2, 0.2, 0.2, 0.2]
Prune local model 9, pr_ratio = [0.6, 0.6, 0.6, 0.6]
Prune local model 0, pr_ratio = [0, 0, 0, 0]
Round: 11 Method: dapperfl Mean_Acc: 36.315 Best_Acc: 36.315
Domain_Acc: [45.98, 45.26, 20.69, 33.33] Domain_BestAcc: [45.98, 45.26, 27.59, 33.33]
Prune local model 0, pr_ratio = [0, 0, 0, 0]
Prune local model 7, pr_ratio = [0.4, 0.4, 0.4, 0.4]
Prune local model 4, pr_ratio = [0.6, 0.6, 0.6, 0.6]
Prune local model 1, pr_ratio = [0.2, 0.2, 0.2, 0.2]
Prune local model 5, pr_ratio = [0, 0, 0, 0]
Prune local model 9, pr_ratio = [0.6, 0.6, 0.6, 0.6]
Prune local model 6, pr_ratio = [0.2, 0.2, 0.2, 0.2]
Prune local model 2, pr_ratio = [0.4, 0.4, 0.4, 0.4]
Prune local model 8, pr_ratio = [0.5, 0.5, 0.5, 0.5]
Prune local model 3, pr_ratio = [0.5, 0.5, 0.5, 0.5]
Round: 12 Method: dapperfl Mean_Acc: 38.57 Best_Acc: 38.57
Domain_Acc: [45.09, 50.0, 25.86, 33.33] Domain_BestAcc: [45.98, 50.0, 27.59, 33.33]
Prune local model 8, pr_ratio = [0.5, 0.5, 0.5, 0.5]
Prune local model 2, pr_ratio = [0.4, 0.4, 0.4, 0.4]
Prune local model 5, pr_ratio = [0, 0, 0, 0]
Prune local model 0, pr_ratio = [0, 0, 0, 0]
Prune local model 6, pr_ratio = [0.2, 0.2, 0.2, 0.2]
Prune local model 1, pr_ratio = [0.2, 0.2, 0.2, 0.2]
Prune local model 3, pr_ratio = [0.5, 0.5, 0.5, 0.5]
Prune local model 4, pr_ratio = [0.6, 0.6, 0.6, 0.6]
Prune local model 9, pr_ratio = [0.6, 0.6, 0.6, 0.6]
Prune local model 7, pr_ratio = [0.4, 0.4, 0.4, 0.4]
Round: 13 Method: dapperfl Mean_Acc: 42.202 Best_Acc: 42.202
Domain_Acc: [48.66, 55.79, 31.03, 33.33] Domain_BestAcc: [48.66, 55.79, 31.03, 33.33]
Prune local model 7, pr_ratio = [0.4, 0.4, 0.4, 0.4]
Prune local model 9, pr_ratio = [0.6, 0.6, 0.6, 0.6]
Prune local model 4, pr_ratio = [0.6, 0.6, 0.6, 0.6]
Prune local model 0, pr_ratio = [0, 0, 0, 0]
Prune local model 6, pr_ratio = [0.2, 0.2, 0.2, 0.2]
Prune local model 3, pr_ratio = [0.5, 0.5, 0.5, 0.5]
Prune local model 1, pr_ratio = [0.2, 0.2, 0.2, 0.2]
Prune local model 2, pr_ratio = [0.4, 0.4, 0.4, 0.4]
Prune local model 8, pr_ratio = [0.5, 0.5, 0.5, 0.5]
Prune local model 5, pr_ratio = [0, 0, 0, 0]
Round: 14 Method: dapperfl Mean_Acc: 38.043 Best_Acc: 42.202
Domain_Acc: [42.86, 50.0, 29.31, 30.0] Domain_BestAcc: [48.66, 55.79, 31.03, 33.33]
Prune local model 5, pr_ratio = [0, 0, 0, 0]
Prune local model 2, pr_ratio = [0.4, 0.4, 0.4, 0.4]
Prune local model 1, pr_ratio = [0.2, 0.2, 0.2, 0.2]
Prune local model 3, pr_ratio = [0.5, 0.5, 0.5, 0.5]
Prune local model 0, pr_ratio = [0, 0, 0, 0]
Prune local model 6, pr_ratio = [0.2, 0.2, 0.2, 0.2]
Prune local model 9, pr_ratio = [0.6, 0.6, 0.6, 0.6]
Prune local model 7, pr_ratio = [0.4, 0.4, 0.4, 0.4]
Prune local model 4, pr_ratio = [0.6, 0.6, 0.6, 0.6]
Prune local model 8, pr_ratio = [0.5, 0.5, 0.5, 0.5]
Round: 15 Method: dapperfl Mean_Acc: 34.622 Best_Acc: 42.202
Domain_Acc: [39.73, 54.74, 20.69, 23.33] Domain_BestAcc: [48.66, 55.79, 31.03, 33.33]
Prune local model 8, pr_ratio = [0.5, 0.5, 0.5, 0.5]
Prune local model 2, pr_ratio = [0.4, 0.4, 0.4, 0.4]
Prune local model 3, pr_ratio = [0.5, 0.5, 0.5, 0.5]
Prune local model 5, pr_ratio = [0, 0, 0, 0]
Prune local model 1, pr_ratio = [0.2, 0.2, 0.2, 0.2]
Prune local model 0, pr_ratio = [0, 0, 0, 0]
Prune local model 6, pr_ratio = [0.2, 0.2, 0.2, 0.2]
Prune local model 4, pr_ratio = [0.6, 0.6, 0.6, 0.6]
Prune local model 9, pr_ratio = [0.6, 0.6, 0.6, 0.6]
Prune local model 7, pr_ratio = [0.4, 0.4, 0.4, 0.4]
Round: 16 Method: dapperfl Mean_Acc: 40.312 Best_Acc: 42.202
Domain_Acc: [45.98, 52.63, 29.31, 33.33] Domain_BestAcc: [48.66, 55.79, 31.03, 33.33]
Prune local model 0, pr_ratio = [0, 0, 0, 0]
Prune local model 3, pr_ratio = [0.5, 0.5, 0.5, 0.5]
Prune local model 5, pr_ratio = [0, 0, 0, 0]
Prune local model 8, pr_ratio = [0.5, 0.5, 0.5, 0.5]
Prune local model 4, pr_ratio = [0.6, 0.6, 0.6, 0.6]
Prune local model 9, pr_ratio = [0.6, 0.6, 0.6, 0.6]
Prune local model 2, pr_ratio = [0.4, 0.4, 0.4, 0.4]
Prune local model 6, pr_ratio = [0.2, 0.2, 0.2, 0.2]
Prune local model 1, pr_ratio = [0.2, 0.2, 0.2, 0.2]
Prune local model 7, pr_ratio = [0.4, 0.4, 0.4, 0.4]
Round: 17 Method: dapperfl Mean_Acc: 44.23 Best_Acc: 44.23
Domain_Acc: [50.45, 52.11, 31.03, 43.33] Domain_BestAcc: [50.45, 55.79, 31.03, 43.33]
Prune local model 4, pr_ratio = [0.6, 0.6, 0.6, 0.6]
Prune local model 2, pr_ratio = [0.4, 0.4, 0.4, 0.4]
Prune local model 5, pr_ratio = [0, 0, 0, 0]
Prune local model 3, pr_ratio = [0.5, 0.5, 0.5, 0.5]
Prune local model 1, pr_ratio = [0.2, 0.2, 0.2, 0.2]
Prune local model 6, pr_ratio = [0.2, 0.2, 0.2, 0.2]
Prune local model 8, pr_ratio = [0.5, 0.5, 0.5, 0.5]
Prune local model 0, pr_ratio = [0, 0, 0, 0]
Prune local model 7, pr_ratio = [0.4, 0.4, 0.4, 0.4]
Prune local model 9, pr_ratio = [0.6, 0.6, 0.6, 0.6]
Round: 18 Method: dapperfl Mean_Acc: 40.69 Best_Acc: 44.23
Domain_Acc: [50.0, 63.68, 22.41, 26.67] Domain_BestAcc: [50.45, 63.68, 31.03, 43.33]
Prune local model 0, pr_ratio = [0, 0, 0, 0]
Prune local model 2, pr_ratio = [0.4, 0.4, 0.4, 0.4]
Prune local model 3, pr_ratio = [0.5, 0.5, 0.5, 0.5]
Prune local model 8, pr_ratio = [0.5, 0.5, 0.5, 0.5]
Prune local model 6, pr_ratio = [0.2, 0.2, 0.2, 0.2]
Prune local model 5, pr_ratio = [0, 0, 0, 0]
Prune local model 4, pr_ratio = [0.6, 0.6, 0.6, 0.6]
Prune local model 9, pr_ratio = [0.6, 0.6, 0.6, 0.6]
Prune local model 7, pr_ratio = [0.4, 0.4, 0.4, 0.4]
Prune local model 1, pr_ratio = [0.2, 0.2, 0.2, 0.2]
Round: 19 Method: dapperfl Mean_Acc: 37.665 Best_Acc: 44.23
Domain_Acc: [45.09, 53.16, 22.41, 30.0] Domain_BestAcc: [50.45, 63.68, 31.03, 43.33]
Prune local model 5, pr_ratio = [0, 0, 0, 0]
Prune local model 4, pr_ratio = [0.6, 0.6, 0.6, 0.6]
Prune local model 9, pr_ratio = [0.6, 0.6, 0.6, 0.6]
Prune local model 2, pr_ratio = [0.4, 0.4, 0.4, 0.4]
Prune local model 6, pr_ratio = [0.2, 0.2, 0.2, 0.2]
Prune local model 0, pr_ratio = [0, 0, 0, 0]
Prune local model 1, pr_ratio = [0.2, 0.2, 0.2, 0.2]
Prune local model 3, pr_ratio = [0.5, 0.5, 0.5, 0.5]
Prune local model 8, pr_ratio = [0.5, 0.5, 0.5, 0.5]
Prune local model 7, pr_ratio = [0.4, 0.4, 0.4, 0.4]
Round: 20 Method: dapperfl Mean_Acc: 33.892 Best_Acc: 44.23
Domain_Acc: [43.3, 51.58, 20.69, 20.0] Domain_BestAcc: [50.45, 63.68, 31.03, 43.33]
Prune local model 6, pr_ratio = [0.2, 0.2, 0.2, 0.2]
Prune local model 7, pr_ratio = [0.4, 0.4, 0.4, 0.4]
Prune local model 2, pr_ratio = [0.4, 0.4, 0.4, 0.4]
Prune local model 8, pr_ratio = [0.5, 0.5, 0.5, 0.5]
Prune local model 4, pr_ratio = [0.6, 0.6, 0.6, 0.6]
Prune local model 5, pr_ratio = [0, 0, 0, 0]
Prune local model 0, pr_ratio = [0, 0, 0, 0]
Prune local model 9, pr_ratio = [0.6, 0.6, 0.6, 0.6]
Prune local model 3, pr_ratio = [0.5, 0.5, 0.5, 0.5]
Prune local model 1, pr_ratio = [0.2, 0.2, 0.2, 0.2]
Round: 21 Method: dapperfl Mean_Acc: 39.055 Best_Acc: 44.23
Domain_Acc: [47.32, 63.16, 22.41, 23.33] Domain_BestAcc: [50.45, 63.68, 31.03, 43.33]
Prune local model 7, pr_ratio = [0.4, 0.4, 0.4, 0.4]
Prune local model 2, pr_ratio = [0.4, 0.4, 0.4, 0.4]
Prune local model 5, pr_ratio = [0, 0, 0, 0]
Prune local model 9, pr_ratio = [0.6, 0.6, 0.6, 0.6]
Prune local model 0, pr_ratio = [0, 0, 0, 0]
Prune local model 4, pr_ratio = [0.6, 0.6, 0.6, 0.6]
Prune local model 8, pr_ratio = [0.5, 0.5, 0.5, 0.5]
Prune local model 3, pr_ratio = [0.5, 0.5, 0.5, 0.5]
Prune local model 1, pr_ratio = [0.2, 0.2, 0.2, 0.2]
Prune local model 6, pr_ratio = [0.2, 0.2, 0.2, 0.2]
Round: 22 Method: dapperfl Mean_Acc: 42.02 Best_Acc: 44.23
Domain_Acc: [46.88, 56.84, 31.03, 33.33] Domain_BestAcc: [50.45, 63.68, 31.03, 43.33]
Prune local model 1, pr_ratio = [0.2, 0.2, 0.2, 0.2]
Prune local model 5, pr_ratio = [0, 0, 0, 0]
Prune local model 9, pr_ratio = [0.6, 0.6, 0.6, 0.6]
Prune local model 8, pr_ratio = [0.5, 0.5, 0.5, 0.5]
Prune local model 4, pr_ratio = [0.6, 0.6, 0.6, 0.6]
Prune local model 2, pr_ratio = [0.4, 0.4, 0.4, 0.4]
Prune local model 6, pr_ratio = [0.2, 0.2, 0.2, 0.2]
Prune local model 0, pr_ratio = [0, 0, 0, 0]
Prune local model 7, pr_ratio = [0.4, 0.4, 0.4, 0.4]
Prune local model 3, pr_ratio = [0.5, 0.5, 0.5, 0.5]
Round: 23 Method: dapperfl Mean_Acc: 39.33 Best_Acc: 44.23
Domain_Acc: [41.52, 63.16, 29.31, 23.33] Domain_BestAcc: [50.45, 63.68, 31.03, 43.33]
Prune local model 0, pr_ratio = [0, 0, 0, 0]
Prune local model 4, pr_ratio = [0.6, 0.6, 0.6, 0.6]
Prune local model 6, pr_ratio = [0.2, 0.2, 0.2, 0.2]
Prune local model 3, pr_ratio = [0.5, 0.5, 0.5, 0.5]
Prune local model 5, pr_ratio = [0, 0, 0, 0]
Prune local model 9, pr_ratio = [0.6, 0.6, 0.6, 0.6]
Prune local model 2, pr_ratio = [0.4, 0.4, 0.4, 0.4]
Prune local model 8, pr_ratio = [0.5, 0.5, 0.5, 0.5]
Prune local model 7, pr_ratio = [0.4, 0.4, 0.4, 0.4]
Prune local model 1, pr_ratio = [0.2, 0.2, 0.2, 0.2]
Round: 24 Method: dapperfl Mean_Acc: 42.308 Best_Acc: 44.23
Domain_Acc: [50.45, 59.47, 29.31, 30.0] Domain_BestAcc: [50.45, 63.68, 31.03, 43.33]
Prune local model 0, pr_ratio = [0, 0, 0, 0]
Prune local model 5, pr_ratio = [0, 0, 0, 0]
Prune local model 3, pr_ratio = [0.5, 0.5, 0.5, 0.5]
Prune local model 2, pr_ratio = [0.4, 0.4, 0.4, 0.4]
Prune local model 4, pr_ratio = [0.6, 0.6, 0.6, 0.6]
Prune local model 7, pr_ratio = [0.4, 0.4, 0.4, 0.4]
Prune local model 8, pr_ratio = [0.5, 0.5, 0.5, 0.5]
Prune local model 6, pr_ratio = [0.2, 0.2, 0.2, 0.2]
Prune local model 1, pr_ratio = [0.2, 0.2, 0.2, 0.2]
Prune local model 9, pr_ratio = [0.6, 0.6, 0.6, 0.6]
Round: 25 Method: dapperfl Mean_Acc: 34.472 Best_Acc: 44.23
Domain_Acc: [45.09, 52.11, 20.69, 20.0] Domain_BestAcc: [50.45, 63.68, 31.03, 43.33]
Prune local model 0, pr_ratio = [0, 0, 0, 0]
Prune local model 8, pr_ratio = [0.5, 0.5, 0.5, 0.5]
Prune local model 2, pr_ratio = [0.4, 0.4, 0.4, 0.4]
Prune local model 1, pr_ratio = [0.2, 0.2, 0.2, 0.2]
Prune local model 3, pr_ratio = [0.5, 0.5, 0.5, 0.5]
Prune local model 4, pr_ratio = [0.6, 0.6, 0.6, 0.6]
Prune local model 6, pr_ratio = [0.2, 0.2, 0.2, 0.2]
Prune local model 9, pr_ratio = [0.6, 0.6, 0.6, 0.6]
Prune local model 7, pr_ratio = [0.4, 0.4, 0.4, 0.4]
Prune local model 5, pr_ratio = [0, 0, 0, 0]
Round: 26 Method: dapperfl Mean_Acc: 43.145 Best_Acc: 44.23
Domain_Acc: [51.34, 65.26, 29.31, 26.67] Domain_BestAcc: [51.34, 65.26, 31.03, 43.33]
Prune local model 5, pr_ratio = [0, 0, 0, 0]
Prune local model 9, pr_ratio = [0.6, 0.6, 0.6, 0.6]
Prune local model 6, pr_ratio = [0.2, 0.2, 0.2, 0.2]
Prune local model 4, pr_ratio = [0.6, 0.6, 0.6, 0.6]
Prune local model 0, pr_ratio = [0, 0, 0, 0]
Prune local model 1, pr_ratio = [0.2, 0.2, 0.2, 0.2]
Prune local model 7, pr_ratio = [0.4, 0.4, 0.4, 0.4]
Prune local model 3, pr_ratio = [0.5, 0.5, 0.5, 0.5]
Prune local model 8, pr_ratio = [0.5, 0.5, 0.5, 0.5]
Prune local model 2, pr_ratio = [0.4, 0.4, 0.4, 0.4]
Round: 27 Method: dapperfl Mean_Acc: 40.558 Best_Acc: 44.23
Domain_Acc: [45.98, 62.11, 24.14, 30.0] Domain_BestAcc: [51.34, 65.26, 31.03, 43.33]
Prune local model 4, pr_ratio = [0.6, 0.6, 0.6, 0.6]
Prune local model 9, pr_ratio = [0.6, 0.6, 0.6, 0.6]
Prune local model 2, pr_ratio = [0.4, 0.4, 0.4, 0.4]
Prune local model 1, pr_ratio = [0.2, 0.2, 0.2, 0.2]
Prune local model 0, pr_ratio = [0, 0, 0, 0]
Prune local model 7, pr_ratio = [0.4, 0.4, 0.4, 0.4]
Prune local model 5, pr_ratio = [0, 0, 0, 0]
Prune local model 3, pr_ratio = [0.5, 0.5, 0.5, 0.5]
Prune local model 8, pr_ratio = [0.5, 0.5, 0.5, 0.5]
Prune local model 6, pr_ratio = [0.2, 0.2, 0.2, 0.2]
Round: 28 Method: dapperfl Mean_Acc: 39.425 Best_Acc: 44.23
Domain_Acc: [47.32, 54.74, 18.97, 36.67] Domain_BestAcc: [51.34, 65.26, 31.03, 43.33]
Prune local model 4, pr_ratio = [0.6, 0.6, 0.6, 0.6]
Prune local model 0, pr_ratio = [0, 0, 0, 0]
Prune local model 7, pr_ratio = [0.4, 0.4, 0.4, 0.4]
Prune local model 1, pr_ratio = [0.2, 0.2, 0.2, 0.2]
Prune local model 3, pr_ratio = [0.5, 0.5, 0.5, 0.5]
Prune local model 8, pr_ratio = [0.5, 0.5, 0.5, 0.5]
Prune local model 2, pr_ratio = [0.4, 0.4, 0.4, 0.4]
Prune local model 5, pr_ratio = [0, 0, 0, 0]
Prune local model 9, pr_ratio = [0.6, 0.6, 0.6, 0.6]
Prune local model 6, pr_ratio = [0.2, 0.2, 0.2, 0.2]
Round: 29 Method: dapperfl Mean_Acc: 42.82 Best_Acc: 44.23
Domain_Acc: [49.55, 57.37, 31.03, 33.33] Domain_BestAcc: [51.34, 65.26, 31.03, 43.33]
Prune local model 3, pr_ratio = [0.5, 0.5, 0.5, 0.5]
Prune local model 6, pr_ratio = [0.2, 0.2, 0.2, 0.2]
Prune local model 7, pr_ratio = [0.4, 0.4, 0.4, 0.4]
Prune local model 5, pr_ratio = [0, 0, 0, 0]
Prune local model 0, pr_ratio = [0, 0, 0, 0]
Prune local model 9, pr_ratio = [0.6, 0.6, 0.6, 0.6]
Prune local model 2, pr_ratio = [0.4, 0.4, 0.4, 0.4]
Prune local model 4, pr_ratio = [0.6, 0.6, 0.6, 0.6]
Prune local model 1, pr_ratio = [0.2, 0.2, 0.2, 0.2]
Prune local model 8, pr_ratio = [0.5, 0.5, 0.5, 0.5]
Round: 30 Method: dapperfl Mean_Acc: 43.565 Best_Acc: 44.23
Domain_Acc: [50.45, 61.05, 32.76, 30.0] Domain_BestAcc: [51.34, 65.26, 32.76, 43.33]
Prune local model 8, pr_ratio = [0.5, 0.5, 0.5, 0.5]
Prune local model 5, pr_ratio = [0, 0, 0, 0]
Prune local model 7, pr_ratio = [0.4, 0.4, 0.4, 0.4]
Prune local model 0, pr_ratio = [0, 0, 0, 0]
Prune local model 9, pr_ratio = [0.6, 0.6, 0.6, 0.6]
Prune local model 2, pr_ratio = [0.4, 0.4, 0.4, 0.4]
Prune local model 1, pr_ratio = [0.2, 0.2, 0.2, 0.2]
Prune local model 4, pr_ratio = [0.6, 0.6, 0.6, 0.6]
Prune local model 6, pr_ratio = [0.2, 0.2, 0.2, 0.2]
Prune local model 3, pr_ratio = [0.5, 0.5, 0.5, 0.5]
Round: 31 Method: dapperfl Mean_Acc: 45.672 Best_Acc: 45.672
Domain_Acc: [50.89, 64.21, 27.59, 40.0] Domain_BestAcc: [51.34, 65.26, 32.76, 43.33]
Prune local model 7, pr_ratio = [0.4, 0.4, 0.4, 0.4]
Prune local model 2, pr_ratio = [0.4, 0.4, 0.4, 0.4]
Prune local model 0, pr_ratio = [0, 0, 0, 0]
Prune local model 5, pr_ratio = [0, 0, 0, 0]
Prune local model 4, pr_ratio = [0.6, 0.6, 0.6, 0.6]
Prune local model 9, pr_ratio = [0.6, 0.6, 0.6, 0.6]
Prune local model 8, pr_ratio = [0.5, 0.5, 0.5, 0.5]
Prune local model 3, pr_ratio = [0.5, 0.5, 0.5, 0.5]
Prune local model 1, pr_ratio = [0.2, 0.2, 0.2, 0.2]
Prune local model 6, pr_ratio = [0.2, 0.2, 0.2, 0.2]
Round: 32 Method: dapperfl Mean_Acc: 42.575 Best_Acc: 45.672
Domain_Acc: [47.77, 60.0, 25.86, 36.67] Domain_BestAcc: [51.34, 65.26, 32.76, 43.33]
Prune local model 0, pr_ratio = [0, 0, 0, 0]
Prune local model 8, pr_ratio = [0.5, 0.5, 0.5, 0.5]
Prune local model 9, pr_ratio = [0.6, 0.6, 0.6, 0.6]
Prune local model 3, pr_ratio = [0.5, 0.5, 0.5, 0.5]
Prune local model 7, pr_ratio = [0.4, 0.4, 0.4, 0.4]
Prune local model 6, pr_ratio = [0.2, 0.2, 0.2, 0.2]
Prune local model 2, pr_ratio = [0.4, 0.4, 0.4, 0.4]
Prune local model 5, pr_ratio = [0, 0, 0, 0]
Prune local model 4, pr_ratio = [0.6, 0.6, 0.6, 0.6]
Prune local model 1, pr_ratio = [0.2, 0.2, 0.2, 0.2]
Round: 33 Method: dapperfl Mean_Acc: 44.468 Best_Acc: 45.672
Domain_Acc: [49.55, 65.79, 25.86, 36.67] Domain_BestAcc: [51.34, 65.79, 32.76, 43.33]
Prune local model 3, pr_ratio = [0.5, 0.5, 0.5, 0.5]
Prune local model 7, pr_ratio = [0.4, 0.4, 0.4, 0.4]
Prune local model 6, pr_ratio = [0.2, 0.2, 0.2, 0.2]
Prune local model 1, pr_ratio = [0.2, 0.2, 0.2, 0.2]
Prune local model 9, pr_ratio = [0.6, 0.6, 0.6, 0.6]
Prune local model 2, pr_ratio = [0.4, 0.4, 0.4, 0.4]
Prune local model 8, pr_ratio = [0.5, 0.5, 0.5, 0.5]
Prune local model 4, pr_ratio = [0.6, 0.6, 0.6, 0.6]
Prune local model 0, pr_ratio = [0, 0, 0, 0]
Prune local model 5, pr_ratio = [0, 0, 0, 0]
Round: 34 Method: dapperfl Mean_Acc: 41.573 Best_Acc: 45.672
Domain_Acc: [50.45, 61.58, 27.59, 26.67] Domain_BestAcc: [51.34, 65.79, 32.76, 43.33]
Prune local model 5, pr_ratio = [0, 0, 0, 0]
Prune local model 2, pr_ratio = [0.4, 0.4, 0.4, 0.4]
Prune local model 3, pr_ratio = [0.5, 0.5, 0.5, 0.5]
Prune local model 9, pr_ratio = [0.6, 0.6, 0.6, 0.6]
Prune local model 4, pr_ratio = [0.6, 0.6, 0.6, 0.6]
Prune local model 1, pr_ratio = [0.2, 0.2, 0.2, 0.2]
Prune local model 6, pr_ratio = [0.2, 0.2, 0.2, 0.2]
Prune local model 8, pr_ratio = [0.5, 0.5, 0.5, 0.5]
Prune local model 7, pr_ratio = [0.4, 0.4, 0.4, 0.4]
Prune local model 0, pr_ratio = [0, 0, 0, 0]
Round: 35 Method: dapperfl Mean_Acc: 46.645 Best_Acc: 46.645
Domain_Acc: [51.79, 70.53, 27.59, 36.67] Domain_BestAcc: [51.79, 70.53, 32.76, 43.33]
Prune local model 1, pr_ratio = [0.2, 0.2, 0.2, 0.2]
Prune local model 8, pr_ratio = [0.5, 0.5, 0.5, 0.5]
Prune local model 9, pr_ratio = [0.6, 0.6, 0.6, 0.6]
Prune local model 7, pr_ratio = [0.4, 0.4, 0.4, 0.4]
Prune local model 4, pr_ratio = [0.6, 0.6, 0.6, 0.6]
Prune local model 6, pr_ratio = [0.2, 0.2, 0.2, 0.2]
Prune local model 5, pr_ratio = [0, 0, 0, 0]
Prune local model 0, pr_ratio = [0, 0, 0, 0]
Prune local model 2, pr_ratio = [0.4, 0.4, 0.4, 0.4]
Prune local model 3, pr_ratio = [0.5, 0.5, 0.5, 0.5]
Round: 36 Method: dapperfl Mean_Acc: 40.51 Best_Acc: 46.645
Domain_Acc: [43.75, 57.37, 27.59, 33.33] Domain_BestAcc: [51.79, 70.53, 32.76, 43.33]
Prune local model 9, pr_ratio = [0.6, 0.6, 0.6, 0.6]
Prune local model 3, pr_ratio = [0.5, 0.5, 0.5, 0.5]
Prune local model 0, pr_ratio = [0, 0, 0, 0]
Prune local model 1, pr_ratio = [0.2, 0.2, 0.2, 0.2]
Prune local model 6, pr_ratio = [0.2, 0.2, 0.2, 0.2]
Prune local model 8, pr_ratio = [0.5, 0.5, 0.5, 0.5]
Prune local model 5, pr_ratio = [0, 0, 0, 0]
Prune local model 7, pr_ratio = [0.4, 0.4, 0.4, 0.4]
Prune local model 4, pr_ratio = [0.6, 0.6, 0.6, 0.6]
Prune local model 2, pr_ratio = [0.4, 0.4, 0.4, 0.4]
Round: 37 Method: dapperfl Mean_Acc: 47.152 Best_Acc: 47.152
Domain_Acc: [58.48, 71.05, 22.41, 36.67] Domain_BestAcc: [58.48, 71.05, 32.76, 43.33]
Prune local model 0, pr_ratio = [0, 0, 0, 0]
Prune local model 8, pr_ratio = [0.5, 0.5, 0.5, 0.5]
Prune local model 3, pr_ratio = [0.5, 0.5, 0.5, 0.5]
Prune local model 6, pr_ratio = [0.2, 0.2, 0.2, 0.2]
Prune local model 7, pr_ratio = [0.4, 0.4, 0.4, 0.4]
Prune local model 4, pr_ratio = [0.6, 0.6, 0.6, 0.6]
Prune local model 5, pr_ratio = [0, 0, 0, 0]
Prune local model 2, pr_ratio = [0.4, 0.4, 0.4, 0.4]
Prune local model 1, pr_ratio = [0.2, 0.2, 0.2, 0.2]
Prune local model 9, pr_ratio = [0.6, 0.6, 0.6, 0.6]
Round: 38 Method: dapperfl Mean_Acc: 47.718 Best_Acc: 47.718
Domain_Acc: [54.46, 55.26, 34.48, 46.67] Domain_BestAcc: [58.48, 71.05, 34.48, 46.67]
Prune local model 7, pr_ratio = [0.4, 0.4, 0.4, 0.4]
Prune local model 4, pr_ratio = [0.6, 0.6, 0.6, 0.6]
Prune local model 1, pr_ratio = [0.2, 0.2, 0.2, 0.2]
Prune local model 8, pr_ratio = [0.5, 0.5, 0.5, 0.5]
Prune local model 5, pr_ratio = [0, 0, 0, 0]
Prune local model 6, pr_ratio = [0.2, 0.2, 0.2, 0.2]
Prune local model 3, pr_ratio = [0.5, 0.5, 0.5, 0.5]
Prune local model 0, pr_ratio = [0, 0, 0, 0]
Prune local model 9, pr_ratio = [0.6, 0.6, 0.6, 0.6]
Prune local model 2, pr_ratio = [0.4, 0.4, 0.4, 0.4]
Round: 39 Method: dapperfl Mean_Acc: 45.73 Best_Acc: 47.718
Domain_Acc: [54.02, 59.47, 32.76, 36.67] Domain_BestAcc: [58.48, 71.05, 34.48, 46.67]
Prune local model 8, pr_ratio = [0.5, 0.5, 0.5, 0.5]
Prune local model 5, pr_ratio = [0, 0, 0, 0]
Prune local model 6, pr_ratio = [0.2, 0.2, 0.2, 0.2]
Prune local model 4, pr_ratio = [0.6, 0.6, 0.6, 0.6]
Prune local model 9, pr_ratio = [0.6, 0.6, 0.6, 0.6]
Prune local model 3, pr_ratio = [0.5, 0.5, 0.5, 0.5]
Prune local model 0, pr_ratio = [0, 0, 0, 0]
Prune local model 1, pr_ratio = [0.2, 0.2, 0.2, 0.2]
Prune local model 2, pr_ratio = [0.4, 0.4, 0.4, 0.4]
Prune local model 7, pr_ratio = [0.4, 0.4, 0.4, 0.4]
Round: 40 Method: dapperfl Mean_Acc: 46.955 Best_Acc: 47.718
Domain_Acc: [52.23, 67.89, 31.03, 36.67] Domain_BestAcc: [58.48, 71.05, 34.48, 46.67]
Prune local model 6, pr_ratio = [0.2, 0.2, 0.2, 0.2]
Prune local model 7, pr_ratio = [0.4, 0.4, 0.4, 0.4]
Prune local model 8, pr_ratio = [0.5, 0.5, 0.5, 0.5]
Prune local model 1, pr_ratio = [0.2, 0.2, 0.2, 0.2]
Prune local model 0, pr_ratio = [0, 0, 0, 0]
Prune local model 3, pr_ratio = [0.5, 0.5, 0.5, 0.5]
Prune local model 5, pr_ratio = [0, 0, 0, 0]
Prune local model 2, pr_ratio = [0.4, 0.4, 0.4, 0.4]
Prune local model 9, pr_ratio = [0.6, 0.6, 0.6, 0.6]
Prune local model 4, pr_ratio = [0.6, 0.6, 0.6, 0.6]
Round: 41 Method: dapperfl Mean_Acc: 45.308 Best_Acc: 47.718
Domain_Acc: [52.23, 64.74, 27.59, 36.67] Domain_BestAcc: [58.48, 71.05, 34.48, 46.67]
Prune local model 1, pr_ratio = [0.2, 0.2, 0.2, 0.2]
Prune local model 7, pr_ratio = [0.4, 0.4, 0.4, 0.4]
Prune local model 8, pr_ratio = [0.5, 0.5, 0.5, 0.5]
Prune local model 5, pr_ratio = [0, 0, 0, 0]
Prune local model 4, pr_ratio = [0.6, 0.6, 0.6, 0.6]
Prune local model 9, pr_ratio = [0.6, 0.6, 0.6, 0.6]
Prune local model 6, pr_ratio = [0.2, 0.2, 0.2, 0.2]
Prune local model 2, pr_ratio = [0.4, 0.4, 0.4, 0.4]
Prune local model 0, pr_ratio = [0, 0, 0, 0]
Prune local model 3, pr_ratio = [0.5, 0.5, 0.5, 0.5]
Round: 42 Method: dapperfl Mean_Acc: 49.33 Best_Acc: 49.33
Domain_Acc: [51.79, 71.05, 34.48, 40.0] Domain_BestAcc: [58.48, 71.05, 34.48, 46.67]
Prune local model 2, pr_ratio = [0.4, 0.4, 0.4, 0.4]
Prune local model 4, pr_ratio = [0.6, 0.6, 0.6, 0.6]
Prune local model 7, pr_ratio = [0.4, 0.4, 0.4, 0.4]
Prune local model 0, pr_ratio = [0, 0, 0, 0]
Prune local model 9, pr_ratio = [0.6, 0.6, 0.6, 0.6]
Prune local model 1, pr_ratio = [0.2, 0.2, 0.2, 0.2]
Prune local model 6, pr_ratio = [0.2, 0.2, 0.2, 0.2]
Prune local model 3, pr_ratio = [0.5, 0.5, 0.5, 0.5]
Prune local model 5, pr_ratio = [0, 0, 0, 0]
Prune local model 8, pr_ratio = [0.5, 0.5, 0.5, 0.5]
Round: 43 Method: dapperfl Mean_Acc: 46.992 Best_Acc: 49.33
Domain_Acc: [54.02, 59.47, 34.48, 40.0] Domain_BestAcc: [58.48, 71.05, 34.48, 46.67]
Prune local model 9, pr_ratio = [0.6, 0.6, 0.6, 0.6]
Prune local model 8, pr_ratio = [0.5, 0.5, 0.5, 0.5]
Prune local model 0, pr_ratio = [0, 0, 0, 0]
Prune local model 3, pr_ratio = [0.5, 0.5, 0.5, 0.5]
Prune local model 2, pr_ratio = [0.4, 0.4, 0.4, 0.4]
Prune local model 4, pr_ratio = [0.6, 0.6, 0.6, 0.6]
Prune local model 6, pr_ratio = [0.2, 0.2, 0.2, 0.2]
Prune local model 1, pr_ratio = [0.2, 0.2, 0.2, 0.2]
Prune local model 7, pr_ratio = [0.4, 0.4, 0.4, 0.4]
Prune local model 5, pr_ratio = [0, 0, 0, 0]
Round: 44 Method: dapperfl Mean_Acc: 47.025 Best_Acc: 49.33
Domain_Acc: [54.02, 63.16, 27.59, 43.33] Domain_BestAcc: [58.48, 71.05, 34.48, 46.67]
Prune local model 7, pr_ratio = [0.4, 0.4, 0.4, 0.4]
Prune local model 0, pr_ratio = [0, 0, 0, 0]
Prune local model 5, pr_ratio = [0, 0, 0, 0]
Prune local model 6, pr_ratio = [0.2, 0.2, 0.2, 0.2]
Prune local model 2, pr_ratio = [0.4, 0.4, 0.4, 0.4]
Prune local model 3, pr_ratio = [0.5, 0.5, 0.5, 0.5]
Prune local model 8, pr_ratio = [0.5, 0.5, 0.5, 0.5]
Prune local model 4, pr_ratio = [0.6, 0.6, 0.6, 0.6]
Prune local model 9, pr_ratio = [0.6, 0.6, 0.6, 0.6]
Prune local model 1, pr_ratio = [0.2, 0.2, 0.2, 0.2]
Round: 45 Method: dapperfl Mean_Acc: 45.128 Best_Acc: 49.33
Domain_Acc: [56.25, 60.0, 27.59, 36.67] Domain_BestAcc: [58.48, 71.05, 34.48, 46.67]
Prune local model 4, pr_ratio = [0.6, 0.6, 0.6, 0.6]
Prune local model 6, pr_ratio = [0.2, 0.2, 0.2, 0.2]
Prune local model 8, pr_ratio = [0.5, 0.5, 0.5, 0.5]
Prune local model 3, pr_ratio = [0.5, 0.5, 0.5, 0.5]
Prune local model 2, pr_ratio = [0.4, 0.4, 0.4, 0.4]
Prune local model 0, pr_ratio = [0, 0, 0, 0]
Prune local model 7, pr_ratio = [0.4, 0.4, 0.4, 0.4]
Prune local model 5, pr_ratio = [0, 0, 0, 0]
Prune local model 9, pr_ratio = [0.6, 0.6, 0.6, 0.6]
Prune local model 1, pr_ratio = [0.2, 0.2, 0.2, 0.2]
Round: 46 Method: dapperfl Mean_Acc: 45.748 Best_Acc: 49.33
Domain_Acc: [50.0, 63.68, 29.31, 40.0] Domain_BestAcc: [58.48, 71.05, 34.48, 46.67]
Prune local model 2, pr_ratio = [0.4, 0.4, 0.4, 0.4]
Prune local model 3, pr_ratio = [0.5, 0.5, 0.5, 0.5]
Prune local model 0, pr_ratio = [0, 0, 0, 0]
Prune local model 9, pr_ratio = [0.6, 0.6, 0.6, 0.6]
Prune local model 5, pr_ratio = [0, 0, 0, 0]
Prune local model 8, pr_ratio = [0.5, 0.5, 0.5, 0.5]
Prune local model 6, pr_ratio = [0.2, 0.2, 0.2, 0.2]
Prune local model 7, pr_ratio = [0.4, 0.4, 0.4, 0.4]
Prune local model 1, pr_ratio = [0.2, 0.2, 0.2, 0.2]
Prune local model 4, pr_ratio = [0.6, 0.6, 0.6, 0.6]
Round: 47 Method: dapperfl Mean_Acc: 48.478 Best_Acc: 49.33
Domain_Acc: [55.36, 65.79, 32.76, 40.0] Domain_BestAcc: [58.48, 71.05, 34.48, 46.67]
Prune local model 8, pr_ratio = [0.5, 0.5, 0.5, 0.5]
Prune local model 5, pr_ratio = [0, 0, 0, 0]
Prune local model 9, pr_ratio = [0.6, 0.6, 0.6, 0.6]
Prune local model 6, pr_ratio = [0.2, 0.2, 0.2, 0.2]
Prune local model 1, pr_ratio = [0.2, 0.2, 0.2, 0.2]
Prune local model 2, pr_ratio = [0.4, 0.4, 0.4, 0.4]
Prune local model 7, pr_ratio = [0.4, 0.4, 0.4, 0.4]
Prune local model 4, pr_ratio = [0.6, 0.6, 0.6, 0.6]
Prune local model 0, pr_ratio = [0, 0, 0, 0]
Prune local model 3, pr_ratio = [0.5, 0.5, 0.5, 0.5]
Round: 48 Method: dapperfl Mean_Acc: 45.727 Best_Acc: 49.33
Domain_Acc: [46.88, 66.84, 25.86, 43.33] Domain_BestAcc: [58.48, 71.05, 34.48, 46.67]
Prune local model 0, pr_ratio = [0, 0, 0, 0]
Prune local model 6, pr_ratio = [0.2, 0.2, 0.2, 0.2]
Prune local model 5, pr_ratio = [0, 0, 0, 0]
Prune local model 7, pr_ratio = [0.4, 0.4, 0.4, 0.4]
Prune local model 1, pr_ratio = [0.2, 0.2, 0.2, 0.2]
Prune local model 9, pr_ratio = [0.6, 0.6, 0.6, 0.6]
Prune local model 2, pr_ratio = [0.4, 0.4, 0.4, 0.4]
Prune local model 4, pr_ratio = [0.6, 0.6, 0.6, 0.6]
Prune local model 8, pr_ratio = [0.5, 0.5, 0.5, 0.5]
Prune local model 3, pr_ratio = [0.5, 0.5, 0.5, 0.5]
Round: 49 Method: dapperfl Mean_Acc: 51.485 Best_Acc: 51.485
Domain_Acc: [56.7, 69.47, 43.1, 36.67] Domain_BestAcc: [58.48, 71.05, 43.1, 46.67]
Prune local model 3, pr_ratio = [0.5, 0.5, 0.5, 0.5]
Prune local model 9, pr_ratio = [0.6, 0.6, 0.6, 0.6]
Prune local model 0, pr_ratio = [0, 0, 0, 0]
Prune local model 7, pr_ratio = [0.4, 0.4, 0.4, 0.4]
Prune local model 1, pr_ratio = [0.2, 0.2, 0.2, 0.2]
Prune local model 5, pr_ratio = [0, 0, 0, 0]
Prune local model 2, pr_ratio = [0.4, 0.4, 0.4, 0.4]
Prune local model 6, pr_ratio = [0.2, 0.2, 0.2, 0.2]
Prune local model 8, pr_ratio = [0.5, 0.5, 0.5, 0.5]
Prune local model 4, pr_ratio = [0.6, 0.6, 0.6, 0.6]
Round: 50 Method: dapperfl Mean_Acc: 43.008 Best_Acc: 51.485
Domain_Acc: [47.32, 53.68, 31.03, 40.0] Domain_BestAcc: [58.48, 71.05, 43.1, 46.67]
Prune local model 3, pr_ratio = [0.5, 0.5, 0.5, 0.5]
Prune local model 9, pr_ratio = [0.6, 0.6, 0.6, 0.6]
Prune local model 2, pr_ratio = [0.4, 0.4, 0.4, 0.4]
Prune local model 7, pr_ratio = [0.4, 0.4, 0.4, 0.4]
Prune local model 1, pr_ratio = [0.2, 0.2, 0.2, 0.2]
Prune local model 0, pr_ratio = [0, 0, 0, 0]
Prune local model 6, pr_ratio = [0.2, 0.2, 0.2, 0.2]
Prune local model 8, pr_ratio = [0.5, 0.5, 0.5, 0.5]
Prune local model 4, pr_ratio = [0.6, 0.6, 0.6, 0.6]
Prune local model 5, pr_ratio = [0, 0, 0, 0]
Round: 51 Method: dapperfl Mean_Acc: 50.525 Best_Acc: 51.485
Domain_Acc: [54.46, 73.16, 34.48, 40.0] Domain_BestAcc: [58.48, 73.16, 43.1, 46.67]
Prune local model 3, pr_ratio = [0.5, 0.5, 0.5, 0.5]
Prune local model 1, pr_ratio = [0.2, 0.2, 0.2, 0.2]
Prune local model 4, pr_ratio = [0.6, 0.6, 0.6, 0.6]
Prune local model 7, pr_ratio = [0.4, 0.4, 0.4, 0.4]
Prune local model 2, pr_ratio = [0.4, 0.4, 0.4, 0.4]
Prune local model 9, pr_ratio = [0.6, 0.6, 0.6, 0.6]
Prune local model 6, pr_ratio = [0.2, 0.2, 0.2, 0.2]
Prune local model 5, pr_ratio = [0, 0, 0, 0]
Prune local model 8, pr_ratio = [0.5, 0.5, 0.5, 0.5]
Prune local model 0, pr_ratio = [0, 0, 0, 0]
Round: 52 Method: dapperfl Mean_Acc: 48.478 Best_Acc: 51.485
Domain_Acc: [54.02, 63.68, 36.21, 40.0] Domain_BestAcc: [58.48, 73.16, 43.1, 46.67]
Prune local model 1, pr_ratio = [0.2, 0.2, 0.2, 0.2]
Prune local model 0, pr_ratio = [0, 0, 0, 0]
Prune local model 8, pr_ratio = [0.5, 0.5, 0.5, 0.5]
Prune local model 2, pr_ratio = [0.4, 0.4, 0.4, 0.4]
Prune local model 9, pr_ratio = [0.6, 0.6, 0.6, 0.6]
Prune local model 6, pr_ratio = [0.2, 0.2, 0.2, 0.2]
Prune local model 5, pr_ratio = [0, 0, 0, 0]
Prune local model 3, pr_ratio = [0.5, 0.5, 0.5, 0.5]
Prune local model 7, pr_ratio = [0.4, 0.4, 0.4, 0.4]
Prune local model 4, pr_ratio = [0.6, 0.6, 0.6, 0.6]
Round: 53 Method: dapperfl Mean_Acc: 48.603 Best_Acc: 51.485
Domain_Acc: [54.02, 69.47, 27.59, 43.33] Domain_BestAcc: [58.48, 73.16, 43.1, 46.67]
Prune local model 3, pr_ratio = [0.5, 0.5, 0.5, 0.5]
Prune local model 9, pr_ratio = [0.6, 0.6, 0.6, 0.6]
Prune local model 2, pr_ratio = [0.4, 0.4, 0.4, 0.4]
Prune local model 1, pr_ratio = [0.2, 0.2, 0.2, 0.2]
Prune local model 5, pr_ratio = [0, 0, 0, 0]
Prune local model 7, pr_ratio = [0.4, 0.4, 0.4, 0.4]
Prune local model 4, pr_ratio = [0.6, 0.6, 0.6, 0.6]
Prune local model 0, pr_ratio = [0, 0, 0, 0]
Prune local model 6, pr_ratio = [0.2, 0.2, 0.2, 0.2]
Prune local model 8, pr_ratio = [0.5, 0.5, 0.5, 0.5]
Round: 54 Method: dapperfl Mean_Acc: 46.058 Best_Acc: 51.485
Domain_Acc: [52.23, 69.47, 25.86, 36.67] Domain_BestAcc: [58.48, 73.16, 43.1, 46.67]
Prune local model 2, pr_ratio = [0.4, 0.4, 0.4, 0.4]
Prune local model 7, pr_ratio = [0.4, 0.4, 0.4, 0.4]
Prune local model 4, pr_ratio = [0.6, 0.6, 0.6, 0.6]
Prune local model 9, pr_ratio = [0.6, 0.6, 0.6, 0.6]
Prune local model 8, pr_ratio = [0.5, 0.5, 0.5, 0.5]
Prune local model 1, pr_ratio = [0.2, 0.2, 0.2, 0.2]
Prune local model 5, pr_ratio = [0, 0, 0, 0]
Prune local model 6, pr_ratio = [0.2, 0.2, 0.2, 0.2]
Prune local model 3, pr_ratio = [0.5, 0.5, 0.5, 0.5]
Prune local model 0, pr_ratio = [0, 0, 0, 0]
Round: 55 Method: dapperfl Mean_Acc: 47.372 Best_Acc: 51.485
Domain_Acc: [55.36, 66.32, 34.48, 33.33] Domain_BestAcc: [58.48, 73.16, 43.1, 46.67]
Prune local model 4, pr_ratio = [0.6, 0.6, 0.6, 0.6]
Prune local model 8, pr_ratio = [0.5, 0.5, 0.5, 0.5]
Prune local model 9, pr_ratio = [0.6, 0.6, 0.6, 0.6]
Prune local model 1, pr_ratio = [0.2, 0.2, 0.2, 0.2]
Prune local model 5, pr_ratio = [0, 0, 0, 0]
Prune local model 2, pr_ratio = [0.4, 0.4, 0.4, 0.4]
Prune local model 7, pr_ratio = [0.4, 0.4, 0.4, 0.4]
Prune local model 6, pr_ratio = [0.2, 0.2, 0.2, 0.2]
Prune local model 3, pr_ratio = [0.5, 0.5, 0.5, 0.5]
Prune local model 0, pr_ratio = [0, 0, 0, 0]
Round: 56 Method: dapperfl Mean_Acc: 49.508 Best_Acc: 51.485
Domain_Acc: [55.8, 69.47, 32.76, 40.0] Domain_BestAcc: [58.48, 73.16, 43.1, 46.67]
Prune local model 4, pr_ratio = [0.6, 0.6, 0.6, 0.6]
Prune local model 0, pr_ratio = [0, 0, 0, 0]
Prune local model 8, pr_ratio = [0.5, 0.5, 0.5, 0.5]
Prune local model 9, pr_ratio = [0.6, 0.6, 0.6, 0.6]
Prune local model 3, pr_ratio = [0.5, 0.5, 0.5, 0.5]
Prune local model 5, pr_ratio = [0, 0, 0, 0]
Prune local model 6, pr_ratio = [0.2, 0.2, 0.2, 0.2]
Prune local model 7, pr_ratio = [0.4, 0.4, 0.4, 0.4]
Prune local model 1, pr_ratio = [0.2, 0.2, 0.2, 0.2]
Prune local model 2, pr_ratio = [0.4, 0.4, 0.4, 0.4]
Round: 57 Method: dapperfl Mean_Acc: 42.128 Best_Acc: 51.485
Domain_Acc: [50.0, 66.32, 15.52, 36.67] Domain_BestAcc: [58.48, 73.16, 43.1, 46.67]
Prune local model 9, pr_ratio = [0.6, 0.6, 0.6, 0.6]
Prune local model 8, pr_ratio = [0.5, 0.5, 0.5, 0.5]
Prune local model 6, pr_ratio = [0.2, 0.2, 0.2, 0.2]
Prune local model 5, pr_ratio = [0, 0, 0, 0]
Prune local model 7, pr_ratio = [0.4, 0.4, 0.4, 0.4]
Prune local model 1, pr_ratio = [0.2, 0.2, 0.2, 0.2]
Prune local model 0, pr_ratio = [0, 0, 0, 0]
Prune local model 2, pr_ratio = [0.4, 0.4, 0.4, 0.4]
Prune local model 3, pr_ratio = [0.5, 0.5, 0.5, 0.5]
Prune local model 4, pr_ratio = [0.6, 0.6, 0.6, 0.6]
Round: 58 Method: dapperfl Mean_Acc: 51.87 Best_Acc: 51.87
Domain_Acc: [58.93, 75.79, 32.76, 40.0] Domain_BestAcc: [58.93, 75.79, 43.1, 46.67]
Prune local model 0, pr_ratio = [0, 0, 0, 0]
Prune local model 5, pr_ratio = [0, 0, 0, 0]
Prune local model 7, pr_ratio = [0.4, 0.4, 0.4, 0.4]
Prune local model 1, pr_ratio = [0.2, 0.2, 0.2, 0.2]
Prune local model 8, pr_ratio = [0.5, 0.5, 0.5, 0.5]
Prune local model 3, pr_ratio = [0.5, 0.5, 0.5, 0.5]
Prune local model 4, pr_ratio = [0.6, 0.6, 0.6, 0.6]
Prune local model 6, pr_ratio = [0.2, 0.2, 0.2, 0.2]
Prune local model 9, pr_ratio = [0.6, 0.6, 0.6, 0.6]
Prune local model 2, pr_ratio = [0.4, 0.4, 0.4, 0.4]
Round: 59 Method: dapperfl Mean_Acc: 44.795 Best_Acc: 51.87
Domain_Acc: [54.02, 62.63, 25.86, 36.67] Domain_BestAcc: [58.93, 75.79, 43.1, 46.67]
Prune local model 0, pr_ratio = [0, 0, 0, 0]
Prune local model 1, pr_ratio = [0.2, 0.2, 0.2, 0.2]
Prune local model 9, pr_ratio = [0.6, 0.6, 0.6, 0.6]
Prune local model 4, pr_ratio = [0.6, 0.6, 0.6, 0.6]
Prune local model 2, pr_ratio = [0.4, 0.4, 0.4, 0.4]
Prune local model 6, pr_ratio = [0.2, 0.2, 0.2, 0.2]
Prune local model 5, pr_ratio = [0, 0, 0, 0]
Prune local model 7, pr_ratio = [0.4, 0.4, 0.4, 0.4]
Prune local model 3, pr_ratio = [0.5, 0.5, 0.5, 0.5]
Prune local model 8, pr_ratio = [0.5, 0.5, 0.5, 0.5]
Round: 60 Method: dapperfl Mean_Acc: 50.218 Best_Acc: 51.87
Domain_Acc: [54.46, 75.26, 34.48, 36.67] Domain_BestAcc: [58.93, 75.79, 43.1, 46.67]
Prune local model 4, pr_ratio = [0.6, 0.6, 0.6, 0.6]
Prune local model 2, pr_ratio = [0.4, 0.4, 0.4, 0.4]
Prune local model 8, pr_ratio = [0.5, 0.5, 0.5, 0.5]
Prune local model 3, pr_ratio = [0.5, 0.5, 0.5, 0.5]
Prune local model 9, pr_ratio = [0.6, 0.6, 0.6, 0.6]
Prune local model 7, pr_ratio = [0.4, 0.4, 0.4, 0.4]
Prune local model 0, pr_ratio = [0, 0, 0, 0]
Prune local model 1, pr_ratio = [0.2, 0.2, 0.2, 0.2]
Prune local model 5, pr_ratio = [0, 0, 0, 0]
Prune local model 6, pr_ratio = [0.2, 0.2, 0.2, 0.2]
Round: 61 Method: dapperfl Mean_Acc: 51.165 Best_Acc: 51.87
Domain_Acc: [58.04, 70.53, 32.76, 43.33] Domain_BestAcc: [58.93, 75.79, 43.1, 46.67]
Prune local model 7, pr_ratio = [0.4, 0.4, 0.4, 0.4]
Prune local model 9, pr_ratio = [0.6, 0.6, 0.6, 0.6]
Prune local model 1, pr_ratio = [0.2, 0.2, 0.2, 0.2]
Prune local model 4, pr_ratio = [0.6, 0.6, 0.6, 0.6]
Prune local model 3, pr_ratio = [0.5, 0.5, 0.5, 0.5]
Prune local model 2, pr_ratio = [0.4, 0.4, 0.4, 0.4]
Prune local model 8, pr_ratio = [0.5, 0.5, 0.5, 0.5]
Prune local model 5, pr_ratio = [0, 0, 0, 0]
Prune local model 0, pr_ratio = [0, 0, 0, 0]
Prune local model 6, pr_ratio = [0.2, 0.2, 0.2, 0.2]
Round: 62 Method: dapperfl Mean_Acc: 44.945 Best_Acc: 51.87
Domain_Acc: [53.57, 63.68, 25.86, 36.67] Domain_BestAcc: [58.93, 75.79, 43.1, 46.67]
Prune local model 9, pr_ratio = [0.6, 0.6, 0.6, 0.6]
Prune local model 3, pr_ratio = [0.5, 0.5, 0.5, 0.5]
Prune local model 6, pr_ratio = [0.2, 0.2, 0.2, 0.2]
Prune local model 7, pr_ratio = [0.4, 0.4, 0.4, 0.4]
Prune local model 5, pr_ratio = [0, 0, 0, 0]
Prune local model 8, pr_ratio = [0.5, 0.5, 0.5, 0.5]
Prune local model 4, pr_ratio = [0.6, 0.6, 0.6, 0.6]
Prune local model 1, pr_ratio = [0.2, 0.2, 0.2, 0.2]
Prune local model 0, pr_ratio = [0, 0, 0, 0]
Prune local model 2, pr_ratio = [0.4, 0.4, 0.4, 0.4]
Round: 63 Method: dapperfl Mean_Acc: 49.83 Best_Acc: 51.87
Domain_Acc: [54.02, 67.37, 37.93, 40.0] Domain_BestAcc: [58.93, 75.79, 43.1, 46.67]
Prune local model 4, pr_ratio = [0.6, 0.6, 0.6, 0.6]
Prune local model 7, pr_ratio = [0.4, 0.4, 0.4, 0.4]
Prune local model 9, pr_ratio = [0.6, 0.6, 0.6, 0.6]
Prune local model 3, pr_ratio = [0.5, 0.5, 0.5, 0.5]
Prune local model 0, pr_ratio = [0, 0, 0, 0]
Prune local model 6, pr_ratio = [0.2, 0.2, 0.2, 0.2]
Prune local model 5, pr_ratio = [0, 0, 0, 0]
Prune local model 1, pr_ratio = [0.2, 0.2, 0.2, 0.2]
Prune local model 8, pr_ratio = [0.5, 0.5, 0.5, 0.5]
Prune local model 2, pr_ratio = [0.4, 0.4, 0.4, 0.4]
Round: 64 Method: dapperfl Mean_Acc: 46.058 Best_Acc: 51.87
Domain_Acc: [54.46, 63.68, 32.76, 33.33] Domain_BestAcc: [58.93, 75.79, 43.1, 46.67]
Prune local model 8, pr_ratio = [0.5, 0.5, 0.5, 0.5]
Prune local model 7, pr_ratio = [0.4, 0.4, 0.4, 0.4]
Prune local model 6, pr_ratio = [0.2, 0.2, 0.2, 0.2]
Prune local model 2, pr_ratio = [0.4, 0.4, 0.4, 0.4]
Prune local model 0, pr_ratio = [0, 0, 0, 0]
Prune local model 4, pr_ratio = [0.6, 0.6, 0.6, 0.6]
Prune local model 3, pr_ratio = [0.5, 0.5, 0.5, 0.5]
Prune local model 9, pr_ratio = [0.6, 0.6, 0.6, 0.6]
Prune local model 1, pr_ratio = [0.2, 0.2, 0.2, 0.2]
Prune local model 5, pr_ratio = [0, 0, 0, 0]
Round: 65 Method: dapperfl Mean_Acc: 44.382 Best_Acc: 51.87
Domain_Acc: [51.79, 60.0, 22.41, 43.33] Domain_BestAcc: [58.93, 75.79, 43.1, 46.67]
Prune local model 4, pr_ratio = [0.6, 0.6, 0.6, 0.6]
Prune local model 2, pr_ratio = [0.4, 0.4, 0.4, 0.4]
Prune local model 6, pr_ratio = [0.2, 0.2, 0.2, 0.2]
Prune local model 3, pr_ratio = [0.5, 0.5, 0.5, 0.5]
Prune local model 8, pr_ratio = [0.5, 0.5, 0.5, 0.5]
Prune local model 0, pr_ratio = [0, 0, 0, 0]
Prune local model 7, pr_ratio = [0.4, 0.4, 0.4, 0.4]
Prune local model 5, pr_ratio = [0, 0, 0, 0]
Prune local model 1, pr_ratio = [0.2, 0.2, 0.2, 0.2]
Prune local model 9, pr_ratio = [0.6, 0.6, 0.6, 0.6]
Round: 66 Method: dapperfl Mean_Acc: 43.992 Best_Acc: 51.87
Domain_Acc: [52.68, 64.21, 22.41, 36.67] Domain_BestAcc: [58.93, 75.79, 43.1, 46.67]
Prune local model 3, pr_ratio = [0.5, 0.5, 0.5, 0.5]
Prune local model 9, pr_ratio = [0.6, 0.6, 0.6, 0.6]
Prune local model 5, pr_ratio = [0, 0, 0, 0]
Prune local model 6, pr_ratio = [0.2, 0.2, 0.2, 0.2]
Prune local model 8, pr_ratio = [0.5, 0.5, 0.5, 0.5]
Prune local model 7, pr_ratio = [0.4, 0.4, 0.4, 0.4]
Prune local model 0, pr_ratio = [0, 0, 0, 0]
Prune local model 2, pr_ratio = [0.4, 0.4, 0.4, 0.4]
Prune local model 4, pr_ratio = [0.6, 0.6, 0.6, 0.6]
Prune local model 1, pr_ratio = [0.2, 0.2, 0.2, 0.2]
Round: 67 Method: dapperfl Mean_Acc: 50.1 Best_Acc: 51.87
Domain_Acc: [54.02, 66.84, 36.21, 43.33] Domain_BestAcc: [58.93, 75.79, 43.1, 46.67]
Prune local model 6, pr_ratio = [0.2, 0.2, 0.2, 0.2]
Prune local model 0, pr_ratio = [0, 0, 0, 0]
Prune local model 4, pr_ratio = [0.6, 0.6, 0.6, 0.6]
Prune local model 2, pr_ratio = [0.4, 0.4, 0.4, 0.4]
Prune local model 1, pr_ratio = [0.2, 0.2, 0.2, 0.2]
Prune local model 3, pr_ratio = [0.5, 0.5, 0.5, 0.5]
Prune local model 9, pr_ratio = [0.6, 0.6, 0.6, 0.6]
Prune local model 8, pr_ratio = [0.5, 0.5, 0.5, 0.5]
Prune local model 7, pr_ratio = [0.4, 0.4, 0.4, 0.4]
Prune local model 5, pr_ratio = [0, 0, 0, 0]
Round: 68 Method: dapperfl Mean_Acc: 53.23 Best_Acc: 53.23
Domain_Acc: [62.5, 74.21, 36.21, 40.0] Domain_BestAcc: [62.5, 75.79, 43.1, 46.67]
Prune local model 4, pr_ratio = [0.6, 0.6, 0.6, 0.6]
Prune local model 5, pr_ratio = [0, 0, 0, 0]
Prune local model 6, pr_ratio = [0.2, 0.2, 0.2, 0.2]
Prune local model 2, pr_ratio = [0.4, 0.4, 0.4, 0.4]
Prune local model 7, pr_ratio = [0.4, 0.4, 0.4, 0.4]
Prune local model 9, pr_ratio = [0.6, 0.6, 0.6, 0.6]
Prune local model 3, pr_ratio = [0.5, 0.5, 0.5, 0.5]
Prune local model 1, pr_ratio = [0.2, 0.2, 0.2, 0.2]
Prune local model 0, pr_ratio = [0, 0, 0, 0]
Prune local model 8, pr_ratio = [0.5, 0.5, 0.5, 0.5]
Round: 69 Method: dapperfl Mean_Acc: 51.795 Best_Acc: 53.23
Domain_Acc: [56.7, 71.05, 32.76, 46.67] Domain_BestAcc: [62.5, 75.79, 43.1, 46.67]
Prune local model 4, pr_ratio = [0.6, 0.6, 0.6, 0.6]
Prune local model 0, pr_ratio = [0, 0, 0, 0]
Prune local model 3, pr_ratio = [0.5, 0.5, 0.5, 0.5]
Prune local model 8, pr_ratio = [0.5, 0.5, 0.5, 0.5]
Prune local model 1, pr_ratio = [0.2, 0.2, 0.2, 0.2]
Prune local model 6, pr_ratio = [0.2, 0.2, 0.2, 0.2]
Prune local model 7, pr_ratio = [0.4, 0.4, 0.4, 0.4]
Prune local model 5, pr_ratio = [0, 0, 0, 0]
Prune local model 9, pr_ratio = [0.6, 0.6, 0.6, 0.6]
Prune local model 2, pr_ratio = [0.4, 0.4, 0.4, 0.4]
Round: 70 Method: dapperfl Mean_Acc: 50.02 Best_Acc: 53.23
Domain_Acc: [58.93, 70.0, 34.48, 36.67] Domain_BestAcc: [62.5, 75.79, 43.1, 46.67]
Prune local model 8, pr_ratio = [0.5, 0.5, 0.5, 0.5]
Prune local model 2, pr_ratio = [0.4, 0.4, 0.4, 0.4]
Prune local model 5, pr_ratio = [0, 0, 0, 0]
Prune local model 0, pr_ratio = [0, 0, 0, 0]
Prune local model 4, pr_ratio = [0.6, 0.6, 0.6, 0.6]
Prune local model 9, pr_ratio = [0.6, 0.6, 0.6, 0.6]
Prune local model 7, pr_ratio = [0.4, 0.4, 0.4, 0.4]
Prune local model 6, pr_ratio = [0.2, 0.2, 0.2, 0.2]
Prune local model 3, pr_ratio = [0.5, 0.5, 0.5, 0.5]
Prune local model 1, pr_ratio = [0.2, 0.2, 0.2, 0.2]
Round: 71 Method: dapperfl Mean_Acc: 50.633 Best_Acc: 53.23
Domain_Acc: [55.36, 69.47, 31.03, 46.67] Domain_BestAcc: [62.5, 75.79, 43.1, 46.67]
Prune local model 0, pr_ratio = [0, 0, 0, 0]
Prune local model 1, pr_ratio = [0.2, 0.2, 0.2, 0.2]
Prune local model 9, pr_ratio = [0.6, 0.6, 0.6, 0.6]
Prune local model 7, pr_ratio = [0.4, 0.4, 0.4, 0.4]
Prune local model 5, pr_ratio = [0, 0, 0, 0]
Prune local model 6, pr_ratio = [0.2, 0.2, 0.2, 0.2]
Prune local model 3, pr_ratio = [0.5, 0.5, 0.5, 0.5]
Prune local model 4, pr_ratio = [0.6, 0.6, 0.6, 0.6]
Prune local model 8, pr_ratio = [0.5, 0.5, 0.5, 0.5]
Prune local model 2, pr_ratio = [0.4, 0.4, 0.4, 0.4]
Round: 72 Method: dapperfl Mean_Acc: 50.988 Best_Acc: 53.23
Domain_Acc: [58.48, 64.21, 37.93, 43.33] Domain_BestAcc: [62.5, 75.79, 43.1, 46.67]
Prune local model 1, pr_ratio = [0.2, 0.2, 0.2, 0.2]
Prune local model 2, pr_ratio = [0.4, 0.4, 0.4, 0.4]
Prune local model 0, pr_ratio = [0, 0, 0, 0]
Prune local model 9, pr_ratio = [0.6, 0.6, 0.6, 0.6]
Prune local model 8, pr_ratio = [0.5, 0.5, 0.5, 0.5]
Prune local model 5, pr_ratio = [0, 0, 0, 0]
Prune local model 4, pr_ratio = [0.6, 0.6, 0.6, 0.6]
Prune local model 7, pr_ratio = [0.4, 0.4, 0.4, 0.4]
Prune local model 6, pr_ratio = [0.2, 0.2, 0.2, 0.2]
Prune local model 3, pr_ratio = [0.5, 0.5, 0.5, 0.5]
Round: 73 Method: dapperfl Mean_Acc: 49.927 Best_Acc: 53.23
Domain_Acc: [54.91, 65.26, 36.21, 43.33] Domain_BestAcc: [62.5, 75.79, 43.1, 46.67]
Prune local model 0, pr_ratio = [0, 0, 0, 0]
Prune local model 5, pr_ratio = [0, 0, 0, 0]
Prune local model 4, pr_ratio = [0.6, 0.6, 0.6, 0.6]
Prune local model 9, pr_ratio = [0.6, 0.6, 0.6, 0.6]
Prune local model 2, pr_ratio = [0.4, 0.4, 0.4, 0.4]
Prune local model 1, pr_ratio = [0.2, 0.2, 0.2, 0.2]
Prune local model 8, pr_ratio = [0.5, 0.5, 0.5, 0.5]
Prune local model 3, pr_ratio = [0.5, 0.5, 0.5, 0.5]
Prune local model 7, pr_ratio = [0.4, 0.4, 0.4, 0.4]
Prune local model 6, pr_ratio = [0.2, 0.2, 0.2, 0.2]
Round: 74 Method: dapperfl Mean_Acc: 53.875 Best_Acc: 53.875
Domain_Acc: [59.82, 79.47, 36.21, 40.0] Domain_BestAcc: [62.5, 79.47, 43.1, 46.67]
Prune local model 1, pr_ratio = [0.2, 0.2, 0.2, 0.2]
Prune local model 8, pr_ratio = [0.5, 0.5, 0.5, 0.5]
Prune local model 0, pr_ratio = [0, 0, 0, 0]
Prune local model 9, pr_ratio = [0.6, 0.6, 0.6, 0.6]
Prune local model 5, pr_ratio = [0, 0, 0, 0]
Prune local model 3, pr_ratio = [0.5, 0.5, 0.5, 0.5]
Prune local model 4, pr_ratio = [0.6, 0.6, 0.6, 0.6]
Prune local model 6, pr_ratio = [0.2, 0.2, 0.2, 0.2]
Prune local model 2, pr_ratio = [0.4, 0.4, 0.4, 0.4]
Prune local model 7, pr_ratio = [0.4, 0.4, 0.4, 0.4]
Round: 75 Method: dapperfl Mean_Acc: 47.778 Best_Acc: 53.875
Domain_Acc: [52.68, 65.79, 29.31, 43.33] Domain_BestAcc: [62.5, 79.47, 43.1, 46.67]
Prune local model 8, pr_ratio = [0.5, 0.5, 0.5, 0.5]
Prune local model 5, pr_ratio = [0, 0, 0, 0]
Prune local model 1, pr_ratio = [0.2, 0.2, 0.2, 0.2]
Prune local model 4, pr_ratio = [0.6, 0.6, 0.6, 0.6]
Prune local model 2, pr_ratio = [0.4, 0.4, 0.4, 0.4]
Prune local model 9, pr_ratio = [0.6, 0.6, 0.6, 0.6]
Prune local model 3, pr_ratio = [0.5, 0.5, 0.5, 0.5]
Prune local model 6, pr_ratio = [0.2, 0.2, 0.2, 0.2]
Prune local model 0, pr_ratio = [0, 0, 0, 0]
Prune local model 7, pr_ratio = [0.4, 0.4, 0.4, 0.4]
Round: 76 Method: dapperfl Mean_Acc: 51.385 Best_Acc: 53.875
Domain_Acc: [58.48, 69.47, 27.59, 50.0] Domain_BestAcc: [62.5, 79.47, 43.1, 50.0]
Prune local model 2, pr_ratio = [0.4, 0.4, 0.4, 0.4]
Prune local model 3, pr_ratio = [0.5, 0.5, 0.5, 0.5]
Prune local model 4, pr_ratio = [0.6, 0.6, 0.6, 0.6]
Prune local model 9, pr_ratio = [0.6, 0.6, 0.6, 0.6]
Prune local model 5, pr_ratio = [0, 0, 0, 0]
Prune local model 0, pr_ratio = [0, 0, 0, 0]
Prune local model 8, pr_ratio = [0.5, 0.5, 0.5, 0.5]
Prune local model 1, pr_ratio = [0.2, 0.2, 0.2, 0.2]
Prune local model 7, pr_ratio = [0.4, 0.4, 0.4, 0.4]
Prune local model 6, pr_ratio = [0.2, 0.2, 0.2, 0.2]
Round: 77 Method: dapperfl Mean_Acc: 50.622 Best_Acc: 53.875
Domain_Acc: [59.38, 73.68, 32.76, 36.67] Domain_BestAcc: [62.5, 79.47, 43.1, 50.0]
Prune local model 0, pr_ratio = [0, 0, 0, 0]
Prune local model 3, pr_ratio = [0.5, 0.5, 0.5, 0.5]
Prune local model 4, pr_ratio = [0.6, 0.6, 0.6, 0.6]
Prune local model 6, pr_ratio = [0.2, 0.2, 0.2, 0.2]
Prune local model 8, pr_ratio = [0.5, 0.5, 0.5, 0.5]
Prune local model 5, pr_ratio = [0, 0, 0, 0]
Prune local model 1, pr_ratio = [0.2, 0.2, 0.2, 0.2]
Prune local model 2, pr_ratio = [0.4, 0.4, 0.4, 0.4]
Prune local model 9, pr_ratio = [0.6, 0.6, 0.6, 0.6]
Prune local model 7, pr_ratio = [0.4, 0.4, 0.4, 0.4]
Round: 78 Method: dapperfl Mean_Acc: 46.81 Best_Acc: 53.875
Domain_Acc: [50.0, 66.32, 27.59, 43.33] Domain_BestAcc: [62.5, 79.47, 43.1, 50.0]
Prune local model 9, pr_ratio = [0.6, 0.6, 0.6, 0.6]
Prune local model 8, pr_ratio = [0.5, 0.5, 0.5, 0.5]
Prune local model 6, pr_ratio = [0.2, 0.2, 0.2, 0.2]
Prune local model 2, pr_ratio = [0.4, 0.4, 0.4, 0.4]
Prune local model 1, pr_ratio = [0.2, 0.2, 0.2, 0.2]
Prune local model 4, pr_ratio = [0.6, 0.6, 0.6, 0.6]
Prune local model 5, pr_ratio = [0, 0, 0, 0]
Prune local model 3, pr_ratio = [0.5, 0.5, 0.5, 0.5]
Prune local model 0, pr_ratio = [0, 0, 0, 0]
Prune local model 7, pr_ratio = [0.4, 0.4, 0.4, 0.4]
Round: 79 Method: dapperfl Mean_Acc: 47.817 Best_Acc: 53.875
Domain_Acc: [58.04, 67.37, 25.86, 40.0] Domain_BestAcc: [62.5, 79.47, 43.1, 50.0]
Prune local model 6, pr_ratio = [0.2, 0.2, 0.2, 0.2]
Prune local model 7, pr_ratio = [0.4, 0.4, 0.4, 0.4]
Prune local model 2, pr_ratio = [0.4, 0.4, 0.4, 0.4]
Prune local model 3, pr_ratio = [0.5, 0.5, 0.5, 0.5]
Prune local model 0, pr_ratio = [0, 0, 0, 0]
Prune local model 1, pr_ratio = [0.2, 0.2, 0.2, 0.2]
Prune local model 9, pr_ratio = [0.6, 0.6, 0.6, 0.6]
Prune local model 5, pr_ratio = [0, 0, 0, 0]
Prune local model 4, pr_ratio = [0.6, 0.6, 0.6, 0.6]
Prune local model 8, pr_ratio = [0.5, 0.5, 0.5, 0.5]
Round: 80 Method: dapperfl Mean_Acc: 55.285 Best_Acc: 55.285
Domain_Acc: [59.82, 76.84, 34.48, 50.0] Domain_BestAcc: [62.5, 79.47, 43.1, 50.0]
Prune local model 6, pr_ratio = [0.2, 0.2, 0.2, 0.2]
Prune local model 9, pr_ratio = [0.6, 0.6, 0.6, 0.6]
Prune local model 7, pr_ratio = [0.4, 0.4, 0.4, 0.4]
Prune local model 3, pr_ratio = [0.5, 0.5, 0.5, 0.5]
Prune local model 5, pr_ratio = [0, 0, 0, 0]
Prune local model 4, pr_ratio = [0.6, 0.6, 0.6, 0.6]
Prune local model 8, pr_ratio = [0.5, 0.5, 0.5, 0.5]
Prune local model 1, pr_ratio = [0.2, 0.2, 0.2, 0.2]
Prune local model 0, pr_ratio = [0, 0, 0, 0]
Prune local model 2, pr_ratio = [0.4, 0.4, 0.4, 0.4]
Round: 81 Method: dapperfl Mean_Acc: 47.862 Best_Acc: 55.285
Domain_Acc: [51.79, 73.68, 29.31, 36.67] Domain_BestAcc: [62.5, 79.47, 43.1, 50.0]
Prune local model 2, pr_ratio = [0.4, 0.4, 0.4, 0.4]
Prune local model 3, pr_ratio = [0.5, 0.5, 0.5, 0.5]
Prune local model 4, pr_ratio = [0.6, 0.6, 0.6, 0.6]
Prune local model 0, pr_ratio = [0, 0, 0, 0]
Prune local model 6, pr_ratio = [0.2, 0.2, 0.2, 0.2]
Prune local model 7, pr_ratio = [0.4, 0.4, 0.4, 0.4]
Prune local model 5, pr_ratio = [0, 0, 0, 0]
Prune local model 1, pr_ratio = [0.2, 0.2, 0.2, 0.2]
Prune local model 9, pr_ratio = [0.6, 0.6, 0.6, 0.6]
Prune local model 8, pr_ratio = [0.5, 0.5, 0.5, 0.5]
Round: 82 Method: dapperfl Mean_Acc: 51.06 Best_Acc: 55.285
Domain_Acc: [57.59, 58.95, 31.03, 56.67] Domain_BestAcc: [62.5, 79.47, 43.1, 56.67]
Prune local model 3, pr_ratio = [0.5, 0.5, 0.5, 0.5]
Prune local model 6, pr_ratio = [0.2, 0.2, 0.2, 0.2]
Prune local model 7, pr_ratio = [0.4, 0.4, 0.4, 0.4]
Prune local model 1, pr_ratio = [0.2, 0.2, 0.2, 0.2]
Prune local model 4, pr_ratio = [0.6, 0.6, 0.6, 0.6]
Prune local model 2, pr_ratio = [0.4, 0.4, 0.4, 0.4]
Prune local model 9, pr_ratio = [0.6, 0.6, 0.6, 0.6]
Prune local model 0, pr_ratio = [0, 0, 0, 0]
Prune local model 8, pr_ratio = [0.5, 0.5, 0.5, 0.5]
Prune local model 5, pr_ratio = [0, 0, 0, 0]
Round: 83 Method: dapperfl Mean_Acc: 49.935 Best_Acc: 55.285
Domain_Acc: [59.38, 71.05, 29.31, 40.0] Domain_BestAcc: [62.5, 79.47, 43.1, 56.67]
Prune local model 6, pr_ratio = [0.2, 0.2, 0.2, 0.2]
Prune local model 8, pr_ratio = [0.5, 0.5, 0.5, 0.5]
Prune local model 9, pr_ratio = [0.6, 0.6, 0.6, 0.6]
Prune local model 4, pr_ratio = [0.6, 0.6, 0.6, 0.6]
Prune local model 5, pr_ratio = [0, 0, 0, 0]
Prune local model 0, pr_ratio = [0, 0, 0, 0]
Prune local model 3, pr_ratio = [0.5, 0.5, 0.5, 0.5]
Prune local model 2, pr_ratio = [0.4, 0.4, 0.4, 0.4]
Prune local model 1, pr_ratio = [0.2, 0.2, 0.2, 0.2]
Prune local model 7, pr_ratio = [0.4, 0.4, 0.4, 0.4]
Round: 84 Method: dapperfl Mean_Acc: 49.658 Best_Acc: 55.285
Domain_Acc: [53.12, 72.63, 36.21, 36.67] Domain_BestAcc: [62.5, 79.47, 43.1, 56.67]
Prune local model 8, pr_ratio = [0.5, 0.5, 0.5, 0.5]
Prune local model 0, pr_ratio = [0, 0, 0, 0]
Prune local model 3, pr_ratio = [0.5, 0.5, 0.5, 0.5]
Prune local model 9, pr_ratio = [0.6, 0.6, 0.6, 0.6]
Prune local model 1, pr_ratio = [0.2, 0.2, 0.2, 0.2]
Prune local model 5, pr_ratio = [0, 0, 0, 0]
Prune local model 7, pr_ratio = [0.4, 0.4, 0.4, 0.4]
Prune local model 2, pr_ratio = [0.4, 0.4, 0.4, 0.4]
Prune local model 4, pr_ratio = [0.6, 0.6, 0.6, 0.6]
Prune local model 6, pr_ratio = [0.2, 0.2, 0.2, 0.2]
Round: 85 Method: dapperfl Mean_Acc: 54.1 Best_Acc: 55.285
Domain_Acc: [57.59, 74.21, 37.93, 46.67] Domain_BestAcc: [62.5, 79.47, 43.1, 56.67]
Prune local model 4, pr_ratio = [0.6, 0.6, 0.6, 0.6]
Prune local model 0, pr_ratio = [0, 0, 0, 0]
Prune local model 1, pr_ratio = [0.2, 0.2, 0.2, 0.2]
Prune local model 3, pr_ratio = [0.5, 0.5, 0.5, 0.5]
Prune local model 2, pr_ratio = [0.4, 0.4, 0.4, 0.4]
Prune local model 6, pr_ratio = [0.2, 0.2, 0.2, 0.2]
Prune local model 8, pr_ratio = [0.5, 0.5, 0.5, 0.5]
Prune local model 9, pr_ratio = [0.6, 0.6, 0.6, 0.6]
Prune local model 7, pr_ratio = [0.4, 0.4, 0.4, 0.4]
Prune local model 5, pr_ratio = [0, 0, 0, 0]
Round: 86 Method: dapperfl Mean_Acc: 51.815 Best_Acc: 55.285
Domain_Acc: [58.04, 64.74, 34.48, 50.0] Domain_BestAcc: [62.5, 79.47, 43.1, 56.67]
Prune local model 7, pr_ratio = [0.4, 0.4, 0.4, 0.4]
Prune local model 5, pr_ratio = [0, 0, 0, 0]
Prune local model 4, pr_ratio = [0.6, 0.6, 0.6, 0.6]
Prune local model 2, pr_ratio = [0.4, 0.4, 0.4, 0.4]
Prune local model 9, pr_ratio = [0.6, 0.6, 0.6, 0.6]
Prune local model 6, pr_ratio = [0.2, 0.2, 0.2, 0.2]
Prune local model 3, pr_ratio = [0.5, 0.5, 0.5, 0.5]
Prune local model 8, pr_ratio = [0.5, 0.5, 0.5, 0.5]
Prune local model 1, pr_ratio = [0.2, 0.2, 0.2, 0.2]
Prune local model 0, pr_ratio = [0, 0, 0, 0]
Round: 87 Method: dapperfl Mean_Acc: 48.795 Best_Acc: 55.285
Domain_Acc: [54.91, 65.79, 34.48, 40.0] Domain_BestAcc: [62.5, 79.47, 43.1, 56.67]
Prune local model 4, pr_ratio = [0.6, 0.6, 0.6, 0.6]
Prune local model 1, pr_ratio = [0.2, 0.2, 0.2, 0.2]
Prune local model 5, pr_ratio = [0, 0, 0, 0]
Prune local model 6, pr_ratio = [0.2, 0.2, 0.2, 0.2]
Prune local model 3, pr_ratio = [0.5, 0.5, 0.5, 0.5]
Prune local model 9, pr_ratio = [0.6, 0.6, 0.6, 0.6]
Prune local model 8, pr_ratio = [0.5, 0.5, 0.5, 0.5]
Prune local model 2, pr_ratio = [0.4, 0.4, 0.4, 0.4]
Prune local model 7, pr_ratio = [0.4, 0.4, 0.4, 0.4]
Prune local model 0, pr_ratio = [0, 0, 0, 0]
Round: 88 Method: dapperfl Mean_Acc: 53.118 Best_Acc: 55.285
Domain_Acc: [55.36, 72.63, 34.48, 50.0] Domain_BestAcc: [62.5, 79.47, 43.1, 56.67]
Prune local model 3, pr_ratio = [0.5, 0.5, 0.5, 0.5]
Prune local model 2, pr_ratio = [0.4, 0.4, 0.4, 0.4]
Prune local model 0, pr_ratio = [0, 0, 0, 0]
Prune local model 6, pr_ratio = [0.2, 0.2, 0.2, 0.2]
Prune local model 9, pr_ratio = [0.6, 0.6, 0.6, 0.6]
Prune local model 5, pr_ratio = [0, 0, 0, 0]
Prune local model 8, pr_ratio = [0.5, 0.5, 0.5, 0.5]
Prune local model 1, pr_ratio = [0.2, 0.2, 0.2, 0.2]
Prune local model 4, pr_ratio = [0.6, 0.6, 0.6, 0.6]
Prune local model 7, pr_ratio = [0.4, 0.4, 0.4, 0.4]
Round: 89 Method: dapperfl Mean_Acc: 57.605 Best_Acc: 57.605
Domain_Acc: [63.39, 77.37, 39.66, 50.0] Domain_BestAcc: [63.39, 79.47, 43.1, 56.67]
Prune local model 7, pr_ratio = [0.4, 0.4, 0.4, 0.4]
Prune local model 5, pr_ratio = [0, 0, 0, 0]
Prune local model 9, pr_ratio = [0.6, 0.6, 0.6, 0.6]
Prune local model 8, pr_ratio = [0.5, 0.5, 0.5, 0.5]
Prune local model 1, pr_ratio = [0.2, 0.2, 0.2, 0.2]
Prune local model 2, pr_ratio = [0.4, 0.4, 0.4, 0.4]
Prune local model 0, pr_ratio = [0, 0, 0, 0]
Prune local model 6, pr_ratio = [0.2, 0.2, 0.2, 0.2]
Prune local model 4, pr_ratio = [0.6, 0.6, 0.6, 0.6]
Prune local model 3, pr_ratio = [0.5, 0.5, 0.5, 0.5]
Round: 90 Method: dapperfl Mean_Acc: 53.73 Best_Acc: 57.605
Domain_Acc: [54.91, 73.68, 39.66, 46.67] Domain_BestAcc: [63.39, 79.47, 43.1, 56.67]
Prune local model 9, pr_ratio = [0.6, 0.6, 0.6, 0.6]
Prune local model 8, pr_ratio = [0.5, 0.5, 0.5, 0.5]
Prune local model 5, pr_ratio = [0, 0, 0, 0]
Prune local model 1, pr_ratio = [0.2, 0.2, 0.2, 0.2]
Prune local model 0, pr_ratio = [0, 0, 0, 0]
Prune local model 2, pr_ratio = [0.4, 0.4, 0.4, 0.4]
Prune local model 7, pr_ratio = [0.4, 0.4, 0.4, 0.4]
Prune local model 3, pr_ratio = [0.5, 0.5, 0.5, 0.5]
Prune local model 6, pr_ratio = [0.2, 0.2, 0.2, 0.2]
Prune local model 4, pr_ratio = [0.6, 0.6, 0.6, 0.6]
Round: 91 Method: dapperfl Mean_Acc: 50.548 Best_Acc: 57.605
Domain_Acc: [58.93, 72.11, 34.48, 36.67] Domain_BestAcc: [63.39, 79.47, 43.1, 56.67]
Prune local model 9, pr_ratio = [0.6, 0.6, 0.6, 0.6]
Prune local model 8, pr_ratio = [0.5, 0.5, 0.5, 0.5]
Prune local model 4, pr_ratio = [0.6, 0.6, 0.6, 0.6]
Prune local model 5, pr_ratio = [0, 0, 0, 0]
Prune local model 7, pr_ratio = [0.4, 0.4, 0.4, 0.4]
Prune local model 6, pr_ratio = [0.2, 0.2, 0.2, 0.2]
Prune local model 3, pr_ratio = [0.5, 0.5, 0.5, 0.5]
Prune local model 2, pr_ratio = [0.4, 0.4, 0.4, 0.4]
Prune local model 1, pr_ratio = [0.2, 0.2, 0.2, 0.2]
Prune local model 0, pr_ratio = [0, 0, 0, 0]
Round: 92 Method: dapperfl Mean_Acc: 52.57 Best_Acc: 57.605
Domain_Acc: [60.71, 78.42, 34.48, 36.67] Domain_BestAcc: [63.39, 79.47, 43.1, 56.67]
Prune local model 0, pr_ratio = [0, 0, 0, 0]
Prune local model 7, pr_ratio = [0.4, 0.4, 0.4, 0.4]
Prune local model 3, pr_ratio = [0.5, 0.5, 0.5, 0.5]
Prune local model 2, pr_ratio = [0.4, 0.4, 0.4, 0.4]
Prune local model 9, pr_ratio = [0.6, 0.6, 0.6, 0.6]
Prune local model 5, pr_ratio = [0, 0, 0, 0]
Prune local model 4, pr_ratio = [0.6, 0.6, 0.6, 0.6]
Prune local model 1, pr_ratio = [0.2, 0.2, 0.2, 0.2]
Prune local model 6, pr_ratio = [0.2, 0.2, 0.2, 0.2]
Prune local model 8, pr_ratio = [0.5, 0.5, 0.5, 0.5]
Round: 93 Method: dapperfl Mean_Acc: 52.962 Best_Acc: 57.605
Domain_Acc: [59.38, 73.16, 29.31, 50.0] Domain_BestAcc: [63.39, 79.47, 43.1, 56.67]
Prune local model 1, pr_ratio = [0.2, 0.2, 0.2, 0.2]
Prune local model 2, pr_ratio = [0.4, 0.4, 0.4, 0.4]
Prune local model 8, pr_ratio = [0.5, 0.5, 0.5, 0.5]
Prune local model 0, pr_ratio = [0, 0, 0, 0]
Prune local model 7, pr_ratio = [0.4, 0.4, 0.4, 0.4]
Prune local model 3, pr_ratio = [0.5, 0.5, 0.5, 0.5]
Prune local model 5, pr_ratio = [0, 0, 0, 0]
Prune local model 4, pr_ratio = [0.6, 0.6, 0.6, 0.6]
Prune local model 9, pr_ratio = [0.6, 0.6, 0.6, 0.6]
Prune local model 6, pr_ratio = [0.2, 0.2, 0.2, 0.2]
Round: 94 Method: dapperfl Mean_Acc: 51.405 Best_Acc: 57.605
Domain_Acc: [59.82, 73.16, 29.31, 43.33] Domain_BestAcc: [63.39, 79.47, 43.1, 56.67]
Prune local model 5, pr_ratio = [0, 0, 0, 0]
Prune local model 8, pr_ratio = [0.5, 0.5, 0.5, 0.5]
Prune local model 4, pr_ratio = [0.6, 0.6, 0.6, 0.6]
Prune local model 1, pr_ratio = [0.2, 0.2, 0.2, 0.2]
Prune local model 7, pr_ratio = [0.4, 0.4, 0.4, 0.4]
Prune local model 0, pr_ratio = [0, 0, 0, 0]
Prune local model 6, pr_ratio = [0.2, 0.2, 0.2, 0.2]
Prune local model 2, pr_ratio = [0.4, 0.4, 0.4, 0.4]
Prune local model 3, pr_ratio = [0.5, 0.5, 0.5, 0.5]
Prune local model 9, pr_ratio = [0.6, 0.6, 0.6, 0.6]
Round: 95 Method: dapperfl Mean_Acc: 54.85 Best_Acc: 57.605
Domain_Acc: [58.48, 76.32, 37.93, 46.67] Domain_BestAcc: [63.39, 79.47, 43.1, 56.67]
Prune local model 2, pr_ratio = [0.4, 0.4, 0.4, 0.4]
Prune local model 5, pr_ratio = [0, 0, 0, 0]
Prune local model 4, pr_ratio = [0.6, 0.6, 0.6, 0.6]
Prune local model 1, pr_ratio = [0.2, 0.2, 0.2, 0.2]
Prune local model 8, pr_ratio = [0.5, 0.5, 0.5, 0.5]
Prune local model 9, pr_ratio = [0.6, 0.6, 0.6, 0.6]
Prune local model 6, pr_ratio = [0.2, 0.2, 0.2, 0.2]
Prune local model 3, pr_ratio = [0.5, 0.5, 0.5, 0.5]
Prune local model 7, pr_ratio = [0.4, 0.4, 0.4, 0.4]
Prune local model 0, pr_ratio = [0, 0, 0, 0]
Round: 96 Method: dapperfl Mean_Acc: 52.982 Best_Acc: 57.605
Domain_Acc: [57.59, 71.58, 32.76, 50.0] Domain_BestAcc: [63.39, 79.47, 43.1, 56.67]
Prune local model 6, pr_ratio = [0.2, 0.2, 0.2, 0.2]
Prune local model 9, pr_ratio = [0.6, 0.6, 0.6, 0.6]
Prune local model 0, pr_ratio = [0, 0, 0, 0]
Prune local model 8, pr_ratio = [0.5, 0.5, 0.5, 0.5]
Prune local model 2, pr_ratio = [0.4, 0.4, 0.4, 0.4]
Prune local model 5, pr_ratio = [0, 0, 0, 0]
Prune local model 3, pr_ratio = [0.5, 0.5, 0.5, 0.5]
Prune local model 1, pr_ratio = [0.2, 0.2, 0.2, 0.2]
Prune local model 7, pr_ratio = [0.4, 0.4, 0.4, 0.4]
Prune local model 4, pr_ratio = [0.6, 0.6, 0.6, 0.6]
Round: 97 Method: dapperfl Mean_Acc: 50.985 Best_Acc: 57.605
Domain_Acc: [61.16, 68.42, 31.03, 43.33] Domain_BestAcc: [63.39, 79.47, 43.1, 56.67]
Prune local model 1, pr_ratio = [0.2, 0.2, 0.2, 0.2]
Prune local model 8, pr_ratio = [0.5, 0.5, 0.5, 0.5]
Prune local model 6, pr_ratio = [0.2, 0.2, 0.2, 0.2]
Prune local model 3, pr_ratio = [0.5, 0.5, 0.5, 0.5]
Prune local model 9, pr_ratio = [0.6, 0.6, 0.6, 0.6]
Prune local model 2, pr_ratio = [0.4, 0.4, 0.4, 0.4]
Prune local model 0, pr_ratio = [0, 0, 0, 0]
Prune local model 5, pr_ratio = [0, 0, 0, 0]
Prune local model 7, pr_ratio = [0.4, 0.4, 0.4, 0.4]
Prune local model 4, pr_ratio = [0.6, 0.6, 0.6, 0.6]
Round: 98 Method: dapperfl Mean_Acc: 54.912 Best_Acc: 57.605
Domain_Acc: [59.38, 75.79, 34.48, 50.0] Domain_BestAcc: [63.39, 79.47, 43.1, 56.67]
Prune local model 3, pr_ratio = [0.5, 0.5, 0.5, 0.5]
Prune local model 8, pr_ratio = [0.5, 0.5, 0.5, 0.5]
Prune local model 5, pr_ratio = [0, 0, 0, 0]
Prune local model 2, pr_ratio = [0.4, 0.4, 0.4, 0.4]
Prune local model 4, pr_ratio = [0.6, 0.6, 0.6, 0.6]
Prune local model 6, pr_ratio = [0.2, 0.2, 0.2, 0.2]
Prune local model 7, pr_ratio = [0.4, 0.4, 0.4, 0.4]
Prune local model 0, pr_ratio = [0, 0, 0, 0]
Prune local model 9, pr_ratio = [0.6, 0.6, 0.6, 0.6]
Prune local model 1, pr_ratio = [0.2, 0.2, 0.2, 0.2]
Round: 99 Method: dapperfl Mean_Acc: 52.488 Best_Acc: 57.605
Domain_Acc: [58.48, 75.26, 36.21, 40.0] Domain_BestAcc: [63.39, 79.47, 43.1, 56.67]
2025-05-03 12:24:38
