Namespace(prefix='', communication_epoch=100, local_epoch=5, parti_num=10, model='dapperfl', dataset='fl_officecaltech', pr_strategy='0.2', backbone='resnet18', alpha=0.9, alpha_min=0.1, epsilon=0.2, reg_coeff=0.01, wandb=0, device_id=0, seed=1234, rand_dataset=1, learning_decay=False, averaing='weight', online_ratio=1, mu=0.1, input_dim=28, noise_var=0.1, group_fairness=False, fairness_lr=0.01, num_groups=2, noise_clients=[8, 9], analyze_gradients=False, csv_log=False, local_lr=0.01, local_batch_size=64, pr_ratios=['0', '0.2', '0.4', '0.6', '0.8'], arch='res18')
2025-05-23 14:34:28
{'dslr': 3, 'webcam': 2, 'amazon': 2, 'caltech': 3}
['dslr', 'dslr', 'webcam', 'amazon', 'caltech', 'caltech', 'caltech', 'amazon', 'webcam', 'dslr']
Prune local model 0, pr_ratio = [0.2, 0.2, 0.2, 0.2]
Prune local model 2, pr_ratio = [0.2, 0.2, 0.2, 0.2]
Prune local model 3, pr_ratio = [0.2, 0.2, 0.2, 0.2]
Prune local model 6, pr_ratio = [0.2, 0.2, 0.2, 0.2]
Prune local model 7, pr_ratio = [0.2, 0.2, 0.2, 0.2]
Prune local model 9, pr_ratio = [0.2, 0.2, 0.2, 0.2]
Prune local model 4, pr_ratio = [0.2, 0.2, 0.2, 0.2]
Prune local model 1, pr_ratio = [0.2, 0.2, 0.2, 0.2]
Prune local model 5, pr_ratio = [0.2, 0.2, 0.2, 0.2]
Prune local model 8, pr_ratio = [0.2, 0.2, 0.2, 0.2]
Round 0 – LOCAL TPR pre-agg per client: ['0.100', '0.100', '0.100', '0.100', '0.095', '0.109', '0.100', '0.121', '0.100', '0.100']
Round 0 – TPR per Domain: 0:0.100, 1:0.100, 2:0.100, 3:0.100, 4:0.100, 5:0.100, 6:0.100, 7:0.100, 8:0.100, 9:0.100
Round: 0 Method: dapperfl Mean_Acc: 10.048 Best_Acc: 10.048
Domain_Acc: [9.82, 8.42, 8.62, 13.33] Domain_BestAcc: [9.82, 8.42, 8.62, 13.33]
Prune local model 9, pr_ratio = [0.2, 0.2, 0.2, 0.2]
Prune local model 2, pr_ratio = [0.2, 0.2, 0.2, 0.2]
Prune local model 0, pr_ratio = [0.2, 0.2, 0.2, 0.2]
Prune local model 3, pr_ratio = [0.2, 0.2, 0.2, 0.2]
Prune local model 8, pr_ratio = [0.2, 0.2, 0.2, 0.2]
Prune local model 6, pr_ratio = [0.2, 0.2, 0.2, 0.2]
Prune local model 5, pr_ratio = [0.2, 0.2, 0.2, 0.2]
Prune local model 7, pr_ratio = [0.2, 0.2, 0.2, 0.2]
Prune local model 1, pr_ratio = [0.2, 0.2, 0.2, 0.2]
Prune local model 4, pr_ratio = [0.2, 0.2, 0.2, 0.2]
Round 1 – LOCAL TPR pre-agg per client: ['0.100', '0.100', '0.100', '0.209', '0.110', '0.108', '0.100', '0.216', '0.100', '0.100']
Round 1 – TPR per Domain: 0:0.100, 1:0.100, 2:0.100, 3:0.100, 4:0.100, 5:0.100, 6:0.100, 7:0.100, 8:0.100, 9:0.100
Round: 1 Method: dapperfl Mean_Acc: 10.048 Best_Acc: 10.048
Domain_Acc: [9.82, 8.42, 8.62, 13.33] Domain_BestAcc: [9.82, 8.42, 8.62, 13.33]
Prune local model 4, pr_ratio = [0.2, 0.2, 0.2, 0.2]
Prune local model 9, pr_ratio = [0.2, 0.2, 0.2, 0.2]
Prune local model 6, pr_ratio = [0.2, 0.2, 0.2, 0.2]
Prune local model 0, pr_ratio = [0.2, 0.2, 0.2, 0.2]
Prune local model 5, pr_ratio = [0.2, 0.2, 0.2, 0.2]
Prune local model 2, pr_ratio = [0.2, 0.2, 0.2, 0.2]
Prune local model 3, pr_ratio = [0.2, 0.2, 0.2, 0.2]
Prune local model 1, pr_ratio = [0.2, 0.2, 0.2, 0.2]
Prune local model 7, pr_ratio = [0.2, 0.2, 0.2, 0.2]
Prune local model 8, pr_ratio = [0.2, 0.2, 0.2, 0.2]
Round 2 – LOCAL TPR pre-agg per client: ['0.125', '0.100', '0.183', '0.238', '0.158', '0.256', '0.193', '0.284', '0.140', '0.150']
Round 2 – TPR per Domain: 0:0.100, 1:0.100, 2:0.100, 3:0.208, 4:0.118, 5:0.118, 6:0.118, 7:0.208, 8:0.100, 9:0.100
Round: 2 Method: dapperfl Mean_Acc: 13.128 Best_Acc: 13.128
Domain_Acc: [11.61, 18.95, 8.62, 13.33] Domain_BestAcc: [11.61, 18.95, 8.62, 13.33]
Prune local model 8, pr_ratio = [0.2, 0.2, 0.2, 0.2]
Prune local model 0, pr_ratio = [0.2, 0.2, 0.2, 0.2]
Prune local model 3, pr_ratio = [0.2, 0.2, 0.2, 0.2]
Prune local model 7, pr_ratio = [0.2, 0.2, 0.2, 0.2]
Prune local model 9, pr_ratio = [0.2, 0.2, 0.2, 0.2]
Prune local model 4, pr_ratio = [0.2, 0.2, 0.2, 0.2]
Prune local model 1, pr_ratio = [0.2, 0.2, 0.2, 0.2]
Prune local model 6, pr_ratio = [0.2, 0.2, 0.2, 0.2]
Prune local model 2, pr_ratio = [0.2, 0.2, 0.2, 0.2]
Prune local model 5, pr_ratio = [0.2, 0.2, 0.2, 0.2]
Round 3 – LOCAL TPR pre-agg per client: ['0.250', '0.200', '0.216', '0.359', '0.275', '0.209', '0.270', '0.311', '0.237', '0.250']
Round 3 – TPR per Domain: 0:0.100, 1:0.100, 2:0.166, 3:0.381, 4:0.316, 5:0.316, 6:0.316, 7:0.381, 8:0.166, 9:0.100
Round: 3 Method: dapperfl Mean_Acc: 25.037 Best_Acc: 25.037
Domain_Acc: [33.93, 37.37, 15.52, 13.33] Domain_BestAcc: [33.93, 37.37, 15.52, 13.33]
Prune local model 6, pr_ratio = [0.2, 0.2, 0.2, 0.2]
Prune local model 7, pr_ratio = [0.2, 0.2, 0.2, 0.2]
Prune local model 2, pr_ratio = [0.2, 0.2, 0.2, 0.2]
Prune local model 3, pr_ratio = [0.2, 0.2, 0.2, 0.2]
Prune local model 8, pr_ratio = [0.2, 0.2, 0.2, 0.2]
Prune local model 9, pr_ratio = [0.2, 0.2, 0.2, 0.2]
Prune local model 5, pr_ratio = [0.2, 0.2, 0.2, 0.2]
Prune local model 0, pr_ratio = [0.2, 0.2, 0.2, 0.2]
Prune local model 4, pr_ratio = [0.2, 0.2, 0.2, 0.2]
Prune local model 1, pr_ratio = [0.2, 0.2, 0.2, 0.2]
Round 4 – LOCAL TPR pre-agg per client: ['0.150', '0.175', '0.267', '0.518', '0.290', '0.302', '0.231', '0.452', '0.371', '0.225']
Round 4 – TPR per Domain: 0:0.167, 1:0.167, 2:0.199, 3:0.532, 4:0.391, 5:0.391, 6:0.391, 7:0.532, 8:0.199, 9:0.167
Round: 4 Method: dapperfl Mean_Acc: 34.112 Best_Acc: 34.112
Domain_Acc: [41.52, 52.63, 18.97, 23.33] Domain_BestAcc: [41.52, 52.63, 18.97, 23.33]
Prune local model 1, pr_ratio = [0.2, 0.2, 0.2, 0.2]
Prune local model 4, pr_ratio = [0.2, 0.2, 0.2, 0.2]
Prune local model 0, pr_ratio = [0.2, 0.2, 0.2, 0.2]
Prune local model 7, pr_ratio = [0.2, 0.2, 0.2, 0.2]
Prune local model 5, pr_ratio = [0.2, 0.2, 0.2, 0.2]
Prune local model 2, pr_ratio = [0.2, 0.2, 0.2, 0.2]
Prune local model 3, pr_ratio = [0.2, 0.2, 0.2, 0.2]
Prune local model 8, pr_ratio = [0.2, 0.2, 0.2, 0.2]
Prune local model 9, pr_ratio = [0.2, 0.2, 0.2, 0.2]
Prune local model 6, pr_ratio = [0.2, 0.2, 0.2, 0.2]
Round 5 – LOCAL TPR pre-agg per client: ['0.250', '0.250', '0.389', '0.605', '0.270', '0.282', '0.262', '0.302', '0.350', '0.175']
Round 5 – TPR per Domain: 0:0.192, 1:0.192, 2:0.279, 3:0.595, 4:0.443, 5:0.443, 6:0.443, 7:0.595, 8:0.279, 9:0.192
Round: 5 Method: dapperfl Mean_Acc: 38.53 Best_Acc: 38.53
Domain_Acc: [45.98, 58.95, 25.86, 23.33] Domain_BestAcc: [45.98, 58.95, 25.86, 23.33]
Prune local model 7, pr_ratio = [0.2, 0.2, 0.2, 0.2]
Prune local model 2, pr_ratio = [0.2, 0.2, 0.2, 0.2]
Prune local model 6, pr_ratio = [0.2, 0.2, 0.2, 0.2]
Prune local model 0, pr_ratio = [0.2, 0.2, 0.2, 0.2]
Prune local model 4, pr_ratio = [0.2, 0.2, 0.2, 0.2]
Prune local model 1, pr_ratio = [0.2, 0.2, 0.2, 0.2]
Prune local model 5, pr_ratio = [0.2, 0.2, 0.2, 0.2]
Prune local model 8, pr_ratio = [0.2, 0.2, 0.2, 0.2]
Prune local model 9, pr_ratio = [0.2, 0.2, 0.2, 0.2]
Prune local model 3, pr_ratio = [0.2, 0.2, 0.2, 0.2]
Round 6 – LOCAL TPR pre-agg per client: ['0.200', '0.317', '0.317', '0.386', '0.336', '0.307', '0.296', '0.438', '0.253', '0.275']
Round 6 – TPR per Domain: 0:0.167, 1:0.167, 2:0.195, 3:0.574, 4:0.449, 5:0.449, 6:0.449, 7:0.574, 8:0.195, 9:0.167
Round: 6 Method: dapperfl Mean_Acc: 36.505 Best_Acc: 38.53
Domain_Acc: [46.88, 56.84, 18.97, 23.33] Domain_BestAcc: [46.88, 58.95, 25.86, 23.33]
Prune local model 7, pr_ratio = [0.2, 0.2, 0.2, 0.2]
Prune local model 4, pr_ratio = [0.2, 0.2, 0.2, 0.2]
Prune local model 8, pr_ratio = [0.2, 0.2, 0.2, 0.2]
Prune local model 6, pr_ratio = [0.2, 0.2, 0.2, 0.2]
Prune local model 0, pr_ratio = [0.2, 0.2, 0.2, 0.2]
Prune local model 2, pr_ratio = [0.2, 0.2, 0.2, 0.2]
Prune local model 5, pr_ratio = [0.2, 0.2, 0.2, 0.2]
Prune local model 1, pr_ratio = [0.2, 0.2, 0.2, 0.2]
Prune local model 9, pr_ratio = [0.2, 0.2, 0.2, 0.2]
Prune local model 3, pr_ratio = [0.2, 0.2, 0.2, 0.2]
Round 7 – LOCAL TPR pre-agg per client: ['0.200', '0.325', '0.381', '0.383', '0.346', '0.339', '0.301', '0.434', '0.277', '0.275']
Round 7 – TPR per Domain: 0:0.117, 1:0.117, 2:0.252, 3:0.576, 4:0.445, 5:0.445, 6:0.445, 7:0.576, 8:0.252, 9:0.117
Round: 7 Method: dapperfl Mean_Acc: 36.265 Best_Acc: 38.53
Domain_Acc: [46.88, 57.37, 24.14, 16.67] Domain_BestAcc: [46.88, 58.95, 25.86, 23.33]
Prune local model 3, pr_ratio = [0.2, 0.2, 0.2, 0.2]
Prune local model 2, pr_ratio = [0.2, 0.2, 0.2, 0.2]
Prune local model 1, pr_ratio = [0.2, 0.2, 0.2, 0.2]
Prune local model 0, pr_ratio = [0.2, 0.2, 0.2, 0.2]
Prune local model 7, pr_ratio = [0.2, 0.2, 0.2, 0.2]
Prune local model 9, pr_ratio = [0.2, 0.2, 0.2, 0.2]
Prune local model 8, pr_ratio = [0.2, 0.2, 0.2, 0.2]
Prune local model 5, pr_ratio = [0.2, 0.2, 0.2, 0.2]
Prune local model 4, pr_ratio = [0.2, 0.2, 0.2, 0.2]
Prune local model 6, pr_ratio = [0.2, 0.2, 0.2, 0.2]
Round 8 – LOCAL TPR pre-agg per client: ['0.275', '0.200', '0.431', '0.570', '0.357', '0.332', '0.329', '0.490', '0.302', '0.225']
Round 8 – TPR per Domain: 0:0.208, 1:0.208, 2:0.309, 3:0.583, 4:0.457, 5:0.457, 6:0.457, 7:0.583, 8:0.309, 9:0.208
Round: 8 Method: dapperfl Mean_Acc: 41.465 Best_Acc: 41.465
Domain_Acc: [48.66, 57.89, 29.31, 30.0] Domain_BestAcc: [48.66, 58.95, 29.31, 30.0]
Prune local model 1, pr_ratio = [0.2, 0.2, 0.2, 0.2]
Prune local model 2, pr_ratio = [0.2, 0.2, 0.2, 0.2]
Prune local model 3, pr_ratio = [0.2, 0.2, 0.2, 0.2]
Prune local model 9, pr_ratio = [0.2, 0.2, 0.2, 0.2]
Prune local model 7, pr_ratio = [0.2, 0.2, 0.2, 0.2]
Prune local model 4, pr_ratio = [0.2, 0.2, 0.2, 0.2]
Prune local model 0, pr_ratio = [0.2, 0.2, 0.2, 0.2]
Prune local model 8, pr_ratio = [0.2, 0.2, 0.2, 0.2]
Prune local model 6, pr_ratio = [0.2, 0.2, 0.2, 0.2]
Prune local model 5, pr_ratio = [0.2, 0.2, 0.2, 0.2]
Round 9 – LOCAL TPR pre-agg per client: ['0.200', '0.375', '0.399', '0.562', '0.363', '0.331', '0.302', '0.449', '0.208', '0.175']
Round 9 – TPR per Domain: 0:0.208, 1:0.208, 2:0.385, 3:0.632, 4:0.470, 5:0.470, 6:0.470, 7:0.632, 8:0.385, 9:0.208
Round: 9 Method: dapperfl Mean_Acc: 44.918 Best_Acc: 44.918
Domain_Acc: [49.11, 62.63, 37.93, 30.0] Domain_BestAcc: [49.11, 62.63, 37.93, 30.0]
Prune local model 1, pr_ratio = [0.2, 0.2, 0.2, 0.2]
Prune local model 9, pr_ratio = [0.2, 0.2, 0.2, 0.2]
Prune local model 2, pr_ratio = [0.2, 0.2, 0.2, 0.2]
Prune local model 4, pr_ratio = [0.2, 0.2, 0.2, 0.2]
Prune local model 7, pr_ratio = [0.2, 0.2, 0.2, 0.2]
Prune local model 0, pr_ratio = [0.2, 0.2, 0.2, 0.2]
Prune local model 3, pr_ratio = [0.2, 0.2, 0.2, 0.2]
Prune local model 6, pr_ratio = [0.2, 0.2, 0.2, 0.2]
Prune local model 5, pr_ratio = [0.2, 0.2, 0.2, 0.2]
Prune local model 8, pr_ratio = [0.2, 0.2, 0.2, 0.2]
Round 10 – LOCAL TPR pre-agg per client: ['0.200', '0.350', '0.432', '0.475', '0.325', '0.321', '0.393', '0.331', '0.237', '0.250']
Round 10 – TPR per Domain: 0:0.275, 1:0.275, 2:0.334, 3:0.598, 4:0.486, 5:0.486, 6:0.486, 7:0.598, 8:0.334, 9:0.275
Round: 10 Method: dapperfl Mean_Acc: 45.043 Best_Acc: 45.043
Domain_Acc: [51.79, 58.95, 32.76, 36.67] Domain_BestAcc: [51.79, 62.63, 37.93, 36.67]
Prune local model 8, pr_ratio = [0.2, 0.2, 0.2, 0.2]
Prune local model 1, pr_ratio = [0.2, 0.2, 0.2, 0.2]
Prune local model 2, pr_ratio = [0.2, 0.2, 0.2, 0.2]
Prune local model 3, pr_ratio = [0.2, 0.2, 0.2, 0.2]
Prune local model 4, pr_ratio = [0.2, 0.2, 0.2, 0.2]
Prune local model 9, pr_ratio = [0.2, 0.2, 0.2, 0.2]
Prune local model 6, pr_ratio = [0.2, 0.2, 0.2, 0.2]
Prune local model 5, pr_ratio = [0.2, 0.2, 0.2, 0.2]
Prune local model 7, pr_ratio = [0.2, 0.2, 0.2, 0.2]
Prune local model 0, pr_ratio = [0.2, 0.2, 0.2, 0.2]
Round 11 – LOCAL TPR pre-agg per client: ['0.200', '0.392', '0.409', '0.357', '0.256', '0.253', '0.378', '0.490', '0.257', '0.150']
Round 11 – TPR per Domain: 0:0.208, 1:0.208, 2:0.324, 3:0.694, 4:0.483, 5:0.483, 6:0.483, 7:0.694, 8:0.324, 9:0.208
Round: 11 Method: dapperfl Mean_Acc: 45.65 Best_Acc: 45.65
Domain_Acc: [50.89, 68.95, 32.76, 30.0] Domain_BestAcc: [51.79, 68.95, 37.93, 36.67]
Prune local model 1, pr_ratio = [0.2, 0.2, 0.2, 0.2]
Prune local model 7, pr_ratio = [0.2, 0.2, 0.2, 0.2]
Prune local model 0, pr_ratio = [0.2, 0.2, 0.2, 0.2]
Prune local model 9, pr_ratio = [0.2, 0.2, 0.2, 0.2]
Prune local model 6, pr_ratio = [0.2, 0.2, 0.2, 0.2]
Prune local model 2, pr_ratio = [0.2, 0.2, 0.2, 0.2]
Prune local model 4, pr_ratio = [0.2, 0.2, 0.2, 0.2]
Prune local model 3, pr_ratio = [0.2, 0.2, 0.2, 0.2]
Prune local model 8, pr_ratio = [0.2, 0.2, 0.2, 0.2]
Prune local model 5, pr_ratio = [0.2, 0.2, 0.2, 0.2]
Round 12 – LOCAL TPR pre-agg per client: ['0.200', '0.383', '0.426', '0.520', '0.355', '0.336', '0.390', '0.531', '0.233', '0.225']
Round 12 – TPR per Domain: 0:0.242, 1:0.242, 2:0.401, 3:0.595, 4:0.486, 5:0.486, 6:0.486, 7:0.595, 8:0.401, 9:0.242
Round: 12 Method: dapperfl Mean_Acc: 44.855 Best_Acc: 45.65
Domain_Acc: [51.34, 58.42, 39.66, 30.0] Domain_BestAcc: [51.79, 68.95, 39.66, 36.67]
Prune local model 7, pr_ratio = [0.2, 0.2, 0.2, 0.2]
Prune local model 3, pr_ratio = [0.2, 0.2, 0.2, 0.2]
Prune local model 1, pr_ratio = [0.2, 0.2, 0.2, 0.2]
Prune local model 0, pr_ratio = [0.2, 0.2, 0.2, 0.2]
Prune local model 8, pr_ratio = [0.2, 0.2, 0.2, 0.2]
Prune local model 4, pr_ratio = [0.2, 0.2, 0.2, 0.2]
Prune local model 9, pr_ratio = [0.2, 0.2, 0.2, 0.2]
Prune local model 6, pr_ratio = [0.2, 0.2, 0.2, 0.2]
Prune local model 5, pr_ratio = [0.2, 0.2, 0.2, 0.2]
Prune local model 2, pr_ratio = [0.2, 0.2, 0.2, 0.2]
Round 13 – LOCAL TPR pre-agg per client: ['0.250', '0.317', '0.480', '0.379', '0.360', '0.300', '0.258', '0.463', '0.253', '0.200']
Round 13 – TPR per Domain: 0:0.250, 1:0.250, 2:0.392, 3:0.651, 4:0.513, 5:0.513, 6:0.513, 7:0.651, 8:0.392, 9:0.250
Round: 13 Method: dapperfl Mean_Acc: 47.505 Best_Acc: 47.505
Domain_Acc: [54.02, 64.74, 37.93, 33.33] Domain_BestAcc: [54.02, 68.95, 39.66, 36.67]
Prune local model 7, pr_ratio = [0.2, 0.2, 0.2, 0.2]
Prune local model 1, pr_ratio = [0.2, 0.2, 0.2, 0.2]
Prune local model 5, pr_ratio = [0.2, 0.2, 0.2, 0.2]
Prune local model 9, pr_ratio = [0.2, 0.2, 0.2, 0.2]
Prune local model 0, pr_ratio = [0.2, 0.2, 0.2, 0.2]
Prune local model 6, pr_ratio = [0.2, 0.2, 0.2, 0.2]
Prune local model 8, pr_ratio = [0.2, 0.2, 0.2, 0.2]
Prune local model 4, pr_ratio = [0.2, 0.2, 0.2, 0.2]
Prune local model 2, pr_ratio = [0.2, 0.2, 0.2, 0.2]
Prune local model 3, pr_ratio = [0.2, 0.2, 0.2, 0.2]
Round 14 – LOCAL TPR pre-agg per client: ['0.200', '0.425', '0.509', '0.460', '0.321', '0.366', '0.334', '0.456', '0.221', '0.217']
Round 14 – TPR per Domain: 0:0.308, 1:0.308, 2:0.384, 3:0.632, 4:0.497, 5:0.497, 6:0.497, 7:0.632, 8:0.384, 9:0.308
Round: 14 Method: dapperfl Mean_Acc: 47.365 Best_Acc: 47.505
Domain_Acc: [52.23, 62.63, 37.93, 36.67] Domain_BestAcc: [54.02, 68.95, 39.66, 36.67]
Prune local model 6, pr_ratio = [0.2, 0.2, 0.2, 0.2]
Prune local model 7, pr_ratio = [0.2, 0.2, 0.2, 0.2]
Prune local model 1, pr_ratio = [0.2, 0.2, 0.2, 0.2]
Prune local model 2, pr_ratio = [0.2, 0.2, 0.2, 0.2]
Prune local model 3, pr_ratio = [0.2, 0.2, 0.2, 0.2]
Prune local model 8, pr_ratio = [0.2, 0.2, 0.2, 0.2]
Prune local model 9, pr_ratio = [0.2, 0.2, 0.2, 0.2]
Prune local model 4, pr_ratio = [0.2, 0.2, 0.2, 0.2]
Prune local model 5, pr_ratio = [0.2, 0.2, 0.2, 0.2]
Prune local model 0, pr_ratio = [0.2, 0.2, 0.2, 0.2]
Round 15 – LOCAL TPR pre-agg per client: ['0.300', '0.267', '0.606', '0.329', '0.325', '0.368', '0.394', '0.532', '0.227', '0.250']
Round 15 – TPR per Domain: 0:0.317, 1:0.317, 2:0.355, 3:0.695, 4:0.498, 5:0.498, 6:0.498, 7:0.695, 8:0.355, 9:0.317
Round: 15 Method: dapperfl Mean_Acc: 47.36 Best_Acc: 47.505
Domain_Acc: [52.68, 68.95, 34.48, 33.33] Domain_BestAcc: [54.02, 68.95, 39.66, 36.67]
Prune local model 5, pr_ratio = [0.2, 0.2, 0.2, 0.2]
Prune local model 9, pr_ratio = [0.2, 0.2, 0.2, 0.2]
Prune local model 6, pr_ratio = [0.2, 0.2, 0.2, 0.2]
Prune local model 4, pr_ratio = [0.2, 0.2, 0.2, 0.2]
Prune local model 2, pr_ratio = [0.2, 0.2, 0.2, 0.2]
Prune local model 0, pr_ratio = [0.2, 0.2, 0.2, 0.2]
Prune local model 7, pr_ratio = [0.2, 0.2, 0.2, 0.2]
Prune local model 1, pr_ratio = [0.2, 0.2, 0.2, 0.2]
Prune local model 8, pr_ratio = [0.2, 0.2, 0.2, 0.2]
Prune local model 3, pr_ratio = [0.2, 0.2, 0.2, 0.2]
Round 16 – LOCAL TPR pre-agg per client: ['0.250', '0.492', '0.410', '0.263', '0.351', '0.326', '0.332', '0.398', '0.307', '0.200']
Round 16 – TPR per Domain: 0:0.275, 1:0.275, 2:0.425, 3:0.653, 4:0.499, 5:0.499, 6:0.499, 7:0.653, 8:0.425, 9:0.275
Round: 16 Method: dapperfl Mean_Acc: 48.977 Best_Acc: 48.977
Domain_Acc: [53.12, 64.74, 41.38, 36.67] Domain_BestAcc: [54.02, 68.95, 41.38, 36.67]
Prune local model 6, pr_ratio = [0.2, 0.2, 0.2, 0.2]
Prune local model 4, pr_ratio = [0.2, 0.2, 0.2, 0.2]
Prune local model 0, pr_ratio = [0.2, 0.2, 0.2, 0.2]
Prune local model 2, pr_ratio = [0.2, 0.2, 0.2, 0.2]
Prune local model 7, pr_ratio = [0.2, 0.2, 0.2, 0.2]
Prune local model 8, pr_ratio = [0.2, 0.2, 0.2, 0.2]
Prune local model 5, pr_ratio = [0.2, 0.2, 0.2, 0.2]
Prune local model 1, pr_ratio = [0.2, 0.2, 0.2, 0.2]
Prune local model 3, pr_ratio = [0.2, 0.2, 0.2, 0.2]
Prune local model 9, pr_ratio = [0.2, 0.2, 0.2, 0.2]
Round 17 – LOCAL TPR pre-agg per client: ['0.300', '0.458', '0.388', '0.545', '0.383', '0.355', '0.354', '0.682', '0.368', '0.317']
Round 17 – TPR per Domain: 0:0.225, 1:0.225, 2:0.431, 3:0.675, 4:0.548, 5:0.548, 6:0.548, 7:0.675, 8:0.431, 9:0.225
Round: 17 Method: dapperfl Mean_Acc: 49.993 Best_Acc: 49.993
Domain_Acc: [56.7, 66.84, 43.1, 33.33] Domain_BestAcc: [56.7, 68.95, 43.1, 36.67]
Prune local model 9, pr_ratio = [0.2, 0.2, 0.2, 0.2]
Prune local model 6, pr_ratio = [0.2, 0.2, 0.2, 0.2]
Prune local model 2, pr_ratio = [0.2, 0.2, 0.2, 0.2]
Prune local model 4, pr_ratio = [0.2, 0.2, 0.2, 0.2]
Prune local model 1, pr_ratio = [0.2, 0.2, 0.2, 0.2]
Prune local model 7, pr_ratio = [0.2, 0.2, 0.2, 0.2]
Prune local model 3, pr_ratio = [0.2, 0.2, 0.2, 0.2]
Prune local model 0, pr_ratio = [0.2, 0.2, 0.2, 0.2]
Prune local model 8, pr_ratio = [0.2, 0.2, 0.2, 0.2]
Prune local model 5, pr_ratio = [0.2, 0.2, 0.2, 0.2]
Round 18 – LOCAL TPR pre-agg per client: ['0.200', '0.250', '0.466', '0.434', '0.351', '0.407', '0.328', '0.309', '0.295', '0.258']
Round 18 – TPR per Domain: 0:0.408, 1:0.408, 2:0.364, 3:0.638, 4:0.526, 5:0.526, 6:0.526, 7:0.638, 8:0.364, 9:0.408
Round: 18 Method: dapperfl Mean_Acc: 49.625 Best_Acc: 49.993
Domain_Acc: [55.8, 63.16, 36.21, 43.33] Domain_BestAcc: [56.7, 68.95, 43.1, 43.33]
Prune local model 5, pr_ratio = [0.2, 0.2, 0.2, 0.2]
Prune local model 7, pr_ratio = [0.2, 0.2, 0.2, 0.2]
Prune local model 0, pr_ratio = [0.2, 0.2, 0.2, 0.2]
Prune local model 8, pr_ratio = [0.2, 0.2, 0.2, 0.2]
Prune local model 3, pr_ratio = [0.2, 0.2, 0.2, 0.2]
Prune local model 6, pr_ratio = [0.2, 0.2, 0.2, 0.2]
Prune local model 9, pr_ratio = [0.2, 0.2, 0.2, 0.2]
Prune local model 4, pr_ratio = [0.2, 0.2, 0.2, 0.2]
Prune local model 2, pr_ratio = [0.2, 0.2, 0.2, 0.2]
Prune local model 1, pr_ratio = [0.2, 0.2, 0.2, 0.2]
Round 19 – LOCAL TPR pre-agg per client: ['0.200', '0.492', '0.455', '0.533', '0.424', '0.335', '0.423', '0.536', '0.262', '0.250']
Round 19 – TPR per Domain: 0:0.333, 1:0.333, 2:0.329, 3:0.731, 4:0.542, 5:0.542, 6:0.542, 7:0.731, 8:0.329, 9:0.333
Round: 19 Method: dapperfl Mean_Acc: 49.367 Best_Acc: 49.993
Domain_Acc: [57.14, 72.63, 31.03, 36.67] Domain_BestAcc: [57.14, 72.63, 43.1, 43.33]
Prune local model 6, pr_ratio = [0.2, 0.2, 0.2, 0.2]
Prune local model 7, pr_ratio = [0.2, 0.2, 0.2, 0.2]
Prune local model 4, pr_ratio = [0.2, 0.2, 0.2, 0.2]
Prune local model 5, pr_ratio = [0.2, 0.2, 0.2, 0.2]
Prune local model 0, pr_ratio = [0.2, 0.2, 0.2, 0.2]
Prune local model 8, pr_ratio = [0.2, 0.2, 0.2, 0.2]
Prune local model 3, pr_ratio = [0.2, 0.2, 0.2, 0.2]
Prune local model 1, pr_ratio = [0.2, 0.2, 0.2, 0.2]
Prune local model 9, pr_ratio = [0.2, 0.2, 0.2, 0.2]
Prune local model 2, pr_ratio = [0.2, 0.2, 0.2, 0.2]
Round 20 – LOCAL TPR pre-agg per client: ['0.200', '0.517', '0.463', '0.428', '0.459', '0.434', '0.362', '0.453', '0.368', '0.225']
Round 20 – TPR per Domain: 0:0.350, 1:0.350, 2:0.315, 3:0.717, 4:0.540, 5:0.540, 6:0.540, 7:0.717, 8:0.315, 9:0.350
Round: 20 Method: dapperfl Mean_Acc: 49.828 Best_Acc: 49.993
Domain_Acc: [56.7, 71.58, 31.03, 40.0] Domain_BestAcc: [57.14, 72.63, 43.1, 43.33]
Prune local model 6, pr_ratio = [0.2, 0.2, 0.2, 0.2]
Prune local model 9, pr_ratio = [0.2, 0.2, 0.2, 0.2]
Prune local model 5, pr_ratio = [0.2, 0.2, 0.2, 0.2]
Prune local model 8, pr_ratio = [0.2, 0.2, 0.2, 0.2]
Prune local model 1, pr_ratio = [0.2, 0.2, 0.2, 0.2]
Prune local model 3, pr_ratio = [0.2, 0.2, 0.2, 0.2]
Prune local model 4, pr_ratio = [0.2, 0.2, 0.2, 0.2]
Prune local model 0, pr_ratio = [0.2, 0.2, 0.2, 0.2]
Prune local model 2, pr_ratio = [0.2, 0.2, 0.2, 0.2]
Prune local model 7, pr_ratio = [0.2, 0.2, 0.2, 0.2]
Round 21 – LOCAL TPR pre-agg per client: ['0.225', '0.367', '0.631', '0.504', '0.278', '0.369', '0.246', '0.483', '0.422', '0.242']
Round 21 – TPR per Domain: 0:0.225, 1:0.225, 2:0.348, 3:0.732, 4:0.552, 5:0.552, 6:0.552, 7:0.732, 8:0.348, 9:0.225
Round: 21 Method: dapperfl Mean_Acc: 47.507 Best_Acc: 49.993
Domain_Acc: [56.25, 72.63, 34.48, 26.67] Domain_BestAcc: [57.14, 72.63, 43.1, 43.33]
Prune local model 2, pr_ratio = [0.2, 0.2, 0.2, 0.2]
Prune local model 7, pr_ratio = [0.2, 0.2, 0.2, 0.2]
Prune local model 5, pr_ratio = [0.2, 0.2, 0.2, 0.2]
Prune local model 8, pr_ratio = [0.2, 0.2, 0.2, 0.2]
Prune local model 4, pr_ratio = [0.2, 0.2, 0.2, 0.2]
Prune local model 3, pr_ratio = [0.2, 0.2, 0.2, 0.2]
Prune local model 9, pr_ratio = [0.2, 0.2, 0.2, 0.2]
Prune local model 0, pr_ratio = [0.2, 0.2, 0.2, 0.2]
Prune local model 1, pr_ratio = [0.2, 0.2, 0.2, 0.2]
Prune local model 6, pr_ratio = [0.2, 0.2, 0.2, 0.2]
Round 22 – LOCAL TPR pre-agg per client: ['0.200', '0.475', '0.427', '0.563', '0.417', '0.320', '0.350', '0.512', '0.474', '0.317']
Round 22 – TPR per Domain: 0:0.358, 1:0.358, 2:0.338, 3:0.695, 4:0.547, 5:0.547, 6:0.547, 7:0.695, 8:0.338, 9:0.358
Round: 22 Method: dapperfl Mean_Acc: 49.825 Best_Acc: 49.993
Domain_Acc: [57.59, 68.95, 32.76, 40.0] Domain_BestAcc: [57.59, 72.63, 43.1, 43.33]
Prune local model 8, pr_ratio = [0.2, 0.2, 0.2, 0.2]
Prune local model 0, pr_ratio = [0.2, 0.2, 0.2, 0.2]
Prune local model 2, pr_ratio = [0.2, 0.2, 0.2, 0.2]
Prune local model 9, pr_ratio = [0.2, 0.2, 0.2, 0.2]
Prune local model 5, pr_ratio = [0.2, 0.2, 0.2, 0.2]
Prune local model 3, pr_ratio = [0.2, 0.2, 0.2, 0.2]
Prune local model 1, pr_ratio = [0.2, 0.2, 0.2, 0.2]
Prune local model 6, pr_ratio = [0.2, 0.2, 0.2, 0.2]
Prune local model 7, pr_ratio = [0.2, 0.2, 0.2, 0.2]
Prune local model 4, pr_ratio = [0.2, 0.2, 0.2, 0.2]
Round 23 – LOCAL TPR pre-agg per client: ['0.200', '0.517', '0.528', '0.563', '0.380', '0.457', '0.405', '0.486', '0.249', '0.292']
Round 23 – TPR per Domain: 0:0.317, 1:0.317, 2:0.364, 3:0.736, 4:0.562, 5:0.562, 6:0.562, 7:0.736, 8:0.364, 9:0.317
Round: 23 Method: dapperfl Mean_Acc: 49.862 Best_Acc: 49.993
Domain_Acc: [58.48, 73.16, 34.48, 33.33] Domain_BestAcc: [58.48, 73.16, 43.1, 43.33]
Prune local model 5, pr_ratio = [0.2, 0.2, 0.2, 0.2]
Prune local model 4, pr_ratio = [0.2, 0.2, 0.2, 0.2]
Prune local model 6, pr_ratio = [0.2, 0.2, 0.2, 0.2]
Prune local model 2, pr_ratio = [0.2, 0.2, 0.2, 0.2]
Prune local model 1, pr_ratio = [0.2, 0.2, 0.2, 0.2]
Prune local model 9, pr_ratio = [0.2, 0.2, 0.2, 0.2]
Prune local model 8, pr_ratio = [0.2, 0.2, 0.2, 0.2]
Prune local model 7, pr_ratio = [0.2, 0.2, 0.2, 0.2]
Prune local model 3, pr_ratio = [0.2, 0.2, 0.2, 0.2]
Prune local model 0, pr_ratio = [0.2, 0.2, 0.2, 0.2]
Round 24 – LOCAL TPR pre-agg per client: ['0.350', '0.542', '0.505', '0.598', '0.354', '0.356', '0.421', '0.453', '0.454', '0.292']
Round 24 – TPR per Domain: 0:0.242, 1:0.242, 2:0.375, 3:0.703, 4:0.503, 5:0.503, 6:0.503, 7:0.703, 8:0.375, 9:0.242
Round: 24 Method: dapperfl Mean_Acc: 46.5 Best_Acc: 49.993
Domain_Acc: [53.12, 70.0, 36.21, 26.67] Domain_BestAcc: [58.48, 73.16, 43.1, 43.33]
Prune local model 5, pr_ratio = [0.2, 0.2, 0.2, 0.2]
Prune local model 0, pr_ratio = [0.2, 0.2, 0.2, 0.2]
Prune local model 9, pr_ratio = [0.2, 0.2, 0.2, 0.2]
Prune local model 1, pr_ratio = [0.2, 0.2, 0.2, 0.2]
Prune local model 8, pr_ratio = [0.2, 0.2, 0.2, 0.2]
Prune local model 3, pr_ratio = [0.2, 0.2, 0.2, 0.2]
Prune local model 7, pr_ratio = [0.2, 0.2, 0.2, 0.2]
Prune local model 6, pr_ratio = [0.2, 0.2, 0.2, 0.2]
Prune local model 4, pr_ratio = [0.2, 0.2, 0.2, 0.2]
Prune local model 2, pr_ratio = [0.2, 0.2, 0.2, 0.2]
Round 25 – LOCAL TPR pre-agg per client: ['0.200', '0.392', '0.449', '0.330', '0.428', '0.431', '0.344', '0.289', '0.315', '0.242']
Round 25 – TPR per Domain: 0:0.358, 1:0.358, 2:0.386, 3:0.707, 4:0.582, 5:0.582, 6:0.582, 7:0.707, 8:0.386, 9:0.358
Round: 25 Method: dapperfl Mean_Acc: 51.218 Best_Acc: 51.218
Domain_Acc: [60.27, 70.0, 37.93, 36.67] Domain_BestAcc: [60.27, 73.16, 43.1, 43.33]
Prune local model 2, pr_ratio = [0.2, 0.2, 0.2, 0.2]
Prune local model 9, pr_ratio = [0.2, 0.2, 0.2, 0.2]
Prune local model 3, pr_ratio = [0.2, 0.2, 0.2, 0.2]
Prune local model 4, pr_ratio = [0.2, 0.2, 0.2, 0.2]
Prune local model 6, pr_ratio = [0.2, 0.2, 0.2, 0.2]
Prune local model 0, pr_ratio = [0.2, 0.2, 0.2, 0.2]
Prune local model 7, pr_ratio = [0.2, 0.2, 0.2, 0.2]
Prune local model 1, pr_ratio = [0.2, 0.2, 0.2, 0.2]
Prune local model 5, pr_ratio = [0.2, 0.2, 0.2, 0.2]
Prune local model 8, pr_ratio = [0.2, 0.2, 0.2, 0.2]
Round 26 – LOCAL TPR pre-agg per client: ['0.300', '0.533', '0.325', '0.716', '0.361', '0.372', '0.301', '0.618', '0.511', '0.217']
Round 26 – TPR per Domain: 0:0.333, 1:0.333, 2:0.376, 3:0.697, 4:0.521, 5:0.521, 6:0.521, 7:0.697, 8:0.376, 9:0.333
Round: 26 Method: dapperfl Mean_Acc: 49.315 Best_Acc: 51.218
Domain_Acc: [54.91, 69.47, 36.21, 36.67] Domain_BestAcc: [60.27, 73.16, 43.1, 43.33]
Prune local model 9, pr_ratio = [0.2, 0.2, 0.2, 0.2]
Prune local model 5, pr_ratio = [0.2, 0.2, 0.2, 0.2]
Prune local model 0, pr_ratio = [0.2, 0.2, 0.2, 0.2]
Prune local model 6, pr_ratio = [0.2, 0.2, 0.2, 0.2]
Prune local model 7, pr_ratio = [0.2, 0.2, 0.2, 0.2]
Prune local model 1, pr_ratio = [0.2, 0.2, 0.2, 0.2]
Prune local model 2, pr_ratio = [0.2, 0.2, 0.2, 0.2]
Prune local model 4, pr_ratio = [0.2, 0.2, 0.2, 0.2]
Prune local model 8, pr_ratio = [0.2, 0.2, 0.2, 0.2]
Prune local model 3, pr_ratio = [0.2, 0.2, 0.2, 0.2]
Round 27 – LOCAL TPR pre-agg per client: ['0.300', '0.492', '0.622', '0.370', '0.410', '0.443', '0.386', '0.348', '0.412', '0.233']
Round 27 – TPR per Domain: 0:0.325, 1:0.325, 2:0.341, 3:0.746, 4:0.563, 5:0.563, 6:0.563, 7:0.746, 8:0.341, 9:0.325
Round: 27 Method: dapperfl Mean_Acc: 51.905 Best_Acc: 51.905
Domain_Acc: [58.93, 74.21, 34.48, 40.0] Domain_BestAcc: [60.27, 74.21, 43.1, 43.33]
Prune local model 3, pr_ratio = [0.2, 0.2, 0.2, 0.2]
Prune local model 1, pr_ratio = [0.2, 0.2, 0.2, 0.2]
Prune local model 6, pr_ratio = [0.2, 0.2, 0.2, 0.2]
Prune local model 8, pr_ratio = [0.2, 0.2, 0.2, 0.2]
Prune local model 7, pr_ratio = [0.2, 0.2, 0.2, 0.2]
Prune local model 4, pr_ratio = [0.2, 0.2, 0.2, 0.2]
Prune local model 2, pr_ratio = [0.2, 0.2, 0.2, 0.2]
Prune local model 0, pr_ratio = [0.2, 0.2, 0.2, 0.2]
Prune local model 9, pr_ratio = [0.2, 0.2, 0.2, 0.2]
Prune local model 5, pr_ratio = [0.2, 0.2, 0.2, 0.2]
Round 28 – LOCAL TPR pre-agg per client: ['0.200', '0.483', '0.465', '0.590', '0.400', '0.467', '0.448', '0.416', '0.410', '0.250']
Round 28 – TPR per Domain: 0:0.342, 1:0.342, 2:0.425, 3:0.722, 4:0.556, 5:0.556, 6:0.556, 7:0.722, 8:0.425, 9:0.342
Round: 28 Method: dapperfl Mean_Acc: 52.028 Best_Acc: 52.028
Domain_Acc: [58.48, 71.58, 41.38, 36.67] Domain_BestAcc: [60.27, 74.21, 43.1, 43.33]
Prune local model 6, pr_ratio = [0.2, 0.2, 0.2, 0.2]
Prune local model 8, pr_ratio = [0.2, 0.2, 0.2, 0.2]
Prune local model 4, pr_ratio = [0.2, 0.2, 0.2, 0.2]
Prune local model 3, pr_ratio = [0.2, 0.2, 0.2, 0.2]
Prune local model 0, pr_ratio = [0.2, 0.2, 0.2, 0.2]
Prune local model 5, pr_ratio = [0.2, 0.2, 0.2, 0.2]
Prune local model 2, pr_ratio = [0.2, 0.2, 0.2, 0.2]
Prune local model 1, pr_ratio = [0.2, 0.2, 0.2, 0.2]
Prune local model 9, pr_ratio = [0.2, 0.2, 0.2, 0.2]
Prune local model 7, pr_ratio = [0.2, 0.2, 0.2, 0.2]
Round 29 – LOCAL TPR pre-agg per client: ['0.375', '0.325', '0.505', '0.481', '0.402', '0.472', '0.393', '0.443', '0.440', '0.392']
Round 29 – TPR per Domain: 0:0.175, 1:0.175, 2:0.425, 3:0.675, 4:0.584, 5:0.584, 6:0.584, 7:0.675, 8:0.425, 9:0.175
Round: 29 Method: dapperfl Mean_Acc: 47.01 Best_Acc: 52.028
Domain_Acc: [59.82, 66.84, 41.38, 20.0] Domain_BestAcc: [60.27, 74.21, 43.1, 43.33]
Prune local model 4, pr_ratio = [0.2, 0.2, 0.2, 0.2]
Prune local model 0, pr_ratio = [0.2, 0.2, 0.2, 0.2]
Prune local model 3, pr_ratio = [0.2, 0.2, 0.2, 0.2]
Prune local model 5, pr_ratio = [0.2, 0.2, 0.2, 0.2]
Prune local model 1, pr_ratio = [0.2, 0.2, 0.2, 0.2]
Prune local model 6, pr_ratio = [0.2, 0.2, 0.2, 0.2]
Prune local model 7, pr_ratio = [0.2, 0.2, 0.2, 0.2]
Prune local model 9, pr_ratio = [0.2, 0.2, 0.2, 0.2]
Prune local model 2, pr_ratio = [0.2, 0.2, 0.2, 0.2]
Prune local model 8, pr_ratio = [0.2, 0.2, 0.2, 0.2]
Round 30 – LOCAL TPR pre-agg per client: ['0.250', '0.225', '0.500', '0.582', '0.257', '0.441', '0.480', '0.479', '0.627', '0.417']
Round 30 – TPR per Domain: 0:0.350, 1:0.350, 2:0.450, 3:0.756, 4:0.563, 5:0.563, 6:0.563, 7:0.756, 8:0.450, 9:0.350
Round: 30 Method: dapperfl Mean_Acc: 52.975 Best_Acc: 52.975
Domain_Acc: [58.48, 75.26, 44.83, 33.33] Domain_BestAcc: [60.27, 75.26, 44.83, 43.33]
Prune local model 6, pr_ratio = [0.2, 0.2, 0.2, 0.2]
Prune local model 0, pr_ratio = [0.2, 0.2, 0.2, 0.2]
Prune local model 2, pr_ratio = [0.2, 0.2, 0.2, 0.2]
Prune local model 7, pr_ratio = [0.2, 0.2, 0.2, 0.2]
Prune local model 5, pr_ratio = [0.2, 0.2, 0.2, 0.2]
Prune local model 4, pr_ratio = [0.2, 0.2, 0.2, 0.2]
Prune local model 9, pr_ratio = [0.2, 0.2, 0.2, 0.2]
Prune local model 3, pr_ratio = [0.2, 0.2, 0.2, 0.2]
Prune local model 8, pr_ratio = [0.2, 0.2, 0.2, 0.2]
Prune local model 1, pr_ratio = [0.2, 0.2, 0.2, 0.2]
Round 31 – LOCAL TPR pre-agg per client: ['0.400', '0.517', '0.663', '0.627', '0.436', '0.456', '0.496', '0.414', '0.521', '0.383']
Round 31 – TPR per Domain: 0:0.317, 1:0.317, 2:0.349, 3:0.737, 4:0.588, 5:0.588, 6:0.588, 7:0.737, 8:0.349, 9:0.317
Round: 31 Method: dapperfl Mean_Acc: 50.42 Best_Acc: 52.975
Domain_Acc: [60.71, 73.16, 34.48, 33.33] Domain_BestAcc: [60.71, 75.26, 44.83, 43.33]
Prune local model 4, pr_ratio = [0.2, 0.2, 0.2, 0.2]
Prune local model 7, pr_ratio = [0.2, 0.2, 0.2, 0.2]
Prune local model 8, pr_ratio = [0.2, 0.2, 0.2, 0.2]
Prune local model 0, pr_ratio = [0.2, 0.2, 0.2, 0.2]
Prune local model 1, pr_ratio = [0.2, 0.2, 0.2, 0.2]
Prune local model 2, pr_ratio = [0.2, 0.2, 0.2, 0.2]
Prune local model 6, pr_ratio = [0.2, 0.2, 0.2, 0.2]
Prune local model 3, pr_ratio = [0.2, 0.2, 0.2, 0.2]
Prune local model 9, pr_ratio = [0.2, 0.2, 0.2, 0.2]
Prune local model 5, pr_ratio = [0.2, 0.2, 0.2, 0.2]
Round 32 – LOCAL TPR pre-agg per client: ['0.250', '0.392', '0.421', '0.454', '0.506', '0.494', '0.404', '0.651', '0.539', '0.292']
Round 32 – TPR per Domain: 0:0.333, 1:0.333, 2:0.393, 3:0.736, 4:0.550, 5:0.550, 6:0.550, 7:0.736, 8:0.393, 9:0.333
Round: 32 Method: dapperfl Mean_Acc: 51.992 Best_Acc: 52.975
Domain_Acc: [58.48, 73.16, 39.66, 36.67] Domain_BestAcc: [60.71, 75.26, 44.83, 43.33]
Prune local model 2, pr_ratio = [0.2, 0.2, 0.2, 0.2]
Prune local model 4, pr_ratio = [0.2, 0.2, 0.2, 0.2]
Prune local model 5, pr_ratio = [0.2, 0.2, 0.2, 0.2]
Prune local model 9, pr_ratio = [0.2, 0.2, 0.2, 0.2]
Prune local model 3, pr_ratio = [0.2, 0.2, 0.2, 0.2]
Prune local model 7, pr_ratio = [0.2, 0.2, 0.2, 0.2]
Prune local model 1, pr_ratio = [0.2, 0.2, 0.2, 0.2]
Prune local model 6, pr_ratio = [0.2, 0.2, 0.2, 0.2]
Prune local model 8, pr_ratio = [0.2, 0.2, 0.2, 0.2]
Prune local model 0, pr_ratio = [0.2, 0.2, 0.2, 0.2]
Round 33 – LOCAL TPR pre-agg per client: ['0.300', '0.408', '0.588', '0.590', '0.420', '0.322', '0.348', '0.344', '0.524', '0.317']
Round 33 – TPR per Domain: 0:0.383, 1:0.383, 2:0.359, 3:0.701, 4:0.561, 5:0.561, 6:0.561, 7:0.701, 8:0.359, 9:0.383
Round: 33 Method: dapperfl Mean_Acc: 50.74 Best_Acc: 52.975
Domain_Acc: [58.48, 70.0, 34.48, 40.0] Domain_BestAcc: [60.71, 75.26, 44.83, 43.33]
Prune local model 9, pr_ratio = [0.2, 0.2, 0.2, 0.2]
Prune local model 6, pr_ratio = [0.2, 0.2, 0.2, 0.2]
Prune local model 5, pr_ratio = [0.2, 0.2, 0.2, 0.2]
Prune local model 1, pr_ratio = [0.2, 0.2, 0.2, 0.2]
Prune local model 2, pr_ratio = [0.2, 0.2, 0.2, 0.2]
Prune local model 4, pr_ratio = [0.2, 0.2, 0.2, 0.2]
Prune local model 8, pr_ratio = [0.2, 0.2, 0.2, 0.2]
Prune local model 7, pr_ratio = [0.2, 0.2, 0.2, 0.2]
Prune local model 3, pr_ratio = [0.2, 0.2, 0.2, 0.2]
Prune local model 0, pr_ratio = [0.2, 0.2, 0.2, 0.2]
Round 34 – LOCAL TPR pre-agg per client: ['0.200', '0.458', '0.675', '0.462', '0.384', '0.501', '0.444', '0.577', '0.467', '0.200']
Round 34 – TPR per Domain: 0:0.425, 1:0.425, 2:0.458, 3:0.747, 4:0.580, 5:0.580, 6:0.580, 7:0.747, 8:0.458, 9:0.425
Round: 34 Method: dapperfl Mean_Acc: 56.495 Best_Acc: 56.495
Domain_Acc: [60.27, 74.21, 44.83, 46.67] Domain_BestAcc: [60.71, 75.26, 44.83, 46.67]
Prune local model 6, pr_ratio = [0.2, 0.2, 0.2, 0.2]
Prune local model 7, pr_ratio = [0.2, 0.2, 0.2, 0.2]
Prune local model 4, pr_ratio = [0.2, 0.2, 0.2, 0.2]
Prune local model 1, pr_ratio = [0.2, 0.2, 0.2, 0.2]
Prune local model 8, pr_ratio = [0.2, 0.2, 0.2, 0.2]
Prune local model 9, pr_ratio = [0.2, 0.2, 0.2, 0.2]
Prune local model 3, pr_ratio = [0.2, 0.2, 0.2, 0.2]
Prune local model 5, pr_ratio = [0.2, 0.2, 0.2, 0.2]
Prune local model 0, pr_ratio = [0.2, 0.2, 0.2, 0.2]
Prune local model 2, pr_ratio = [0.2, 0.2, 0.2, 0.2]
Round 35 – LOCAL TPR pre-agg per client: ['0.200', '0.508', '0.579', '0.544', '0.361', '0.537', '0.442', '0.370', '0.524', '0.200']
Round 35 – TPR per Domain: 0:0.292, 1:0.292, 2:0.450, 3:0.733, 4:0.559, 5:0.559, 6:0.559, 7:0.733, 8:0.450, 9:0.292
Round: 35 Method: dapperfl Mean_Acc: 52.317 Best_Acc: 56.495
Domain_Acc: [58.48, 72.63, 44.83, 33.33] Domain_BestAcc: [60.71, 75.26, 44.83, 46.67]
Prune local model 8, pr_ratio = [0.2, 0.2, 0.2, 0.2]
Prune local model 4, pr_ratio = [0.2, 0.2, 0.2, 0.2]
Prune local model 6, pr_ratio = [0.2, 0.2, 0.2, 0.2]
Prune local model 5, pr_ratio = [0.2, 0.2, 0.2, 0.2]
Prune local model 2, pr_ratio = [0.2, 0.2, 0.2, 0.2]
Prune local model 7, pr_ratio = [0.2, 0.2, 0.2, 0.2]
Prune local model 1, pr_ratio = [0.2, 0.2, 0.2, 0.2]
Prune local model 0, pr_ratio = [0.2, 0.2, 0.2, 0.2]
Prune local model 3, pr_ratio = [0.2, 0.2, 0.2, 0.2]
Prune local model 9, pr_ratio = [0.2, 0.2, 0.2, 0.2]
Round 36 – LOCAL TPR pre-agg per client: ['0.375', '0.542', '0.487', '0.643', '0.425', '0.480', '0.461', '0.576', '0.411', '0.267']
Round 36 – TPR per Domain: 0:0.400, 1:0.400, 2:0.457, 3:0.759, 4:0.637, 5:0.637, 6:0.637, 7:0.759, 8:0.457, 9:0.400
Round: 36 Method: dapperfl Mean_Acc: 57.15 Best_Acc: 57.15
Domain_Acc: [65.18, 75.26, 44.83, 43.33] Domain_BestAcc: [65.18, 75.26, 44.83, 46.67]
Prune local model 8, pr_ratio = [0.2, 0.2, 0.2, 0.2]
Prune local model 6, pr_ratio = [0.2, 0.2, 0.2, 0.2]
Prune local model 9, pr_ratio = [0.2, 0.2, 0.2, 0.2]
Prune local model 7, pr_ratio = [0.2, 0.2, 0.2, 0.2]
Prune local model 2, pr_ratio = [0.2, 0.2, 0.2, 0.2]
Prune local model 1, pr_ratio = [0.2, 0.2, 0.2, 0.2]
Prune local model 4, pr_ratio = [0.2, 0.2, 0.2, 0.2]
Prune local model 0, pr_ratio = [0.2, 0.2, 0.2, 0.2]
Prune local model 5, pr_ratio = [0.2, 0.2, 0.2, 0.2]
Prune local model 3, pr_ratio = [0.2, 0.2, 0.2, 0.2]
Round 37 – LOCAL TPR pre-agg per client: ['0.325', '0.417', '0.536', '0.567', '0.485', '0.425', '0.458', '0.411', '0.421', '0.167']
Round 37 – TPR per Domain: 0:0.317, 1:0.317, 2:0.379, 3:0.752, 4:0.565, 5:0.565, 6:0.565, 7:0.752, 8:0.379, 9:0.317
Round: 37 Method: dapperfl Mean_Acc: 52.278 Best_Acc: 57.15
Domain_Acc: [58.04, 74.74, 39.66, 36.67] Domain_BestAcc: [65.18, 75.26, 44.83, 46.67]
Prune local model 0, pr_ratio = [0.2, 0.2, 0.2, 0.2]
Prune local model 7, pr_ratio = [0.2, 0.2, 0.2, 0.2]
Prune local model 6, pr_ratio = [0.2, 0.2, 0.2, 0.2]
Prune local model 9, pr_ratio = [0.2, 0.2, 0.2, 0.2]
Prune local model 2, pr_ratio = [0.2, 0.2, 0.2, 0.2]
Prune local model 1, pr_ratio = [0.2, 0.2, 0.2, 0.2]
Prune local model 8, pr_ratio = [0.2, 0.2, 0.2, 0.2]
Prune local model 3, pr_ratio = [0.2, 0.2, 0.2, 0.2]
Prune local model 5, pr_ratio = [0.2, 0.2, 0.2, 0.2]
Prune local model 4, pr_ratio = [0.2, 0.2, 0.2, 0.2]
Round 38 – LOCAL TPR pre-agg per client: ['0.200', '0.342', '0.517', '0.537', '0.425', '0.487', '0.503', '0.393', '0.528', '0.317']
Round 38 – TPR per Domain: 0:0.400, 1:0.400, 2:0.438, 3:0.782, 4:0.555, 5:0.555, 6:0.555, 7:0.782, 8:0.438, 9:0.400
Round: 38 Method: dapperfl Mean_Acc: 55.7 Best_Acc: 57.15
Domain_Acc: [58.48, 77.89, 43.1, 43.33] Domain_BestAcc: [65.18, 77.89, 44.83, 46.67]
Prune local model 5, pr_ratio = [0.2, 0.2, 0.2, 0.2]
Prune local model 0, pr_ratio = [0.2, 0.2, 0.2, 0.2]
Prune local model 4, pr_ratio = [0.2, 0.2, 0.2, 0.2]
Prune local model 1, pr_ratio = [0.2, 0.2, 0.2, 0.2]
Prune local model 2, pr_ratio = [0.2, 0.2, 0.2, 0.2]
Prune local model 9, pr_ratio = [0.2, 0.2, 0.2, 0.2]
Prune local model 6, pr_ratio = [0.2, 0.2, 0.2, 0.2]
Prune local model 3, pr_ratio = [0.2, 0.2, 0.2, 0.2]
Prune local model 8, pr_ratio = [0.2, 0.2, 0.2, 0.2]
Prune local model 7, pr_ratio = [0.2, 0.2, 0.2, 0.2]
Round 39 – LOCAL TPR pre-agg per client: ['0.225', '0.500', '0.579', '0.634', '0.473', '0.546', '0.465', '0.691', '0.483', '0.292']
Round 39 – TPR per Domain: 0:0.333, 1:0.333, 2:0.402, 3:0.763, 4:0.580, 5:0.580, 6:0.580, 7:0.763, 8:0.402, 9:0.333
Round: 39 Method: dapperfl Mean_Acc: 52.985 Best_Acc: 57.15
Domain_Acc: [59.82, 75.79, 39.66, 36.67] Domain_BestAcc: [65.18, 77.89, 44.83, 46.67]
Prune local model 5, pr_ratio = [0.2, 0.2, 0.2, 0.2]
Prune local model 1, pr_ratio = [0.2, 0.2, 0.2, 0.2]
Prune local model 8, pr_ratio = [0.2, 0.2, 0.2, 0.2]
Prune local model 9, pr_ratio = [0.2, 0.2, 0.2, 0.2]
Prune local model 3, pr_ratio = [0.2, 0.2, 0.2, 0.2]
Prune local model 4, pr_ratio = [0.2, 0.2, 0.2, 0.2]
Prune local model 2, pr_ratio = [0.2, 0.2, 0.2, 0.2]
Prune local model 7, pr_ratio = [0.2, 0.2, 0.2, 0.2]
Prune local model 6, pr_ratio = [0.2, 0.2, 0.2, 0.2]
Prune local model 0, pr_ratio = [0.2, 0.2, 0.2, 0.2]
Round 40 – LOCAL TPR pre-agg per client: ['0.325', '0.492', '0.672', '0.770', '0.512', '0.535', '0.559', '0.599', '0.541', '0.417']
Round 40 – TPR per Domain: 0:0.375, 1:0.375, 2:0.494, 3:0.767, 4:0.611, 5:0.611, 6:0.611, 7:0.767, 8:0.494, 9:0.375
Round: 40 Method: dapperfl Mean_Acc: 58.372 Best_Acc: 58.372
Domain_Acc: [63.84, 76.32, 50.0, 43.33] Domain_BestAcc: [65.18, 77.89, 50.0, 46.67]
Prune local model 1, pr_ratio = [0.2, 0.2, 0.2, 0.2]
Prune local model 3, pr_ratio = [0.2, 0.2, 0.2, 0.2]
Prune local model 2, pr_ratio = [0.2, 0.2, 0.2, 0.2]
Prune local model 8, pr_ratio = [0.2, 0.2, 0.2, 0.2]
Prune local model 5, pr_ratio = [0.2, 0.2, 0.2, 0.2]
Prune local model 9, pr_ratio = [0.2, 0.2, 0.2, 0.2]
Prune local model 6, pr_ratio = [0.2, 0.2, 0.2, 0.2]
Prune local model 7, pr_ratio = [0.2, 0.2, 0.2, 0.2]
Prune local model 4, pr_ratio = [0.2, 0.2, 0.2, 0.2]
Prune local model 0, pr_ratio = [0.2, 0.2, 0.2, 0.2]
Round 41 – LOCAL TPR pre-agg per client: ['0.350', '0.350', '0.634', '0.539', '0.425', '0.488', '0.503', '0.426', '0.623', '0.225']
Round 41 – TPR per Domain: 0:0.342, 1:0.342, 2:0.448, 3:0.724, 4:0.569, 5:0.569, 6:0.569, 7:0.724, 8:0.448, 9:0.342
Round: 41 Method: dapperfl Mean_Acc: 53.835 Best_Acc: 58.372
Domain_Acc: [58.93, 71.58, 44.83, 40.0] Domain_BestAcc: [65.18, 77.89, 50.0, 46.67]
Prune local model 5, pr_ratio = [0.2, 0.2, 0.2, 0.2]
Prune local model 9, pr_ratio = [0.2, 0.2, 0.2, 0.2]
Prune local model 7, pr_ratio = [0.2, 0.2, 0.2, 0.2]
Prune local model 2, pr_ratio = [0.2, 0.2, 0.2, 0.2]
Prune local model 8, pr_ratio = [0.2, 0.2, 0.2, 0.2]
Prune local model 6, pr_ratio = [0.2, 0.2, 0.2, 0.2]
Prune local model 3, pr_ratio = [0.2, 0.2, 0.2, 0.2]
Prune local model 4, pr_ratio = [0.2, 0.2, 0.2, 0.2]
Prune local model 0, pr_ratio = [0.2, 0.2, 0.2, 0.2]
Prune local model 1, pr_ratio = [0.2, 0.2, 0.2, 0.2]
Round 42 – LOCAL TPR pre-agg per client: ['0.225', '0.417', '0.468', '0.663', '0.445', '0.500', '0.548', '0.655', '0.609', '0.300']
Round 42 – TPR per Domain: 0:0.358, 1:0.358, 2:0.460, 3:0.743, 4:0.569, 5:0.569, 6:0.569, 7:0.743, 8:0.460, 9:0.358
Round: 42 Method: dapperfl Mean_Acc: 54.582 Best_Acc: 58.372
Domain_Acc: [59.82, 73.68, 44.83, 40.0] Domain_BestAcc: [65.18, 77.89, 50.0, 46.67]
Prune local model 1, pr_ratio = [0.2, 0.2, 0.2, 0.2]
Prune local model 5, pr_ratio = [0.2, 0.2, 0.2, 0.2]
Prune local model 4, pr_ratio = [0.2, 0.2, 0.2, 0.2]
Prune local model 2, pr_ratio = [0.2, 0.2, 0.2, 0.2]
Prune local model 9, pr_ratio = [0.2, 0.2, 0.2, 0.2]
Prune local model 7, pr_ratio = [0.2, 0.2, 0.2, 0.2]
Prune local model 3, pr_ratio = [0.2, 0.2, 0.2, 0.2]
Prune local model 6, pr_ratio = [0.2, 0.2, 0.2, 0.2]
Prune local model 8, pr_ratio = [0.2, 0.2, 0.2, 0.2]
Prune local model 0, pr_ratio = [0.2, 0.2, 0.2, 0.2]
Round 43 – LOCAL TPR pre-agg per client: ['0.325', '0.475', '0.597', '0.699', '0.450', '0.509', '0.430', '0.435', '0.614', '0.400']
Round 43 – TPR per Domain: 0:0.442, 1:0.442, 2:0.432, 3:0.742, 4:0.571, 5:0.571, 6:0.571, 7:0.742, 8:0.432, 9:0.442
Round: 43 Method: dapperfl Mean_Acc: 54.872 Best_Acc: 58.372
Domain_Acc: [59.38, 73.68, 43.1, 43.33] Domain_BestAcc: [65.18, 77.89, 50.0, 46.67]
Prune local model 8, pr_ratio = [0.2, 0.2, 0.2, 0.2]
Prune local model 5, pr_ratio = [0.2, 0.2, 0.2, 0.2]
Prune local model 4, pr_ratio = [0.2, 0.2, 0.2, 0.2]
Prune local model 7, pr_ratio = [0.2, 0.2, 0.2, 0.2]
Prune local model 0, pr_ratio = [0.2, 0.2, 0.2, 0.2]
Prune local model 2, pr_ratio = [0.2, 0.2, 0.2, 0.2]
Prune local model 6, pr_ratio = [0.2, 0.2, 0.2, 0.2]
Prune local model 3, pr_ratio = [0.2, 0.2, 0.2, 0.2]
Prune local model 1, pr_ratio = [0.2, 0.2, 0.2, 0.2]
Prune local model 9, pr_ratio = [0.2, 0.2, 0.2, 0.2]
Round 44 – LOCAL TPR pre-agg per client: ['0.450', '0.375', '0.555', '0.454', '0.526', '0.498', '0.481', '0.589', '0.564', '0.317']
Round 44 – TPR per Domain: 0:0.300, 1:0.300, 2:0.449, 3:0.770, 4:0.603, 5:0.603, 6:0.603, 7:0.770, 8:0.449, 9:0.300
Round: 44 Method: dapperfl Mean_Acc: 55.21 Best_Acc: 58.372
Domain_Acc: [62.5, 76.84, 44.83, 36.67] Domain_BestAcc: [65.18, 77.89, 50.0, 46.67]
Prune local model 5, pr_ratio = [0.2, 0.2, 0.2, 0.2]
Prune local model 8, pr_ratio = [0.2, 0.2, 0.2, 0.2]
Prune local model 7, pr_ratio = [0.2, 0.2, 0.2, 0.2]
Prune local model 3, pr_ratio = [0.2, 0.2, 0.2, 0.2]
Prune local model 0, pr_ratio = [0.2, 0.2, 0.2, 0.2]
Prune local model 2, pr_ratio = [0.2, 0.2, 0.2, 0.2]
Prune local model 9, pr_ratio = [0.2, 0.2, 0.2, 0.2]
Prune local model 1, pr_ratio = [0.2, 0.2, 0.2, 0.2]
Prune local model 6, pr_ratio = [0.2, 0.2, 0.2, 0.2]
Prune local model 4, pr_ratio = [0.2, 0.2, 0.2, 0.2]
Round 45 – LOCAL TPR pre-agg per client: ['0.350', '0.300', '0.534', '0.742', '0.411', '0.482', '0.496', '0.695', '0.514', '0.592']
Round 45 – TPR per Domain: 0:0.433, 1:0.433, 2:0.521, 3:0.732, 4:0.622, 5:0.622, 6:0.622, 7:0.732, 8:0.521, 9:0.433
Round: 45 Method: dapperfl Mean_Acc: 58.828 Best_Acc: 58.828
Domain_Acc: [64.29, 72.63, 51.72, 46.67] Domain_BestAcc: [65.18, 77.89, 51.72, 46.67]
Prune local model 8, pr_ratio = [0.2, 0.2, 0.2, 0.2]
Prune local model 1, pr_ratio = [0.2, 0.2, 0.2, 0.2]
Prune local model 3, pr_ratio = [0.2, 0.2, 0.2, 0.2]
Prune local model 5, pr_ratio = [0.2, 0.2, 0.2, 0.2]
Prune local model 9, pr_ratio = [0.2, 0.2, 0.2, 0.2]
Prune local model 7, pr_ratio = [0.2, 0.2, 0.2, 0.2]
Prune local model 6, pr_ratio = [0.2, 0.2, 0.2, 0.2]
Prune local model 2, pr_ratio = [0.2, 0.2, 0.2, 0.2]
Prune local model 0, pr_ratio = [0.2, 0.2, 0.2, 0.2]
Prune local model 4, pr_ratio = [0.2, 0.2, 0.2, 0.2]
Round 46 – LOCAL TPR pre-agg per client: ['0.442', '0.517', '0.579', '0.643', '0.495', '0.540', '0.496', '0.652', '0.498', '0.442']
Round 46 – TPR per Domain: 0:0.317, 1:0.317, 2:0.427, 3:0.742, 4:0.619, 5:0.619, 6:0.619, 7:0.742, 8:0.427, 9:0.317
Round: 46 Method: dapperfl Mean_Acc: 53.488 Best_Acc: 58.828
Domain_Acc: [63.84, 73.68, 43.1, 33.33] Domain_BestAcc: [65.18, 77.89, 51.72, 46.67]
Prune local model 7, pr_ratio = [0.2, 0.2, 0.2, 0.2]
Prune local model 8, pr_ratio = [0.2, 0.2, 0.2, 0.2]
Prune local model 4, pr_ratio = [0.2, 0.2, 0.2, 0.2]
Prune local model 9, pr_ratio = [0.2, 0.2, 0.2, 0.2]
Prune local model 6, pr_ratio = [0.2, 0.2, 0.2, 0.2]
Prune local model 0, pr_ratio = [0.2, 0.2, 0.2, 0.2]
Prune local model 3, pr_ratio = [0.2, 0.2, 0.2, 0.2]
Prune local model 2, pr_ratio = [0.2, 0.2, 0.2, 0.2]
Prune local model 1, pr_ratio = [0.2, 0.2, 0.2, 0.2]
Prune local model 5, pr_ratio = [0.2, 0.2, 0.2, 0.2]
Round 47 – LOCAL TPR pre-agg per client: ['0.342', '0.567', '0.509', '0.657', '0.465', '0.549', '0.554', '0.687', '0.631', '0.500']
Round 47 – TPR per Domain: 0:0.375, 1:0.375, 2:0.510, 3:0.758, 4:0.616, 5:0.616, 6:0.616, 7:0.758, 8:0.510, 9:0.375
Round: 47 Method: dapperfl Mean_Acc: 58.425 Best_Acc: 58.828
Domain_Acc: [63.39, 75.26, 51.72, 43.33] Domain_BestAcc: [65.18, 77.89, 51.72, 46.67]
Prune local model 0, pr_ratio = [0.2, 0.2, 0.2, 0.2]
Prune local model 3, pr_ratio = [0.2, 0.2, 0.2, 0.2]
Prune local model 8, pr_ratio = [0.2, 0.2, 0.2, 0.2]
Prune local model 2, pr_ratio = [0.2, 0.2, 0.2, 0.2]
Prune local model 1, pr_ratio = [0.2, 0.2, 0.2, 0.2]
Prune local model 6, pr_ratio = [0.2, 0.2, 0.2, 0.2]
Prune local model 5, pr_ratio = [0.2, 0.2, 0.2, 0.2]
Prune local model 9, pr_ratio = [0.2, 0.2, 0.2, 0.2]
Prune local model 7, pr_ratio = [0.2, 0.2, 0.2, 0.2]
Prune local model 4, pr_ratio = [0.2, 0.2, 0.2, 0.2]
Round 48 – LOCAL TPR pre-agg per client: ['0.492', '0.458', '0.522', '0.688', '0.513', '0.405', '0.485', '0.654', '0.615', '0.342']
Round 48 – TPR per Domain: 0:0.267, 1:0.267, 2:0.542, 3:0.729, 4:0.627, 5:0.627, 6:0.627, 7:0.729, 8:0.542, 9:0.267
Round: 48 Method: dapperfl Mean_Acc: 55.795 Best_Acc: 58.828
Domain_Acc: [64.29, 72.11, 53.45, 33.33] Domain_BestAcc: [65.18, 77.89, 53.45, 46.67]
Prune local model 9, pr_ratio = [0.2, 0.2, 0.2, 0.2]
Prune local model 7, pr_ratio = [0.2, 0.2, 0.2, 0.2]
Prune local model 2, pr_ratio = [0.2, 0.2, 0.2, 0.2]
Prune local model 0, pr_ratio = [0.2, 0.2, 0.2, 0.2]
Prune local model 5, pr_ratio = [0.2, 0.2, 0.2, 0.2]
Prune local model 8, pr_ratio = [0.2, 0.2, 0.2, 0.2]
Prune local model 3, pr_ratio = [0.2, 0.2, 0.2, 0.2]
Prune local model 1, pr_ratio = [0.2, 0.2, 0.2, 0.2]
Prune local model 4, pr_ratio = [0.2, 0.2, 0.2, 0.2]
Prune local model 6, pr_ratio = [0.2, 0.2, 0.2, 0.2]
Round 49 – LOCAL TPR pre-agg per client: ['0.300', '0.550', '0.492', '0.582', '0.399', '0.536', '0.493', '0.633', '0.548', '0.475']
Round 49 – TPR per Domain: 0:0.350, 1:0.350, 2:0.486, 3:0.739, 4:0.600, 5:0.600, 6:0.600, 7:0.739, 8:0.486, 9:0.350
Round: 49 Method: dapperfl Mean_Acc: 55.872 Best_Acc: 58.828
Domain_Acc: [62.05, 73.16, 48.28, 40.0] Domain_BestAcc: [65.18, 77.89, 53.45, 46.67]
Prune local model 0, pr_ratio = [0.2, 0.2, 0.2, 0.2]
Prune local model 2, pr_ratio = [0.2, 0.2, 0.2, 0.2]
Prune local model 5, pr_ratio = [0.2, 0.2, 0.2, 0.2]
Prune local model 6, pr_ratio = [0.2, 0.2, 0.2, 0.2]
Prune local model 7, pr_ratio = [0.2, 0.2, 0.2, 0.2]
Prune local model 9, pr_ratio = [0.2, 0.2, 0.2, 0.2]
Prune local model 8, pr_ratio = [0.2, 0.2, 0.2, 0.2]
Prune local model 3, pr_ratio = [0.2, 0.2, 0.2, 0.2]
Prune local model 4, pr_ratio = [0.2, 0.2, 0.2, 0.2]
Prune local model 1, pr_ratio = [0.2, 0.2, 0.2, 0.2]
Round 50 – LOCAL TPR pre-agg per client: ['0.325', '0.450', '0.584', '0.630', '0.498', '0.510', '0.530', '0.582', '0.421', '0.342']
Round 50 – TPR per Domain: 0:0.325, 1:0.325, 2:0.452, 3:0.767, 4:0.588, 5:0.588, 6:0.588, 7:0.767, 8:0.452, 9:0.325
Round: 50 Method: dapperfl Mean_Acc: 56.007 Best_Acc: 58.828
Domain_Acc: [61.16, 76.32, 46.55, 40.0] Domain_BestAcc: [65.18, 77.89, 53.45, 46.67]
Prune local model 2, pr_ratio = [0.2, 0.2, 0.2, 0.2]
Prune local model 1, pr_ratio = [0.2, 0.2, 0.2, 0.2]
Prune local model 4, pr_ratio = [0.2, 0.2, 0.2, 0.2]
Prune local model 3, pr_ratio = [0.2, 0.2, 0.2, 0.2]
Prune local model 5, pr_ratio = [0.2, 0.2, 0.2, 0.2]
Prune local model 7, pr_ratio = [0.2, 0.2, 0.2, 0.2]
Prune local model 0, pr_ratio = [0.2, 0.2, 0.2, 0.2]
Prune local model 8, pr_ratio = [0.2, 0.2, 0.2, 0.2]
Prune local model 9, pr_ratio = [0.2, 0.2, 0.2, 0.2]
Prune local model 6, pr_ratio = [0.2, 0.2, 0.2, 0.2]
Round 51 – LOCAL TPR pre-agg per client: ['0.267', '0.550', '0.425', '0.762', '0.457', '0.417', '0.537', '0.634', '0.588', '0.242']
Round 51 – TPR per Domain: 0:0.283, 1:0.283, 2:0.458, 3:0.777, 4:0.623, 5:0.623, 6:0.623, 7:0.777, 8:0.458, 9:0.283
Round: 51 Method: dapperfl Mean_Acc: 55.385 Best_Acc: 58.828
Domain_Acc: [64.29, 77.37, 46.55, 33.33] Domain_BestAcc: [65.18, 77.89, 53.45, 46.67]
Prune local model 7, pr_ratio = [0.2, 0.2, 0.2, 0.2]
Prune local model 8, pr_ratio = [0.2, 0.2, 0.2, 0.2]
Prune local model 6, pr_ratio = [0.2, 0.2, 0.2, 0.2]
Prune local model 3, pr_ratio = [0.2, 0.2, 0.2, 0.2]
Prune local model 2, pr_ratio = [0.2, 0.2, 0.2, 0.2]
Prune local model 4, pr_ratio = [0.2, 0.2, 0.2, 0.2]
Prune local model 5, pr_ratio = [0.2, 0.2, 0.2, 0.2]
Prune local model 9, pr_ratio = [0.2, 0.2, 0.2, 0.2]
Prune local model 0, pr_ratio = [0.2, 0.2, 0.2, 0.2]
Prune local model 1, pr_ratio = [0.2, 0.2, 0.2, 0.2]
Round 52 – LOCAL TPR pre-agg per client: ['0.533', '0.450', '0.592', '0.733', '0.508', '0.580', '0.443', '0.532', '0.611', '0.433']
Round 52 – TPR per Domain: 0:0.367, 1:0.367, 2:0.439, 3:0.777, 4:0.579, 5:0.579, 6:0.579, 7:0.777, 8:0.439, 9:0.367
Round: 52 Method: dapperfl Mean_Acc: 56.56 Best_Acc: 58.828
Domain_Acc: [60.71, 77.37, 44.83, 43.33] Domain_BestAcc: [65.18, 77.89, 53.45, 46.67]
Prune local model 1, pr_ratio = [0.2, 0.2, 0.2, 0.2]
Prune local model 8, pr_ratio = [0.2, 0.2, 0.2, 0.2]
Prune local model 6, pr_ratio = [0.2, 0.2, 0.2, 0.2]
Prune local model 0, pr_ratio = [0.2, 0.2, 0.2, 0.2]
Prune local model 5, pr_ratio = [0.2, 0.2, 0.2, 0.2]
Prune local model 7, pr_ratio = [0.2, 0.2, 0.2, 0.2]
Prune local model 3, pr_ratio = [0.2, 0.2, 0.2, 0.2]
Prune local model 4, pr_ratio = [0.2, 0.2, 0.2, 0.2]
Prune local model 9, pr_ratio = [0.2, 0.2, 0.2, 0.2]
Prune local model 2, pr_ratio = [0.2, 0.2, 0.2, 0.2]
Round 53 – LOCAL TPR pre-agg per client: ['0.250', '0.300', '0.613', '0.731', '0.468', '0.546', '0.540', '0.375', '0.667', '0.458']
Round 53 – TPR per Domain: 0:0.333, 1:0.333, 2:0.486, 3:0.771, 4:0.576, 5:0.576, 6:0.576, 7:0.771, 8:0.486, 9:0.333
Round: 53 Method: dapperfl Mean_Acc: 55.402 Best_Acc: 58.828
Domain_Acc: [59.82, 76.84, 48.28, 36.67] Domain_BestAcc: [65.18, 77.89, 53.45, 46.67]
Prune local model 8, pr_ratio = [0.2, 0.2, 0.2, 0.2]
Prune local model 0, pr_ratio = [0.2, 0.2, 0.2, 0.2]
Prune local model 4, pr_ratio = [0.2, 0.2, 0.2, 0.2]
Prune local model 9, pr_ratio = [0.2, 0.2, 0.2, 0.2]
Prune local model 2, pr_ratio = [0.2, 0.2, 0.2, 0.2]
Prune local model 3, pr_ratio = [0.2, 0.2, 0.2, 0.2]
Prune local model 7, pr_ratio = [0.2, 0.2, 0.2, 0.2]
Prune local model 6, pr_ratio = [0.2, 0.2, 0.2, 0.2]
Prune local model 5, pr_ratio = [0.2, 0.2, 0.2, 0.2]
Prune local model 1, pr_ratio = [0.2, 0.2, 0.2, 0.2]
Round 54 – LOCAL TPR pre-agg per client: ['0.533', '0.317', '0.580', '0.669', '0.472', '0.500', '0.515', '0.635', '0.487', '0.283']
Round 54 – TPR per Domain: 0:0.483, 1:0.483, 2:0.431, 3:0.737, 4:0.591, 5:0.591, 6:0.591, 7:0.737, 8:0.431, 9:0.483
Round: 54 Method: dapperfl Mean_Acc: 57.077 Best_Acc: 58.828
Domain_Acc: [62.05, 73.16, 43.1, 50.0] Domain_BestAcc: [65.18, 77.89, 53.45, 50.0]
Prune local model 8, pr_ratio = [0.2, 0.2, 0.2, 0.2]
Prune local model 5, pr_ratio = [0.2, 0.2, 0.2, 0.2]
Prune local model 9, pr_ratio = [0.2, 0.2, 0.2, 0.2]
Prune local model 0, pr_ratio = [0.2, 0.2, 0.2, 0.2]
Prune local model 1, pr_ratio = [0.2, 0.2, 0.2, 0.2]
Prune local model 4, pr_ratio = [0.2, 0.2, 0.2, 0.2]
Prune local model 7, pr_ratio = [0.2, 0.2, 0.2, 0.2]
Prune local model 3, pr_ratio = [0.2, 0.2, 0.2, 0.2]
Prune local model 2, pr_ratio = [0.2, 0.2, 0.2, 0.2]
Prune local model 6, pr_ratio = [0.2, 0.2, 0.2, 0.2]
Round 55 – LOCAL TPR pre-agg per client: ['0.317', '0.542', '0.513', '0.694', '0.510', '0.554', '0.568', '0.426', '0.573', '0.400']
Round 55 – TPR per Domain: 0:0.358, 1:0.358, 2:0.478, 3:0.757, 4:0.597, 5:0.597, 6:0.597, 7:0.757, 8:0.478, 9:0.358
Round: 55 Method: dapperfl Mean_Acc: 56.398 Best_Acc: 58.828
Domain_Acc: [62.05, 75.26, 48.28, 40.0] Domain_BestAcc: [65.18, 77.89, 53.45, 50.0]
Prune local model 2, pr_ratio = [0.2, 0.2, 0.2, 0.2]
Prune local model 4, pr_ratio = [0.2, 0.2, 0.2, 0.2]
Prune local model 3, pr_ratio = [0.2, 0.2, 0.2, 0.2]
Prune local model 8, pr_ratio = [0.2, 0.2, 0.2, 0.2]
Prune local model 7, pr_ratio = [0.2, 0.2, 0.2, 0.2]
Prune local model 1, pr_ratio = [0.2, 0.2, 0.2, 0.2]
Prune local model 9, pr_ratio = [0.2, 0.2, 0.2, 0.2]
Prune local model 5, pr_ratio = [0.2, 0.2, 0.2, 0.2]
Prune local model 6, pr_ratio = [0.2, 0.2, 0.2, 0.2]
Prune local model 0, pr_ratio = [0.2, 0.2, 0.2, 0.2]
Round 56 – LOCAL TPR pre-agg per client: ['0.375', '0.350', '0.617', '0.718', '0.473', '0.528', '0.477', '0.580', '0.494', '0.300']
Round 56 – TPR per Domain: 0:0.375, 1:0.375, 2:0.510, 3:0.741, 4:0.611, 5:0.611, 6:0.611, 7:0.741, 8:0.510, 9:0.375
Round: 56 Method: dapperfl Mean_Acc: 57.92 Best_Acc: 58.828
Domain_Acc: [62.95, 73.68, 51.72, 43.33] Domain_BestAcc: [65.18, 77.89, 53.45, 50.0]
Prune local model 7, pr_ratio = [0.2, 0.2, 0.2, 0.2]
Prune local model 6, pr_ratio = [0.2, 0.2, 0.2, 0.2]
Prune local model 0, pr_ratio = [0.2, 0.2, 0.2, 0.2]
Prune local model 5, pr_ratio = [0.2, 0.2, 0.2, 0.2]
Prune local model 2, pr_ratio = [0.2, 0.2, 0.2, 0.2]
Prune local model 4, pr_ratio = [0.2, 0.2, 0.2, 0.2]
Prune local model 3, pr_ratio = [0.2, 0.2, 0.2, 0.2]
Prune local model 9, pr_ratio = [0.2, 0.2, 0.2, 0.2]
Prune local model 1, pr_ratio = [0.2, 0.2, 0.2, 0.2]
Prune local model 8, pr_ratio = [0.2, 0.2, 0.2, 0.2]
Round 57 – LOCAL TPR pre-agg per client: ['0.375', '0.508', '0.557', '0.314', '0.528', '0.488', '0.540', '0.517', '0.587', '0.408']
Round 57 – TPR per Domain: 0:0.350, 1:0.350, 2:0.554, 3:0.772, 4:0.607, 5:0.607, 6:0.607, 7:0.772, 8:0.554, 9:0.350
Round: 57 Method: dapperfl Mean_Acc: 58.198 Best_Acc: 58.828
Domain_Acc: [62.5, 76.84, 53.45, 40.0] Domain_BestAcc: [65.18, 77.89, 53.45, 50.0]
Prune local model 7, pr_ratio = [0.2, 0.2, 0.2, 0.2]
Prune local model 0, pr_ratio = [0.2, 0.2, 0.2, 0.2]
Prune local model 9, pr_ratio = [0.2, 0.2, 0.2, 0.2]
Prune local model 4, pr_ratio = [0.2, 0.2, 0.2, 0.2]
Prune local model 3, pr_ratio = [0.2, 0.2, 0.2, 0.2]
Prune local model 8, pr_ratio = [0.2, 0.2, 0.2, 0.2]
Prune local model 6, pr_ratio = [0.2, 0.2, 0.2, 0.2]
Prune local model 2, pr_ratio = [0.2, 0.2, 0.2, 0.2]
Prune local model 5, pr_ratio = [0.2, 0.2, 0.2, 0.2]
Prune local model 1, pr_ratio = [0.2, 0.2, 0.2, 0.2]
Round 58 – LOCAL TPR pre-agg per client: ['0.367', '0.275', '0.567', '0.758', '0.484', '0.545', '0.565', '0.742', '0.561', '0.275']
Round 58 – TPR per Domain: 0:0.283, 1:0.283, 2:0.457, 3:0.767, 4:0.607, 5:0.607, 6:0.607, 7:0.767, 8:0.457, 9:0.283
Round: 58 Method: dapperfl Mean_Acc: 54.467 Best_Acc: 58.828
Domain_Acc: [63.39, 76.32, 44.83, 33.33] Domain_BestAcc: [65.18, 77.89, 53.45, 50.0]
Prune local model 3, pr_ratio = [0.2, 0.2, 0.2, 0.2]
Prune local model 5, pr_ratio = [0.2, 0.2, 0.2, 0.2]
Prune local model 6, pr_ratio = [0.2, 0.2, 0.2, 0.2]
Prune local model 7, pr_ratio = [0.2, 0.2, 0.2, 0.2]
Prune local model 4, pr_ratio = [0.2, 0.2, 0.2, 0.2]
Prune local model 2, pr_ratio = [0.2, 0.2, 0.2, 0.2]
Prune local model 1, pr_ratio = [0.2, 0.2, 0.2, 0.2]
Prune local model 0, pr_ratio = [0.2, 0.2, 0.2, 0.2]
Prune local model 8, pr_ratio = [0.2, 0.2, 0.2, 0.2]
Prune local model 9, pr_ratio = [0.2, 0.2, 0.2, 0.2]
Round 59 – LOCAL TPR pre-agg per client: ['0.467', '0.342', '0.517', '0.806', '0.462', '0.507', '0.422', '0.616', '0.541', '0.267']
Round 59 – TPR per Domain: 0:0.333, 1:0.333, 2:0.493, 3:0.737, 4:0.584, 5:0.584, 6:0.584, 7:0.737, 8:0.493, 9:0.333
Round: 59 Method: dapperfl Mean_Acc: 55.248 Best_Acc: 58.828
Domain_Acc: [61.16, 73.16, 50.0, 36.67] Domain_BestAcc: [65.18, 77.89, 53.45, 50.0]
Prune local model 9, pr_ratio = [0.2, 0.2, 0.2, 0.2]
Prune local model 0, pr_ratio = [0.2, 0.2, 0.2, 0.2]
Prune local model 1, pr_ratio = [0.2, 0.2, 0.2, 0.2]
Prune local model 3, pr_ratio = [0.2, 0.2, 0.2, 0.2]
Prune local model 5, pr_ratio = [0.2, 0.2, 0.2, 0.2]
Prune local model 8, pr_ratio = [0.2, 0.2, 0.2, 0.2]
Prune local model 6, pr_ratio = [0.2, 0.2, 0.2, 0.2]
Prune local model 2, pr_ratio = [0.2, 0.2, 0.2, 0.2]
Prune local model 4, pr_ratio = [0.2, 0.2, 0.2, 0.2]
Prune local model 7, pr_ratio = [0.2, 0.2, 0.2, 0.2]
Round 60 – LOCAL TPR pre-agg per client: ['0.125', '0.383', '0.617', '0.589', '0.530', '0.602', '0.510', '0.555', '0.611', '0.517']
Round 60 – TPR per Domain: 0:0.317, 1:0.317, 2:0.428, 3:0.772, 4:0.588, 5:0.588, 6:0.588, 7:0.772, 8:0.428, 9:0.317
Round: 60 Method: dapperfl Mean_Acc: 55.275 Best_Acc: 58.828
Domain_Acc: [61.16, 76.84, 43.1, 40.0] Domain_BestAcc: [65.18, 77.89, 53.45, 50.0]
Prune local model 1, pr_ratio = [0.2, 0.2, 0.2, 0.2]
Prune local model 2, pr_ratio = [0.2, 0.2, 0.2, 0.2]
Prune local model 6, pr_ratio = [0.2, 0.2, 0.2, 0.2]
Prune local model 5, pr_ratio = [0.2, 0.2, 0.2, 0.2]
Prune local model 4, pr_ratio = [0.2, 0.2, 0.2, 0.2]
Prune local model 3, pr_ratio = [0.2, 0.2, 0.2, 0.2]
Prune local model 9, pr_ratio = [0.2, 0.2, 0.2, 0.2]
Prune local model 7, pr_ratio = [0.2, 0.2, 0.2, 0.2]
Prune local model 0, pr_ratio = [0.2, 0.2, 0.2, 0.2]
Prune local model 8, pr_ratio = [0.2, 0.2, 0.2, 0.2]
Round 61 – LOCAL TPR pre-agg per client: ['0.225', '0.367', '0.597', '0.503', '0.526', '0.573', '0.572', '0.669', '0.527', '0.567']
Round 61 – TPR per Domain: 0:0.333, 1:0.333, 2:0.494, 3:0.726, 4:0.601, 5:0.601, 6:0.601, 7:0.726, 8:0.494, 9:0.333
Round: 61 Method: dapperfl Mean_Acc: 54.668 Best_Acc: 58.828
Domain_Acc: [61.61, 72.11, 48.28, 36.67] Domain_BestAcc: [65.18, 77.89, 53.45, 50.0]
Prune local model 7, pr_ratio = [0.2, 0.2, 0.2, 0.2]
Prune local model 0, pr_ratio = [0.2, 0.2, 0.2, 0.2]
Prune local model 2, pr_ratio = [0.2, 0.2, 0.2, 0.2]
Prune local model 8, pr_ratio = [0.2, 0.2, 0.2, 0.2]
Prune local model 4, pr_ratio = [0.2, 0.2, 0.2, 0.2]
Prune local model 9, pr_ratio = [0.2, 0.2, 0.2, 0.2]
Prune local model 5, pr_ratio = [0.2, 0.2, 0.2, 0.2]
Prune local model 1, pr_ratio = [0.2, 0.2, 0.2, 0.2]
Prune local model 6, pr_ratio = [0.2, 0.2, 0.2, 0.2]
Prune local model 3, pr_ratio = [0.2, 0.2, 0.2, 0.2]
Round 62 – LOCAL TPR pre-agg per client: ['0.492', '0.325', '0.617', '0.601', '0.433', '0.561', '0.509', '0.698', '0.650', '0.175']
Round 62 – TPR per Domain: 0:0.442, 1:0.442, 2:0.424, 3:0.764, 4:0.584, 5:0.584, 6:0.584, 7:0.764, 8:0.424, 9:0.442
Round: 62 Method: dapperfl Mean_Acc: 56.567 Best_Acc: 58.828
Domain_Acc: [60.71, 75.79, 43.1, 46.67] Domain_BestAcc: [65.18, 77.89, 53.45, 50.0]
Prune local model 8, pr_ratio = [0.2, 0.2, 0.2, 0.2]
Prune local model 6, pr_ratio = [0.2, 0.2, 0.2, 0.2]
Prune local model 0, pr_ratio = [0.2, 0.2, 0.2, 0.2]
Prune local model 4, pr_ratio = [0.2, 0.2, 0.2, 0.2]
Prune local model 7, pr_ratio = [0.2, 0.2, 0.2, 0.2]
Prune local model 3, pr_ratio = [0.2, 0.2, 0.2, 0.2]
Prune local model 2, pr_ratio = [0.2, 0.2, 0.2, 0.2]
Prune local model 1, pr_ratio = [0.2, 0.2, 0.2, 0.2]
Prune local model 5, pr_ratio = [0.2, 0.2, 0.2, 0.2]
Prune local model 9, pr_ratio = [0.2, 0.2, 0.2, 0.2]
Round 63 – LOCAL TPR pre-agg per client: ['0.300', '0.400', '0.575', '0.729', '0.459', '0.566', '0.529', '0.433', '0.627', '0.408']
Round 63 – TPR per Domain: 0:0.367, 1:0.367, 2:0.495, 3:0.741, 4:0.610, 5:0.610, 6:0.610, 7:0.741, 8:0.495, 9:0.367
Round: 63 Method: dapperfl Mean_Acc: 56.048 Best_Acc: 58.828
Domain_Acc: [63.84, 73.68, 50.0, 36.67] Domain_BestAcc: [65.18, 77.89, 53.45, 50.0]
Prune local model 7, pr_ratio = [0.2, 0.2, 0.2, 0.2]
Prune local model 1, pr_ratio = [0.2, 0.2, 0.2, 0.2]
Prune local model 6, pr_ratio = [0.2, 0.2, 0.2, 0.2]
Prune local model 4, pr_ratio = [0.2, 0.2, 0.2, 0.2]
Prune local model 9, pr_ratio = [0.2, 0.2, 0.2, 0.2]
Prune local model 0, pr_ratio = [0.2, 0.2, 0.2, 0.2]
Prune local model 3, pr_ratio = [0.2, 0.2, 0.2, 0.2]
Prune local model 5, pr_ratio = [0.2, 0.2, 0.2, 0.2]
Prune local model 8, pr_ratio = [0.2, 0.2, 0.2, 0.2]
Prune local model 2, pr_ratio = [0.2, 0.2, 0.2, 0.2]
Round 64 – LOCAL TPR pre-agg per client: ['0.350', '0.358', '0.572', '0.726', '0.530', '0.569', '0.528', '0.774', '0.630', '0.342']
Round 64 – TPR per Domain: 0:0.500, 1:0.500, 2:0.532, 3:0.752, 4:0.607, 5:0.607, 6:0.607, 7:0.752, 8:0.532, 9:0.500
Round: 64 Method: dapperfl Mean_Acc: 61.117 Best_Acc: 61.117
Domain_Acc: [62.95, 74.74, 53.45, 53.33] Domain_BestAcc: [65.18, 77.89, 53.45, 53.33]
Prune local model 2, pr_ratio = [0.2, 0.2, 0.2, 0.2]
Prune local model 8, pr_ratio = [0.2, 0.2, 0.2, 0.2]
Prune local model 5, pr_ratio = [0.2, 0.2, 0.2, 0.2]
Prune local model 0, pr_ratio = [0.2, 0.2, 0.2, 0.2]
Prune local model 1, pr_ratio = [0.2, 0.2, 0.2, 0.2]
Prune local model 9, pr_ratio = [0.2, 0.2, 0.2, 0.2]
Prune local model 6, pr_ratio = [0.2, 0.2, 0.2, 0.2]
Prune local model 4, pr_ratio = [0.2, 0.2, 0.2, 0.2]
Prune local model 3, pr_ratio = [0.2, 0.2, 0.2, 0.2]
Prune local model 7, pr_ratio = [0.2, 0.2, 0.2, 0.2]
Round 65 – LOCAL TPR pre-agg per client: ['0.533', '0.508', '0.642', '0.765', '0.601', '0.549', '0.571', '0.480', '0.671', '0.558']
Round 65 – TPR per Domain: 0:0.392, 1:0.392, 2:0.502, 3:0.778, 4:0.620, 5:0.620, 6:0.620, 7:0.778, 8:0.502, 9:0.392
Round: 65 Method: dapperfl Mean_Acc: 59.583 Best_Acc: 61.117
Domain_Acc: [64.29, 77.37, 50.0, 46.67] Domain_BestAcc: [65.18, 77.89, 53.45, 53.33]
Prune local model 5, pr_ratio = [0.2, 0.2, 0.2, 0.2]
Prune local model 4, pr_ratio = [0.2, 0.2, 0.2, 0.2]
Prune local model 9, pr_ratio = [0.2, 0.2, 0.2, 0.2]
Prune local model 3, pr_ratio = [0.2, 0.2, 0.2, 0.2]
Prune local model 2, pr_ratio = [0.2, 0.2, 0.2, 0.2]
Prune local model 0, pr_ratio = [0.2, 0.2, 0.2, 0.2]
Prune local model 7, pr_ratio = [0.2, 0.2, 0.2, 0.2]
Prune local model 6, pr_ratio = [0.2, 0.2, 0.2, 0.2]
Prune local model 1, pr_ratio = [0.2, 0.2, 0.2, 0.2]
Prune local model 8, pr_ratio = [0.2, 0.2, 0.2, 0.2]
Round 66 – LOCAL TPR pre-agg per client: ['0.292', '0.525', '0.575', '0.768', '0.500', '0.586', '0.527', '0.758', '0.621', '0.458']
Round 66 – TPR per Domain: 0:0.400, 1:0.400, 2:0.481, 3:0.733, 4:0.619, 5:0.619, 6:0.619, 7:0.733, 8:0.481, 9:0.400
Round: 66 Method: dapperfl Mean_Acc: 58.8 Best_Acc: 61.117
Domain_Acc: [64.29, 72.63, 48.28, 50.0] Domain_BestAcc: [65.18, 77.89, 53.45, 53.33]
Prune local model 3, pr_ratio = [0.2, 0.2, 0.2, 0.2]
Prune local model 5, pr_ratio = [0.2, 0.2, 0.2, 0.2]
Prune local model 1, pr_ratio = [0.2, 0.2, 0.2, 0.2]
Prune local model 6, pr_ratio = [0.2, 0.2, 0.2, 0.2]
Prune local model 9, pr_ratio = [0.2, 0.2, 0.2, 0.2]
Prune local model 4, pr_ratio = [0.2, 0.2, 0.2, 0.2]
Prune local model 2, pr_ratio = [0.2, 0.2, 0.2, 0.2]
Prune local model 7, pr_ratio = [0.2, 0.2, 0.2, 0.2]
Prune local model 8, pr_ratio = [0.2, 0.2, 0.2, 0.2]
Prune local model 0, pr_ratio = [0.2, 0.2, 0.2, 0.2]
Round 67 – LOCAL TPR pre-agg per client: ['0.325', '0.392', '0.525', '0.591', '0.548', '0.555', '0.480', '0.555', '0.553', '0.458']
Round 67 – TPR per Domain: 0:0.317, 1:0.317, 2:0.438, 3:0.747, 4:0.631, 5:0.631, 6:0.631, 7:0.747, 8:0.438, 9:0.317
Round: 67 Method: dapperfl Mean_Acc: 55.288 Best_Acc: 61.117
Domain_Acc: [63.84, 74.21, 43.1, 40.0] Domain_BestAcc: [65.18, 77.89, 53.45, 53.33]
Prune local model 0, pr_ratio = [0.2, 0.2, 0.2, 0.2]
Prune local model 1, pr_ratio = [0.2, 0.2, 0.2, 0.2]
Prune local model 2, pr_ratio = [0.2, 0.2, 0.2, 0.2]
Prune local model 6, pr_ratio = [0.2, 0.2, 0.2, 0.2]
Prune local model 7, pr_ratio = [0.2, 0.2, 0.2, 0.2]
Prune local model 9, pr_ratio = [0.2, 0.2, 0.2, 0.2]
Prune local model 5, pr_ratio = [0.2, 0.2, 0.2, 0.2]
Prune local model 8, pr_ratio = [0.2, 0.2, 0.2, 0.2]
Prune local model 4, pr_ratio = [0.2, 0.2, 0.2, 0.2]
Prune local model 3, pr_ratio = [0.2, 0.2, 0.2, 0.2]
Round 68 – LOCAL TPR pre-agg per client: ['0.300', '0.358', '0.646', '0.795', '0.533', '0.458', '0.434', '0.710', '0.540', '0.350']
Round 68 – TPR per Domain: 0:0.458, 1:0.458, 2:0.478, 3:0.749, 4:0.613, 5:0.613, 6:0.613, 7:0.749, 8:0.478, 9:0.458
Round: 68 Method: dapperfl Mean_Acc: 59.195 Best_Acc: 61.117
Domain_Acc: [64.29, 74.21, 48.28, 50.0] Domain_BestAcc: [65.18, 77.89, 53.45, 53.33]
Prune local model 6, pr_ratio = [0.2, 0.2, 0.2, 0.2]
Prune local model 4, pr_ratio = [0.2, 0.2, 0.2, 0.2]
Prune local model 1, pr_ratio = [0.2, 0.2, 0.2, 0.2]
Prune local model 8, pr_ratio = [0.2, 0.2, 0.2, 0.2]
Prune local model 3, pr_ratio = [0.2, 0.2, 0.2, 0.2]
Prune local model 0, pr_ratio = [0.2, 0.2, 0.2, 0.2]
Prune local model 7, pr_ratio = [0.2, 0.2, 0.2, 0.2]
Prune local model 9, pr_ratio = [0.2, 0.2, 0.2, 0.2]
Prune local model 2, pr_ratio = [0.2, 0.2, 0.2, 0.2]
Prune local model 5, pr_ratio = [0.2, 0.2, 0.2, 0.2]
Round 69 – LOCAL TPR pre-agg per client: ['0.517', '0.475', '0.490', '0.426', '0.504', '0.528', '0.572', '0.768', '0.671', '0.325']
Round 69 – TPR per Domain: 0:0.342, 1:0.342, 2:0.514, 3:0.784, 4:0.596, 5:0.596, 6:0.596, 7:0.784, 8:0.514, 9:0.342
Round: 69 Method: dapperfl Mean_Acc: 58.638 Best_Acc: 61.117
Domain_Acc: [61.61, 77.89, 51.72, 43.33] Domain_BestAcc: [65.18, 77.89, 53.45, 53.33]
Prune local model 1, pr_ratio = [0.2, 0.2, 0.2, 0.2]
Prune local model 7, pr_ratio = [0.2, 0.2, 0.2, 0.2]
Prune local model 3, pr_ratio = [0.2, 0.2, 0.2, 0.2]
Prune local model 2, pr_ratio = [0.2, 0.2, 0.2, 0.2]
Prune local model 5, pr_ratio = [0.2, 0.2, 0.2, 0.2]
Prune local model 8, pr_ratio = [0.2, 0.2, 0.2, 0.2]
Prune local model 0, pr_ratio = [0.2, 0.2, 0.2, 0.2]
Prune local model 6, pr_ratio = [0.2, 0.2, 0.2, 0.2]
Prune local model 4, pr_ratio = [0.2, 0.2, 0.2, 0.2]
Prune local model 9, pr_ratio = [0.2, 0.2, 0.2, 0.2]
Round 70 – LOCAL TPR pre-agg per client: ['0.492', '0.483', '0.592', '0.768', '0.539', '0.566', '0.574', '0.674', '0.611', '0.358']
Round 70 – TPR per Domain: 0:0.408, 1:0.408, 2:0.617, 3:0.752, 4:0.606, 5:0.606, 6:0.606, 7:0.752, 8:0.617, 9:0.408
Round: 70 Method: dapperfl Mean_Acc: 61.718 Best_Acc: 61.718
Domain_Acc: [63.39, 74.74, 62.07, 46.67] Domain_BestAcc: [65.18, 77.89, 62.07, 53.33]
Prune local model 2, pr_ratio = [0.2, 0.2, 0.2, 0.2]
Prune local model 0, pr_ratio = [0.2, 0.2, 0.2, 0.2]
Prune local model 4, pr_ratio = [0.2, 0.2, 0.2, 0.2]
Prune local model 6, pr_ratio = [0.2, 0.2, 0.2, 0.2]
Prune local model 7, pr_ratio = [0.2, 0.2, 0.2, 0.2]
Prune local model 1, pr_ratio = [0.2, 0.2, 0.2, 0.2]
Prune local model 5, pr_ratio = [0.2, 0.2, 0.2, 0.2]
Prune local model 9, pr_ratio = [0.2, 0.2, 0.2, 0.2]
Prune local model 8, pr_ratio = [0.2, 0.2, 0.2, 0.2]
Prune local model 3, pr_ratio = [0.2, 0.2, 0.2, 0.2]
Round 71 – LOCAL TPR pre-agg per client: ['0.467', '0.442', '0.585', '0.767', '0.597', '0.596', '0.576', '0.629', '0.561', '0.417']
Round 71 – TPR per Domain: 0:0.467, 1:0.467, 2:0.490, 3:0.776, 4:0.607, 5:0.607, 6:0.607, 7:0.776, 8:0.490, 9:0.467
Round: 71 Method: dapperfl Mean_Acc: 61.022 Best_Acc: 61.718
Domain_Acc: [63.39, 77.37, 50.0, 53.33] Domain_BestAcc: [65.18, 77.89, 62.07, 53.33]
Prune local model 2, pr_ratio = [0.2, 0.2, 0.2, 0.2]
Prune local model 9, pr_ratio = [0.2, 0.2, 0.2, 0.2]
Prune local model 4, pr_ratio = [0.2, 0.2, 0.2, 0.2]
Prune local model 8, pr_ratio = [0.2, 0.2, 0.2, 0.2]
Prune local model 6, pr_ratio = [0.2, 0.2, 0.2, 0.2]
Prune local model 1, pr_ratio = [0.2, 0.2, 0.2, 0.2]
Prune local model 5, pr_ratio = [0.2, 0.2, 0.2, 0.2]
Prune local model 3, pr_ratio = [0.2, 0.2, 0.2, 0.2]
Prune local model 0, pr_ratio = [0.2, 0.2, 0.2, 0.2]
Prune local model 7, pr_ratio = [0.2, 0.2, 0.2, 0.2]
Round 72 – LOCAL TPR pre-agg per client: ['0.358', '0.400', '0.523', '0.726', '0.536', '0.514', '0.595', '0.708', '0.642', '0.533']
Round 72 – TPR per Domain: 0:0.567, 1:0.567, 2:0.583, 3:0.764, 4:0.627, 5:0.627, 6:0.627, 7:0.764, 8:0.583, 9:0.567
Round: 72 Method: dapperfl Mean_Acc: 65.618 Best_Acc: 65.618
Domain_Acc: [64.73, 75.79, 58.62, 63.33] Domain_BestAcc: [65.18, 77.89, 62.07, 63.33]
Prune local model 8, pr_ratio = [0.2, 0.2, 0.2, 0.2]
Prune local model 1, pr_ratio = [0.2, 0.2, 0.2, 0.2]
Prune local model 0, pr_ratio = [0.2, 0.2, 0.2, 0.2]
Prune local model 5, pr_ratio = [0.2, 0.2, 0.2, 0.2]
Prune local model 6, pr_ratio = [0.2, 0.2, 0.2, 0.2]
Prune local model 4, pr_ratio = [0.2, 0.2, 0.2, 0.2]
Prune local model 9, pr_ratio = [0.2, 0.2, 0.2, 0.2]
Prune local model 7, pr_ratio = [0.2, 0.2, 0.2, 0.2]
Prune local model 3, pr_ratio = [0.2, 0.2, 0.2, 0.2]
Prune local model 2, pr_ratio = [0.2, 0.2, 0.2, 0.2]
Round 73 – LOCAL TPR pre-agg per client: ['0.408', '0.600', '0.637', '0.613', '0.577', '0.580', '0.514', '0.774', '0.671', '0.508']
Round 73 – TPR per Domain: 0:0.417, 1:0.417, 2:0.544, 3:0.742, 4:0.626, 5:0.626, 6:0.626, 7:0.742, 8:0.544, 9:0.417
Round: 73 Method: dapperfl Mean_Acc: 58.285 Best_Acc: 65.618
Domain_Acc: [64.29, 73.68, 55.17, 40.0] Domain_BestAcc: [65.18, 77.89, 62.07, 63.33]
Prune local model 3, pr_ratio = [0.2, 0.2, 0.2, 0.2]
Prune local model 4, pr_ratio = [0.2, 0.2, 0.2, 0.2]
Prune local model 1, pr_ratio = [0.2, 0.2, 0.2, 0.2]
Prune local model 7, pr_ratio = [0.2, 0.2, 0.2, 0.2]
Prune local model 8, pr_ratio = [0.2, 0.2, 0.2, 0.2]
Prune local model 0, pr_ratio = [0.2, 0.2, 0.2, 0.2]
Prune local model 9, pr_ratio = [0.2, 0.2, 0.2, 0.2]
Prune local model 5, pr_ratio = [0.2, 0.2, 0.2, 0.2]
Prune local model 2, pr_ratio = [0.2, 0.2, 0.2, 0.2]
Prune local model 6, pr_ratio = [0.2, 0.2, 0.2, 0.2]
Round 74 – LOCAL TPR pre-agg per client: ['0.350', '0.492', '0.667', '0.596', '0.589', '0.568', '0.491', '0.606', '0.658', '0.492']
Round 74 – TPR per Domain: 0:0.375, 1:0.375, 2:0.490, 3:0.713, 4:0.656, 5:0.656, 6:0.656, 7:0.713, 8:0.490, 9:0.375
Round: 74 Method: dapperfl Mean_Acc: 57.817 Best_Acc: 65.618
Domain_Acc: [67.41, 70.53, 50.0, 43.33] Domain_BestAcc: [67.41, 77.89, 62.07, 63.33]
Prune local model 6, pr_ratio = [0.2, 0.2, 0.2, 0.2]
Prune local model 2, pr_ratio = [0.2, 0.2, 0.2, 0.2]
Prune local model 3, pr_ratio = [0.2, 0.2, 0.2, 0.2]
Prune local model 8, pr_ratio = [0.2, 0.2, 0.2, 0.2]
Prune local model 5, pr_ratio = [0.2, 0.2, 0.2, 0.2]
Prune local model 0, pr_ratio = [0.2, 0.2, 0.2, 0.2]
Prune local model 9, pr_ratio = [0.2, 0.2, 0.2, 0.2]
Prune local model 7, pr_ratio = [0.2, 0.2, 0.2, 0.2]
Prune local model 4, pr_ratio = [0.2, 0.2, 0.2, 0.2]
Prune local model 1, pr_ratio = [0.2, 0.2, 0.2, 0.2]
Round 75 – LOCAL TPR pre-agg per client: ['0.517', '0.442', '0.642', '0.680', '0.540', '0.476', '0.483', '0.724', '0.624', '0.500']
Round 75 – TPR per Domain: 0:0.492, 1:0.492, 2:0.531, 3:0.789, 4:0.643, 5:0.643, 6:0.643, 7:0.789, 8:0.531, 9:0.492
Round: 75 Method: dapperfl Mean_Acc: 63.652 Best_Acc: 65.618
Domain_Acc: [66.07, 78.42, 53.45, 56.67] Domain_BestAcc: [67.41, 78.42, 62.07, 63.33]
Prune local model 2, pr_ratio = [0.2, 0.2, 0.2, 0.2]
Prune local model 7, pr_ratio = [0.2, 0.2, 0.2, 0.2]
Prune local model 6, pr_ratio = [0.2, 0.2, 0.2, 0.2]
Prune local model 8, pr_ratio = [0.2, 0.2, 0.2, 0.2]
Prune local model 0, pr_ratio = [0.2, 0.2, 0.2, 0.2]
Prune local model 4, pr_ratio = [0.2, 0.2, 0.2, 0.2]
Prune local model 9, pr_ratio = [0.2, 0.2, 0.2, 0.2]
Prune local model 3, pr_ratio = [0.2, 0.2, 0.2, 0.2]
Prune local model 5, pr_ratio = [0.2, 0.2, 0.2, 0.2]
Prune local model 1, pr_ratio = [0.2, 0.2, 0.2, 0.2]
Round 76 – LOCAL TPR pre-agg per client: ['0.583', '0.542', '0.637', '0.761', '0.555', '0.536', '0.605', '0.714', '0.663', '0.500']
Round 76 – TPR per Domain: 0:0.483, 1:0.483, 2:0.487, 3:0.757, 4:0.639, 5:0.639, 6:0.639, 7:0.757, 8:0.487, 9:0.483
Round: 76 Method: dapperfl Mean_Acc: 60.11 Best_Acc: 65.618
Domain_Acc: [65.18, 75.26, 50.0, 50.0] Domain_BestAcc: [67.41, 78.42, 62.07, 63.33]
Prune local model 9, pr_ratio = [0.2, 0.2, 0.2, 0.2]
Prune local model 0, pr_ratio = [0.2, 0.2, 0.2, 0.2]
Prune local model 1, pr_ratio = [0.2, 0.2, 0.2, 0.2]
Prune local model 8, pr_ratio = [0.2, 0.2, 0.2, 0.2]
Prune local model 5, pr_ratio = [0.2, 0.2, 0.2, 0.2]
Prune local model 7, pr_ratio = [0.2, 0.2, 0.2, 0.2]
Prune local model 2, pr_ratio = [0.2, 0.2, 0.2, 0.2]
Prune local model 4, pr_ratio = [0.2, 0.2, 0.2, 0.2]
Prune local model 3, pr_ratio = [0.2, 0.2, 0.2, 0.2]
Prune local model 6, pr_ratio = [0.2, 0.2, 0.2, 0.2]
Round 77 – LOCAL TPR pre-agg per client: ['0.550', '0.408', '0.650', '0.746', '0.577', '0.620', '0.584', '0.737', '0.565', '0.292']
Round 77 – TPR per Domain: 0:0.408, 1:0.408, 2:0.602, 3:0.763, 4:0.636, 5:0.636, 6:0.636, 7:0.763, 8:0.602, 9:0.408
Round: 77 Method: dapperfl Mean_Acc: 62.105 Best_Acc: 65.618
Domain_Acc: [65.62, 75.79, 60.34, 46.67] Domain_BestAcc: [67.41, 78.42, 62.07, 63.33]
Prune local model 2, pr_ratio = [0.2, 0.2, 0.2, 0.2]
Prune local model 8, pr_ratio = [0.2, 0.2, 0.2, 0.2]
Prune local model 7, pr_ratio = [0.2, 0.2, 0.2, 0.2]
Prune local model 0, pr_ratio = [0.2, 0.2, 0.2, 0.2]
Prune local model 5, pr_ratio = [0.2, 0.2, 0.2, 0.2]
Prune local model 6, pr_ratio = [0.2, 0.2, 0.2, 0.2]
Prune local model 9, pr_ratio = [0.2, 0.2, 0.2, 0.2]
Prune local model 3, pr_ratio = [0.2, 0.2, 0.2, 0.2]
Prune local model 4, pr_ratio = [0.2, 0.2, 0.2, 0.2]
Prune local model 1, pr_ratio = [0.2, 0.2, 0.2, 0.2]
Round 78 – LOCAL TPR pre-agg per client: ['0.533', '0.400', '0.605', '0.824', '0.600', '0.491', '0.638', '0.790', '0.567', '0.225']
Round 78 – TPR per Domain: 0:0.492, 1:0.492, 2:0.499, 3:0.779, 4:0.609, 5:0.609, 6:0.609, 7:0.779, 8:0.499, 9:0.492
Round: 78 Method: dapperfl Mean_Acc: 61.022 Best_Acc: 65.618
Domain_Acc: [63.39, 77.37, 50.0, 53.33] Domain_BestAcc: [67.41, 78.42, 62.07, 63.33]
Prune local model 7, pr_ratio = [0.2, 0.2, 0.2, 0.2]
Prune local model 0, pr_ratio = [0.2, 0.2, 0.2, 0.2]
Prune local model 8, pr_ratio = [0.2, 0.2, 0.2, 0.2]
Prune local model 2, pr_ratio = [0.2, 0.2, 0.2, 0.2]
Prune local model 3, pr_ratio = [0.2, 0.2, 0.2, 0.2]
Prune local model 1, pr_ratio = [0.2, 0.2, 0.2, 0.2]
Prune local model 4, pr_ratio = [0.2, 0.2, 0.2, 0.2]
Prune local model 6, pr_ratio = [0.2, 0.2, 0.2, 0.2]
Prune local model 9, pr_ratio = [0.2, 0.2, 0.2, 0.2]
Prune local model 5, pr_ratio = [0.2, 0.2, 0.2, 0.2]
Round 79 – LOCAL TPR pre-agg per client: ['0.533', '0.425', '0.606', '0.767', '0.549', '0.641', '0.614', '0.676', '0.618', '0.417']
Round 79 – TPR per Domain: 0:0.417, 1:0.417, 2:0.540, 3:0.752, 4:0.638, 5:0.638, 6:0.638, 7:0.752, 8:0.540, 9:0.417
Round: 79 Method: dapperfl Mean_Acc: 62.328 Best_Acc: 65.618
Domain_Acc: [66.07, 74.74, 55.17, 53.33] Domain_BestAcc: [67.41, 78.42, 62.07, 63.33]
Prune local model 1, pr_ratio = [0.2, 0.2, 0.2, 0.2]
Prune local model 2, pr_ratio = [0.2, 0.2, 0.2, 0.2]
Prune local model 6, pr_ratio = [0.2, 0.2, 0.2, 0.2]
Prune local model 8, pr_ratio = [0.2, 0.2, 0.2, 0.2]
Prune local model 0, pr_ratio = [0.2, 0.2, 0.2, 0.2]
Prune local model 3, pr_ratio = [0.2, 0.2, 0.2, 0.2]
Prune local model 4, pr_ratio = [0.2, 0.2, 0.2, 0.2]
Prune local model 5, pr_ratio = [0.2, 0.2, 0.2, 0.2]
Prune local model 9, pr_ratio = [0.2, 0.2, 0.2, 0.2]
Prune local model 7, pr_ratio = [0.2, 0.2, 0.2, 0.2]
Round 80 – LOCAL TPR pre-agg per client: ['0.617', '0.575', '0.568', '0.764', '0.517', '0.640', '0.598', '0.743', '0.651', '0.408']
Round 80 – TPR per Domain: 0:0.392, 1:0.392, 2:0.516, 3:0.752, 4:0.628, 5:0.628, 6:0.628, 7:0.752, 8:0.516, 9:0.392
Round: 80 Method: dapperfl Mean_Acc: 59.465 Best_Acc: 65.618
Domain_Acc: [64.73, 74.74, 51.72, 46.67] Domain_BestAcc: [67.41, 78.42, 62.07, 63.33]
Prune local model 1, pr_ratio = [0.2, 0.2, 0.2, 0.2]
Prune local model 5, pr_ratio = [0.2, 0.2, 0.2, 0.2]
Prune local model 8, pr_ratio = [0.2, 0.2, 0.2, 0.2]
Prune local model 6, pr_ratio = [0.2, 0.2, 0.2, 0.2]
Prune local model 7, pr_ratio = [0.2, 0.2, 0.2, 0.2]
Prune local model 2, pr_ratio = [0.2, 0.2, 0.2, 0.2]
Prune local model 0, pr_ratio = [0.2, 0.2, 0.2, 0.2]
Prune local model 3, pr_ratio = [0.2, 0.2, 0.2, 0.2]
Prune local model 9, pr_ratio = [0.2, 0.2, 0.2, 0.2]
Prune local model 4, pr_ratio = [0.2, 0.2, 0.2, 0.2]
Round 81 – LOCAL TPR pre-agg per client: ['0.508', '0.458', '0.679', '0.712', '0.587', '0.578', '0.594', '0.772', '0.548', '0.542']
Round 81 – TPR per Domain: 0:0.467, 1:0.467, 2:0.457, 3:0.759, 4:0.641, 5:0.641, 6:0.641, 7:0.759, 8:0.457, 9:0.467
Round: 81 Method: dapperfl Mean_Acc: 59.47 Best_Acc: 65.618
Domain_Acc: [66.07, 75.26, 46.55, 50.0] Domain_BestAcc: [67.41, 78.42, 62.07, 63.33]
Prune local model 4, pr_ratio = [0.2, 0.2, 0.2, 0.2]
Prune local model 8, pr_ratio = [0.2, 0.2, 0.2, 0.2]
Prune local model 7, pr_ratio = [0.2, 0.2, 0.2, 0.2]
Prune local model 5, pr_ratio = [0.2, 0.2, 0.2, 0.2]
Prune local model 1, pr_ratio = [0.2, 0.2, 0.2, 0.2]
Prune local model 9, pr_ratio = [0.2, 0.2, 0.2, 0.2]
Prune local model 3, pr_ratio = [0.2, 0.2, 0.2, 0.2]
Prune local model 6, pr_ratio = [0.2, 0.2, 0.2, 0.2]
Prune local model 0, pr_ratio = [0.2, 0.2, 0.2, 0.2]
Prune local model 2, pr_ratio = [0.2, 0.2, 0.2, 0.2]
Round 82 – LOCAL TPR pre-agg per client: ['0.483', '0.425', '0.642', '0.681', '0.577', '0.590', '0.577', '0.673', '0.689', '0.475']
Round 82 – TPR per Domain: 0:0.417, 1:0.417, 2:0.519, 3:0.768, 4:0.637, 5:0.637, 6:0.637, 7:0.768, 8:0.519, 9:0.417
Round: 82 Method: dapperfl Mean_Acc: 59.138 Best_Acc: 65.618
Domain_Acc: [65.18, 76.32, 51.72, 43.33] Domain_BestAcc: [67.41, 78.42, 62.07, 63.33]
Prune local model 6, pr_ratio = [0.2, 0.2, 0.2, 0.2]
Prune local model 8, pr_ratio = [0.2, 0.2, 0.2, 0.2]
Prune local model 9, pr_ratio = [0.2, 0.2, 0.2, 0.2]
Prune local model 2, pr_ratio = [0.2, 0.2, 0.2, 0.2]
Prune local model 7, pr_ratio = [0.2, 0.2, 0.2, 0.2]
Prune local model 1, pr_ratio = [0.2, 0.2, 0.2, 0.2]
Prune local model 5, pr_ratio = [0.2, 0.2, 0.2, 0.2]
Prune local model 0, pr_ratio = [0.2, 0.2, 0.2, 0.2]
Prune local model 4, pr_ratio = [0.2, 0.2, 0.2, 0.2]
Prune local model 3, pr_ratio = [0.2, 0.2, 0.2, 0.2]
Round 83 – LOCAL TPR pre-agg per client: ['0.567', '0.542', '0.650', '0.806', '0.577', '0.485', '0.585', '0.638', '0.630', '0.508']
Round 83 – TPR per Domain: 0:0.450, 1:0.450, 2:0.556, 3:0.772, 4:0.635, 5:0.635, 6:0.635, 7:0.772, 8:0.556, 9:0.450
Round: 83 Method: dapperfl Mean_Acc: 63.285 Best_Acc: 65.618
Domain_Acc: [66.07, 76.84, 56.9, 53.33] Domain_BestAcc: [67.41, 78.42, 62.07, 63.33]
Prune local model 7, pr_ratio = [0.2, 0.2, 0.2, 0.2]
Prune local model 4, pr_ratio = [0.2, 0.2, 0.2, 0.2]
Prune local model 2, pr_ratio = [0.2, 0.2, 0.2, 0.2]
Prune local model 1, pr_ratio = [0.2, 0.2, 0.2, 0.2]
Prune local model 9, pr_ratio = [0.2, 0.2, 0.2, 0.2]
Prune local model 6, pr_ratio = [0.2, 0.2, 0.2, 0.2]
Prune local model 5, pr_ratio = [0.2, 0.2, 0.2, 0.2]
Prune local model 0, pr_ratio = [0.2, 0.2, 0.2, 0.2]
Prune local model 8, pr_ratio = [0.2, 0.2, 0.2, 0.2]
Prune local model 3, pr_ratio = [0.2, 0.2, 0.2, 0.2]
Round 84 – LOCAL TPR pre-agg per client: ['0.467', '0.558', '0.575', '0.770', '0.570', '0.618', '0.429', '0.753', '0.617', '0.542']
Round 84 – TPR per Domain: 0:0.325, 1:0.325, 2:0.539, 3:0.773, 4:0.611, 5:0.611, 6:0.611, 7:0.773, 8:0.539, 9:0.325
Round: 84 Method: dapperfl Mean_Acc: 57.7 Best_Acc: 65.618
Domain_Acc: [63.84, 76.84, 53.45, 36.67] Domain_BestAcc: [67.41, 78.42, 62.07, 63.33]
Prune local model 3, pr_ratio = [0.2, 0.2, 0.2, 0.2]
Prune local model 6, pr_ratio = [0.2, 0.2, 0.2, 0.2]
Prune local model 4, pr_ratio = [0.2, 0.2, 0.2, 0.2]
Prune local model 5, pr_ratio = [0.2, 0.2, 0.2, 0.2]
Prune local model 1, pr_ratio = [0.2, 0.2, 0.2, 0.2]
Prune local model 8, pr_ratio = [0.2, 0.2, 0.2, 0.2]
Prune local model 7, pr_ratio = [0.2, 0.2, 0.2, 0.2]
Prune local model 2, pr_ratio = [0.2, 0.2, 0.2, 0.2]
Prune local model 0, pr_ratio = [0.2, 0.2, 0.2, 0.2]
Prune local model 9, pr_ratio = [0.2, 0.2, 0.2, 0.2]
Round 85 – LOCAL TPR pre-agg per client: ['0.617', '0.442', '0.658', '0.784', '0.497', '0.609', '0.625', '0.494', '0.675', '0.467']
Round 85 – TPR per Domain: 0:0.358, 1:0.358, 2:0.623, 3:0.748, 4:0.594, 5:0.594, 6:0.594, 7:0.748, 8:0.623, 9:0.358
Round: 85 Method: dapperfl Mean_Acc: 59.582 Best_Acc: 65.618
Domain_Acc: [62.05, 74.21, 62.07, 40.0] Domain_BestAcc: [67.41, 78.42, 62.07, 63.33]
Prune local model 0, pr_ratio = [0.2, 0.2, 0.2, 0.2]
Prune local model 6, pr_ratio = [0.2, 0.2, 0.2, 0.2]
Prune local model 3, pr_ratio = [0.2, 0.2, 0.2, 0.2]
Prune local model 2, pr_ratio = [0.2, 0.2, 0.2, 0.2]
Prune local model 4, pr_ratio = [0.2, 0.2, 0.2, 0.2]
Prune local model 1, pr_ratio = [0.2, 0.2, 0.2, 0.2]
Prune local model 9, pr_ratio = [0.2, 0.2, 0.2, 0.2]
Prune local model 5, pr_ratio = [0.2, 0.2, 0.2, 0.2]
Prune local model 8, pr_ratio = [0.2, 0.2, 0.2, 0.2]
Prune local model 7, pr_ratio = [0.2, 0.2, 0.2, 0.2]
Round 86 – LOCAL TPR pre-agg per client: ['0.542', '0.333', '0.638', '0.568', '0.561', '0.581', '0.580', '0.794', '0.672', '0.475']
Round 86 – TPR per Domain: 0:0.367, 1:0.367, 2:0.569, 3:0.723, 4:0.631, 5:0.631, 6:0.631, 7:0.723, 8:0.569, 9:0.367
Round: 86 Method: dapperfl Mean_Acc: 59.248 Best_Acc: 65.618
Domain_Acc: [65.18, 71.58, 56.9, 43.33] Domain_BestAcc: [67.41, 78.42, 62.07, 63.33]
Prune local model 2, pr_ratio = [0.2, 0.2, 0.2, 0.2]
Prune local model 8, pr_ratio = [0.2, 0.2, 0.2, 0.2]
Prune local model 7, pr_ratio = [0.2, 0.2, 0.2, 0.2]
Prune local model 9, pr_ratio = [0.2, 0.2, 0.2, 0.2]
Prune local model 5, pr_ratio = [0.2, 0.2, 0.2, 0.2]
Prune local model 4, pr_ratio = [0.2, 0.2, 0.2, 0.2]
Prune local model 1, pr_ratio = [0.2, 0.2, 0.2, 0.2]
Prune local model 3, pr_ratio = [0.2, 0.2, 0.2, 0.2]
Prune local model 6, pr_ratio = [0.2, 0.2, 0.2, 0.2]
Prune local model 0, pr_ratio = [0.2, 0.2, 0.2, 0.2]
Round 87 – LOCAL TPR pre-agg per client: ['0.467', '0.425', '0.683', '0.830', '0.450', '0.598', '0.556', '0.721', '0.614', '0.283']
Round 87 – TPR per Domain: 0:0.383, 1:0.383, 2:0.519, 3:0.784, 4:0.643, 5:0.643, 6:0.643, 7:0.784, 8:0.519, 9:0.383
Round: 87 Method: dapperfl Mean_Acc: 59.752 Best_Acc: 65.618
Domain_Acc: [66.07, 77.89, 51.72, 43.33] Domain_BestAcc: [67.41, 78.42, 62.07, 63.33]
Prune local model 6, pr_ratio = [0.2, 0.2, 0.2, 0.2]
Prune local model 8, pr_ratio = [0.2, 0.2, 0.2, 0.2]
Prune local model 5, pr_ratio = [0.2, 0.2, 0.2, 0.2]
Prune local model 7, pr_ratio = [0.2, 0.2, 0.2, 0.2]
Prune local model 1, pr_ratio = [0.2, 0.2, 0.2, 0.2]
Prune local model 0, pr_ratio = [0.2, 0.2, 0.2, 0.2]
Prune local model 2, pr_ratio = [0.2, 0.2, 0.2, 0.2]
Prune local model 4, pr_ratio = [0.2, 0.2, 0.2, 0.2]
Prune local model 3, pr_ratio = [0.2, 0.2, 0.2, 0.2]
Prune local model 9, pr_ratio = [0.2, 0.2, 0.2, 0.2]
Round 88 – LOCAL TPR pre-agg per client: ['0.567', '0.575', '0.675', '0.766', '0.542', '0.543', '0.451', '0.695', '0.637', '0.475']
Round 88 – TPR per Domain: 0:0.467, 1:0.467, 2:0.552, 3:0.767, 4:0.651, 5:0.651, 6:0.651, 7:0.767, 8:0.552, 9:0.467
Round: 88 Method: dapperfl Mean_Acc: 63.378 Best_Acc: 65.618
Domain_Acc: [66.96, 76.32, 56.9, 53.33] Domain_BestAcc: [67.41, 78.42, 62.07, 63.33]
Prune local model 6, pr_ratio = [0.2, 0.2, 0.2, 0.2]
Prune local model 7, pr_ratio = [0.2, 0.2, 0.2, 0.2]
Prune local model 3, pr_ratio = [0.2, 0.2, 0.2, 0.2]
Prune local model 4, pr_ratio = [0.2, 0.2, 0.2, 0.2]
Prune local model 9, pr_ratio = [0.2, 0.2, 0.2, 0.2]
Prune local model 1, pr_ratio = [0.2, 0.2, 0.2, 0.2]
Prune local model 0, pr_ratio = [0.2, 0.2, 0.2, 0.2]
Prune local model 2, pr_ratio = [0.2, 0.2, 0.2, 0.2]
Prune local model 5, pr_ratio = [0.2, 0.2, 0.2, 0.2]
Prune local model 8, pr_ratio = [0.2, 0.2, 0.2, 0.2]
Round 89 – LOCAL TPR pre-agg per client: ['0.467', '0.500', '0.654', '0.770', '0.572', '0.566', '0.632', '0.748', '0.594', '0.367']
Round 89 – TPR per Domain: 0:0.325, 1:0.325, 2:0.602, 3:0.779, 4:0.651, 5:0.651, 6:0.651, 7:0.779, 8:0.602, 9:0.325
Round: 89 Method: dapperfl Mean_Acc: 61.058 Best_Acc: 65.618
Domain_Acc: [66.52, 77.37, 60.34, 40.0] Domain_BestAcc: [67.41, 78.42, 62.07, 63.33]
Prune local model 7, pr_ratio = [0.2, 0.2, 0.2, 0.2]
Prune local model 1, pr_ratio = [0.2, 0.2, 0.2, 0.2]
Prune local model 8, pr_ratio = [0.2, 0.2, 0.2, 0.2]
Prune local model 9, pr_ratio = [0.2, 0.2, 0.2, 0.2]
Prune local model 0, pr_ratio = [0.2, 0.2, 0.2, 0.2]
Prune local model 4, pr_ratio = [0.2, 0.2, 0.2, 0.2]
Prune local model 5, pr_ratio = [0.2, 0.2, 0.2, 0.2]
Prune local model 2, pr_ratio = [0.2, 0.2, 0.2, 0.2]
Prune local model 3, pr_ratio = [0.2, 0.2, 0.2, 0.2]
Prune local model 6, pr_ratio = [0.2, 0.2, 0.2, 0.2]
Round 90 – LOCAL TPR pre-agg per client: ['0.483', '0.592', '0.693', '0.742', '0.574', '0.604', '0.604', '0.754', '0.582', '0.483']
Round 90 – TPR per Domain: 0:0.367, 1:0.367, 2:0.547, 3:0.778, 4:0.644, 5:0.644, 6:0.644, 7:0.778, 8:0.547, 9:0.367
Round: 90 Method: dapperfl Mean_Acc: 60.167 Best_Acc: 65.618
Domain_Acc: [66.52, 77.37, 53.45, 43.33] Domain_BestAcc: [67.41, 78.42, 62.07, 63.33]
Prune local model 3, pr_ratio = [0.2, 0.2, 0.2, 0.2]
Prune local model 8, pr_ratio = [0.2, 0.2, 0.2, 0.2]
Prune local model 0, pr_ratio = [0.2, 0.2, 0.2, 0.2]
Prune local model 1, pr_ratio = [0.2, 0.2, 0.2, 0.2]
Prune local model 4, pr_ratio = [0.2, 0.2, 0.2, 0.2]
Prune local model 6, pr_ratio = [0.2, 0.2, 0.2, 0.2]
Prune local model 2, pr_ratio = [0.2, 0.2, 0.2, 0.2]
Prune local model 5, pr_ratio = [0.2, 0.2, 0.2, 0.2]
Prune local model 9, pr_ratio = [0.2, 0.2, 0.2, 0.2]
Prune local model 7, pr_ratio = [0.2, 0.2, 0.2, 0.2]
Round 91 – LOCAL TPR pre-agg per client: ['0.492', '0.575', '0.605', '0.794', '0.615', '0.539', '0.527', '0.801', '0.523', '0.500']
Round 91 – TPR per Domain: 0:0.417, 1:0.417, 2:0.547, 3:0.718, 4:0.646, 5:0.646, 6:0.646, 7:0.718, 8:0.547, 9:0.417
Round: 91 Method: dapperfl Mean_Acc: 60.908 Best_Acc: 65.618
Domain_Acc: [67.41, 71.05, 55.17, 50.0] Domain_BestAcc: [67.41, 78.42, 62.07, 63.33]
Prune local model 3, pr_ratio = [0.2, 0.2, 0.2, 0.2]
Prune local model 9, pr_ratio = [0.2, 0.2, 0.2, 0.2]
Prune local model 6, pr_ratio = [0.2, 0.2, 0.2, 0.2]
Prune local model 0, pr_ratio = [0.2, 0.2, 0.2, 0.2]
Prune local model 7, pr_ratio = [0.2, 0.2, 0.2, 0.2]
Prune local model 5, pr_ratio = [0.2, 0.2, 0.2, 0.2]
Prune local model 2, pr_ratio = [0.2, 0.2, 0.2, 0.2]
Prune local model 1, pr_ratio = [0.2, 0.2, 0.2, 0.2]
Prune local model 8, pr_ratio = [0.2, 0.2, 0.2, 0.2]
Prune local model 4, pr_ratio = [0.2, 0.2, 0.2, 0.2]
Round 92 – LOCAL TPR pre-agg per client: ['0.483', '0.550', '0.725', '0.725', '0.594', '0.631', '0.621', '0.744', '0.658', '0.467']
Round 92 – TPR per Domain: 0:0.392, 1:0.392, 2:0.602, 3:0.753, 4:0.656, 5:0.656, 6:0.656, 7:0.753, 8:0.602, 9:0.392
Round: 92 Method: dapperfl Mean_Acc: 62.402 Best_Acc: 65.618
Domain_Acc: [67.86, 74.74, 60.34, 46.67] Domain_BestAcc: [67.86, 78.42, 62.07, 63.33]
Prune local model 9, pr_ratio = [0.2, 0.2, 0.2, 0.2]
Prune local model 4, pr_ratio = [0.2, 0.2, 0.2, 0.2]
Prune local model 3, pr_ratio = [0.2, 0.2, 0.2, 0.2]
Prune local model 6, pr_ratio = [0.2, 0.2, 0.2, 0.2]
Prune local model 1, pr_ratio = [0.2, 0.2, 0.2, 0.2]
Prune local model 8, pr_ratio = [0.2, 0.2, 0.2, 0.2]
Prune local model 2, pr_ratio = [0.2, 0.2, 0.2, 0.2]
Prune local model 5, pr_ratio = [0.2, 0.2, 0.2, 0.2]
Prune local model 0, pr_ratio = [0.2, 0.2, 0.2, 0.2]
Prune local model 7, pr_ratio = [0.2, 0.2, 0.2, 0.2]
Round 93 – LOCAL TPR pre-agg per client: ['0.517', '0.500', '0.729', '0.760', '0.592', '0.613', '0.544', '0.700', '0.622', '0.500']
Round 93 – TPR per Domain: 0:0.375, 1:0.375, 2:0.566, 3:0.738, 4:0.654, 5:0.654, 6:0.654, 7:0.738, 8:0.566, 9:0.375
Round: 93 Method: dapperfl Mean_Acc: 60.2 Best_Acc: 65.618
Domain_Acc: [67.41, 73.16, 56.9, 43.33] Domain_BestAcc: [67.86, 78.42, 62.07, 63.33]
Prune local model 0, pr_ratio = [0.2, 0.2, 0.2, 0.2]
Prune local model 8, pr_ratio = [0.2, 0.2, 0.2, 0.2]
Prune local model 4, pr_ratio = [0.2, 0.2, 0.2, 0.2]
Prune local model 5, pr_ratio = [0.2, 0.2, 0.2, 0.2]
Prune local model 3, pr_ratio = [0.2, 0.2, 0.2, 0.2]
Prune local model 2, pr_ratio = [0.2, 0.2, 0.2, 0.2]
Prune local model 9, pr_ratio = [0.2, 0.2, 0.2, 0.2]
Prune local model 7, pr_ratio = [0.2, 0.2, 0.2, 0.2]
Prune local model 1, pr_ratio = [0.2, 0.2, 0.2, 0.2]
Prune local model 6, pr_ratio = [0.2, 0.2, 0.2, 0.2]
Round 94 – LOCAL TPR pre-agg per client: ['0.533', '0.575', '0.675', '0.748', '0.599', '0.613', '0.639', '0.781', '0.659', '0.383']
Round 94 – TPR per Domain: 0:0.392, 1:0.392, 2:0.614, 3:0.743, 4:0.658, 5:0.658, 6:0.658, 7:0.743, 8:0.614, 9:0.392
Round: 94 Method: dapperfl Mean_Acc: 62.68 Best_Acc: 65.618
Domain_Acc: [68.3, 73.68, 62.07, 46.67] Domain_BestAcc: [68.3, 78.42, 62.07, 63.33]
Prune local model 5, pr_ratio = [0.2, 0.2, 0.2, 0.2]
Prune local model 3, pr_ratio = [0.2, 0.2, 0.2, 0.2]
Prune local model 2, pr_ratio = [0.2, 0.2, 0.2, 0.2]
Prune local model 6, pr_ratio = [0.2, 0.2, 0.2, 0.2]
Prune local model 8, pr_ratio = [0.2, 0.2, 0.2, 0.2]
Prune local model 4, pr_ratio = [0.2, 0.2, 0.2, 0.2]
Prune local model 9, pr_ratio = [0.2, 0.2, 0.2, 0.2]
Prune local model 7, pr_ratio = [0.2, 0.2, 0.2, 0.2]
Prune local model 0, pr_ratio = [0.2, 0.2, 0.2, 0.2]
Prune local model 1, pr_ratio = [0.2, 0.2, 0.2, 0.2]
Round 95 – LOCAL TPR pre-agg per client: ['0.442', '0.475', '0.647', '0.555', '0.602', '0.636', '0.617', '0.795', '0.487', '0.475']
Round 95 – TPR per Domain: 0:0.425, 1:0.425, 2:0.610, 3:0.764, 4:0.653, 5:0.653, 6:0.653, 7:0.764, 8:0.610, 9:0.425
Round: 95 Method: dapperfl Mean_Acc: 63.817 Best_Acc: 65.618
Domain_Acc: [67.41, 75.79, 62.07, 50.0] Domain_BestAcc: [68.3, 78.42, 62.07, 63.33]
Prune local model 9, pr_ratio = [0.2, 0.2, 0.2, 0.2]
Prune local model 6, pr_ratio = [0.2, 0.2, 0.2, 0.2]
Prune local model 8, pr_ratio = [0.2, 0.2, 0.2, 0.2]
Prune local model 2, pr_ratio = [0.2, 0.2, 0.2, 0.2]
Prune local model 5, pr_ratio = [0.2, 0.2, 0.2, 0.2]
Prune local model 7, pr_ratio = [0.2, 0.2, 0.2, 0.2]
Prune local model 3, pr_ratio = [0.2, 0.2, 0.2, 0.2]
Prune local model 0, pr_ratio = [0.2, 0.2, 0.2, 0.2]
Prune local model 1, pr_ratio = [0.2, 0.2, 0.2, 0.2]
Prune local model 4, pr_ratio = [0.2, 0.2, 0.2, 0.2]
Round 96 – LOCAL TPR pre-agg per client: ['0.533', '0.525', '0.667', '0.787', '0.563', '0.639', '0.487', '0.820', '0.582', '0.525']
Round 96 – TPR per Domain: 0:0.517, 1:0.517, 2:0.544, 3:0.744, 4:0.662, 5:0.662, 6:0.662, 7:0.744, 8:0.544, 9:0.517
Round: 96 Method: dapperfl Mean_Acc: 63.455 Best_Acc: 65.618
Domain_Acc: [68.3, 73.68, 55.17, 56.67] Domain_BestAcc: [68.3, 78.42, 62.07, 63.33]
Prune local model 5, pr_ratio = [0.2, 0.2, 0.2, 0.2]
Prune local model 3, pr_ratio = [0.2, 0.2, 0.2, 0.2]
Prune local model 2, pr_ratio = [0.2, 0.2, 0.2, 0.2]
Prune local model 7, pr_ratio = [0.2, 0.2, 0.2, 0.2]
Prune local model 8, pr_ratio = [0.2, 0.2, 0.2, 0.2]
Prune local model 0, pr_ratio = [0.2, 0.2, 0.2, 0.2]
Prune local model 4, pr_ratio = [0.2, 0.2, 0.2, 0.2]
Prune local model 1, pr_ratio = [0.2, 0.2, 0.2, 0.2]
Prune local model 6, pr_ratio = [0.2, 0.2, 0.2, 0.2]
Prune local model 9, pr_ratio = [0.2, 0.2, 0.2, 0.2]
Round 97 – LOCAL TPR pre-agg per client: ['0.483', '0.575', '0.672', '0.612', '0.590', '0.557', '0.627', '0.786', '0.638', '0.575']
Round 97 – TPR per Domain: 0:0.458, 1:0.458, 2:0.504, 3:0.750, 4:0.620, 5:0.620, 6:0.620, 7:0.750, 8:0.504, 9:0.458
Round: 97 Method: dapperfl Mean_Acc: 60.055 Best_Acc: 65.618
Domain_Acc: [64.29, 74.21, 51.72, 50.0] Domain_BestAcc: [68.3, 78.42, 62.07, 63.33]
Prune local model 7, pr_ratio = [0.2, 0.2, 0.2, 0.2]
Prune local model 1, pr_ratio = [0.2, 0.2, 0.2, 0.2]
Prune local model 2, pr_ratio = [0.2, 0.2, 0.2, 0.2]
Prune local model 3, pr_ratio = [0.2, 0.2, 0.2, 0.2]
Prune local model 0, pr_ratio = [0.2, 0.2, 0.2, 0.2]
Prune local model 6, pr_ratio = [0.2, 0.2, 0.2, 0.2]
Prune local model 5, pr_ratio = [0.2, 0.2, 0.2, 0.2]
Prune local model 8, pr_ratio = [0.2, 0.2, 0.2, 0.2]
Prune local model 9, pr_ratio = [0.2, 0.2, 0.2, 0.2]
Prune local model 4, pr_ratio = [0.2, 0.2, 0.2, 0.2]
Round 98 – LOCAL TPR pre-agg per client: ['0.517', '0.558', '0.672', '0.761', '0.596', '0.652', '0.528', '0.780', '0.647', '0.500']
Round 98 – TPR per Domain: 0:0.433, 1:0.433, 2:0.546, 3:0.727, 4:0.650, 5:0.650, 6:0.650, 7:0.727, 8:0.546, 9:0.433
Round: 98 Method: dapperfl Mean_Acc: 60.228 Best_Acc: 65.618
Domain_Acc: [66.96, 72.11, 55.17, 46.67] Domain_BestAcc: [68.3, 78.42, 62.07, 63.33]
Prune local model 5, pr_ratio = [0.2, 0.2, 0.2, 0.2]
Prune local model 7, pr_ratio = [0.2, 0.2, 0.2, 0.2]
Prune local model 2, pr_ratio = [0.2, 0.2, 0.2, 0.2]
Prune local model 1, pr_ratio = [0.2, 0.2, 0.2, 0.2]
Prune local model 8, pr_ratio = [0.2, 0.2, 0.2, 0.2]
Prune local model 9, pr_ratio = [0.2, 0.2, 0.2, 0.2]
Prune local model 3, pr_ratio = [0.2, 0.2, 0.2, 0.2]
Prune local model 6, pr_ratio = [0.2, 0.2, 0.2, 0.2]
Prune local model 0, pr_ratio = [0.2, 0.2, 0.2, 0.2]
Prune local model 4, pr_ratio = [0.2, 0.2, 0.2, 0.2]
Round 99 – LOCAL TPR pre-agg per client: ['0.467', '0.475', '0.605', '0.767', '0.574', '0.605', '0.603', '0.570', '0.667', '0.533']
Round 99 – TPR per Domain: 0:0.483, 1:0.483, 2:0.503, 3:0.773, 4:0.636, 5:0.636, 6:0.636, 7:0.773, 8:0.503, 9:0.483
Round: 99 Method: dapperfl Mean_Acc: 61.56 Best_Acc: 65.618
Domain_Acc: [66.07, 76.84, 50.0, 53.33] Domain_BestAcc: [68.3, 78.42, 62.07, 63.33]
2025-05-23 14:53:51
