Namespace(prefix='', communication_epoch=100, local_epoch=5, parti_num=10, model='dapperfl', dataset='fl_officecaltech', pr_strategy='0.2', backbone='resnet18', alpha=0.9, alpha_min=0.1, epsilon=0.2, reg_coeff=0.01, wandb=0, device_id=0, seed=1234, rand_dataset=1, learning_decay=False, averaing='weight', online_ratio=1, mu=0.1, input_dim=28, noise_var=5.0, group_fairness=False, fairness_lr=0.01, num_groups=2, noise_clients=[8, 9], analyze_gradients=False, csv_log=False, local_lr=0.01, local_batch_size=64, pr_ratios=['0', '0.2', '0.4', '0.6', '0.8'], arch='res18')
2025-05-23 12:17:26
{'dslr': 3, 'webcam': 2, 'amazon': 2, 'caltech': 3}
['dslr', 'dslr', 'webcam', 'amazon', 'caltech', 'caltech', 'caltech', 'amazon', 'webcam', 'dslr']
Prune local model 2, pr_ratio = [0.2, 0.2, 0.2, 0.2]
Prune local model 5, pr_ratio = [0.2, 0.2, 0.2, 0.2]
Prune local model 4, pr_ratio = [0.2, 0.2, 0.2, 0.2]
Prune local model 6, pr_ratio = [0.2, 0.2, 0.2, 0.2]
Prune local model 9, pr_ratio = [0.2, 0.2, 0.2, 0.2]
Prune local model 3, pr_ratio = [0.2, 0.2, 0.2, 0.2]
Prune local model 7, pr_ratio = [0.2, 0.2, 0.2, 0.2]
Prune local model 1, pr_ratio = [0.2, 0.2, 0.2, 0.2]
Prune local model 0, pr_ratio = [0.2, 0.2, 0.2, 0.2]
Prune local model 8, pr_ratio = [0.2, 0.2, 0.2, 0.2]
Round 0 – LOCAL TPR pre-agg per client: ['0.100', '0.100', '0.100', '0.150', '0.097', '0.093', '0.100', '0.100', '0.100', '0.100']
Round 0 – TPR per Domain: 0:0.100, 1:0.100, 2:0.100, 3:0.100, 4:0.100, 5:0.100, 6:0.100, 7:0.100, 8:0.100, 9:0.100
Round: 0 Method: dapperfl Mean_Acc: 10.048 Best_Acc: 10.048
Domain_Acc: [9.82, 8.42, 8.62, 13.33] Domain_BestAcc: [9.82, 8.42, 8.62, 13.33]
Prune local model 7, pr_ratio = [0.2, 0.2, 0.2, 0.2]
Prune local model 2, pr_ratio = [0.2, 0.2, 0.2, 0.2]
Prune local model 9, pr_ratio = [0.2, 0.2, 0.2, 0.2]
Prune local model 0, pr_ratio = [0.2, 0.2, 0.2, 0.2]
Prune local model 3, pr_ratio = [0.2, 0.2, 0.2, 0.2]
Prune local model 6, pr_ratio = [0.2, 0.2, 0.2, 0.2]
Prune local model 4, pr_ratio = [0.2, 0.2, 0.2, 0.2]
Prune local model 1, pr_ratio = [0.2, 0.2, 0.2, 0.2]
Prune local model 8, pr_ratio = [0.2, 0.2, 0.2, 0.2]
Prune local model 5, pr_ratio = [0.2, 0.2, 0.2, 0.2]
Round 1 – LOCAL TPR pre-agg per client: ['0.100', '0.100', '0.100', '0.176', '0.107', '0.171', '0.104', '0.177', '0.100', '0.100']
Round 1 – TPR per Domain: 0:0.100, 1:0.100, 2:0.100, 3:0.100, 4:0.100, 5:0.100, 6:0.100, 7:0.100, 8:0.100, 9:0.100
Round: 1 Method: dapperfl Mean_Acc: 10.048 Best_Acc: 10.048
Domain_Acc: [9.82, 8.42, 8.62, 13.33] Domain_BestAcc: [9.82, 8.42, 8.62, 13.33]
Prune local model 7, pr_ratio = [0.2, 0.2, 0.2, 0.2]
Prune local model 5, pr_ratio = [0.2, 0.2, 0.2, 0.2]
Prune local model 9, pr_ratio = [0.2, 0.2, 0.2, 0.2]
Prune local model 4, pr_ratio = [0.2, 0.2, 0.2, 0.2]
Prune local model 0, pr_ratio = [0.2, 0.2, 0.2, 0.2]
Prune local model 8, pr_ratio = [0.2, 0.2, 0.2, 0.2]
Prune local model 3, pr_ratio = [0.2, 0.2, 0.2, 0.2]
Prune local model 6, pr_ratio = [0.2, 0.2, 0.2, 0.2]
Prune local model 2, pr_ratio = [0.2, 0.2, 0.2, 0.2]
Prune local model 1, pr_ratio = [0.2, 0.2, 0.2, 0.2]
Round 2 – LOCAL TPR pre-agg per client: ['0.100', '0.100', '0.160', '0.335', '0.151', '0.282', '0.286', '0.244', '0.100', '0.125']
Round 2 – TPR per Domain: 0:0.100, 1:0.100, 2:0.100, 3:0.235, 4:0.151, 5:0.151, 6:0.151, 7:0.235, 8:0.100, 9:0.100
Round: 2 Method: dapperfl Mean_Acc: 14.565 Best_Acc: 14.565
Domain_Acc: [14.73, 21.58, 8.62, 13.33] Domain_BestAcc: [14.73, 21.58, 8.62, 13.33]
Prune local model 9, pr_ratio = [0.2, 0.2, 0.2, 0.2]
Prune local model 8, pr_ratio = [0.2, 0.2, 0.2, 0.2]
Prune local model 6, pr_ratio = [0.2, 0.2, 0.2, 0.2]
Prune local model 7, pr_ratio = [0.2, 0.2, 0.2, 0.2]
Prune local model 0, pr_ratio = [0.2, 0.2, 0.2, 0.2]
Prune local model 2, pr_ratio = [0.2, 0.2, 0.2, 0.2]
Prune local model 1, pr_ratio = [0.2, 0.2, 0.2, 0.2]
Prune local model 5, pr_ratio = [0.2, 0.2, 0.2, 0.2]
Prune local model 4, pr_ratio = [0.2, 0.2, 0.2, 0.2]
Prune local model 3, pr_ratio = [0.2, 0.2, 0.2, 0.2]
Round 3 – LOCAL TPR pre-agg per client: ['0.200', '0.100', '0.215', '0.318', '0.204', '0.230', '0.262', '0.285', '0.200', '0.100']
Round 3 – TPR per Domain: 0:0.117, 1:0.117, 2:0.193, 3:0.312, 4:0.336, 5:0.336, 6:0.336, 7:0.312, 8:0.193, 9:0.117
Round: 3 Method: dapperfl Mean_Acc: 25.732 Best_Acc: 25.732
Domain_Acc: [35.71, 31.58, 18.97, 16.67] Domain_BestAcc: [35.71, 31.58, 18.97, 16.67]
Prune local model 9, pr_ratio = [0.2, 0.2, 0.2, 0.2]
Prune local model 4, pr_ratio = [0.2, 0.2, 0.2, 0.2]
Prune local model 1, pr_ratio = [0.2, 0.2, 0.2, 0.2]
Prune local model 7, pr_ratio = [0.2, 0.2, 0.2, 0.2]
Prune local model 6, pr_ratio = [0.2, 0.2, 0.2, 0.2]
Prune local model 2, pr_ratio = [0.2, 0.2, 0.2, 0.2]
Prune local model 3, pr_ratio = [0.2, 0.2, 0.2, 0.2]
Prune local model 8, pr_ratio = [0.2, 0.2, 0.2, 0.2]
Prune local model 0, pr_ratio = [0.2, 0.2, 0.2, 0.2]
Prune local model 5, pr_ratio = [0.2, 0.2, 0.2, 0.2]
Round 4 – LOCAL TPR pre-agg per client: ['0.150', '0.300', '0.359', '0.350', '0.300', '0.313', '0.220', '0.298', '0.150', '0.175']
Round 4 – TPR per Domain: 0:0.133, 1:0.133, 2:0.153, 3:0.383, 4:0.391, 5:0.391, 6:0.391, 7:0.383, 8:0.153, 9:0.133
Round: 4 Method: dapperfl Mean_Acc: 28.057 Best_Acc: 28.057
Domain_Acc: [41.07, 37.37, 13.79, 20.0] Domain_BestAcc: [41.07, 37.37, 18.97, 20.0]
Prune local model 7, pr_ratio = [0.2, 0.2, 0.2, 0.2]
Prune local model 0, pr_ratio = [0.2, 0.2, 0.2, 0.2]
Prune local model 1, pr_ratio = [0.2, 0.2, 0.2, 0.2]
Prune local model 4, pr_ratio = [0.2, 0.2, 0.2, 0.2]
Prune local model 3, pr_ratio = [0.2, 0.2, 0.2, 0.2]
Prune local model 2, pr_ratio = [0.2, 0.2, 0.2, 0.2]
Prune local model 5, pr_ratio = [0.2, 0.2, 0.2, 0.2]
Prune local model 6, pr_ratio = [0.2, 0.2, 0.2, 0.2]
Prune local model 9, pr_ratio = [0.2, 0.2, 0.2, 0.2]
Prune local model 8, pr_ratio = [0.2, 0.2, 0.2, 0.2]
Round 5 – LOCAL TPR pre-agg per client: ['0.250', '0.325', '0.397', '0.314', '0.285', '0.328', '0.249', '0.354', '0.256', '0.200']
Round 5 – TPR per Domain: 0:0.142, 1:0.142, 2:0.269, 3:0.535, 4:0.379, 5:0.379, 6:0.379, 7:0.535, 8:0.269, 9:0.142
Round: 5 Method: dapperfl Mean_Acc: 34.91 Best_Acc: 34.91
Domain_Acc: [40.62, 53.16, 25.86, 20.0] Domain_BestAcc: [41.07, 53.16, 25.86, 20.0]
Prune local model 7, pr_ratio = [0.2, 0.2, 0.2, 0.2]
Prune local model 4, pr_ratio = [0.2, 0.2, 0.2, 0.2]
Prune local model 5, pr_ratio = [0.2, 0.2, 0.2, 0.2]
Prune local model 9, pr_ratio = [0.2, 0.2, 0.2, 0.2]
Prune local model 1, pr_ratio = [0.2, 0.2, 0.2, 0.2]
Prune local model 3, pr_ratio = [0.2, 0.2, 0.2, 0.2]
Prune local model 6, pr_ratio = [0.2, 0.2, 0.2, 0.2]
Prune local model 8, pr_ratio = [0.2, 0.2, 0.2, 0.2]
Prune local model 2, pr_ratio = [0.2, 0.2, 0.2, 0.2]
Prune local model 0, pr_ratio = [0.2, 0.2, 0.2, 0.2]
Round 6 – LOCAL TPR pre-agg per client: ['0.250', '0.225', '0.384', '0.443', '0.313', '0.375', '0.250', '0.286', '0.232', '0.200']
Round 6 – TPR per Domain: 0:0.117, 1:0.117, 2:0.356, 3:0.510, 4:0.405, 5:0.405, 6:0.405, 7:0.510, 8:0.356, 9:0.117
Round: 6 Method: dapperfl Mean_Acc: 36.285 Best_Acc: 36.285
Domain_Acc: [42.41, 51.58, 34.48, 16.67] Domain_BestAcc: [42.41, 53.16, 34.48, 20.0]
Prune local model 5, pr_ratio = [0.2, 0.2, 0.2, 0.2]
Prune local model 4, pr_ratio = [0.2, 0.2, 0.2, 0.2]
Prune local model 1, pr_ratio = [0.2, 0.2, 0.2, 0.2]
Prune local model 3, pr_ratio = [0.2, 0.2, 0.2, 0.2]
Prune local model 2, pr_ratio = [0.2, 0.2, 0.2, 0.2]
Prune local model 9, pr_ratio = [0.2, 0.2, 0.2, 0.2]
Prune local model 0, pr_ratio = [0.2, 0.2, 0.2, 0.2]
Prune local model 6, pr_ratio = [0.2, 0.2, 0.2, 0.2]
Prune local model 7, pr_ratio = [0.2, 0.2, 0.2, 0.2]
Prune local model 8, pr_ratio = [0.2, 0.2, 0.2, 0.2]
Round 7 – LOCAL TPR pre-agg per client: ['0.150', '0.200', '0.397', '0.428', '0.245', '0.254', '0.282', '0.350', '0.271', '0.100']
Round 7 – TPR per Domain: 0:0.192, 1:0.192, 2:0.263, 3:0.583, 4:0.422, 5:0.422, 6:0.422, 7:0.583, 8:0.263, 9:0.192
Round: 7 Method: dapperfl Mean_Acc: 38.765 Best_Acc: 38.765
Domain_Acc: [44.64, 57.89, 25.86, 26.67] Domain_BestAcc: [44.64, 57.89, 34.48, 26.67]
Prune local model 4, pr_ratio = [0.2, 0.2, 0.2, 0.2]
Prune local model 3, pr_ratio = [0.2, 0.2, 0.2, 0.2]
Prune local model 6, pr_ratio = [0.2, 0.2, 0.2, 0.2]
Prune local model 8, pr_ratio = [0.2, 0.2, 0.2, 0.2]
Prune local model 0, pr_ratio = [0.2, 0.2, 0.2, 0.2]
Prune local model 5, pr_ratio = [0.2, 0.2, 0.2, 0.2]
Prune local model 9, pr_ratio = [0.2, 0.2, 0.2, 0.2]
Prune local model 7, pr_ratio = [0.2, 0.2, 0.2, 0.2]
Prune local model 1, pr_ratio = [0.2, 0.2, 0.2, 0.2]
Prune local model 2, pr_ratio = [0.2, 0.2, 0.2, 0.2]
Round 8 – LOCAL TPR pre-agg per client: ['0.300', '0.175', '0.355', '0.392', '0.307', '0.308', '0.329', '0.469', '0.208', '0.200']
Round 8 – TPR per Domain: 0:0.192, 1:0.192, 2:0.302, 3:0.506, 4:0.437, 5:0.437, 6:0.437, 7:0.506, 8:0.302, 9:0.192
Round: 8 Method: dapperfl Mean_Acc: 37.4 Best_Acc: 38.765
Domain_Acc: [46.43, 50.53, 29.31, 23.33] Domain_BestAcc: [46.43, 57.89, 34.48, 26.67]
Prune local model 3, pr_ratio = [0.2, 0.2, 0.2, 0.2]
Prune local model 1, pr_ratio = [0.2, 0.2, 0.2, 0.2]
Prune local model 8, pr_ratio = [0.2, 0.2, 0.2, 0.2]
Prune local model 5, pr_ratio = [0.2, 0.2, 0.2, 0.2]
Prune local model 0, pr_ratio = [0.2, 0.2, 0.2, 0.2]
Prune local model 9, pr_ratio = [0.2, 0.2, 0.2, 0.2]
Prune local model 4, pr_ratio = [0.2, 0.2, 0.2, 0.2]
Prune local model 2, pr_ratio = [0.2, 0.2, 0.2, 0.2]
Prune local model 6, pr_ratio = [0.2, 0.2, 0.2, 0.2]
Prune local model 7, pr_ratio = [0.2, 0.2, 0.2, 0.2]
Round 9 – LOCAL TPR pre-agg per client: ['0.300', '0.100', '0.368', '0.245', '0.254', '0.270', '0.299', '0.519', '0.267', '0.175']
Round 9 – TPR per Domain: 0:0.142, 1:0.142, 2:0.263, 3:0.580, 4:0.439, 5:0.439, 6:0.439, 7:0.580, 8:0.263, 9:0.142
Round: 9 Method: dapperfl Mean_Acc: 37.098 Best_Acc: 38.765
Domain_Acc: [44.64, 57.89, 25.86, 20.0] Domain_BestAcc: [46.43, 57.89, 34.48, 26.67]
Prune local model 7, pr_ratio = [0.2, 0.2, 0.2, 0.2]
Prune local model 0, pr_ratio = [0.2, 0.2, 0.2, 0.2]
Prune local model 9, pr_ratio = [0.2, 0.2, 0.2, 0.2]
Prune local model 1, pr_ratio = [0.2, 0.2, 0.2, 0.2]
Prune local model 2, pr_ratio = [0.2, 0.2, 0.2, 0.2]
Prune local model 8, pr_ratio = [0.2, 0.2, 0.2, 0.2]
Prune local model 5, pr_ratio = [0.2, 0.2, 0.2, 0.2]
Prune local model 4, pr_ratio = [0.2, 0.2, 0.2, 0.2]
Prune local model 6, pr_ratio = [0.2, 0.2, 0.2, 0.2]
Prune local model 3, pr_ratio = [0.2, 0.2, 0.2, 0.2]
Round 10 – LOCAL TPR pre-agg per client: ['0.225', '0.275', '0.426', '0.387', '0.375', '0.369', '0.327', '0.351', '0.237', '0.150']
Round 10 – TPR per Domain: 0:0.142, 1:0.142, 2:0.335, 3:0.633, 4:0.456, 5:0.456, 6:0.456, 7:0.633, 8:0.335, 9:0.142
Round: 10 Method: dapperfl Mean_Acc: 40.9 Best_Acc: 40.9
Domain_Acc: [48.21, 62.63, 32.76, 20.0] Domain_BestAcc: [48.21, 62.63, 34.48, 26.67]
Prune local model 3, pr_ratio = [0.2, 0.2, 0.2, 0.2]
Prune local model 0, pr_ratio = [0.2, 0.2, 0.2, 0.2]
Prune local model 8, pr_ratio = [0.2, 0.2, 0.2, 0.2]
Prune local model 7, pr_ratio = [0.2, 0.2, 0.2, 0.2]
Prune local model 2, pr_ratio = [0.2, 0.2, 0.2, 0.2]
Prune local model 5, pr_ratio = [0.2, 0.2, 0.2, 0.2]
Prune local model 9, pr_ratio = [0.2, 0.2, 0.2, 0.2]
Prune local model 4, pr_ratio = [0.2, 0.2, 0.2, 0.2]
Prune local model 1, pr_ratio = [0.2, 0.2, 0.2, 0.2]
Prune local model 6, pr_ratio = [0.2, 0.2, 0.2, 0.2]
Round 11 – LOCAL TPR pre-agg per client: ['0.275', '0.300', '0.432', '0.532', '0.368', '0.287', '0.324', '0.284', '0.233', '0.100']
Round 11 – TPR per Domain: 0:0.117, 1:0.117, 2:0.333, 3:0.648, 4:0.471, 5:0.471, 6:0.471, 7:0.648, 8:0.333, 9:0.117
Round: 11 Method: dapperfl Mean_Acc: 40.498 Best_Acc: 40.9
Domain_Acc: [49.55, 64.74, 31.03, 16.67] Domain_BestAcc: [49.55, 64.74, 34.48, 26.67]
Prune local model 3, pr_ratio = [0.2, 0.2, 0.2, 0.2]
Prune local model 0, pr_ratio = [0.2, 0.2, 0.2, 0.2]
Prune local model 1, pr_ratio = [0.2, 0.2, 0.2, 0.2]
Prune local model 9, pr_ratio = [0.2, 0.2, 0.2, 0.2]
Prune local model 4, pr_ratio = [0.2, 0.2, 0.2, 0.2]
Prune local model 7, pr_ratio = [0.2, 0.2, 0.2, 0.2]
Prune local model 6, pr_ratio = [0.2, 0.2, 0.2, 0.2]
Prune local model 8, pr_ratio = [0.2, 0.2, 0.2, 0.2]
Prune local model 2, pr_ratio = [0.2, 0.2, 0.2, 0.2]
Prune local model 5, pr_ratio = [0.2, 0.2, 0.2, 0.2]
Round 12 – LOCAL TPR pre-agg per client: ['0.350', '0.350', '0.438', '0.582', '0.304', '0.269', '0.313', '0.321', '0.224', '0.100']
Round 12 – TPR per Domain: 0:0.283, 1:0.283, 2:0.376, 3:0.608, 4:0.500, 5:0.500, 6:0.500, 7:0.608, 8:0.376, 9:0.283
Round: 12 Method: dapperfl Mean_Acc: 45.575 Best_Acc: 45.575
Domain_Acc: [52.23, 60.53, 36.21, 33.33] Domain_BestAcc: [52.23, 64.74, 36.21, 33.33]
Prune local model 9, pr_ratio = [0.2, 0.2, 0.2, 0.2]
Prune local model 7, pr_ratio = [0.2, 0.2, 0.2, 0.2]
Prune local model 5, pr_ratio = [0.2, 0.2, 0.2, 0.2]
Prune local model 6, pr_ratio = [0.2, 0.2, 0.2, 0.2]
Prune local model 8, pr_ratio = [0.2, 0.2, 0.2, 0.2]
Prune local model 4, pr_ratio = [0.2, 0.2, 0.2, 0.2]
Prune local model 1, pr_ratio = [0.2, 0.2, 0.2, 0.2]
Prune local model 2, pr_ratio = [0.2, 0.2, 0.2, 0.2]
Prune local model 0, pr_ratio = [0.2, 0.2, 0.2, 0.2]
Prune local model 3, pr_ratio = [0.2, 0.2, 0.2, 0.2]
Round 13 – LOCAL TPR pre-agg per client: ['0.350', '0.325', '0.509', '0.355', '0.258', '0.297', '0.333', '0.319', '0.162', '0.100']
Round 13 – TPR per Domain: 0:0.217, 1:0.217, 2:0.342, 3:0.642, 4:0.505, 5:0.505, 6:0.505, 7:0.642, 8:0.342, 9:0.217
Round: 13 Method: dapperfl Mean_Acc: 44.08 Best_Acc: 45.575
Domain_Acc: [52.68, 64.21, 32.76, 26.67] Domain_BestAcc: [52.68, 64.74, 36.21, 33.33]
Prune local model 0, pr_ratio = [0.2, 0.2, 0.2, 0.2]
Prune local model 3, pr_ratio = [0.2, 0.2, 0.2, 0.2]
Prune local model 5, pr_ratio = [0.2, 0.2, 0.2, 0.2]
Prune local model 4, pr_ratio = [0.2, 0.2, 0.2, 0.2]
Prune local model 7, pr_ratio = [0.2, 0.2, 0.2, 0.2]
Prune local model 8, pr_ratio = [0.2, 0.2, 0.2, 0.2]
Prune local model 9, pr_ratio = [0.2, 0.2, 0.2, 0.2]
Prune local model 2, pr_ratio = [0.2, 0.2, 0.2, 0.2]
Prune local model 1, pr_ratio = [0.2, 0.2, 0.2, 0.2]
Prune local model 6, pr_ratio = [0.2, 0.2, 0.2, 0.2]
Round 14 – LOCAL TPR pre-agg per client: ['0.300', '0.417', '0.542', '0.498', '0.350', '0.346', '0.297', '0.204', '0.240', '0.175']
Round 14 – TPR per Domain: 0:0.150, 1:0.150, 2:0.346, 3:0.690, 4:0.478, 5:0.478, 6:0.478, 7:0.690, 8:0.346, 9:0.150
Round: 14 Method: dapperfl Mean_Acc: 43.74 Best_Acc: 45.575
Domain_Acc: [50.45, 68.42, 32.76, 23.33] Domain_BestAcc: [52.68, 68.42, 36.21, 33.33]
Prune local model 6, pr_ratio = [0.2, 0.2, 0.2, 0.2]
Prune local model 4, pr_ratio = [0.2, 0.2, 0.2, 0.2]
Prune local model 7, pr_ratio = [0.2, 0.2, 0.2, 0.2]
Prune local model 3, pr_ratio = [0.2, 0.2, 0.2, 0.2]
Prune local model 8, pr_ratio = [0.2, 0.2, 0.2, 0.2]
Prune local model 0, pr_ratio = [0.2, 0.2, 0.2, 0.2]
Prune local model 1, pr_ratio = [0.2, 0.2, 0.2, 0.2]
Prune local model 2, pr_ratio = [0.2, 0.2, 0.2, 0.2]
Prune local model 5, pr_ratio = [0.2, 0.2, 0.2, 0.2]
Prune local model 9, pr_ratio = [0.2, 0.2, 0.2, 0.2]
Round 15 – LOCAL TPR pre-agg per client: ['0.325', '0.450', '0.505', '0.448', '0.362', '0.387', '0.397', '0.236', '0.272', '0.225']
Round 15 – TPR per Domain: 0:0.325, 1:0.325, 2:0.342, 3:0.638, 4:0.496, 5:0.496, 6:0.496, 7:0.638, 8:0.342, 9:0.325
Round: 15 Method: dapperfl Mean_Acc: 46.335 Best_Acc: 46.335
Domain_Acc: [52.23, 63.68, 32.76, 36.67] Domain_BestAcc: [52.68, 68.42, 36.21, 36.67]
Prune local model 8, pr_ratio = [0.2, 0.2, 0.2, 0.2]
Prune local model 2, pr_ratio = [0.2, 0.2, 0.2, 0.2]
Prune local model 4, pr_ratio = [0.2, 0.2, 0.2, 0.2]
Prune local model 5, pr_ratio = [0.2, 0.2, 0.2, 0.2]
Prune local model 1, pr_ratio = [0.2, 0.2, 0.2, 0.2]
Prune local model 7, pr_ratio = [0.2, 0.2, 0.2, 0.2]
Prune local model 9, pr_ratio = [0.2, 0.2, 0.2, 0.2]
Prune local model 6, pr_ratio = [0.2, 0.2, 0.2, 0.2]
Prune local model 3, pr_ratio = [0.2, 0.2, 0.2, 0.2]
Prune local model 0, pr_ratio = [0.2, 0.2, 0.2, 0.2]
Round 16 – LOCAL TPR pre-agg per client: ['0.250', '0.400', '0.301', '0.506', '0.366', '0.386', '0.418', '0.531', '0.278', '0.200']
Round 16 – TPR per Domain: 0:0.183, 1:0.183, 2:0.309, 3:0.668, 4:0.509, 5:0.509, 6:0.509, 7:0.668, 8:0.309, 9:0.183
Round: 16 Method: dapperfl Mean_Acc: 42.91 Best_Acc: 46.335
Domain_Acc: [52.68, 66.32, 29.31, 23.33] Domain_BestAcc: [52.68, 68.42, 36.21, 36.67]
Prune local model 3, pr_ratio = [0.2, 0.2, 0.2, 0.2]
Prune local model 9, pr_ratio = [0.2, 0.2, 0.2, 0.2]
Prune local model 1, pr_ratio = [0.2, 0.2, 0.2, 0.2]
Prune local model 8, pr_ratio = [0.2, 0.2, 0.2, 0.2]
Prune local model 5, pr_ratio = [0.2, 0.2, 0.2, 0.2]
Prune local model 4, pr_ratio = [0.2, 0.2, 0.2, 0.2]
Prune local model 0, pr_ratio = [0.2, 0.2, 0.2, 0.2]
Prune local model 2, pr_ratio = [0.2, 0.2, 0.2, 0.2]
Prune local model 7, pr_ratio = [0.2, 0.2, 0.2, 0.2]
Prune local model 6, pr_ratio = [0.2, 0.2, 0.2, 0.2]
Round 17 – LOCAL TPR pre-agg per client: ['0.350', '0.442', '0.538', '0.536', '0.339', '0.300', '0.359', '0.158', '0.138', '0.275']
Round 17 – TPR per Domain: 0:0.292, 1:0.292, 2:0.337, 3:0.706, 4:0.490, 5:0.490, 6:0.490, 7:0.706, 8:0.337, 9:0.292
Round: 17 Method: dapperfl Mean_Acc: 47.615 Best_Acc: 47.615
Domain_Acc: [52.23, 70.53, 31.03, 36.67] Domain_BestAcc: [52.68, 70.53, 36.21, 36.67]
Prune local model 3, pr_ratio = [0.2, 0.2, 0.2, 0.2]
Prune local model 4, pr_ratio = [0.2, 0.2, 0.2, 0.2]
Prune local model 1, pr_ratio = [0.2, 0.2, 0.2, 0.2]
Prune local model 9, pr_ratio = [0.2, 0.2, 0.2, 0.2]
Prune local model 8, pr_ratio = [0.2, 0.2, 0.2, 0.2]
Prune local model 7, pr_ratio = [0.2, 0.2, 0.2, 0.2]
Prune local model 0, pr_ratio = [0.2, 0.2, 0.2, 0.2]
Prune local model 6, pr_ratio = [0.2, 0.2, 0.2, 0.2]
Prune local model 5, pr_ratio = [0.2, 0.2, 0.2, 0.2]
Prune local model 2, pr_ratio = [0.2, 0.2, 0.2, 0.2]
Round 18 – LOCAL TPR pre-agg per client: ['0.400', '0.550', '0.573', '0.560', '0.396', '0.455', '0.341', '0.362', '0.128', '0.100']
Round 18 – TPR per Domain: 0:0.292, 1:0.292, 2:0.358, 3:0.669, 4:0.514, 5:0.514, 6:0.514, 7:0.669, 8:0.358, 9:0.292
Round: 18 Method: dapperfl Mean_Acc: 47.89 Best_Acc: 47.89
Domain_Acc: [53.57, 66.84, 34.48, 36.67] Domain_BestAcc: [53.57, 70.53, 36.21, 36.67]
Prune local model 4, pr_ratio = [0.2, 0.2, 0.2, 0.2]
Prune local model 3, pr_ratio = [0.2, 0.2, 0.2, 0.2]
Prune local model 7, pr_ratio = [0.2, 0.2, 0.2, 0.2]
Prune local model 0, pr_ratio = [0.2, 0.2, 0.2, 0.2]
Prune local model 2, pr_ratio = [0.2, 0.2, 0.2, 0.2]
Prune local model 6, pr_ratio = [0.2, 0.2, 0.2, 0.2]
Prune local model 5, pr_ratio = [0.2, 0.2, 0.2, 0.2]
Prune local model 9, pr_ratio = [0.2, 0.2, 0.2, 0.2]
Prune local model 8, pr_ratio = [0.2, 0.2, 0.2, 0.2]
Prune local model 1, pr_ratio = [0.2, 0.2, 0.2, 0.2]
Round 19 – LOCAL TPR pre-agg per client: ['0.400', '0.433', '0.588', '0.562', '0.385', '0.310', '0.313', '0.316', '0.198', '0.200']
Round 19 – TPR per Domain: 0:0.367, 1:0.367, 2:0.289, 3:0.737, 4:0.476, 5:0.476, 6:0.476, 7:0.737, 8:0.289, 9:0.367
Round: 19 Method: dapperfl Mean_Acc: 47.818 Best_Acc: 47.89
Domain_Acc: [50.0, 73.68, 27.59, 40.0] Domain_BestAcc: [53.57, 73.68, 36.21, 40.0]
Prune local model 1, pr_ratio = [0.2, 0.2, 0.2, 0.2]
Prune local model 7, pr_ratio = [0.2, 0.2, 0.2, 0.2]
Prune local model 5, pr_ratio = [0.2, 0.2, 0.2, 0.2]
Prune local model 3, pr_ratio = [0.2, 0.2, 0.2, 0.2]
Prune local model 0, pr_ratio = [0.2, 0.2, 0.2, 0.2]
Prune local model 6, pr_ratio = [0.2, 0.2, 0.2, 0.2]
Prune local model 8, pr_ratio = [0.2, 0.2, 0.2, 0.2]
Prune local model 9, pr_ratio = [0.2, 0.2, 0.2, 0.2]
Prune local model 4, pr_ratio = [0.2, 0.2, 0.2, 0.2]
Prune local model 2, pr_ratio = [0.2, 0.2, 0.2, 0.2]
Round 20 – LOCAL TPR pre-agg per client: ['0.225', '0.442', '0.325', '0.458', '0.346', '0.385', '0.411', '0.291', '0.287', '0.275']
Round 20 – TPR per Domain: 0:0.200, 1:0.200, 2:0.359, 3:0.659, 4:0.511, 5:0.511, 6:0.511, 7:0.659, 8:0.359, 9:0.200
Round: 20 Method: dapperfl Mean_Acc: 45.128 Best_Acc: 47.89
Domain_Acc: [53.57, 65.79, 34.48, 26.67] Domain_BestAcc: [53.57, 73.68, 36.21, 40.0]
Prune local model 6, pr_ratio = [0.2, 0.2, 0.2, 0.2]
Prune local model 0, pr_ratio = [0.2, 0.2, 0.2, 0.2]
Prune local model 9, pr_ratio = [0.2, 0.2, 0.2, 0.2]
Prune local model 2, pr_ratio = [0.2, 0.2, 0.2, 0.2]
Prune local model 4, pr_ratio = [0.2, 0.2, 0.2, 0.2]
Prune local model 5, pr_ratio = [0.2, 0.2, 0.2, 0.2]
Prune local model 1, pr_ratio = [0.2, 0.2, 0.2, 0.2]
Prune local model 7, pr_ratio = [0.2, 0.2, 0.2, 0.2]
Prune local model 8, pr_ratio = [0.2, 0.2, 0.2, 0.2]
Prune local model 3, pr_ratio = [0.2, 0.2, 0.2, 0.2]
Round 21 – LOCAL TPR pre-agg per client: ['0.150', '0.417', '0.351', '0.562', '0.410', '0.350', '0.362', '0.312', '0.183', '0.200']
Round 21 – TPR per Domain: 0:0.308, 1:0.308, 2:0.291, 3:0.683, 4:0.540, 5:0.540, 6:0.540, 7:0.683, 8:0.291, 9:0.308
Round: 21 Method: dapperfl Mean_Acc: 46.152 Best_Acc: 47.89
Domain_Acc: [55.8, 67.89, 27.59, 33.33] Domain_BestAcc: [55.8, 73.68, 36.21, 40.0]
Prune local model 8, pr_ratio = [0.2, 0.2, 0.2, 0.2]
Prune local model 5, pr_ratio = [0.2, 0.2, 0.2, 0.2]
Prune local model 3, pr_ratio = [0.2, 0.2, 0.2, 0.2]
Prune local model 7, pr_ratio = [0.2, 0.2, 0.2, 0.2]
Prune local model 4, pr_ratio = [0.2, 0.2, 0.2, 0.2]
Prune local model 1, pr_ratio = [0.2, 0.2, 0.2, 0.2]
Prune local model 9, pr_ratio = [0.2, 0.2, 0.2, 0.2]
Prune local model 0, pr_ratio = [0.2, 0.2, 0.2, 0.2]
Prune local model 6, pr_ratio = [0.2, 0.2, 0.2, 0.2]
Prune local model 2, pr_ratio = [0.2, 0.2, 0.2, 0.2]
Round 22 – LOCAL TPR pre-agg per client: ['0.350', '0.525', '0.380', '0.353', '0.257', '0.294', '0.460', '0.544', '0.119', '0.225']
Round 22 – TPR per Domain: 0:0.325, 1:0.325, 2:0.362, 3:0.657, 4:0.491, 5:0.491, 6:0.491, 7:0.657, 8:0.362, 9:0.325
Round: 22 Method: dapperfl Mean_Acc: 46.938 Best_Acc: 47.89
Domain_Acc: [51.34, 65.26, 34.48, 36.67] Domain_BestAcc: [55.8, 73.68, 36.21, 40.0]
Prune local model 6, pr_ratio = [0.2, 0.2, 0.2, 0.2]
Prune local model 8, pr_ratio = [0.2, 0.2, 0.2, 0.2]
Prune local model 0, pr_ratio = [0.2, 0.2, 0.2, 0.2]
Prune local model 9, pr_ratio = [0.2, 0.2, 0.2, 0.2]
Prune local model 4, pr_ratio = [0.2, 0.2, 0.2, 0.2]
Prune local model 2, pr_ratio = [0.2, 0.2, 0.2, 0.2]
Prune local model 7, pr_ratio = [0.2, 0.2, 0.2, 0.2]
Prune local model 3, pr_ratio = [0.2, 0.2, 0.2, 0.2]
Prune local model 1, pr_ratio = [0.2, 0.2, 0.2, 0.2]
Prune local model 5, pr_ratio = [0.2, 0.2, 0.2, 0.2]
Round 23 – LOCAL TPR pre-agg per client: ['0.350', '0.342', '0.505', '0.503', '0.355', '0.304', '0.408', '0.420', '0.204', '0.325']
Round 23 – TPR per Domain: 0:0.350, 1:0.350, 2:0.274, 3:0.658, 4:0.509, 5:0.509, 6:0.509, 7:0.658, 8:0.274, 9:0.350
Round: 23 Method: dapperfl Mean_Acc: 45.473 Best_Acc: 47.89
Domain_Acc: [53.57, 65.79, 25.86, 36.67] Domain_BestAcc: [55.8, 73.68, 36.21, 40.0]
Prune local model 1, pr_ratio = [0.2, 0.2, 0.2, 0.2]
Prune local model 6, pr_ratio = [0.2, 0.2, 0.2, 0.2]
Prune local model 3, pr_ratio = [0.2, 0.2, 0.2, 0.2]
Prune local model 7, pr_ratio = [0.2, 0.2, 0.2, 0.2]
Prune local model 0, pr_ratio = [0.2, 0.2, 0.2, 0.2]
Prune local model 8, pr_ratio = [0.2, 0.2, 0.2, 0.2]
Prune local model 5, pr_ratio = [0.2, 0.2, 0.2, 0.2]
Prune local model 2, pr_ratio = [0.2, 0.2, 0.2, 0.2]
Prune local model 9, pr_ratio = [0.2, 0.2, 0.2, 0.2]
Prune local model 4, pr_ratio = [0.2, 0.2, 0.2, 0.2]
Round 24 – LOCAL TPR pre-agg per client: ['0.350', '0.475', '0.387', '0.679', '0.350', '0.237', '0.296', '0.398', '0.263', '0.200']
Round 24 – TPR per Domain: 0:0.225, 1:0.225, 2:0.302, 3:0.690, 4:0.520, 5:0.520, 6:0.520, 7:0.690, 8:0.302, 9:0.225
Round: 24 Method: dapperfl Mean_Acc: 44.38 Best_Acc: 47.89
Domain_Acc: [53.12, 68.42, 29.31, 26.67] Domain_BestAcc: [55.8, 73.68, 36.21, 40.0]
Prune local model 4, pr_ratio = [0.2, 0.2, 0.2, 0.2]
Prune local model 6, pr_ratio = [0.2, 0.2, 0.2, 0.2]
Prune local model 0, pr_ratio = [0.2, 0.2, 0.2, 0.2]
Prune local model 8, pr_ratio = [0.2, 0.2, 0.2, 0.2]
Prune local model 3, pr_ratio = [0.2, 0.2, 0.2, 0.2]
Prune local model 5, pr_ratio = [0.2, 0.2, 0.2, 0.2]
Prune local model 2, pr_ratio = [0.2, 0.2, 0.2, 0.2]
Prune local model 7, pr_ratio = [0.2, 0.2, 0.2, 0.2]
Prune local model 1, pr_ratio = [0.2, 0.2, 0.2, 0.2]
Prune local model 9, pr_ratio = [0.2, 0.2, 0.2, 0.2]
Round 25 – LOCAL TPR pre-agg per client: ['0.300', '0.458', '0.600', '0.577', '0.426', '0.416', '0.357', '0.512', '0.279', '0.300']
Round 25 – TPR per Domain: 0:0.325, 1:0.325, 2:0.358, 3:0.639, 4:0.566, 5:0.566, 6:0.566, 7:0.639, 8:0.358, 9:0.325
Round: 25 Method: dapperfl Mean_Acc: 48.328 Best_Acc: 48.328
Domain_Acc: [58.48, 63.68, 34.48, 36.67] Domain_BestAcc: [58.48, 73.68, 36.21, 40.0]
Prune local model 3, pr_ratio = [0.2, 0.2, 0.2, 0.2]
Prune local model 7, pr_ratio = [0.2, 0.2, 0.2, 0.2]
Prune local model 8, pr_ratio = [0.2, 0.2, 0.2, 0.2]
Prune local model 4, pr_ratio = [0.2, 0.2, 0.2, 0.2]
Prune local model 6, pr_ratio = [0.2, 0.2, 0.2, 0.2]
Prune local model 0, pr_ratio = [0.2, 0.2, 0.2, 0.2]
Prune local model 2, pr_ratio = [0.2, 0.2, 0.2, 0.2]
Prune local model 9, pr_ratio = [0.2, 0.2, 0.2, 0.2]
Prune local model 5, pr_ratio = [0.2, 0.2, 0.2, 0.2]
Prune local model 1, pr_ratio = [0.2, 0.2, 0.2, 0.2]
Round 26 – LOCAL TPR pre-agg per client: ['0.300', '0.425', '0.513', '0.374', '0.346', '0.446', '0.392', '0.301', '0.103', '0.225']
Round 26 – TPR per Domain: 0:0.292, 1:0.292, 2:0.329, 3:0.695, 4:0.523, 5:0.523, 6:0.523, 7:0.695, 8:0.329, 9:0.292
Round: 26 Method: dapperfl Mean_Acc: 46.942 Best_Acc: 48.328
Domain_Acc: [54.46, 68.95, 31.03, 33.33] Domain_BestAcc: [58.48, 73.68, 36.21, 40.0]
Prune local model 9, pr_ratio = [0.2, 0.2, 0.2, 0.2]
Prune local model 4, pr_ratio = [0.2, 0.2, 0.2, 0.2]
Prune local model 3, pr_ratio = [0.2, 0.2, 0.2, 0.2]
Prune local model 5, pr_ratio = [0.2, 0.2, 0.2, 0.2]
Prune local model 6, pr_ratio = [0.2, 0.2, 0.2, 0.2]
Prune local model 0, pr_ratio = [0.2, 0.2, 0.2, 0.2]
Prune local model 2, pr_ratio = [0.2, 0.2, 0.2, 0.2]
Prune local model 7, pr_ratio = [0.2, 0.2, 0.2, 0.2]
Prune local model 1, pr_ratio = [0.2, 0.2, 0.2, 0.2]
Prune local model 8, pr_ratio = [0.2, 0.2, 0.2, 0.2]
Round 27 – LOCAL TPR pre-agg per client: ['0.450', '0.425', '0.483', '0.184', '0.441', '0.432', '0.408', '0.525', '0.338', '0.325']
Round 27 – TPR per Domain: 0:0.250, 1:0.250, 2:0.352, 3:0.688, 4:0.534, 5:0.534, 6:0.534, 7:0.688, 8:0.352, 9:0.250
Round: 27 Method: dapperfl Mean_Acc: 48.007 Best_Acc: 48.328
Domain_Acc: [55.8, 68.42, 34.48, 33.33] Domain_BestAcc: [58.48, 73.68, 36.21, 40.0]
Prune local model 8, pr_ratio = [0.2, 0.2, 0.2, 0.2]
Prune local model 7, pr_ratio = [0.2, 0.2, 0.2, 0.2]
Prune local model 6, pr_ratio = [0.2, 0.2, 0.2, 0.2]
Prune local model 4, pr_ratio = [0.2, 0.2, 0.2, 0.2]
Prune local model 3, pr_ratio = [0.2, 0.2, 0.2, 0.2]
Prune local model 1, pr_ratio = [0.2, 0.2, 0.2, 0.2]
Prune local model 2, pr_ratio = [0.2, 0.2, 0.2, 0.2]
Prune local model 5, pr_ratio = [0.2, 0.2, 0.2, 0.2]
Prune local model 9, pr_ratio = [0.2, 0.2, 0.2, 0.2]
Prune local model 0, pr_ratio = [0.2, 0.2, 0.2, 0.2]
Round 28 – LOCAL TPR pre-agg per client: ['0.325', '0.258', '0.542', '0.594', '0.381', '0.384', '0.304', '0.438', '0.161', '0.225']
Round 28 – TPR per Domain: 0:0.308, 1:0.308, 2:0.408, 3:0.745, 4:0.550, 5:0.550, 6:0.550, 7:0.745, 8:0.408, 9:0.308
Round: 28 Method: dapperfl Mean_Acc: 50.975 Best_Acc: 50.975
Domain_Acc: [56.7, 74.21, 39.66, 33.33] Domain_BestAcc: [58.48, 74.21, 39.66, 40.0]
Prune local model 8, pr_ratio = [0.2, 0.2, 0.2, 0.2]
Prune local model 3, pr_ratio = [0.2, 0.2, 0.2, 0.2]
Prune local model 5, pr_ratio = [0.2, 0.2, 0.2, 0.2]
Prune local model 9, pr_ratio = [0.2, 0.2, 0.2, 0.2]
Prune local model 1, pr_ratio = [0.2, 0.2, 0.2, 0.2]
Prune local model 6, pr_ratio = [0.2, 0.2, 0.2, 0.2]
Prune local model 0, pr_ratio = [0.2, 0.2, 0.2, 0.2]
Prune local model 4, pr_ratio = [0.2, 0.2, 0.2, 0.2]
Prune local model 2, pr_ratio = [0.2, 0.2, 0.2, 0.2]
Prune local model 7, pr_ratio = [0.2, 0.2, 0.2, 0.2]
Round 29 – LOCAL TPR pre-agg per client: ['0.275', '0.400', '0.508', '0.544', '0.421', '0.329', '0.441', '0.530', '0.248', '0.200']
Round 29 – TPR per Domain: 0:0.233, 1:0.233, 2:0.269, 3:0.691, 4:0.533, 5:0.533, 6:0.533, 7:0.691, 8:0.269, 9:0.233
Round: 29 Method: dapperfl Mean_Acc: 44.098 Best_Acc: 50.975
Domain_Acc: [54.91, 68.95, 25.86, 26.67] Domain_BestAcc: [58.48, 74.21, 39.66, 40.0]
Prune local model 4, pr_ratio = [0.2, 0.2, 0.2, 0.2]
Prune local model 0, pr_ratio = [0.2, 0.2, 0.2, 0.2]
Prune local model 1, pr_ratio = [0.2, 0.2, 0.2, 0.2]
Prune local model 2, pr_ratio = [0.2, 0.2, 0.2, 0.2]
Prune local model 5, pr_ratio = [0.2, 0.2, 0.2, 0.2]
Prune local model 9, pr_ratio = [0.2, 0.2, 0.2, 0.2]
Prune local model 7, pr_ratio = [0.2, 0.2, 0.2, 0.2]
Prune local model 6, pr_ratio = [0.2, 0.2, 0.2, 0.2]
Prune local model 3, pr_ratio = [0.2, 0.2, 0.2, 0.2]
Prune local model 8, pr_ratio = [0.2, 0.2, 0.2, 0.2]
Round 30 – LOCAL TPR pre-agg per client: ['0.275', '0.450', '0.554', '0.443', '0.415', '0.350', '0.490', '0.495', '0.175', '0.200']
Round 30 – TPR per Domain: 0:0.333, 1:0.333, 2:0.357, 3:0.711, 4:0.530, 5:0.530, 6:0.530, 7:0.711, 8:0.357, 9:0.333
Round: 30 Method: dapperfl Mean_Acc: 48.312 Best_Acc: 50.975
Domain_Acc: [54.91, 70.53, 34.48, 33.33] Domain_BestAcc: [58.48, 74.21, 39.66, 40.0]
Prune local model 0, pr_ratio = [0.2, 0.2, 0.2, 0.2]
Prune local model 3, pr_ratio = [0.2, 0.2, 0.2, 0.2]
Prune local model 7, pr_ratio = [0.2, 0.2, 0.2, 0.2]
Prune local model 5, pr_ratio = [0.2, 0.2, 0.2, 0.2]
Prune local model 4, pr_ratio = [0.2, 0.2, 0.2, 0.2]
Prune local model 8, pr_ratio = [0.2, 0.2, 0.2, 0.2]
Prune local model 9, pr_ratio = [0.2, 0.2, 0.2, 0.2]
Prune local model 6, pr_ratio = [0.2, 0.2, 0.2, 0.2]
Prune local model 2, pr_ratio = [0.2, 0.2, 0.2, 0.2]
Prune local model 1, pr_ratio = [0.2, 0.2, 0.2, 0.2]
Round 31 – LOCAL TPR pre-agg per client: ['0.250', '0.492', '0.443', '0.437', '0.367', '0.356', '0.452', '0.504', '0.069', '0.300']
Round 31 – TPR per Domain: 0:0.417, 1:0.417, 2:0.346, 3:0.735, 4:0.550, 5:0.550, 6:0.550, 7:0.735, 8:0.346, 9:0.417
Round: 31 Method: dapperfl Mean_Acc: 51.598 Best_Acc: 51.598
Domain_Acc: [57.14, 73.16, 32.76, 43.33] Domain_BestAcc: [58.48, 74.21, 39.66, 43.33]
Prune local model 4, pr_ratio = [0.2, 0.2, 0.2, 0.2]
Prune local model 1, pr_ratio = [0.2, 0.2, 0.2, 0.2]
Prune local model 3, pr_ratio = [0.2, 0.2, 0.2, 0.2]
Prune local model 6, pr_ratio = [0.2, 0.2, 0.2, 0.2]
Prune local model 0, pr_ratio = [0.2, 0.2, 0.2, 0.2]
Prune local model 5, pr_ratio = [0.2, 0.2, 0.2, 0.2]
Prune local model 7, pr_ratio = [0.2, 0.2, 0.2, 0.2]
Prune local model 2, pr_ratio = [0.2, 0.2, 0.2, 0.2]
Prune local model 8, pr_ratio = [0.2, 0.2, 0.2, 0.2]
Prune local model 9, pr_ratio = [0.2, 0.2, 0.2, 0.2]
Round 32 – LOCAL TPR pre-agg per client: ['0.425', '0.425', '0.492', '0.656', '0.411', '0.536', '0.358', '0.250', '0.121', '0.175']
Round 32 – TPR per Domain: 0:0.317, 1:0.317, 2:0.400, 3:0.793, 4:0.519, 5:0.519, 6:0.519, 7:0.793, 8:0.400, 9:0.317
Round: 32 Method: dapperfl Mean_Acc: 50.335 Best_Acc: 51.598
Domain_Acc: [54.46, 78.95, 37.93, 30.0] Domain_BestAcc: [58.48, 78.95, 39.66, 43.33]
Prune local model 5, pr_ratio = [0.2, 0.2, 0.2, 0.2]
Prune local model 7, pr_ratio = [0.2, 0.2, 0.2, 0.2]
Prune local model 1, pr_ratio = [0.2, 0.2, 0.2, 0.2]
Prune local model 2, pr_ratio = [0.2, 0.2, 0.2, 0.2]
Prune local model 6, pr_ratio = [0.2, 0.2, 0.2, 0.2]
Prune local model 4, pr_ratio = [0.2, 0.2, 0.2, 0.2]
Prune local model 0, pr_ratio = [0.2, 0.2, 0.2, 0.2]
Prune local model 3, pr_ratio = [0.2, 0.2, 0.2, 0.2]
Prune local model 8, pr_ratio = [0.2, 0.2, 0.2, 0.2]
Prune local model 9, pr_ratio = [0.2, 0.2, 0.2, 0.2]
Round 33 – LOCAL TPR pre-agg per client: ['0.300', '0.558', '0.436', '0.676', '0.408', '0.269', '0.479', '0.495', '0.121', '0.125']
Round 33 – TPR per Domain: 0:0.267, 1:0.267, 2:0.319, 3:0.769, 4:0.538, 5:0.538, 6:0.538, 7:0.769, 8:0.319, 9:0.267
Round: 33 Method: dapperfl Mean_Acc: 49.25 Best_Acc: 51.598
Domain_Acc: [55.8, 76.84, 31.03, 33.33] Domain_BestAcc: [58.48, 78.95, 39.66, 43.33]
Prune local model 1, pr_ratio = [0.2, 0.2, 0.2, 0.2]
Prune local model 2, pr_ratio = [0.2, 0.2, 0.2, 0.2]
Prune local model 5, pr_ratio = [0.2, 0.2, 0.2, 0.2]
Prune local model 4, pr_ratio = [0.2, 0.2, 0.2, 0.2]
Prune local model 0, pr_ratio = [0.2, 0.2, 0.2, 0.2]
Prune local model 9, pr_ratio = [0.2, 0.2, 0.2, 0.2]
Prune local model 6, pr_ratio = [0.2, 0.2, 0.2, 0.2]
Prune local model 8, pr_ratio = [0.2, 0.2, 0.2, 0.2]
Prune local model 3, pr_ratio = [0.2, 0.2, 0.2, 0.2]
Prune local model 7, pr_ratio = [0.2, 0.2, 0.2, 0.2]
Round 34 – LOCAL TPR pre-agg per client: ['0.375', '0.375', '0.583', '0.532', '0.392', '0.423', '0.485', '0.546', '0.176', '0.200']
Round 34 – TPR per Domain: 0:0.267, 1:0.267, 2:0.354, 3:0.732, 4:0.553, 5:0.553, 6:0.553, 7:0.732, 8:0.354, 9:0.267
Round: 34 Method: dapperfl Mean_Acc: 49.507 Best_Acc: 51.598
Domain_Acc: [57.59, 72.63, 34.48, 33.33] Domain_BestAcc: [58.48, 78.95, 39.66, 43.33]
Prune local model 9, pr_ratio = [0.2, 0.2, 0.2, 0.2]
Prune local model 8, pr_ratio = [0.2, 0.2, 0.2, 0.2]
Prune local model 0, pr_ratio = [0.2, 0.2, 0.2, 0.2]
Prune local model 7, pr_ratio = [0.2, 0.2, 0.2, 0.2]
Prune local model 4, pr_ratio = [0.2, 0.2, 0.2, 0.2]
Prune local model 6, pr_ratio = [0.2, 0.2, 0.2, 0.2]
Prune local model 2, pr_ratio = [0.2, 0.2, 0.2, 0.2]
Prune local model 1, pr_ratio = [0.2, 0.2, 0.2, 0.2]
Prune local model 3, pr_ratio = [0.2, 0.2, 0.2, 0.2]
Prune local model 5, pr_ratio = [0.2, 0.2, 0.2, 0.2]
Round 35 – LOCAL TPR pre-agg per client: ['0.492', '0.417', '0.576', '0.347', '0.373', '0.459', '0.466', '0.585', '0.209', '0.300']
Round 35 – TPR per Domain: 0:0.367, 1:0.367, 2:0.269, 3:0.731, 4:0.498, 5:0.498, 6:0.498, 7:0.731, 8:0.269, 9:0.367
Round: 35 Method: dapperfl Mean_Acc: 47.68 Best_Acc: 51.598
Domain_Acc: [52.23, 72.63, 25.86, 40.0] Domain_BestAcc: [58.48, 78.95, 39.66, 43.33]
Prune local model 1, pr_ratio = [0.2, 0.2, 0.2, 0.2]
Prune local model 2, pr_ratio = [0.2, 0.2, 0.2, 0.2]
Prune local model 9, pr_ratio = [0.2, 0.2, 0.2, 0.2]
Prune local model 4, pr_ratio = [0.2, 0.2, 0.2, 0.2]
Prune local model 3, pr_ratio = [0.2, 0.2, 0.2, 0.2]
Prune local model 7, pr_ratio = [0.2, 0.2, 0.2, 0.2]
Prune local model 5, pr_ratio = [0.2, 0.2, 0.2, 0.2]
Prune local model 8, pr_ratio = [0.2, 0.2, 0.2, 0.2]
Prune local model 0, pr_ratio = [0.2, 0.2, 0.2, 0.2]
Prune local model 6, pr_ratio = [0.2, 0.2, 0.2, 0.2]
Round 36 – LOCAL TPR pre-agg per client: ['0.250', '0.467', '0.611', '0.708', '0.358', '0.452', '0.400', '0.548', '0.117', '0.150']
Round 36 – TPR per Domain: 0:0.275, 1:0.275, 2:0.388, 3:0.721, 4:0.566, 5:0.566, 6:0.566, 7:0.721, 8:0.388, 9:0.275
Round: 36 Method: dapperfl Mean_Acc: 50.33 Best_Acc: 51.598
Domain_Acc: [58.48, 71.58, 37.93, 33.33] Domain_BestAcc: [58.48, 78.95, 39.66, 43.33]
Prune local model 6, pr_ratio = [0.2, 0.2, 0.2, 0.2]
Prune local model 7, pr_ratio = [0.2, 0.2, 0.2, 0.2]
Prune local model 1, pr_ratio = [0.2, 0.2, 0.2, 0.2]
Prune local model 8, pr_ratio = [0.2, 0.2, 0.2, 0.2]
Prune local model 9, pr_ratio = [0.2, 0.2, 0.2, 0.2]
Prune local model 2, pr_ratio = [0.2, 0.2, 0.2, 0.2]
Prune local model 3, pr_ratio = [0.2, 0.2, 0.2, 0.2]
Prune local model 5, pr_ratio = [0.2, 0.2, 0.2, 0.2]
Prune local model 0, pr_ratio = [0.2, 0.2, 0.2, 0.2]
Prune local model 4, pr_ratio = [0.2, 0.2, 0.2, 0.2]
Round 37 – LOCAL TPR pre-agg per client: ['0.342', '0.325', '0.534', '0.587', '0.407', '0.445', '0.435', '0.618', '0.338', '0.317']
Round 37 – TPR per Domain: 0:0.458, 1:0.458, 2:0.301, 3:0.768, 4:0.547, 5:0.547, 6:0.547, 7:0.768, 8:0.301, 9:0.458
Round: 37 Method: dapperfl Mean_Acc: 52.25 Best_Acc: 52.25
Domain_Acc: [56.7, 76.32, 29.31, 46.67] Domain_BestAcc: [58.48, 78.95, 39.66, 46.67]
Prune local model 4, pr_ratio = [0.2, 0.2, 0.2, 0.2]
Prune local model 9, pr_ratio = [0.2, 0.2, 0.2, 0.2]
Prune local model 0, pr_ratio = [0.2, 0.2, 0.2, 0.2]
Prune local model 5, pr_ratio = [0.2, 0.2, 0.2, 0.2]
Prune local model 1, pr_ratio = [0.2, 0.2, 0.2, 0.2]
Prune local model 2, pr_ratio = [0.2, 0.2, 0.2, 0.2]
Prune local model 8, pr_ratio = [0.2, 0.2, 0.2, 0.2]
Prune local model 7, pr_ratio = [0.2, 0.2, 0.2, 0.2]
Prune local model 3, pr_ratio = [0.2, 0.2, 0.2, 0.2]
Prune local model 6, pr_ratio = [0.2, 0.2, 0.2, 0.2]
Round 38 – LOCAL TPR pre-agg per client: ['0.350', '0.400', '0.506', '0.680', '0.348', '0.439', '0.497', '0.560', '0.148', '0.200']
Round 38 – TPR per Domain: 0:0.317, 1:0.317, 2:0.341, 3:0.778, 4:0.577, 5:0.577, 6:0.577, 7:0.778, 8:0.341, 9:0.317
Round: 38 Method: dapperfl Mean_Acc: 51.25 Best_Acc: 52.25
Domain_Acc: [59.82, 77.37, 34.48, 33.33] Domain_BestAcc: [59.82, 78.95, 39.66, 46.67]
Prune local model 5, pr_ratio = [0.2, 0.2, 0.2, 0.2]
Prune local model 6, pr_ratio = [0.2, 0.2, 0.2, 0.2]
Prune local model 1, pr_ratio = [0.2, 0.2, 0.2, 0.2]
Prune local model 4, pr_ratio = [0.2, 0.2, 0.2, 0.2]
Prune local model 2, pr_ratio = [0.2, 0.2, 0.2, 0.2]
Prune local model 9, pr_ratio = [0.2, 0.2, 0.2, 0.2]
Prune local model 7, pr_ratio = [0.2, 0.2, 0.2, 0.2]
Prune local model 8, pr_ratio = [0.2, 0.2, 0.2, 0.2]
Prune local model 3, pr_ratio = [0.2, 0.2, 0.2, 0.2]
Prune local model 0, pr_ratio = [0.2, 0.2, 0.2, 0.2]
Round 39 – LOCAL TPR pre-agg per client: ['0.350', '0.400', '0.483', '0.359', '0.354', '0.471', '0.416', '0.522', '0.177', '0.225']
Round 39 – TPR per Domain: 0:0.350, 1:0.350, 2:0.294, 3:0.791, 4:0.611, 5:0.611, 6:0.611, 7:0.791, 8:0.294, 9:0.350
Round: 39 Method: dapperfl Mean_Acc: 51.745 Best_Acc: 52.25
Domain_Acc: [62.05, 78.95, 29.31, 36.67] Domain_BestAcc: [62.05, 78.95, 39.66, 46.67]
Prune local model 8, pr_ratio = [0.2, 0.2, 0.2, 0.2]
Prune local model 1, pr_ratio = [0.2, 0.2, 0.2, 0.2]
Prune local model 9, pr_ratio = [0.2, 0.2, 0.2, 0.2]
Prune local model 2, pr_ratio = [0.2, 0.2, 0.2, 0.2]
Prune local model 4, pr_ratio = [0.2, 0.2, 0.2, 0.2]
Prune local model 0, pr_ratio = [0.2, 0.2, 0.2, 0.2]
Prune local model 6, pr_ratio = [0.2, 0.2, 0.2, 0.2]
Prune local model 7, pr_ratio = [0.2, 0.2, 0.2, 0.2]
Prune local model 5, pr_ratio = [0.2, 0.2, 0.2, 0.2]
Prune local model 3, pr_ratio = [0.2, 0.2, 0.2, 0.2]
Round 40 – LOCAL TPR pre-agg per client: ['0.300', '0.458', '0.622', '0.665', '0.305', '0.516', '0.549', '0.672', '0.239', '0.225']
Round 40 – TPR per Domain: 0:0.300, 1:0.300, 2:0.388, 3:0.747, 4:0.581, 5:0.581, 6:0.581, 7:0.747, 8:0.388, 9:0.300
Round: 40 Method: dapperfl Mean_Acc: 51.323 Best_Acc: 52.25
Domain_Acc: [59.82, 74.21, 37.93, 33.33] Domain_BestAcc: [62.05, 78.95, 39.66, 46.67]
Prune local model 9, pr_ratio = [0.2, 0.2, 0.2, 0.2]
Prune local model 4, pr_ratio = [0.2, 0.2, 0.2, 0.2]
Prune local model 1, pr_ratio = [0.2, 0.2, 0.2, 0.2]
Prune local model 0, pr_ratio = [0.2, 0.2, 0.2, 0.2]
Prune local model 3, pr_ratio = [0.2, 0.2, 0.2, 0.2]
Prune local model 2, pr_ratio = [0.2, 0.2, 0.2, 0.2]
Prune local model 8, pr_ratio = [0.2, 0.2, 0.2, 0.2]
Prune local model 5, pr_ratio = [0.2, 0.2, 0.2, 0.2]
Prune local model 6, pr_ratio = [0.2, 0.2, 0.2, 0.2]
Prune local model 7, pr_ratio = [0.2, 0.2, 0.2, 0.2]
Round 41 – LOCAL TPR pre-agg per client: ['0.400', '0.425', '0.542', '0.386', '0.458', '0.319', '0.398', '0.386', '0.193', '0.200']
Round 41 – TPR per Domain: 0:0.333, 1:0.333, 2:0.241, 3:0.725, 4:0.534, 5:0.534, 6:0.534, 7:0.725, 8:0.241, 9:0.333
Round: 41 Method: dapperfl Mean_Acc: 45.912 Best_Acc: 52.25
Domain_Acc: [55.8, 72.11, 22.41, 33.33] Domain_BestAcc: [62.05, 78.95, 39.66, 46.67]
Prune local model 6, pr_ratio = [0.2, 0.2, 0.2, 0.2]
Prune local model 1, pr_ratio = [0.2, 0.2, 0.2, 0.2]
Prune local model 4, pr_ratio = [0.2, 0.2, 0.2, 0.2]
Prune local model 9, pr_ratio = [0.2, 0.2, 0.2, 0.2]
Prune local model 3, pr_ratio = [0.2, 0.2, 0.2, 0.2]
Prune local model 0, pr_ratio = [0.2, 0.2, 0.2, 0.2]
Prune local model 5, pr_ratio = [0.2, 0.2, 0.2, 0.2]
Prune local model 8, pr_ratio = [0.2, 0.2, 0.2, 0.2]
Prune local model 2, pr_ratio = [0.2, 0.2, 0.2, 0.2]
Prune local model 7, pr_ratio = [0.2, 0.2, 0.2, 0.2]
Round 42 – LOCAL TPR pre-agg per client: ['0.275', '0.350', '0.472', '0.696', '0.461', '0.409', '0.438', '0.509', '0.271', '0.200']
Round 42 – TPR per Domain: 0:0.367, 1:0.367, 2:0.265, 3:0.760, 4:0.546, 5:0.546, 6:0.546, 7:0.760, 8:0.265, 9:0.367
Round: 42 Method: dapperfl Mean_Acc: 49.362 Best_Acc: 52.25
Domain_Acc: [55.8, 75.79, 25.86, 40.0] Domain_BestAcc: [62.05, 78.95, 39.66, 46.67]
Prune local model 2, pr_ratio = [0.2, 0.2, 0.2, 0.2]
Prune local model 6, pr_ratio = [0.2, 0.2, 0.2, 0.2]
Prune local model 4, pr_ratio = [0.2, 0.2, 0.2, 0.2]
Prune local model 5, pr_ratio = [0.2, 0.2, 0.2, 0.2]
Prune local model 0, pr_ratio = [0.2, 0.2, 0.2, 0.2]
Prune local model 1, pr_ratio = [0.2, 0.2, 0.2, 0.2]
Prune local model 3, pr_ratio = [0.2, 0.2, 0.2, 0.2]
Prune local model 8, pr_ratio = [0.2, 0.2, 0.2, 0.2]
Prune local model 7, pr_ratio = [0.2, 0.2, 0.2, 0.2]
Prune local model 9, pr_ratio = [0.2, 0.2, 0.2, 0.2]
Round 43 – LOCAL TPR pre-agg per client: ['0.367', '0.408', '0.540', '0.592', '0.465', '0.510', '0.537', '0.521', '0.227', '0.200']
Round 43 – TPR per Domain: 0:0.267, 1:0.267, 2:0.376, 3:0.731, 4:0.547, 5:0.547, 6:0.547, 7:0.731, 8:0.376, 9:0.267
Round: 43 Method: dapperfl Mean_Acc: 48.885 Best_Acc: 52.25
Domain_Acc: [56.7, 72.63, 36.21, 30.0] Domain_BestAcc: [62.05, 78.95, 39.66, 46.67]
Prune local model 5, pr_ratio = [0.2, 0.2, 0.2, 0.2]
Prune local model 9, pr_ratio = [0.2, 0.2, 0.2, 0.2]
Prune local model 0, pr_ratio = [0.2, 0.2, 0.2, 0.2]
Prune local model 3, pr_ratio = [0.2, 0.2, 0.2, 0.2]
Prune local model 1, pr_ratio = [0.2, 0.2, 0.2, 0.2]
Prune local model 4, pr_ratio = [0.2, 0.2, 0.2, 0.2]
Prune local model 8, pr_ratio = [0.2, 0.2, 0.2, 0.2]
Prune local model 7, pr_ratio = [0.2, 0.2, 0.2, 0.2]
Prune local model 6, pr_ratio = [0.2, 0.2, 0.2, 0.2]
Prune local model 2, pr_ratio = [0.2, 0.2, 0.2, 0.2]
Round 44 – LOCAL TPR pre-agg per client: ['0.450', '0.433', '0.542', '0.685', '0.416', '0.366', '0.476', '0.554', '0.217', '0.200']
Round 44 – TPR per Domain: 0:0.367, 1:0.367, 2:0.376, 3:0.763, 4:0.576, 5:0.576, 6:0.576, 7:0.763, 8:0.376, 9:0.367
Round: 44 Method: dapperfl Mean_Acc: 50.855 Best_Acc: 52.25
Domain_Acc: [59.82, 75.79, 34.48, 33.33] Domain_BestAcc: [62.05, 78.95, 39.66, 46.67]
Prune local model 1, pr_ratio = [0.2, 0.2, 0.2, 0.2]
Prune local model 8, pr_ratio = [0.2, 0.2, 0.2, 0.2]
Prune local model 0, pr_ratio = [0.2, 0.2, 0.2, 0.2]
Prune local model 5, pr_ratio = [0.2, 0.2, 0.2, 0.2]
Prune local model 4, pr_ratio = [0.2, 0.2, 0.2, 0.2]
Prune local model 2, pr_ratio = [0.2, 0.2, 0.2, 0.2]
Prune local model 3, pr_ratio = [0.2, 0.2, 0.2, 0.2]
Prune local model 7, pr_ratio = [0.2, 0.2, 0.2, 0.2]
Prune local model 9, pr_ratio = [0.2, 0.2, 0.2, 0.2]
Prune local model 6, pr_ratio = [0.2, 0.2, 0.2, 0.2]
Round 45 – LOCAL TPR pre-agg per client: ['0.250', '0.325', '0.559', '0.720', '0.436', '0.441', '0.425', '0.570', '0.117', '0.325']
Round 45 – TPR per Domain: 0:0.458, 1:0.458, 2:0.371, 3:0.773, 4:0.581, 5:0.581, 6:0.581, 7:0.773, 8:0.371, 9:0.458
Round: 45 Method: dapperfl Mean_Acc: 53.94 Best_Acc: 53.94
Domain_Acc: [59.38, 76.84, 36.21, 43.33] Domain_BestAcc: [62.05, 78.95, 39.66, 46.67]
Prune local model 1, pr_ratio = [0.2, 0.2, 0.2, 0.2]
Prune local model 3, pr_ratio = [0.2, 0.2, 0.2, 0.2]
Prune local model 9, pr_ratio = [0.2, 0.2, 0.2, 0.2]
Prune local model 4, pr_ratio = [0.2, 0.2, 0.2, 0.2]
Prune local model 6, pr_ratio = [0.2, 0.2, 0.2, 0.2]
Prune local model 2, pr_ratio = [0.2, 0.2, 0.2, 0.2]
Prune local model 5, pr_ratio = [0.2, 0.2, 0.2, 0.2]
Prune local model 8, pr_ratio = [0.2, 0.2, 0.2, 0.2]
Prune local model 7, pr_ratio = [0.2, 0.2, 0.2, 0.2]
Prune local model 0, pr_ratio = [0.2, 0.2, 0.2, 0.2]
Round 46 – LOCAL TPR pre-agg per client: ['0.450', '0.375', '0.359', '0.581', '0.493', '0.473', '0.547', '0.661', '0.237', '0.175']
Round 46 – TPR per Domain: 0:0.358, 1:0.358, 2:0.286, 3:0.764, 4:0.568, 5:0.568, 6:0.568, 7:0.764, 8:0.286, 9:0.358
Round: 46 Method: dapperfl Mean_Acc: 49.023 Best_Acc: 53.94
Domain_Acc: [59.38, 75.79, 27.59, 33.33] Domain_BestAcc: [62.05, 78.95, 39.66, 46.67]
Prune local model 0, pr_ratio = [0.2, 0.2, 0.2, 0.2]
Prune local model 5, pr_ratio = [0.2, 0.2, 0.2, 0.2]
Prune local model 3, pr_ratio = [0.2, 0.2, 0.2, 0.2]
Prune local model 9, pr_ratio = [0.2, 0.2, 0.2, 0.2]
Prune local model 4, pr_ratio = [0.2, 0.2, 0.2, 0.2]
Prune local model 1, pr_ratio = [0.2, 0.2, 0.2, 0.2]
Prune local model 8, pr_ratio = [0.2, 0.2, 0.2, 0.2]
Prune local model 2, pr_ratio = [0.2, 0.2, 0.2, 0.2]
Prune local model 6, pr_ratio = [0.2, 0.2, 0.2, 0.2]
Prune local model 7, pr_ratio = [0.2, 0.2, 0.2, 0.2]
Round 47 – LOCAL TPR pre-agg per client: ['0.425', '0.542', '0.588', '0.653', '0.424', '0.470', '0.361', '0.421', '0.150', '0.317']
Round 47 – TPR per Domain: 0:0.342, 1:0.342, 2:0.265, 3:0.798, 4:0.540, 5:0.540, 6:0.540, 7:0.798, 8:0.265, 9:0.342
Round: 47 Method: dapperfl Mean_Acc: 49.45 Best_Acc: 53.94
Domain_Acc: [55.8, 79.47, 25.86, 36.67] Domain_BestAcc: [62.05, 79.47, 39.66, 46.67]
Prune local model 6, pr_ratio = [0.2, 0.2, 0.2, 0.2]
Prune local model 4, pr_ratio = [0.2, 0.2, 0.2, 0.2]
Prune local model 2, pr_ratio = [0.2, 0.2, 0.2, 0.2]
Prune local model 0, pr_ratio = [0.2, 0.2, 0.2, 0.2]
Prune local model 9, pr_ratio = [0.2, 0.2, 0.2, 0.2]
Prune local model 7, pr_ratio = [0.2, 0.2, 0.2, 0.2]
Prune local model 8, pr_ratio = [0.2, 0.2, 0.2, 0.2]
Prune local model 1, pr_ratio = [0.2, 0.2, 0.2, 0.2]
Prune local model 3, pr_ratio = [0.2, 0.2, 0.2, 0.2]
Prune local model 5, pr_ratio = [0.2, 0.2, 0.2, 0.2]
Round 48 – LOCAL TPR pre-agg per client: ['0.417', '0.467', '0.537', '0.396', '0.450', '0.481', '0.511', '0.695', '0.158', '0.300']
Round 48 – TPR per Domain: 0:0.333, 1:0.333, 2:0.342, 3:0.776, 4:0.597, 5:0.597, 6:0.597, 7:0.776, 8:0.342, 9:0.333
Round: 48 Method: dapperfl Mean_Acc: 51.472 Best_Acc: 53.94
Domain_Acc: [60.71, 77.37, 34.48, 33.33] Domain_BestAcc: [62.05, 79.47, 39.66, 46.67]
Prune local model 9, pr_ratio = [0.2, 0.2, 0.2, 0.2]
Prune local model 2, pr_ratio = [0.2, 0.2, 0.2, 0.2]
Prune local model 4, pr_ratio = [0.2, 0.2, 0.2, 0.2]
Prune local model 1, pr_ratio = [0.2, 0.2, 0.2, 0.2]
Prune local model 3, pr_ratio = [0.2, 0.2, 0.2, 0.2]
Prune local model 5, pr_ratio = [0.2, 0.2, 0.2, 0.2]
Prune local model 6, pr_ratio = [0.2, 0.2, 0.2, 0.2]
Prune local model 7, pr_ratio = [0.2, 0.2, 0.2, 0.2]
Prune local model 8, pr_ratio = [0.2, 0.2, 0.2, 0.2]
Prune local model 0, pr_ratio = [0.2, 0.2, 0.2, 0.2]
Round 49 – LOCAL TPR pre-agg per client: ['0.350', '0.400', '0.579', '0.637', '0.436', '0.493', '0.517', '0.455', '0.158', '0.242']
Round 49 – TPR per Domain: 0:0.500, 1:0.500, 2:0.417, 3:0.743, 4:0.604, 5:0.604, 6:0.604, 7:0.743, 8:0.417, 9:0.500
Round: 49 Method: dapperfl Mean_Acc: 57.002 Best_Acc: 57.002
Domain_Acc: [62.95, 73.68, 41.38, 50.0] Domain_BestAcc: [62.95, 79.47, 41.38, 50.0]
Prune local model 0, pr_ratio = [0.2, 0.2, 0.2, 0.2]
Prune local model 5, pr_ratio = [0.2, 0.2, 0.2, 0.2]
Prune local model 2, pr_ratio = [0.2, 0.2, 0.2, 0.2]
Prune local model 3, pr_ratio = [0.2, 0.2, 0.2, 0.2]
Prune local model 9, pr_ratio = [0.2, 0.2, 0.2, 0.2]
Prune local model 6, pr_ratio = [0.2, 0.2, 0.2, 0.2]
Prune local model 7, pr_ratio = [0.2, 0.2, 0.2, 0.2]
Prune local model 1, pr_ratio = [0.2, 0.2, 0.2, 0.2]
Prune local model 8, pr_ratio = [0.2, 0.2, 0.2, 0.2]
Prune local model 4, pr_ratio = [0.2, 0.2, 0.2, 0.2]
Round 50 – LOCAL TPR pre-agg per client: ['0.450', '0.150', '0.526', '0.655', '0.468', '0.524', '0.535', '0.675', '0.150', '0.217']
Round 50 – TPR per Domain: 0:0.325, 1:0.325, 2:0.299, 3:0.748, 4:0.566, 5:0.566, 6:0.566, 7:0.748, 8:0.299, 9:0.325
Round: 50 Method: dapperfl Mean_Acc: 50.21 Best_Acc: 57.002
Domain_Acc: [58.93, 74.21, 31.03, 36.67] Domain_BestAcc: [62.95, 79.47, 41.38, 50.0]
Prune local model 6, pr_ratio = [0.2, 0.2, 0.2, 0.2]
Prune local model 2, pr_ratio = [0.2, 0.2, 0.2, 0.2]
Prune local model 9, pr_ratio = [0.2, 0.2, 0.2, 0.2]
Prune local model 5, pr_ratio = [0.2, 0.2, 0.2, 0.2]
Prune local model 3, pr_ratio = [0.2, 0.2, 0.2, 0.2]
Prune local model 0, pr_ratio = [0.2, 0.2, 0.2, 0.2]
Prune local model 4, pr_ratio = [0.2, 0.2, 0.2, 0.2]
Prune local model 1, pr_ratio = [0.2, 0.2, 0.2, 0.2]
Prune local model 8, pr_ratio = [0.2, 0.2, 0.2, 0.2]
Prune local model 7, pr_ratio = [0.2, 0.2, 0.2, 0.2]
Round 51 – LOCAL TPR pre-agg per client: ['0.367', '0.425', '0.592', '0.751', '0.522', '0.532', '0.552', '0.545', '0.171', '0.350']
Round 51 – TPR per Domain: 0:0.383, 1:0.383, 2:0.352, 3:0.748, 4:0.546, 5:0.546, 6:0.546, 7:0.748, 8:0.352, 9:0.383
Round: 51 Method: dapperfl Mean_Acc: 50.625 Best_Acc: 57.002
Domain_Acc: [57.14, 74.21, 34.48, 36.67] Domain_BestAcc: [62.95, 79.47, 41.38, 50.0]
Prune local model 7, pr_ratio = [0.2, 0.2, 0.2, 0.2]
Prune local model 1, pr_ratio = [0.2, 0.2, 0.2, 0.2]
Prune local model 8, pr_ratio = [0.2, 0.2, 0.2, 0.2]
Prune local model 4, pr_ratio = [0.2, 0.2, 0.2, 0.2]
Prune local model 5, pr_ratio = [0.2, 0.2, 0.2, 0.2]
Prune local model 9, pr_ratio = [0.2, 0.2, 0.2, 0.2]
Prune local model 2, pr_ratio = [0.2, 0.2, 0.2, 0.2]
Prune local model 3, pr_ratio = [0.2, 0.2, 0.2, 0.2]
Prune local model 6, pr_ratio = [0.2, 0.2, 0.2, 0.2]
Prune local model 0, pr_ratio = [0.2, 0.2, 0.2, 0.2]
Round 52 – LOCAL TPR pre-agg per client: ['0.742', '0.375', '0.596', '0.693', '0.496', '0.513', '0.422', '0.780', '0.246', '0.500']
Round 52 – TPR per Domain: 0:0.283, 1:0.283, 2:0.391, 3:0.763, 4:0.548, 5:0.548, 6:0.548, 7:0.763, 8:0.391, 9:0.283
Round: 52 Method: dapperfl Mean_Acc: 50.538 Best_Acc: 57.002
Domain_Acc: [56.7, 75.79, 39.66, 30.0] Domain_BestAcc: [62.95, 79.47, 41.38, 50.0]
Prune local model 4, pr_ratio = [0.2, 0.2, 0.2, 0.2]
Prune local model 3, pr_ratio = [0.2, 0.2, 0.2, 0.2]
Prune local model 8, pr_ratio = [0.2, 0.2, 0.2, 0.2]
Prune local model 9, pr_ratio = [0.2, 0.2, 0.2, 0.2]
Prune local model 1, pr_ratio = [0.2, 0.2, 0.2, 0.2]
Prune local model 0, pr_ratio = [0.2, 0.2, 0.2, 0.2]
Prune local model 2, pr_ratio = [0.2, 0.2, 0.2, 0.2]
Prune local model 6, pr_ratio = [0.2, 0.2, 0.2, 0.2]
Prune local model 7, pr_ratio = [0.2, 0.2, 0.2, 0.2]
Prune local model 5, pr_ratio = [0.2, 0.2, 0.2, 0.2]
Round 53 – LOCAL TPR pre-agg per client: ['0.517', '0.358', '0.592', '0.753', '0.463', '0.531', '0.529', '0.592', '0.221', '0.150']
Round 53 – TPR per Domain: 0:0.333, 1:0.333, 2:0.380, 3:0.788, 4:0.588, 5:0.588, 6:0.588, 7:0.788, 8:0.380, 9:0.333
Round: 53 Method: dapperfl Mean_Acc: 52.058 Best_Acc: 57.002
Domain_Acc: [60.27, 78.42, 36.21, 33.33] Domain_BestAcc: [62.95, 79.47, 41.38, 50.0]
Prune local model 7, pr_ratio = [0.2, 0.2, 0.2, 0.2]
Prune local model 3, pr_ratio = [0.2, 0.2, 0.2, 0.2]
Prune local model 5, pr_ratio = [0.2, 0.2, 0.2, 0.2]
Prune local model 9, pr_ratio = [0.2, 0.2, 0.2, 0.2]
Prune local model 2, pr_ratio = [0.2, 0.2, 0.2, 0.2]
Prune local model 6, pr_ratio = [0.2, 0.2, 0.2, 0.2]
Prune local model 8, pr_ratio = [0.2, 0.2, 0.2, 0.2]
Prune local model 4, pr_ratio = [0.2, 0.2, 0.2, 0.2]
Prune local model 1, pr_ratio = [0.2, 0.2, 0.2, 0.2]
Prune local model 0, pr_ratio = [0.2, 0.2, 0.2, 0.2]
Round 54 – LOCAL TPR pre-agg per client: ['0.517', '0.417', '0.500', '0.735', '0.538', '0.495', '0.570', '0.522', '0.182', '0.125']
Round 54 – TPR per Domain: 0:0.375, 1:0.375, 2:0.278, 3:0.799, 4:0.581, 5:0.581, 6:0.581, 7:0.799, 8:0.278, 9:0.375
Round: 54 Method: dapperfl Mean_Acc: 51.61 Best_Acc: 57.002
Domain_Acc: [59.38, 79.47, 27.59, 40.0] Domain_BestAcc: [62.95, 79.47, 41.38, 50.0]
Prune local model 8, pr_ratio = [0.2, 0.2, 0.2, 0.2]
Prune local model 4, pr_ratio = [0.2, 0.2, 0.2, 0.2]
Prune local model 9, pr_ratio = [0.2, 0.2, 0.2, 0.2]
Prune local model 0, pr_ratio = [0.2, 0.2, 0.2, 0.2]
Prune local model 6, pr_ratio = [0.2, 0.2, 0.2, 0.2]
Prune local model 2, pr_ratio = [0.2, 0.2, 0.2, 0.2]
Prune local model 3, pr_ratio = [0.2, 0.2, 0.2, 0.2]
Prune local model 7, pr_ratio = [0.2, 0.2, 0.2, 0.2]
Prune local model 5, pr_ratio = [0.2, 0.2, 0.2, 0.2]
Prune local model 1, pr_ratio = [0.2, 0.2, 0.2, 0.2]
Round 55 – LOCAL TPR pre-agg per client: ['0.400', '0.425', '0.560', '0.648', '0.481', '0.540', '0.536', '0.699', '0.350', '0.250']
Round 55 – TPR per Domain: 0:0.383, 1:0.383, 2:0.351, 3:0.743, 4:0.570, 5:0.570, 6:0.570, 7:0.743, 8:0.351, 9:0.383
Round: 55 Method: dapperfl Mean_Acc: 51.772 Best_Acc: 57.002
Domain_Acc: [58.93, 73.68, 34.48, 40.0] Domain_BestAcc: [62.95, 79.47, 41.38, 50.0]
Prune local model 0, pr_ratio = [0.2, 0.2, 0.2, 0.2]
Prune local model 1, pr_ratio = [0.2, 0.2, 0.2, 0.2]
Prune local model 7, pr_ratio = [0.2, 0.2, 0.2, 0.2]
Prune local model 9, pr_ratio = [0.2, 0.2, 0.2, 0.2]
Prune local model 4, pr_ratio = [0.2, 0.2, 0.2, 0.2]
Prune local model 2, pr_ratio = [0.2, 0.2, 0.2, 0.2]
Prune local model 3, pr_ratio = [0.2, 0.2, 0.2, 0.2]
Prune local model 8, pr_ratio = [0.2, 0.2, 0.2, 0.2]
Prune local model 5, pr_ratio = [0.2, 0.2, 0.2, 0.2]
Prune local model 6, pr_ratio = [0.2, 0.2, 0.2, 0.2]
Round 56 – LOCAL TPR pre-agg per client: ['0.517', '0.342', '0.675', '0.693', '0.445', '0.529', '0.565', '0.623', '0.158', '0.300']
Round 56 – TPR per Domain: 0:0.350, 1:0.350, 2:0.443, 3:0.757, 4:0.584, 5:0.584, 6:0.584, 7:0.757, 8:0.443, 9:0.350
Round: 56 Method: dapperfl Mean_Acc: 54.48 Best_Acc: 57.002
Domain_Acc: [61.16, 75.26, 44.83, 36.67] Domain_BestAcc: [62.95, 79.47, 44.83, 50.0]
Prune local model 1, pr_ratio = [0.2, 0.2, 0.2, 0.2]
Prune local model 2, pr_ratio = [0.2, 0.2, 0.2, 0.2]
Prune local model 7, pr_ratio = [0.2, 0.2, 0.2, 0.2]
Prune local model 3, pr_ratio = [0.2, 0.2, 0.2, 0.2]
Prune local model 5, pr_ratio = [0.2, 0.2, 0.2, 0.2]
Prune local model 0, pr_ratio = [0.2, 0.2, 0.2, 0.2]
Prune local model 9, pr_ratio = [0.2, 0.2, 0.2, 0.2]
Prune local model 8, pr_ratio = [0.2, 0.2, 0.2, 0.2]
Prune local model 4, pr_ratio = [0.2, 0.2, 0.2, 0.2]
Prune local model 6, pr_ratio = [0.2, 0.2, 0.2, 0.2]
Round 57 – LOCAL TPR pre-agg per client: ['0.250', '0.383', '0.621', '0.698', '0.513', '0.353', '0.374', '0.508', '0.120', '0.175']
Round 57 – TPR per Domain: 0:0.433, 1:0.433, 2:0.387, 3:0.740, 4:0.572, 5:0.572, 6:0.572, 7:0.740, 8:0.387, 9:0.433
Round: 57 Method: dapperfl Mean_Acc: 52.505 Best_Acc: 57.002
Domain_Acc: [58.93, 73.16, 37.93, 40.0] Domain_BestAcc: [62.95, 79.47, 44.83, 50.0]
Prune local model 0, pr_ratio = [0.2, 0.2, 0.2, 0.2]
Prune local model 7, pr_ratio = [0.2, 0.2, 0.2, 0.2]
Prune local model 1, pr_ratio = [0.2, 0.2, 0.2, 0.2]
Prune local model 3, pr_ratio = [0.2, 0.2, 0.2, 0.2]
Prune local model 8, pr_ratio = [0.2, 0.2, 0.2, 0.2]
Prune local model 4, pr_ratio = [0.2, 0.2, 0.2, 0.2]
Prune local model 5, pr_ratio = [0.2, 0.2, 0.2, 0.2]
Prune local model 2, pr_ratio = [0.2, 0.2, 0.2, 0.2]
Prune local model 9, pr_ratio = [0.2, 0.2, 0.2, 0.2]
Prune local model 6, pr_ratio = [0.2, 0.2, 0.2, 0.2]
Round 58 – LOCAL TPR pre-agg per client: ['0.267', '0.417', '0.600', '0.715', '0.433', '0.575', '0.538', '0.488', '0.100', '0.350']
Round 58 – TPR per Domain: 0:0.325, 1:0.325, 2:0.404, 3:0.743, 4:0.585, 5:0.585, 6:0.585, 7:0.743, 8:0.404, 9:0.325
Round: 58 Method: dapperfl Mean_Acc: 52.68 Best_Acc: 57.002
Domain_Acc: [60.71, 73.68, 39.66, 36.67] Domain_BestAcc: [62.95, 79.47, 44.83, 50.0]
Prune local model 9, pr_ratio = [0.2, 0.2, 0.2, 0.2]
Prune local model 0, pr_ratio = [0.2, 0.2, 0.2, 0.2]
Prune local model 5, pr_ratio = [0.2, 0.2, 0.2, 0.2]
Prune local model 7, pr_ratio = [0.2, 0.2, 0.2, 0.2]
Prune local model 1, pr_ratio = [0.2, 0.2, 0.2, 0.2]
Prune local model 4, pr_ratio = [0.2, 0.2, 0.2, 0.2]
Prune local model 8, pr_ratio = [0.2, 0.2, 0.2, 0.2]
Prune local model 3, pr_ratio = [0.2, 0.2, 0.2, 0.2]
Prune local model 2, pr_ratio = [0.2, 0.2, 0.2, 0.2]
Prune local model 6, pr_ratio = [0.2, 0.2, 0.2, 0.2]
Round 59 – LOCAL TPR pre-agg per client: ['0.408', '0.317', '0.633', '0.691', '0.400', '0.488', '0.501', '0.586', '0.346', '0.200']
Round 59 – TPR per Domain: 0:0.350, 1:0.350, 2:0.447, 3:0.790, 4:0.554, 5:0.554, 6:0.554, 7:0.790, 8:0.447, 9:0.350
Round: 59 Method: dapperfl Mean_Acc: 54.058 Best_Acc: 57.002
Domain_Acc: [58.04, 78.42, 43.1, 36.67] Domain_BestAcc: [62.95, 79.47, 44.83, 50.0]
Prune local model 2, pr_ratio = [0.2, 0.2, 0.2, 0.2]
Prune local model 7, pr_ratio = [0.2, 0.2, 0.2, 0.2]
Prune local model 9, pr_ratio = [0.2, 0.2, 0.2, 0.2]
Prune local model 6, pr_ratio = [0.2, 0.2, 0.2, 0.2]
Prune local model 1, pr_ratio = [0.2, 0.2, 0.2, 0.2]
Prune local model 0, pr_ratio = [0.2, 0.2, 0.2, 0.2]
Prune local model 4, pr_ratio = [0.2, 0.2, 0.2, 0.2]
Prune local model 5, pr_ratio = [0.2, 0.2, 0.2, 0.2]
Prune local model 8, pr_ratio = [0.2, 0.2, 0.2, 0.2]
Prune local model 3, pr_ratio = [0.2, 0.2, 0.2, 0.2]
Round 60 – LOCAL TPR pre-agg per client: ['0.442', '0.400', '0.671', '0.708', '0.495', '0.557', '0.494', '0.524', '0.212', '0.175']
Round 60 – TPR per Domain: 0:0.350, 1:0.350, 2:0.361, 3:0.768, 4:0.576, 5:0.576, 6:0.576, 7:0.768, 8:0.361, 9:0.350
Round: 60 Method: dapperfl Mean_Acc: 52.145 Best_Acc: 57.002
Domain_Acc: [59.38, 76.32, 36.21, 36.67] Domain_BestAcc: [62.95, 79.47, 44.83, 50.0]
Prune local model 8, pr_ratio = [0.2, 0.2, 0.2, 0.2]
Prune local model 3, pr_ratio = [0.2, 0.2, 0.2, 0.2]
Prune local model 6, pr_ratio = [0.2, 0.2, 0.2, 0.2]
Prune local model 9, pr_ratio = [0.2, 0.2, 0.2, 0.2]
Prune local model 4, pr_ratio = [0.2, 0.2, 0.2, 0.2]
Prune local model 2, pr_ratio = [0.2, 0.2, 0.2, 0.2]
Prune local model 1, pr_ratio = [0.2, 0.2, 0.2, 0.2]
Prune local model 0, pr_ratio = [0.2, 0.2, 0.2, 0.2]
Prune local model 5, pr_ratio = [0.2, 0.2, 0.2, 0.2]
Prune local model 7, pr_ratio = [0.2, 0.2, 0.2, 0.2]
Round 61 – LOCAL TPR pre-agg per client: ['0.525', '0.408', '0.621', '0.662', '0.512', '0.559', '0.488', '0.705', '0.308', '0.275']
Round 61 – TPR per Domain: 0:0.358, 1:0.358, 2:0.367, 3:0.759, 4:0.553, 5:0.553, 6:0.553, 7:0.759, 8:0.367, 9:0.358
Round: 61 Method: dapperfl Mean_Acc: 51.098 Best_Acc: 57.002
Domain_Acc: [56.25, 75.26, 36.21, 36.67] Domain_BestAcc: [62.95, 79.47, 44.83, 50.0]
Prune local model 2, pr_ratio = [0.2, 0.2, 0.2, 0.2]
Prune local model 4, pr_ratio = [0.2, 0.2, 0.2, 0.2]
Prune local model 1, pr_ratio = [0.2, 0.2, 0.2, 0.2]
Prune local model 5, pr_ratio = [0.2, 0.2, 0.2, 0.2]
Prune local model 0, pr_ratio = [0.2, 0.2, 0.2, 0.2]
Prune local model 9, pr_ratio = [0.2, 0.2, 0.2, 0.2]
Prune local model 3, pr_ratio = [0.2, 0.2, 0.2, 0.2]
Prune local model 6, pr_ratio = [0.2, 0.2, 0.2, 0.2]
Prune local model 8, pr_ratio = [0.2, 0.2, 0.2, 0.2]
Prune local model 7, pr_ratio = [0.2, 0.2, 0.2, 0.2]
Round 62 – LOCAL TPR pre-agg per client: ['0.217', '0.475', '0.558', '0.769', '0.477', '0.405', '0.581', '0.623', '0.371', '0.300']
Round 62 – TPR per Domain: 0:0.508, 1:0.508, 2:0.337, 3:0.780, 4:0.636, 5:0.636, 6:0.636, 7:0.780, 8:0.337, 9:0.508
Round: 62 Method: dapperfl Mean_Acc: 57.048 Best_Acc: 57.048
Domain_Acc: [64.73, 77.37, 32.76, 53.33] Domain_BestAcc: [64.73, 79.47, 44.83, 53.33]
Prune local model 0, pr_ratio = [0.2, 0.2, 0.2, 0.2]
Prune local model 6, pr_ratio = [0.2, 0.2, 0.2, 0.2]
Prune local model 7, pr_ratio = [0.2, 0.2, 0.2, 0.2]
Prune local model 8, pr_ratio = [0.2, 0.2, 0.2, 0.2]
Prune local model 2, pr_ratio = [0.2, 0.2, 0.2, 0.2]
Prune local model 5, pr_ratio = [0.2, 0.2, 0.2, 0.2]
Prune local model 1, pr_ratio = [0.2, 0.2, 0.2, 0.2]
Prune local model 4, pr_ratio = [0.2, 0.2, 0.2, 0.2]
Prune local model 9, pr_ratio = [0.2, 0.2, 0.2, 0.2]
Prune local model 3, pr_ratio = [0.2, 0.2, 0.2, 0.2]
Round 63 – LOCAL TPR pre-agg per client: ['0.500', '0.417', '0.592', '0.731', '0.523', '0.538', '0.488', '0.412', '0.140', '0.175']
Round 63 – TPR per Domain: 0:0.300, 1:0.300, 2:0.332, 3:0.813, 4:0.590, 5:0.590, 6:0.590, 7:0.813, 8:0.332, 9:0.300
Round: 63 Method: dapperfl Mean_Acc: 52.075 Best_Acc: 57.048
Domain_Acc: [61.16, 81.05, 32.76, 33.33] Domain_BestAcc: [64.73, 81.05, 44.83, 53.33]
Prune local model 7, pr_ratio = [0.2, 0.2, 0.2, 0.2]
Prune local model 3, pr_ratio = [0.2, 0.2, 0.2, 0.2]
Prune local model 5, pr_ratio = [0.2, 0.2, 0.2, 0.2]
Prune local model 2, pr_ratio = [0.2, 0.2, 0.2, 0.2]
Prune local model 9, pr_ratio = [0.2, 0.2, 0.2, 0.2]
Prune local model 0, pr_ratio = [0.2, 0.2, 0.2, 0.2]
Prune local model 8, pr_ratio = [0.2, 0.2, 0.2, 0.2]
Prune local model 4, pr_ratio = [0.2, 0.2, 0.2, 0.2]
Prune local model 1, pr_ratio = [0.2, 0.2, 0.2, 0.2]
Prune local model 6, pr_ratio = [0.2, 0.2, 0.2, 0.2]
Round 64 – LOCAL TPR pre-agg per client: ['0.300', '0.217', '0.626', '0.666', '0.522', '0.594', '0.524', '0.543', '0.242', '0.275']
Round 64 – TPR per Domain: 0:0.417, 1:0.417, 2:0.434, 3:0.771, 4:0.590, 5:0.590, 6:0.590, 7:0.771, 8:0.434, 9:0.417
Round: 64 Method: dapperfl Mean_Acc: 56.942 Best_Acc: 57.048
Domain_Acc: [61.16, 76.84, 43.1, 46.67] Domain_BestAcc: [64.73, 81.05, 44.83, 53.33]
Prune local model 5, pr_ratio = [0.2, 0.2, 0.2, 0.2]
Prune local model 7, pr_ratio = [0.2, 0.2, 0.2, 0.2]
Prune local model 8, pr_ratio = [0.2, 0.2, 0.2, 0.2]
Prune local model 2, pr_ratio = [0.2, 0.2, 0.2, 0.2]
Prune local model 4, pr_ratio = [0.2, 0.2, 0.2, 0.2]
Prune local model 0, pr_ratio = [0.2, 0.2, 0.2, 0.2]
Prune local model 9, pr_ratio = [0.2, 0.2, 0.2, 0.2]
Prune local model 1, pr_ratio = [0.2, 0.2, 0.2, 0.2]
Prune local model 3, pr_ratio = [0.2, 0.2, 0.2, 0.2]
Prune local model 6, pr_ratio = [0.2, 0.2, 0.2, 0.2]
Round 65 – LOCAL TPR pre-agg per client: ['0.442', '0.325', '0.604', '0.420', '0.478', '0.562', '0.577', '0.772', '0.146', '0.275']
Round 65 – TPR per Domain: 0:0.425, 1:0.425, 2:0.501, 3:0.764, 4:0.602, 5:0.602, 6:0.602, 7:0.764, 8:0.501, 9:0.425
Round: 65 Method: dapperfl Mean_Acc: 57.362 Best_Acc: 57.362
Domain_Acc: [62.05, 75.79, 48.28, 43.33] Domain_BestAcc: [64.73, 81.05, 48.28, 53.33]
Prune local model 4, pr_ratio = [0.2, 0.2, 0.2, 0.2]
Prune local model 5, pr_ratio = [0.2, 0.2, 0.2, 0.2]
Prune local model 6, pr_ratio = [0.2, 0.2, 0.2, 0.2]
Prune local model 7, pr_ratio = [0.2, 0.2, 0.2, 0.2]
Prune local model 2, pr_ratio = [0.2, 0.2, 0.2, 0.2]
Prune local model 1, pr_ratio = [0.2, 0.2, 0.2, 0.2]
Prune local model 3, pr_ratio = [0.2, 0.2, 0.2, 0.2]
Prune local model 9, pr_ratio = [0.2, 0.2, 0.2, 0.2]
Prune local model 8, pr_ratio = [0.2, 0.2, 0.2, 0.2]
Prune local model 0, pr_ratio = [0.2, 0.2, 0.2, 0.2]
Round 66 – LOCAL TPR pre-agg per client: ['0.558', '0.400', '0.671', '0.672', '0.505', '0.610', '0.558', '0.477', '0.246', '0.350']
Round 66 – TPR per Domain: 0:0.350, 1:0.350, 2:0.374, 3:0.788, 4:0.621, 5:0.621, 6:0.621, 7:0.788, 8:0.374, 9:0.350
Round: 66 Method: dapperfl Mean_Acc: 54.618 Best_Acc: 57.362
Domain_Acc: [63.84, 78.42, 36.21, 40.0] Domain_BestAcc: [64.73, 81.05, 48.28, 53.33]
Prune local model 4, pr_ratio = [0.2, 0.2, 0.2, 0.2]
Prune local model 1, pr_ratio = [0.2, 0.2, 0.2, 0.2]
Prune local model 0, pr_ratio = [0.2, 0.2, 0.2, 0.2]
Prune local model 3, pr_ratio = [0.2, 0.2, 0.2, 0.2]
Prune local model 7, pr_ratio = [0.2, 0.2, 0.2, 0.2]
Prune local model 8, pr_ratio = [0.2, 0.2, 0.2, 0.2]
Prune local model 5, pr_ratio = [0.2, 0.2, 0.2, 0.2]
Prune local model 6, pr_ratio = [0.2, 0.2, 0.2, 0.2]
Prune local model 9, pr_ratio = [0.2, 0.2, 0.2, 0.2]
Prune local model 2, pr_ratio = [0.2, 0.2, 0.2, 0.2]
Round 67 – LOCAL TPR pre-agg per client: ['0.475', '0.292', '0.612', '0.749', '0.551', '0.547', '0.523', '0.717', '0.100', '0.317']
Round 67 – TPR per Domain: 0:0.392, 1:0.392, 2:0.412, 3:0.788, 4:0.620, 5:0.620, 6:0.620, 7:0.788, 8:0.412, 9:0.392
Round: 67 Method: dapperfl Mean_Acc: 56.742 Best_Acc: 57.362
Domain_Acc: [63.84, 78.42, 41.38, 43.33] Domain_BestAcc: [64.73, 81.05, 48.28, 53.33]
Prune local model 4, pr_ratio = [0.2, 0.2, 0.2, 0.2]
Prune local model 7, pr_ratio = [0.2, 0.2, 0.2, 0.2]
Prune local model 6, pr_ratio = [0.2, 0.2, 0.2, 0.2]
Prune local model 2, pr_ratio = [0.2, 0.2, 0.2, 0.2]
Prune local model 9, pr_ratio = [0.2, 0.2, 0.2, 0.2]
Prune local model 5, pr_ratio = [0.2, 0.2, 0.2, 0.2]
Prune local model 8, pr_ratio = [0.2, 0.2, 0.2, 0.2]
Prune local model 3, pr_ratio = [0.2, 0.2, 0.2, 0.2]
Prune local model 0, pr_ratio = [0.2, 0.2, 0.2, 0.2]
Prune local model 1, pr_ratio = [0.2, 0.2, 0.2, 0.2]
Round 68 – LOCAL TPR pre-agg per client: ['0.392', '0.325', '0.617', '0.653', '0.474', '0.614', '0.546', '0.622', '0.264', '0.233']
Round 68 – TPR per Domain: 0:0.400, 1:0.400, 2:0.381, 3:0.789, 4:0.587, 5:0.587, 6:0.587, 7:0.789, 8:0.381, 9:0.400
Round: 68 Method: dapperfl Mean_Acc: 54.265 Best_Acc: 57.362
Domain_Acc: [60.71, 78.42, 37.93, 40.0] Domain_BestAcc: [64.73, 81.05, 48.28, 53.33]
Prune local model 9, pr_ratio = [0.2, 0.2, 0.2, 0.2]
Prune local model 2, pr_ratio = [0.2, 0.2, 0.2, 0.2]
Prune local model 8, pr_ratio = [0.2, 0.2, 0.2, 0.2]
Prune local model 3, pr_ratio = [0.2, 0.2, 0.2, 0.2]
Prune local model 7, pr_ratio = [0.2, 0.2, 0.2, 0.2]
Prune local model 6, pr_ratio = [0.2, 0.2, 0.2, 0.2]
Prune local model 5, pr_ratio = [0.2, 0.2, 0.2, 0.2]
Prune local model 0, pr_ratio = [0.2, 0.2, 0.2, 0.2]
Prune local model 4, pr_ratio = [0.2, 0.2, 0.2, 0.2]
Prune local model 1, pr_ratio = [0.2, 0.2, 0.2, 0.2]
Round 69 – LOCAL TPR pre-agg per client: ['0.392', '0.350', '0.625', '0.562', '0.524', '0.561', '0.603', '0.628', '0.255', '0.250']
Round 69 – TPR per Domain: 0:0.400, 1:0.400, 2:0.341, 3:0.803, 4:0.607, 5:0.607, 6:0.607, 7:0.803, 8:0.341, 9:0.400
Round: 69 Method: dapperfl Mean_Acc: 53.702 Best_Acc: 57.362
Domain_Acc: [62.05, 80.0, 32.76, 40.0] Domain_BestAcc: [64.73, 81.05, 48.28, 53.33]
Prune local model 1, pr_ratio = [0.2, 0.2, 0.2, 0.2]
Prune local model 5, pr_ratio = [0.2, 0.2, 0.2, 0.2]
Prune local model 2, pr_ratio = [0.2, 0.2, 0.2, 0.2]
Prune local model 3, pr_ratio = [0.2, 0.2, 0.2, 0.2]
Prune local model 0, pr_ratio = [0.2, 0.2, 0.2, 0.2]
Prune local model 6, pr_ratio = [0.2, 0.2, 0.2, 0.2]
Prune local model 7, pr_ratio = [0.2, 0.2, 0.2, 0.2]
Prune local model 4, pr_ratio = [0.2, 0.2, 0.2, 0.2]
Prune local model 8, pr_ratio = [0.2, 0.2, 0.2, 0.2]
Prune local model 9, pr_ratio = [0.2, 0.2, 0.2, 0.2]
Round 70 – LOCAL TPR pre-agg per client: ['0.433', '0.225', '0.704', '0.796', '0.530', '0.530', '0.581', '0.580', '0.301', '0.325']
Round 70 – TPR per Domain: 0:0.400, 1:0.400, 2:0.431, 3:0.777, 4:0.616, 5:0.616, 6:0.616, 7:0.777, 8:0.431, 9:0.400
Round: 70 Method: dapperfl Mean_Acc: 56.688 Best_Acc: 57.362
Domain_Acc: [62.95, 77.37, 43.1, 43.33] Domain_BestAcc: [64.73, 81.05, 48.28, 53.33]
Prune local model 8, pr_ratio = [0.2, 0.2, 0.2, 0.2]
Prune local model 5, pr_ratio = [0.2, 0.2, 0.2, 0.2]
Prune local model 0, pr_ratio = [0.2, 0.2, 0.2, 0.2]
Prune local model 4, pr_ratio = [0.2, 0.2, 0.2, 0.2]
Prune local model 2, pr_ratio = [0.2, 0.2, 0.2, 0.2]
Prune local model 9, pr_ratio = [0.2, 0.2, 0.2, 0.2]
Prune local model 7, pr_ratio = [0.2, 0.2, 0.2, 0.2]
Prune local model 3, pr_ratio = [0.2, 0.2, 0.2, 0.2]
Prune local model 6, pr_ratio = [0.2, 0.2, 0.2, 0.2]
Prune local model 1, pr_ratio = [0.2, 0.2, 0.2, 0.2]
Round 71 – LOCAL TPR pre-agg per client: ['0.442', '0.367', '0.479', '0.749', '0.525', '0.573', '0.487', '0.577', '0.260', '0.250']
Round 71 – TPR per Domain: 0:0.383, 1:0.383, 2:0.296, 3:0.776, 4:0.604, 5:0.604, 6:0.604, 7:0.776, 8:0.296, 9:0.383
Round: 71 Method: dapperfl Mean_Acc: 51.24 Best_Acc: 57.362
Domain_Acc: [61.61, 77.37, 29.31, 36.67] Domain_BestAcc: [64.73, 81.05, 48.28, 53.33]
Prune local model 2, pr_ratio = [0.2, 0.2, 0.2, 0.2]
Prune local model 0, pr_ratio = [0.2, 0.2, 0.2, 0.2]
Prune local model 8, pr_ratio = [0.2, 0.2, 0.2, 0.2]
Prune local model 4, pr_ratio = [0.2, 0.2, 0.2, 0.2]
Prune local model 1, pr_ratio = [0.2, 0.2, 0.2, 0.2]
Prune local model 6, pr_ratio = [0.2, 0.2, 0.2, 0.2]
Prune local model 5, pr_ratio = [0.2, 0.2, 0.2, 0.2]
Prune local model 7, pr_ratio = [0.2, 0.2, 0.2, 0.2]
Prune local model 9, pr_ratio = [0.2, 0.2, 0.2, 0.2]
Prune local model 3, pr_ratio = [0.2, 0.2, 0.2, 0.2]
Round 72 – LOCAL TPR pre-agg per client: ['0.458', '0.317', '0.675', '0.764', '0.474', '0.524', '0.584', '0.727', '0.372', '0.317']
Round 72 – TPR per Domain: 0:0.375, 1:0.375, 2:0.450, 3:0.778, 4:0.610, 5:0.610, 6:0.610, 7:0.778, 8:0.450, 9:0.375
Round: 72 Method: dapperfl Mean_Acc: 55.855 Best_Acc: 57.362
Domain_Acc: [62.95, 77.37, 43.1, 40.0] Domain_BestAcc: [64.73, 81.05, 48.28, 53.33]
Prune local model 6, pr_ratio = [0.2, 0.2, 0.2, 0.2]
Prune local model 5, pr_ratio = [0.2, 0.2, 0.2, 0.2]
Prune local model 9, pr_ratio = [0.2, 0.2, 0.2, 0.2]
Prune local model 4, pr_ratio = [0.2, 0.2, 0.2, 0.2]
Prune local model 1, pr_ratio = [0.2, 0.2, 0.2, 0.2]
Prune local model 7, pr_ratio = [0.2, 0.2, 0.2, 0.2]
Prune local model 2, pr_ratio = [0.2, 0.2, 0.2, 0.2]
Prune local model 3, pr_ratio = [0.2, 0.2, 0.2, 0.2]
Prune local model 8, pr_ratio = [0.2, 0.2, 0.2, 0.2]
Prune local model 0, pr_ratio = [0.2, 0.2, 0.2, 0.2]
Round 73 – LOCAL TPR pre-agg per client: ['0.558', '0.425', '0.588', '0.490', '0.488', '0.581', '0.491', '0.766', '0.404', '0.200']
Round 73 – TPR per Domain: 0:0.325, 1:0.325, 2:0.308, 3:0.780, 4:0.600, 5:0.600, 6:0.600, 7:0.780, 8:0.308, 9:0.325
Round: 73 Method: dapperfl Mean_Acc: 51.24 Best_Acc: 57.362
Domain_Acc: [61.61, 77.37, 29.31, 36.67] Domain_BestAcc: [64.73, 81.05, 48.28, 53.33]
Prune local model 5, pr_ratio = [0.2, 0.2, 0.2, 0.2]
Prune local model 9, pr_ratio = [0.2, 0.2, 0.2, 0.2]
Prune local model 7, pr_ratio = [0.2, 0.2, 0.2, 0.2]
Prune local model 0, pr_ratio = [0.2, 0.2, 0.2, 0.2]
Prune local model 4, pr_ratio = [0.2, 0.2, 0.2, 0.2]
Prune local model 3, pr_ratio = [0.2, 0.2, 0.2, 0.2]
Prune local model 1, pr_ratio = [0.2, 0.2, 0.2, 0.2]
Prune local model 6, pr_ratio = [0.2, 0.2, 0.2, 0.2]
Prune local model 2, pr_ratio = [0.2, 0.2, 0.2, 0.2]
Prune local model 8, pr_ratio = [0.2, 0.2, 0.2, 0.2]
Round 74 – LOCAL TPR pre-agg per client: ['0.392', '0.317', '0.700', '0.469', '0.524', '0.615', '0.543', '0.731', '0.181', '0.275']
Round 74 – TPR per Domain: 0:0.475, 1:0.475, 2:0.349, 3:0.773, 4:0.586, 5:0.586, 6:0.586, 7:0.773, 8:0.349, 9:0.475
Round: 74 Method: dapperfl Mean_Acc: 55.285 Best_Acc: 57.362
Domain_Acc: [59.82, 76.84, 34.48, 50.0] Domain_BestAcc: [64.73, 81.05, 48.28, 53.33]
Prune local model 5, pr_ratio = [0.2, 0.2, 0.2, 0.2]
Prune local model 3, pr_ratio = [0.2, 0.2, 0.2, 0.2]
Prune local model 0, pr_ratio = [0.2, 0.2, 0.2, 0.2]
Prune local model 2, pr_ratio = [0.2, 0.2, 0.2, 0.2]
Prune local model 7, pr_ratio = [0.2, 0.2, 0.2, 0.2]
Prune local model 1, pr_ratio = [0.2, 0.2, 0.2, 0.2]
Prune local model 4, pr_ratio = [0.2, 0.2, 0.2, 0.2]
Prune local model 8, pr_ratio = [0.2, 0.2, 0.2, 0.2]
Prune local model 9, pr_ratio = [0.2, 0.2, 0.2, 0.2]
Prune local model 6, pr_ratio = [0.2, 0.2, 0.2, 0.2]
Round 75 – LOCAL TPR pre-agg per client: ['0.492', '0.375', '0.667', '0.662', '0.473', '0.541', '0.589', '0.598', '0.317', '0.150']
Round 75 – TPR per Domain: 0:0.283, 1:0.283, 2:0.356, 3:0.792, 4:0.616, 5:0.616, 6:0.616, 7:0.792, 8:0.356, 9:0.283
Round: 75 Method: dapperfl Mean_Acc: 51.705 Best_Acc: 57.362
Domain_Acc: [63.39, 78.95, 34.48, 30.0] Domain_BestAcc: [64.73, 81.05, 48.28, 53.33]
Prune local model 8, pr_ratio = [0.2, 0.2, 0.2, 0.2]
Prune local model 1, pr_ratio = [0.2, 0.2, 0.2, 0.2]
Prune local model 5, pr_ratio = [0.2, 0.2, 0.2, 0.2]
Prune local model 7, pr_ratio = [0.2, 0.2, 0.2, 0.2]
Prune local model 9, pr_ratio = [0.2, 0.2, 0.2, 0.2]
Prune local model 0, pr_ratio = [0.2, 0.2, 0.2, 0.2]
Prune local model 4, pr_ratio = [0.2, 0.2, 0.2, 0.2]
Prune local model 3, pr_ratio = [0.2, 0.2, 0.2, 0.2]
Prune local model 6, pr_ratio = [0.2, 0.2, 0.2, 0.2]
Prune local model 2, pr_ratio = [0.2, 0.2, 0.2, 0.2]
Round 76 – LOCAL TPR pre-agg per client: ['0.342', '0.475', '0.675', '0.614', '0.545', '0.357', '0.585', '0.488', '0.167', '0.275']
Round 76 – TPR per Domain: 0:0.425, 1:0.425, 2:0.446, 3:0.748, 4:0.623, 5:0.623, 6:0.623, 7:0.748, 8:0.446, 9:0.425
Round: 76 Method: dapperfl Mean_Acc: 56.12 Best_Acc: 57.362
Domain_Acc: [63.84, 74.21, 43.1, 43.33] Domain_BestAcc: [64.73, 81.05, 48.28, 53.33]
Prune local model 2, pr_ratio = [0.2, 0.2, 0.2, 0.2]
Prune local model 4, pr_ratio = [0.2, 0.2, 0.2, 0.2]
Prune local model 5, pr_ratio = [0.2, 0.2, 0.2, 0.2]
Prune local model 3, pr_ratio = [0.2, 0.2, 0.2, 0.2]
Prune local model 8, pr_ratio = [0.2, 0.2, 0.2, 0.2]
Prune local model 9, pr_ratio = [0.2, 0.2, 0.2, 0.2]
Prune local model 6, pr_ratio = [0.2, 0.2, 0.2, 0.2]
Prune local model 7, pr_ratio = [0.2, 0.2, 0.2, 0.2]
Prune local model 0, pr_ratio = [0.2, 0.2, 0.2, 0.2]
Prune local model 1, pr_ratio = [0.2, 0.2, 0.2, 0.2]
Round 77 – LOCAL TPR pre-agg per client: ['0.492', '0.367', '0.654', '0.452', '0.464', '0.540', '0.541', '0.666', '0.284', '0.225']
Round 77 – TPR per Domain: 0:0.267, 1:0.267, 2:0.356, 3:0.772, 4:0.597, 5:0.597, 6:0.597, 7:0.772, 8:0.356, 9:0.267
Round: 77 Method: dapperfl Mean_Acc: 51.885 Best_Acc: 57.362
Domain_Acc: [61.16, 76.84, 36.21, 33.33] Domain_BestAcc: [64.73, 81.05, 48.28, 53.33]
Prune local model 0, pr_ratio = [0.2, 0.2, 0.2, 0.2]
Prune local model 9, pr_ratio = [0.2, 0.2, 0.2, 0.2]
Prune local model 2, pr_ratio = [0.2, 0.2, 0.2, 0.2]
Prune local model 6, pr_ratio = [0.2, 0.2, 0.2, 0.2]
Prune local model 1, pr_ratio = [0.2, 0.2, 0.2, 0.2]
Prune local model 8, pr_ratio = [0.2, 0.2, 0.2, 0.2]
Prune local model 5, pr_ratio = [0.2, 0.2, 0.2, 0.2]
Prune local model 3, pr_ratio = [0.2, 0.2, 0.2, 0.2]
Prune local model 7, pr_ratio = [0.2, 0.2, 0.2, 0.2]
Prune local model 4, pr_ratio = [0.2, 0.2, 0.2, 0.2]
Round 78 – LOCAL TPR pre-agg per client: ['0.325', '0.450', '0.583', '0.745', '0.575', '0.607', '0.579', '0.702', '0.257', '0.292']
Round 78 – TPR per Domain: 0:0.283, 1:0.283, 2:0.365, 3:0.793, 4:0.634, 5:0.634, 6:0.634, 7:0.793, 8:0.365, 9:0.283
Round: 78 Method: dapperfl Mean_Acc: 52.585 Best_Acc: 57.362
Domain_Acc: [65.18, 78.95, 36.21, 30.0] Domain_BestAcc: [65.18, 81.05, 48.28, 53.33]
Prune local model 5, pr_ratio = [0.2, 0.2, 0.2, 0.2]
Prune local model 2, pr_ratio = [0.2, 0.2, 0.2, 0.2]
Prune local model 4, pr_ratio = [0.2, 0.2, 0.2, 0.2]
Prune local model 3, pr_ratio = [0.2, 0.2, 0.2, 0.2]
Prune local model 1, pr_ratio = [0.2, 0.2, 0.2, 0.2]
Prune local model 8, pr_ratio = [0.2, 0.2, 0.2, 0.2]
Prune local model 0, pr_ratio = [0.2, 0.2, 0.2, 0.2]
Prune local model 7, pr_ratio = [0.2, 0.2, 0.2, 0.2]
Prune local model 9, pr_ratio = [0.2, 0.2, 0.2, 0.2]
Prune local model 6, pr_ratio = [0.2, 0.2, 0.2, 0.2]
Round 79 – LOCAL TPR pre-agg per client: ['0.400', '0.300', '0.604', '0.731', '0.352', '0.575', '0.551', '0.703', '0.302', '0.225']
Round 79 – TPR per Domain: 0:0.275, 1:0.275, 2:0.332, 3:0.775, 4:0.600, 5:0.600, 6:0.600, 7:0.775, 8:0.332, 9:0.275
Round: 79 Method: dapperfl Mean_Acc: 50.302 Best_Acc: 57.362
Domain_Acc: [61.61, 76.84, 32.76, 30.0] Domain_BestAcc: [65.18, 81.05, 48.28, 53.33]
Prune local model 7, pr_ratio = [0.2, 0.2, 0.2, 0.2]
Prune local model 1, pr_ratio = [0.2, 0.2, 0.2, 0.2]
Prune local model 0, pr_ratio = [0.2, 0.2, 0.2, 0.2]
Prune local model 2, pr_ratio = [0.2, 0.2, 0.2, 0.2]
Prune local model 5, pr_ratio = [0.2, 0.2, 0.2, 0.2]
Prune local model 9, pr_ratio = [0.2, 0.2, 0.2, 0.2]
Prune local model 4, pr_ratio = [0.2, 0.2, 0.2, 0.2]
Prune local model 3, pr_ratio = [0.2, 0.2, 0.2, 0.2]
Prune local model 6, pr_ratio = [0.2, 0.2, 0.2, 0.2]
Prune local model 8, pr_ratio = [0.2, 0.2, 0.2, 0.2]
Round 80 – LOCAL TPR pre-agg per client: ['0.533', '0.425', '0.618', '0.752', '0.574', '0.566', '0.465', '0.798', '0.153', '0.150']
Round 80 – TPR per Domain: 0:0.325, 1:0.325, 2:0.366, 3:0.779, 4:0.605, 5:0.605, 6:0.605, 7:0.779, 8:0.366, 9:0.325
Round: 80 Method: dapperfl Mean_Acc: 53.075 Best_Acc: 57.362
Domain_Acc: [62.05, 77.37, 36.21, 36.67] Domain_BestAcc: [65.18, 81.05, 48.28, 53.33]
Prune local model 6, pr_ratio = [0.2, 0.2, 0.2, 0.2]
Prune local model 3, pr_ratio = [0.2, 0.2, 0.2, 0.2]
Prune local model 2, pr_ratio = [0.2, 0.2, 0.2, 0.2]
Prune local model 1, pr_ratio = [0.2, 0.2, 0.2, 0.2]
Prune local model 7, pr_ratio = [0.2, 0.2, 0.2, 0.2]
Prune local model 8, pr_ratio = [0.2, 0.2, 0.2, 0.2]
Prune local model 4, pr_ratio = [0.2, 0.2, 0.2, 0.2]
Prune local model 9, pr_ratio = [0.2, 0.2, 0.2, 0.2]
Prune local model 5, pr_ratio = [0.2, 0.2, 0.2, 0.2]
Prune local model 0, pr_ratio = [0.2, 0.2, 0.2, 0.2]
Round 81 – LOCAL TPR pre-agg per client: ['0.425', '0.275', '0.671', '0.656', '0.574', '0.574', '0.532', '0.337', '0.250', '0.167']
Round 81 – TPR per Domain: 0:0.383, 1:0.383, 2:0.367, 3:0.746, 4:0.570, 5:0.570, 6:0.570, 7:0.746, 8:0.367, 9:0.383
Round: 81 Method: dapperfl Mean_Acc: 51.823 Best_Acc: 57.362
Domain_Acc: [58.48, 74.21, 37.93, 36.67] Domain_BestAcc: [65.18, 81.05, 48.28, 53.33]
Prune local model 9, pr_ratio = [0.2, 0.2, 0.2, 0.2]
Prune local model 4, pr_ratio = [0.2, 0.2, 0.2, 0.2]
Prune local model 6, pr_ratio = [0.2, 0.2, 0.2, 0.2]
Prune local model 1, pr_ratio = [0.2, 0.2, 0.2, 0.2]
Prune local model 7, pr_ratio = [0.2, 0.2, 0.2, 0.2]
Prune local model 8, pr_ratio = [0.2, 0.2, 0.2, 0.2]
Prune local model 5, pr_ratio = [0.2, 0.2, 0.2, 0.2]
Prune local model 0, pr_ratio = [0.2, 0.2, 0.2, 0.2]
Prune local model 2, pr_ratio = [0.2, 0.2, 0.2, 0.2]
Prune local model 3, pr_ratio = [0.2, 0.2, 0.2, 0.2]
Round 82 – LOCAL TPR pre-agg per client: ['0.417', '0.625', '0.677', '0.711', '0.501', '0.474', '0.556', '0.611', '0.207', '0.275']
Round 82 – TPR per Domain: 0:0.308, 1:0.308, 2:0.402, 3:0.735, 4:0.606, 5:0.606, 6:0.606, 7:0.735, 8:0.402, 9:0.308
Round: 82 Method: dapperfl Mean_Acc: 51.918 Best_Acc: 57.362
Domain_Acc: [62.05, 72.63, 39.66, 33.33] Domain_BestAcc: [65.18, 81.05, 48.28, 53.33]
Prune local model 6, pr_ratio = [0.2, 0.2, 0.2, 0.2]
Prune local model 5, pr_ratio = [0.2, 0.2, 0.2, 0.2]
Prune local model 2, pr_ratio = [0.2, 0.2, 0.2, 0.2]
Prune local model 8, pr_ratio = [0.2, 0.2, 0.2, 0.2]
Prune local model 0, pr_ratio = [0.2, 0.2, 0.2, 0.2]
Prune local model 7, pr_ratio = [0.2, 0.2, 0.2, 0.2]
Prune local model 3, pr_ratio = [0.2, 0.2, 0.2, 0.2]
Prune local model 1, pr_ratio = [0.2, 0.2, 0.2, 0.2]
Prune local model 4, pr_ratio = [0.2, 0.2, 0.2, 0.2]
Prune local model 9, pr_ratio = [0.2, 0.2, 0.2, 0.2]
Round 83 – LOCAL TPR pre-agg per client: ['0.317', '0.400', '0.671', '0.803', '0.497', '0.520', '0.595', '0.728', '0.263', '0.225']
Round 83 – TPR per Domain: 0:0.333, 1:0.333, 2:0.476, 3:0.792, 4:0.616, 5:0.616, 6:0.616, 7:0.792, 8:0.476, 9:0.333
Round: 83 Method: dapperfl Mean_Acc: 55.555 Best_Acc: 57.362
Domain_Acc: [63.39, 78.95, 46.55, 33.33] Domain_BestAcc: [65.18, 81.05, 48.28, 53.33]
Prune local model 6, pr_ratio = [0.2, 0.2, 0.2, 0.2]
Prune local model 3, pr_ratio = [0.2, 0.2, 0.2, 0.2]
Prune local model 0, pr_ratio = [0.2, 0.2, 0.2, 0.2]
Prune local model 9, pr_ratio = [0.2, 0.2, 0.2, 0.2]
Prune local model 7, pr_ratio = [0.2, 0.2, 0.2, 0.2]
Prune local model 5, pr_ratio = [0.2, 0.2, 0.2, 0.2]
Prune local model 8, pr_ratio = [0.2, 0.2, 0.2, 0.2]
Prune local model 4, pr_ratio = [0.2, 0.2, 0.2, 0.2]
Prune local model 2, pr_ratio = [0.2, 0.2, 0.2, 0.2]
Prune local model 1, pr_ratio = [0.2, 0.2, 0.2, 0.2]
Round 84 – LOCAL TPR pre-agg per client: ['0.483', '0.458', '0.575', '0.698', '0.487', '0.533', '0.587', '0.622', '0.146', '0.300']
Round 84 – TPR per Domain: 0:0.325, 1:0.325, 2:0.455, 3:0.737, 4:0.608, 5:0.608, 6:0.608, 7:0.737, 8:0.455, 9:0.325
Round: 84 Method: dapperfl Mean_Acc: 54.177 Best_Acc: 57.362
Domain_Acc: [62.05, 73.16, 44.83, 36.67] Domain_BestAcc: [65.18, 81.05, 48.28, 53.33]
Prune local model 6, pr_ratio = [0.2, 0.2, 0.2, 0.2]
Prune local model 4, pr_ratio = [0.2, 0.2, 0.2, 0.2]
Prune local model 7, pr_ratio = [0.2, 0.2, 0.2, 0.2]
Prune local model 5, pr_ratio = [0.2, 0.2, 0.2, 0.2]
Prune local model 8, pr_ratio = [0.2, 0.2, 0.2, 0.2]
Prune local model 0, pr_ratio = [0.2, 0.2, 0.2, 0.2]
Prune local model 1, pr_ratio = [0.2, 0.2, 0.2, 0.2]
Prune local model 3, pr_ratio = [0.2, 0.2, 0.2, 0.2]
Prune local model 2, pr_ratio = [0.2, 0.2, 0.2, 0.2]
Prune local model 9, pr_ratio = [0.2, 0.2, 0.2, 0.2]
Round 85 – LOCAL TPR pre-agg per client: ['0.542', '0.542', '0.596', '0.794', '0.566', '0.495', '0.545', '0.731', '0.199', '0.275']
Round 85 – TPR per Domain: 0:0.425, 1:0.425, 2:0.436, 3:0.799, 4:0.617, 5:0.617, 6:0.617, 7:0.799, 8:0.436, 9:0.425
Round: 85 Method: dapperfl Mean_Acc: 57.435 Best_Acc: 57.435
Domain_Acc: [63.84, 79.47, 43.1, 43.33] Domain_BestAcc: [65.18, 81.05, 48.28, 53.33]
Prune local model 8, pr_ratio = [0.2, 0.2, 0.2, 0.2]
Prune local model 7, pr_ratio = [0.2, 0.2, 0.2, 0.2]
Prune local model 5, pr_ratio = [0.2, 0.2, 0.2, 0.2]
Prune local model 3, pr_ratio = [0.2, 0.2, 0.2, 0.2]
Prune local model 4, pr_ratio = [0.2, 0.2, 0.2, 0.2]
Prune local model 6, pr_ratio = [0.2, 0.2, 0.2, 0.2]
Prune local model 2, pr_ratio = [0.2, 0.2, 0.2, 0.2]
Prune local model 0, pr_ratio = [0.2, 0.2, 0.2, 0.2]
Prune local model 1, pr_ratio = [0.2, 0.2, 0.2, 0.2]
Prune local model 9, pr_ratio = [0.2, 0.2, 0.2, 0.2]
Round 86 – LOCAL TPR pre-agg per client: ['0.458', '0.550', '0.642', '0.627', '0.599', '0.606', '0.600', '0.802', '0.193', '0.100']
Round 86 – TPR per Domain: 0:0.350, 1:0.350, 2:0.443, 3:0.790, 4:0.607, 5:0.607, 6:0.607, 7:0.790, 8:0.443, 9:0.350
Round: 86 Method: dapperfl Mean_Acc: 55.172 Best_Acc: 57.435
Domain_Acc: [62.5, 78.42, 43.1, 36.67] Domain_BestAcc: [65.18, 81.05, 48.28, 53.33]
Prune local model 2, pr_ratio = [0.2, 0.2, 0.2, 0.2]
Prune local model 7, pr_ratio = [0.2, 0.2, 0.2, 0.2]
Prune local model 1, pr_ratio = [0.2, 0.2, 0.2, 0.2]
Prune local model 6, pr_ratio = [0.2, 0.2, 0.2, 0.2]
Prune local model 8, pr_ratio = [0.2, 0.2, 0.2, 0.2]
Prune local model 9, pr_ratio = [0.2, 0.2, 0.2, 0.2]
Prune local model 4, pr_ratio = [0.2, 0.2, 0.2, 0.2]
Prune local model 5, pr_ratio = [0.2, 0.2, 0.2, 0.2]
Prune local model 3, pr_ratio = [0.2, 0.2, 0.2, 0.2]
Prune local model 0, pr_ratio = [0.2, 0.2, 0.2, 0.2]
Round 87 – LOCAL TPR pre-agg per client: ['0.492', '0.525', '0.679', '0.651', '0.544', '0.582', '0.537', '0.722', '0.327', '0.250']
Round 87 – TPR per Domain: 0:0.233, 1:0.233, 2:0.423, 3:0.788, 4:0.574, 5:0.574, 6:0.574, 7:0.788, 8:0.423, 9:0.233
Round: 87 Method: dapperfl Mean_Acc: 51.35 Best_Acc: 57.435
Domain_Acc: [58.93, 78.42, 41.38, 26.67] Domain_BestAcc: [65.18, 81.05, 48.28, 53.33]
Prune local model 2, pr_ratio = [0.2, 0.2, 0.2, 0.2]
Prune local model 7, pr_ratio = [0.2, 0.2, 0.2, 0.2]
Prune local model 9, pr_ratio = [0.2, 0.2, 0.2, 0.2]
Prune local model 8, pr_ratio = [0.2, 0.2, 0.2, 0.2]
Prune local model 6, pr_ratio = [0.2, 0.2, 0.2, 0.2]
Prune local model 4, pr_ratio = [0.2, 0.2, 0.2, 0.2]
Prune local model 0, pr_ratio = [0.2, 0.2, 0.2, 0.2]
Prune local model 5, pr_ratio = [0.2, 0.2, 0.2, 0.2]
Prune local model 3, pr_ratio = [0.2, 0.2, 0.2, 0.2]
Prune local model 1, pr_ratio = [0.2, 0.2, 0.2, 0.2]
Round 88 – LOCAL TPR pre-agg per client: ['0.642', '0.433', '0.662', '0.714', '0.574', '0.580', '0.615', '0.673', '0.120', '0.250']
Round 88 – TPR per Domain: 0:0.275, 1:0.275, 2:0.448, 3:0.784, 4:0.642, 5:0.642, 6:0.642, 7:0.784, 8:0.448, 9:0.275
Round: 88 Method: dapperfl Mean_Acc: 55.417 Best_Acc: 57.435
Domain_Acc: [65.62, 77.89, 44.83, 33.33] Domain_BestAcc: [65.62, 81.05, 48.28, 53.33]
Prune local model 4, pr_ratio = [0.2, 0.2, 0.2, 0.2]
Prune local model 6, pr_ratio = [0.2, 0.2, 0.2, 0.2]
Prune local model 7, pr_ratio = [0.2, 0.2, 0.2, 0.2]
Prune local model 9, pr_ratio = [0.2, 0.2, 0.2, 0.2]
Prune local model 2, pr_ratio = [0.2, 0.2, 0.2, 0.2]
Prune local model 0, pr_ratio = [0.2, 0.2, 0.2, 0.2]
Prune local model 3, pr_ratio = [0.2, 0.2, 0.2, 0.2]
Prune local model 5, pr_ratio = [0.2, 0.2, 0.2, 0.2]
Prune local model 1, pr_ratio = [0.2, 0.2, 0.2, 0.2]
Prune local model 8, pr_ratio = [0.2, 0.2, 0.2, 0.2]
Round 89 – LOCAL TPR pre-agg per client: ['0.558', '0.417', '0.667', '0.773', '0.586', '0.573', '0.565', '0.759', '0.166', '0.258']
Round 89 – TPR per Domain: 0:0.358, 1:0.358, 2:0.378, 3:0.805, 4:0.620, 5:0.620, 6:0.620, 7:0.805, 8:0.378, 9:0.358
Round: 89 Method: dapperfl Mean_Acc: 54.388 Best_Acc: 57.435
Domain_Acc: [62.95, 80.0, 37.93, 36.67] Domain_BestAcc: [65.62, 81.05, 48.28, 53.33]
Prune local model 5, pr_ratio = [0.2, 0.2, 0.2, 0.2]
Prune local model 3, pr_ratio = [0.2, 0.2, 0.2, 0.2]
Prune local model 4, pr_ratio = [0.2, 0.2, 0.2, 0.2]
Prune local model 7, pr_ratio = [0.2, 0.2, 0.2, 0.2]
Prune local model 2, pr_ratio = [0.2, 0.2, 0.2, 0.2]
Prune local model 1, pr_ratio = [0.2, 0.2, 0.2, 0.2]
Prune local model 9, pr_ratio = [0.2, 0.2, 0.2, 0.2]
Prune local model 8, pr_ratio = [0.2, 0.2, 0.2, 0.2]
Prune local model 6, pr_ratio = [0.2, 0.2, 0.2, 0.2]
Prune local model 0, pr_ratio = [0.2, 0.2, 0.2, 0.2]
Round 90 – LOCAL TPR pre-agg per client: ['0.383', '0.367', '0.637', '0.735', '0.572', '0.549', '0.591', '0.590', '0.318', '0.225']
Round 90 – TPR per Domain: 0:0.383, 1:0.383, 2:0.368, 3:0.774, 4:0.628, 5:0.628, 6:0.628, 7:0.774, 8:0.368, 9:0.383
Round: 90 Method: dapperfl Mean_Acc: 53.612 Best_Acc: 57.435
Domain_Acc: [64.73, 76.84, 36.21, 36.67] Domain_BestAcc: [65.62, 81.05, 48.28, 53.33]
Prune local model 6, pr_ratio = [0.2, 0.2, 0.2, 0.2]
Prune local model 9, pr_ratio = [0.2, 0.2, 0.2, 0.2]
Prune local model 4, pr_ratio = [0.2, 0.2, 0.2, 0.2]
Prune local model 7, pr_ratio = [0.2, 0.2, 0.2, 0.2]
Prune local model 1, pr_ratio = [0.2, 0.2, 0.2, 0.2]
Prune local model 0, pr_ratio = [0.2, 0.2, 0.2, 0.2]
Prune local model 3, pr_ratio = [0.2, 0.2, 0.2, 0.2]
Prune local model 2, pr_ratio = [0.2, 0.2, 0.2, 0.2]
Prune local model 8, pr_ratio = [0.2, 0.2, 0.2, 0.2]
Prune local model 5, pr_ratio = [0.2, 0.2, 0.2, 0.2]
Round 91 – LOCAL TPR pre-agg per client: ['0.458', '0.550', '0.621', '0.764', '0.489', '0.570', '0.574', '0.807', '0.325', '0.150']
Round 91 – TPR per Domain: 0:0.383, 1:0.383, 2:0.463, 3:0.770, 4:0.605, 5:0.605, 6:0.605, 7:0.770, 8:0.463, 9:0.383
Round: 91 Method: dapperfl Mean_Acc: 56.12 Best_Acc: 57.435
Domain_Acc: [61.61, 76.32, 46.55, 40.0] Domain_BestAcc: [65.62, 81.05, 48.28, 53.33]
Prune local model 3, pr_ratio = [0.2, 0.2, 0.2, 0.2]
Prune local model 7, pr_ratio = [0.2, 0.2, 0.2, 0.2]
Prune local model 9, pr_ratio = [0.2, 0.2, 0.2, 0.2]
Prune local model 0, pr_ratio = [0.2, 0.2, 0.2, 0.2]
Prune local model 6, pr_ratio = [0.2, 0.2, 0.2, 0.2]
Prune local model 5, pr_ratio = [0.2, 0.2, 0.2, 0.2]
Prune local model 1, pr_ratio = [0.2, 0.2, 0.2, 0.2]
Prune local model 4, pr_ratio = [0.2, 0.2, 0.2, 0.2]
Prune local model 8, pr_ratio = [0.2, 0.2, 0.2, 0.2]
Prune local model 2, pr_ratio = [0.2, 0.2, 0.2, 0.2]
Round 92 – LOCAL TPR pre-agg per client: ['0.508', '0.300', '0.575', '0.787', '0.619', '0.586', '0.447', '0.649', '0.173', '0.350']
Round 92 – TPR per Domain: 0:0.425, 1:0.425, 2:0.427, 3:0.783, 4:0.633, 5:0.633, 6:0.633, 7:0.783, 8:0.427, 9:0.425
Round: 92 Method: dapperfl Mean_Acc: 56.945 Best_Acc: 57.435
Domain_Acc: [65.18, 77.89, 41.38, 43.33] Domain_BestAcc: [65.62, 81.05, 48.28, 53.33]
Prune local model 5, pr_ratio = [0.2, 0.2, 0.2, 0.2]
Prune local model 1, pr_ratio = [0.2, 0.2, 0.2, 0.2]
Prune local model 4, pr_ratio = [0.2, 0.2, 0.2, 0.2]
Prune local model 0, pr_ratio = [0.2, 0.2, 0.2, 0.2]
Prune local model 2, pr_ratio = [0.2, 0.2, 0.2, 0.2]
Prune local model 6, pr_ratio = [0.2, 0.2, 0.2, 0.2]
Prune local model 3, pr_ratio = [0.2, 0.2, 0.2, 0.2]
Prune local model 7, pr_ratio = [0.2, 0.2, 0.2, 0.2]
Prune local model 8, pr_ratio = [0.2, 0.2, 0.2, 0.2]
Prune local model 9, pr_ratio = [0.2, 0.2, 0.2, 0.2]
Round 93 – LOCAL TPR pre-agg per client: ['0.525', '0.425', '0.517', '0.793', '0.601', '0.577', '0.581', '0.664', '0.208', '0.225']
Round 93 – TPR per Domain: 0:0.417, 1:0.417, 2:0.357, 3:0.803, 4:0.617, 5:0.617, 6:0.617, 7:0.803, 8:0.357, 9:0.417
Round: 93 Method: dapperfl Mean_Acc: 55.3 Best_Acc: 57.435
Domain_Acc: [63.39, 80.0, 34.48, 43.33] Domain_BestAcc: [65.62, 81.05, 48.28, 53.33]
Prune local model 4, pr_ratio = [0.2, 0.2, 0.2, 0.2]
Prune local model 6, pr_ratio = [0.2, 0.2, 0.2, 0.2]
Prune local model 8, pr_ratio = [0.2, 0.2, 0.2, 0.2]
Prune local model 5, pr_ratio = [0.2, 0.2, 0.2, 0.2]
Prune local model 1, pr_ratio = [0.2, 0.2, 0.2, 0.2]
Prune local model 7, pr_ratio = [0.2, 0.2, 0.2, 0.2]
Prune local model 0, pr_ratio = [0.2, 0.2, 0.2, 0.2]
Prune local model 9, pr_ratio = [0.2, 0.2, 0.2, 0.2]
Prune local model 2, pr_ratio = [0.2, 0.2, 0.2, 0.2]
Prune local model 3, pr_ratio = [0.2, 0.2, 0.2, 0.2]
Round 94 – LOCAL TPR pre-agg per client: ['0.467', '0.325', '0.621', '0.808', '0.587', '0.604', '0.582', '0.720', '0.325', '0.200']
Round 94 – TPR per Domain: 0:0.400, 1:0.400, 2:0.457, 3:0.779, 4:0.635, 5:0.635, 6:0.635, 7:0.779, 8:0.457, 9:0.400
Round: 94 Method: dapperfl Mean_Acc: 56.955 Best_Acc: 57.435
Domain_Acc: [65.62, 77.37, 44.83, 40.0] Domain_BestAcc: [65.62, 81.05, 48.28, 53.33]
Prune local model 5, pr_ratio = [0.2, 0.2, 0.2, 0.2]
Prune local model 2, pr_ratio = [0.2, 0.2, 0.2, 0.2]
Prune local model 4, pr_ratio = [0.2, 0.2, 0.2, 0.2]
Prune local model 9, pr_ratio = [0.2, 0.2, 0.2, 0.2]
Prune local model 0, pr_ratio = [0.2, 0.2, 0.2, 0.2]
Prune local model 8, pr_ratio = [0.2, 0.2, 0.2, 0.2]
Prune local model 6, pr_ratio = [0.2, 0.2, 0.2, 0.2]
Prune local model 7, pr_ratio = [0.2, 0.2, 0.2, 0.2]
Prune local model 3, pr_ratio = [0.2, 0.2, 0.2, 0.2]
Prune local model 1, pr_ratio = [0.2, 0.2, 0.2, 0.2]
Round 95 – LOCAL TPR pre-agg per client: ['0.492', '0.533', '0.625', '0.791', '0.544', '0.599', '0.601', '0.462', '0.237', '0.225']
Round 95 – TPR per Domain: 0:0.333, 1:0.333, 2:0.386, 3:0.789, 4:0.617, 5:0.617, 6:0.617, 7:0.789, 8:0.386, 9:0.333
Round: 95 Method: dapperfl Mean_Acc: 53.268 Best_Acc: 57.435
Domain_Acc: [63.39, 78.42, 37.93, 33.33] Domain_BestAcc: [65.62, 81.05, 48.28, 53.33]
Prune local model 6, pr_ratio = [0.2, 0.2, 0.2, 0.2]
Prune local model 4, pr_ratio = [0.2, 0.2, 0.2, 0.2]
Prune local model 3, pr_ratio = [0.2, 0.2, 0.2, 0.2]
Prune local model 5, pr_ratio = [0.2, 0.2, 0.2, 0.2]
Prune local model 8, pr_ratio = [0.2, 0.2, 0.2, 0.2]
Prune local model 9, pr_ratio = [0.2, 0.2, 0.2, 0.2]
Prune local model 7, pr_ratio = [0.2, 0.2, 0.2, 0.2]
Prune local model 2, pr_ratio = [0.2, 0.2, 0.2, 0.2]
Prune local model 1, pr_ratio = [0.2, 0.2, 0.2, 0.2]
Prune local model 0, pr_ratio = [0.2, 0.2, 0.2, 0.2]
Round 96 – LOCAL TPR pre-agg per client: ['0.533', '0.375', '0.542', '0.736', '0.550', '0.653', '0.609', '0.633', '0.142', '0.350']
Round 96 – TPR per Domain: 0:0.350, 1:0.350, 2:0.397, 3:0.775, 4:0.591, 5:0.591, 6:0.591, 7:0.775, 8:0.397, 9:0.350
Round: 96 Method: dapperfl Mean_Acc: 53.47 Best_Acc: 57.435
Domain_Acc: [60.71, 76.84, 39.66, 36.67] Domain_BestAcc: [65.62, 81.05, 48.28, 53.33]
Prune local model 4, pr_ratio = [0.2, 0.2, 0.2, 0.2]
Prune local model 8, pr_ratio = [0.2, 0.2, 0.2, 0.2]
Prune local model 7, pr_ratio = [0.2, 0.2, 0.2, 0.2]
Prune local model 3, pr_ratio = [0.2, 0.2, 0.2, 0.2]
Prune local model 1, pr_ratio = [0.2, 0.2, 0.2, 0.2]
Prune local model 5, pr_ratio = [0.2, 0.2, 0.2, 0.2]
Prune local model 2, pr_ratio = [0.2, 0.2, 0.2, 0.2]
Prune local model 0, pr_ratio = [0.2, 0.2, 0.2, 0.2]
Prune local model 6, pr_ratio = [0.2, 0.2, 0.2, 0.2]
Prune local model 9, pr_ratio = [0.2, 0.2, 0.2, 0.2]
Round 97 – LOCAL TPR pre-agg per client: ['0.458', '0.408', '0.675', '0.715', '0.565', '0.545', '0.583', '0.698', '0.322', '0.350']
Round 97 – TPR per Domain: 0:0.358, 1:0.358, 2:0.497, 3:0.807, 4:0.605, 5:0.605, 6:0.605, 7:0.807, 8:0.497, 9:0.358
Round: 97 Method: dapperfl Mean_Acc: 57.108 Best_Acc: 57.435
Domain_Acc: [62.95, 80.53, 48.28, 36.67] Domain_BestAcc: [65.62, 81.05, 48.28, 53.33]
Prune local model 2, pr_ratio = [0.2, 0.2, 0.2, 0.2]
Prune local model 3, pr_ratio = [0.2, 0.2, 0.2, 0.2]
Prune local model 1, pr_ratio = [0.2, 0.2, 0.2, 0.2]
Prune local model 7, pr_ratio = [0.2, 0.2, 0.2, 0.2]
Prune local model 6, pr_ratio = [0.2, 0.2, 0.2, 0.2]
Prune local model 8, pr_ratio = [0.2, 0.2, 0.2, 0.2]
Prune local model 9, pr_ratio = [0.2, 0.2, 0.2, 0.2]
Prune local model 4, pr_ratio = [0.2, 0.2, 0.2, 0.2]
Prune local model 5, pr_ratio = [0.2, 0.2, 0.2, 0.2]
Prune local model 0, pr_ratio = [0.2, 0.2, 0.2, 0.2]
Round 98 – LOCAL TPR pre-agg per client: ['0.508', '0.475', '0.654', '0.708', '0.563', '0.598', '0.567', '0.746', '0.314', '0.150']
Round 98 – TPR per Domain: 0:0.383, 1:0.383, 2:0.457, 3:0.773, 4:0.608, 5:0.608, 6:0.608, 7:0.773, 8:0.457, 9:0.383
Round: 98 Method: dapperfl Mean_Acc: 55.098 Best_Acc: 57.435
Domain_Acc: [62.05, 76.84, 44.83, 36.67] Domain_BestAcc: [65.62, 81.05, 48.28, 53.33]
Prune local model 2, pr_ratio = [0.2, 0.2, 0.2, 0.2]
Prune local model 4, pr_ratio = [0.2, 0.2, 0.2, 0.2]
Prune local model 0, pr_ratio = [0.2, 0.2, 0.2, 0.2]
Prune local model 5, pr_ratio = [0.2, 0.2, 0.2, 0.2]
Prune local model 7, pr_ratio = [0.2, 0.2, 0.2, 0.2]
Prune local model 3, pr_ratio = [0.2, 0.2, 0.2, 0.2]
Prune local model 1, pr_ratio = [0.2, 0.2, 0.2, 0.2]
Prune local model 6, pr_ratio = [0.2, 0.2, 0.2, 0.2]
Prune local model 8, pr_ratio = [0.2, 0.2, 0.2, 0.2]
Prune local model 9, pr_ratio = [0.2, 0.2, 0.2, 0.2]
Round 99 – LOCAL TPR pre-agg per client: ['0.558', '0.525', '0.658', '0.687', '0.584', '0.592', '0.614', '0.800', '0.108', '0.183']
Round 99 – TPR per Domain: 0:0.350, 1:0.350, 2:0.472, 3:0.799, 4:0.633, 5:0.633, 6:0.633, 7:0.799, 8:0.472, 9:0.350
Round: 99 Method: dapperfl Mean_Acc: 56.855 Best_Acc: 57.435
Domain_Acc: [64.73, 79.47, 46.55, 36.67] Domain_BestAcc: [65.62, 81.05, 48.28, 53.33]
2025-05-23 12:36:48
