Namespace(prefix='', communication_epoch=100, local_epoch=5, parti_num=10, model='fedsr', dataset='fl_officecaltech', pr_strategy='AD', backbone='resnet18', alpha=0.9, alpha_min=0.1, epsilon=0.2, reg_coeff=0.01, wandb=0, device_id=0, seed=1234, rand_dataset=1, learning_decay=False, averaing='weight', online_ratio=1, mu=0.1, input_dim=28, csv_log=False, local_lr=0.01, local_batch_size=64, device=device(type='cuda'), z_dim=512, back_bone='resnet18', num_classes=10, optim='SGD', lr=0.01, weight_decay=0.0001, L2R_coeff=0.01, arch='resnet18')
2025-04-13 17:44:28
{'dslr': 3, 'webcam': 2, 'amazon': 2, 'caltech': 3}
['dslr', 'dslr', 'webcam', 'amazon', 'caltech', 'caltech', 'caltech', 'amazon', 'webcam', 'dslr']
Round: 0 Method: fedsr Mean_Acc: 22.93 Best_Acc: 22.93
Domain_Acc: [22.32, 25.26, 24.14, 20.0] Domain_BestAcc: [22.32, 25.26, 24.14, 20.0]
Round: 1 Method: fedsr Mean_Acc: 45.0 Best_Acc: 45.0
Domain_Acc: [42.86, 51.05, 32.76, 53.33] Domain_BestAcc: [42.86, 51.05, 32.76, 53.33]
Round: 2 Method: fedsr Mean_Acc: 55.692 Best_Acc: 55.692
Domain_Acc: [49.11, 68.95, 41.38, 63.33] Domain_BestAcc: [49.11, 68.95, 41.38, 63.33]
Round: 3 Method: fedsr Mean_Acc: 62.707 Best_Acc: 62.707
Domain_Acc: [54.02, 68.42, 51.72, 76.67] Domain_BestAcc: [54.02, 68.95, 51.72, 76.67]
Round: 4 Method: fedsr Mean_Acc: 64.065 Best_Acc: 64.065
Domain_Acc: [55.36, 68.95, 58.62, 73.33] Domain_BestAcc: [55.36, 68.95, 58.62, 76.67]
Round: 5 Method: fedsr Mean_Acc: 66.735 Best_Acc: 66.735
Domain_Acc: [59.82, 70.0, 63.79, 73.33] Domain_BestAcc: [59.82, 70.0, 63.79, 76.67]
Round: 6 Method: fedsr Mean_Acc: 69.425 Best_Acc: 69.425
Domain_Acc: [61.16, 72.63, 67.24, 76.67] Domain_BestAcc: [61.16, 72.63, 67.24, 76.67]
Round: 7 Method: fedsr Mean_Acc: 65.438 Best_Acc: 69.425
Domain_Acc: [61.61, 74.74, 62.07, 63.33] Domain_BestAcc: [61.61, 74.74, 67.24, 76.67]
Round: 8 Method: fedsr Mean_Acc: 63.782 Best_Acc: 69.425
Domain_Acc: [59.38, 73.68, 62.07, 60.0] Domain_BestAcc: [61.61, 74.74, 67.24, 76.67]
Round: 9 Method: fedsr Mean_Acc: 63.92 Best_Acc: 69.425
Domain_Acc: [59.38, 72.63, 60.34, 63.33] Domain_BestAcc: [61.61, 74.74, 67.24, 76.67]
Round: 10 Method: fedsr Mean_Acc: 67.805 Best_Acc: 69.425
Domain_Acc: [62.95, 72.63, 68.97, 66.67] Domain_BestAcc: [62.95, 74.74, 68.97, 76.67]
Round: 11 Method: fedsr Mean_Acc: 69.308 Best_Acc: 69.425
Domain_Acc: [64.73, 75.26, 67.24, 70.0] Domain_BestAcc: [64.73, 75.26, 68.97, 76.67]
Round: 12 Method: fedsr Mean_Acc: 68.595 Best_Acc: 69.425
Domain_Acc: [65.18, 73.68, 65.52, 70.0] Domain_BestAcc: [65.18, 75.26, 68.97, 76.67]
Round: 13 Method: fedsr Mean_Acc: 67.705 Best_Acc: 69.425
Domain_Acc: [65.62, 74.74, 63.79, 66.67] Domain_BestAcc: [65.62, 75.26, 68.97, 76.67]
Round: 14 Method: fedsr Mean_Acc: 71.788 Best_Acc: 71.788
Domain_Acc: [66.96, 77.89, 68.97, 73.33] Domain_BestAcc: [66.96, 77.89, 68.97, 76.67]
Round: 15 Method: fedsr Mean_Acc: 71.273 Best_Acc: 71.788
Domain_Acc: [68.75, 77.37, 68.97, 70.0] Domain_BestAcc: [68.75, 77.89, 68.97, 76.67]
Round: 16 Method: fedsr Mean_Acc: 71.672 Best_Acc: 71.788
Domain_Acc: [68.75, 77.37, 67.24, 73.33] Domain_BestAcc: [68.75, 77.89, 68.97, 76.67]
Round: 17 Method: fedsr Mean_Acc: 73.025 Best_Acc: 73.025
Domain_Acc: [67.41, 78.95, 72.41, 73.33] Domain_BestAcc: [68.75, 78.95, 72.41, 76.67]
Round: 18 Method: fedsr Mean_Acc: 73.212 Best_Acc: 73.212
Domain_Acc: [66.96, 78.42, 74.14, 73.33] Domain_BestAcc: [68.75, 78.95, 74.14, 76.67]
Round: 19 Method: fedsr Mean_Acc: 73.325 Best_Acc: 73.325
Domain_Acc: [67.41, 78.42, 74.14, 73.33] Domain_BestAcc: [68.75, 78.95, 74.14, 76.67]
Round: 20 Method: fedsr Mean_Acc: 72.622 Best_Acc: 73.325
Domain_Acc: [66.96, 77.89, 68.97, 76.67] Domain_BestAcc: [68.75, 78.95, 74.14, 76.67]
Round: 21 Method: fedsr Mean_Acc: 73.465 Best_Acc: 73.465
Domain_Acc: [67.41, 77.37, 72.41, 76.67] Domain_BestAcc: [68.75, 78.95, 74.14, 76.67]
Round: 22 Method: fedsr Mean_Acc: 73.665 Best_Acc: 73.665
Domain_Acc: [66.52, 78.95, 75.86, 73.33] Domain_BestAcc: [68.75, 78.95, 75.86, 76.67]
Round: 23 Method: fedsr Mean_Acc: 72.87 Best_Acc: 73.665
Domain_Acc: [65.62, 80.0, 75.86, 70.0] Domain_BestAcc: [68.75, 80.0, 75.86, 76.67]
Round: 24 Method: fedsr Mean_Acc: 75.38 Best_Acc: 75.38
Domain_Acc: [67.41, 81.58, 75.86, 76.67] Domain_BestAcc: [68.75, 81.58, 75.86, 76.67]
Round: 25 Method: fedsr Mean_Acc: 73.08 Best_Acc: 75.38
Domain_Acc: [66.96, 77.89, 74.14, 73.33] Domain_BestAcc: [68.75, 81.58, 75.86, 76.67]
Round: 26 Method: fedsr Mean_Acc: 73.973 Best_Acc: 75.38
Domain_Acc: [66.52, 76.84, 75.86, 76.67] Domain_BestAcc: [68.75, 81.58, 75.86, 76.67]
Round: 27 Method: fedsr Mean_Acc: 73.202 Best_Acc: 75.38
Domain_Acc: [67.41, 76.32, 72.41, 76.67] Domain_BestAcc: [68.75, 81.58, 75.86, 76.67]
Round: 28 Method: fedsr Mean_Acc: 71.692 Best_Acc: 75.38
Domain_Acc: [66.96, 75.79, 70.69, 73.33] Domain_BestAcc: [68.75, 81.58, 75.86, 76.67]
Round: 29 Method: fedsr Mean_Acc: 73.585 Best_Acc: 75.38
Domain_Acc: [67.86, 75.79, 70.69, 80.0] Domain_BestAcc: [68.75, 81.58, 75.86, 80.0]
Round: 30 Method: fedsr Mean_Acc: 74.035 Best_Acc: 75.38
Domain_Acc: [67.41, 76.32, 72.41, 80.0] Domain_BestAcc: [68.75, 81.58, 75.86, 80.0]
Round: 31 Method: fedsr Mean_Acc: 73.8 Best_Acc: 75.38
Domain_Acc: [68.75, 77.37, 72.41, 76.67] Domain_BestAcc: [68.75, 81.58, 75.86, 80.0]
Round: 32 Method: fedsr Mean_Acc: 74.745 Best_Acc: 75.38
Domain_Acc: [69.2, 77.37, 72.41, 80.0] Domain_BestAcc: [69.2, 81.58, 75.86, 80.0]
Round: 33 Method: fedsr Mean_Acc: 73.352 Best_Acc: 75.38
Domain_Acc: [66.96, 77.37, 72.41, 76.67] Domain_BestAcc: [69.2, 81.58, 75.86, 80.0]
Round: 34 Method: fedsr Mean_Acc: 74.082 Best_Acc: 75.38
Domain_Acc: [68.3, 78.95, 72.41, 76.67] Domain_BestAcc: [69.2, 81.58, 75.86, 80.0]
Round: 35 Method: fedsr Mean_Acc: 73.84 Best_Acc: 75.38
Domain_Acc: [67.86, 78.42, 72.41, 76.67] Domain_BestAcc: [69.2, 81.58, 75.86, 80.0]
Round: 36 Method: fedsr Mean_Acc: 74.273 Best_Acc: 75.38
Domain_Acc: [67.86, 78.42, 74.14, 76.67] Domain_BestAcc: [69.2, 81.58, 75.86, 80.0]
Round: 37 Method: fedsr Mean_Acc: 74.805 Best_Acc: 75.38
Domain_Acc: [67.86, 78.95, 72.41, 80.0] Domain_BestAcc: [69.2, 81.58, 75.86, 80.0]
Round: 38 Method: fedsr Mean_Acc: 76.575 Best_Acc: 76.575
Domain_Acc: [68.3, 80.53, 74.14, 83.33] Domain_BestAcc: [69.2, 81.58, 75.86, 83.33]
Round: 39 Method: fedsr Mean_Acc: 75.65 Best_Acc: 76.575
Domain_Acc: [67.41, 81.05, 74.14, 80.0] Domain_BestAcc: [69.2, 81.58, 75.86, 83.33]
Round: 40 Method: fedsr Mean_Acc: 75.788 Best_Acc: 76.575
Domain_Acc: [67.41, 80.0, 72.41, 83.33] Domain_BestAcc: [69.2, 81.58, 75.86, 83.33]
Round: 41 Method: fedsr Mean_Acc: 76.65 Best_Acc: 76.65
Domain_Acc: [67.41, 80.0, 75.86, 83.33] Domain_BestAcc: [69.2, 81.58, 75.86, 83.33]
Round: 42 Method: fedsr Mean_Acc: 76.18 Best_Acc: 76.65
Domain_Acc: [68.3, 78.95, 74.14, 83.33] Domain_BestAcc: [69.2, 81.58, 75.86, 83.33]
Round: 43 Method: fedsr Mean_Acc: 75.367 Best_Acc: 76.65
Domain_Acc: [67.86, 79.47, 74.14, 80.0] Domain_BestAcc: [69.2, 81.58, 75.86, 83.33]
Round: 44 Method: fedsr Mean_Acc: 75.945 Best_Acc: 76.65
Domain_Acc: [69.64, 80.0, 74.14, 80.0] Domain_BestAcc: [69.64, 81.58, 75.86, 83.33]
Round: 45 Method: fedsr Mean_Acc: 77.32 Best_Acc: 77.32
Domain_Acc: [70.09, 80.0, 75.86, 83.33] Domain_BestAcc: [70.09, 81.58, 75.86, 83.33]
Round: 46 Method: fedsr Mean_Acc: 77.66 Best_Acc: 77.66
Domain_Acc: [70.54, 82.63, 74.14, 83.33] Domain_BestAcc: [70.54, 82.63, 75.86, 83.33]
Round: 47 Method: fedsr Mean_Acc: 76.265 Best_Acc: 77.66
Domain_Acc: [70.54, 82.11, 72.41, 80.0] Domain_BestAcc: [70.54, 82.63, 75.86, 83.33]
Round: 48 Method: fedsr Mean_Acc: 74.87 Best_Acc: 77.66
Domain_Acc: [70.54, 81.58, 70.69, 76.67] Domain_BestAcc: [70.54, 82.63, 75.86, 83.33]
Round: 49 Method: fedsr Mean_Acc: 74.98 Best_Acc: 77.66
Domain_Acc: [70.98, 81.58, 70.69, 76.67] Domain_BestAcc: [70.98, 82.63, 75.86, 83.33]
Round: 50 Method: fedsr Mean_Acc: 74.44 Best_Acc: 77.66
Domain_Acc: [70.54, 81.58, 68.97, 76.67] Domain_BestAcc: [70.98, 82.63, 75.86, 83.33]
Round: 51 Method: fedsr Mean_Acc: 73.765 Best_Acc: 77.66
Domain_Acc: [68.75, 78.95, 70.69, 76.67] Domain_BestAcc: [70.98, 82.63, 75.86, 83.33]
Round: 52 Method: fedsr Mean_Acc: 73.35 Best_Acc: 77.66
Domain_Acc: [69.2, 76.84, 70.69, 76.67] Domain_BestAcc: [70.98, 82.63, 75.86, 83.33]
Round: 53 Method: fedsr Mean_Acc: 73.388 Best_Acc: 77.66
Domain_Acc: [70.54, 77.37, 68.97, 76.67] Domain_BestAcc: [70.98, 82.63, 75.86, 83.33]
Round: 54 Method: fedsr Mean_Acc: 72.73 Best_Acc: 77.66
Domain_Acc: [69.64, 77.37, 67.24, 76.67] Domain_BestAcc: [70.98, 82.63, 75.86, 83.33]
Round: 55 Method: fedsr Mean_Acc: 72.73 Best_Acc: 77.66
Domain_Acc: [69.64, 77.37, 67.24, 76.67] Domain_BestAcc: [70.98, 82.63, 75.86, 83.33]
Round: 56 Method: fedsr Mean_Acc: 73.46 Best_Acc: 77.66
Domain_Acc: [69.64, 76.84, 70.69, 76.67] Domain_BestAcc: [70.98, 82.63, 75.86, 83.33]
Round: 57 Method: fedsr Mean_Acc: 74.042 Best_Acc: 77.66
Domain_Acc: [69.2, 77.89, 72.41, 76.67] Domain_BestAcc: [70.98, 82.63, 75.86, 83.33]
Round: 58 Method: fedsr Mean_Acc: 74.812 Best_Acc: 77.66
Domain_Acc: [68.3, 78.42, 75.86, 76.67] Domain_BestAcc: [70.98, 82.63, 75.86, 83.33]
Round: 59 Method: fedsr Mean_Acc: 74.608 Best_Acc: 77.66
Domain_Acc: [69.2, 78.42, 74.14, 76.67] Domain_BestAcc: [70.98, 82.63, 75.86, 83.33]
Round: 60 Method: fedsr Mean_Acc: 74.418 Best_Acc: 77.66
Domain_Acc: [69.64, 78.95, 72.41, 76.67] Domain_BestAcc: [70.98, 82.63, 75.86, 83.33]
Round: 61 Method: fedsr Mean_Acc: 77.128 Best_Acc: 77.66
Domain_Acc: [71.43, 77.89, 75.86, 83.33] Domain_BestAcc: [71.43, 82.63, 75.86, 83.33]
Round: 62 Method: fedsr Mean_Acc: 77.72 Best_Acc: 77.72
Domain_Acc: [70.98, 77.37, 75.86, 86.67] Domain_BestAcc: [71.43, 82.63, 75.86, 86.67]
Round: 63 Method: fedsr Mean_Acc: 78.075 Best_Acc: 78.075
Domain_Acc: [71.88, 77.89, 75.86, 86.67] Domain_BestAcc: [71.88, 82.63, 75.86, 86.67]
Round: 64 Method: fedsr Mean_Acc: 78.185 Best_Acc: 78.185
Domain_Acc: [72.32, 77.89, 75.86, 86.67] Domain_BestAcc: [72.32, 82.63, 75.86, 86.67]
Round: 65 Method: fedsr Mean_Acc: 78.185 Best_Acc: 78.185
Domain_Acc: [72.32, 77.89, 75.86, 86.67] Domain_BestAcc: [72.32, 82.63, 75.86, 86.67]
Round: 66 Method: fedsr Mean_Acc: 77.715 Best_Acc: 78.185
Domain_Acc: [73.21, 76.84, 74.14, 86.67] Domain_BestAcc: [73.21, 82.63, 75.86, 86.67]
Round: 67 Method: fedsr Mean_Acc: 77.833 Best_Acc: 78.185
Domain_Acc: [71.43, 77.37, 75.86, 86.67] Domain_BestAcc: [73.21, 82.63, 75.86, 86.67]
Round: 68 Method: fedsr Mean_Acc: 77.738 Best_Acc: 78.185
Domain_Acc: [72.77, 77.37, 74.14, 86.67] Domain_BestAcc: [73.21, 82.63, 75.86, 86.67]
Round: 69 Method: fedsr Mean_Acc: 76.852 Best_Acc: 78.185
Domain_Acc: [73.21, 76.84, 70.69, 86.67] Domain_BestAcc: [73.21, 82.63, 75.86, 86.67]
Round: 70 Method: fedsr Mean_Acc: 77.415 Best_Acc: 78.185
Domain_Acc: [73.21, 77.37, 72.41, 86.67] Domain_BestAcc: [73.21, 82.63, 75.86, 86.67]
Round: 71 Method: fedsr Mean_Acc: 76.17 Best_Acc: 78.185
Domain_Acc: [72.77, 77.89, 70.69, 83.33] Domain_BestAcc: [73.21, 82.63, 75.86, 86.67]
Round: 72 Method: fedsr Mean_Acc: 74.988 Best_Acc: 78.185
Domain_Acc: [70.98, 80.0, 68.97, 80.0] Domain_BestAcc: [73.21, 82.63, 75.86, 86.67]
Round: 73 Method: fedsr Mean_Acc: 76.925 Best_Acc: 78.185
Domain_Acc: [71.43, 80.53, 72.41, 83.33] Domain_BestAcc: [73.21, 82.63, 75.86, 86.67]
Round: 74 Method: fedsr Mean_Acc: 78.14 Best_Acc: 78.185
Domain_Acc: [72.32, 81.05, 75.86, 83.33] Domain_BestAcc: [73.21, 82.63, 75.86, 86.67]
Round: 75 Method: fedsr Mean_Acc: 78.22 Best_Acc: 78.22
Domain_Acc: [71.43, 80.53, 77.59, 83.33] Domain_BestAcc: [73.21, 82.63, 77.59, 86.67]
Round: 76 Method: fedsr Mean_Acc: 77.955 Best_Acc: 78.22
Domain_Acc: [71.43, 79.47, 77.59, 83.33] Domain_BestAcc: [73.21, 82.63, 77.59, 86.67]
Round: 77 Method: fedsr Mean_Acc: 77.878 Best_Acc: 78.22
Domain_Acc: [72.32, 80.0, 75.86, 83.33] Domain_BestAcc: [73.21, 82.63, 77.59, 86.67]
Round: 78 Method: fedsr Mean_Acc: 77.045 Best_Acc: 78.22
Domain_Acc: [72.32, 80.0, 75.86, 80.0] Domain_BestAcc: [73.21, 82.63, 77.59, 86.67]
Round: 79 Method: fedsr Mean_Acc: 77.185 Best_Acc: 78.22
Domain_Acc: [72.32, 78.95, 74.14, 83.33] Domain_BestAcc: [73.21, 82.63, 77.59, 86.67]
Round: 80 Method: fedsr Mean_Acc: 76.53 Best_Acc: 78.22
Domain_Acc: [71.43, 78.95, 72.41, 83.33] Domain_BestAcc: [73.21, 82.63, 77.59, 86.67]
Round: 81 Method: fedsr Mean_Acc: 75.94 Best_Acc: 78.22
Domain_Acc: [71.88, 79.47, 72.41, 80.0] Domain_BestAcc: [73.21, 82.63, 77.59, 86.67]
Round: 82 Method: fedsr Mean_Acc: 76.428 Best_Acc: 78.22
Domain_Acc: [72.77, 80.53, 72.41, 80.0] Domain_BestAcc: [73.21, 82.63, 77.59, 86.67]
Round: 83 Method: fedsr Mean_Acc: 76.273 Best_Acc: 78.22
Domain_Acc: [73.21, 79.47, 72.41, 80.0] Domain_BestAcc: [73.21, 82.63, 77.59, 86.67]
Round: 84 Method: fedsr Mean_Acc: 76.015 Best_Acc: 78.22
Domain_Acc: [72.32, 81.05, 70.69, 80.0] Domain_BestAcc: [73.21, 82.63, 77.59, 86.67]
Round: 85 Method: fedsr Mean_Acc: 76.807 Best_Acc: 78.22
Domain_Acc: [73.21, 80.0, 70.69, 83.33] Domain_BestAcc: [73.21, 82.63, 77.59, 86.67]
Round: 86 Method: fedsr Mean_Acc: 77.07 Best_Acc: 78.22
Domain_Acc: [73.21, 81.05, 70.69, 83.33] Domain_BestAcc: [73.21, 82.63, 77.59, 86.67]
Round: 87 Method: fedsr Mean_Acc: 76.96 Best_Acc: 78.22
Domain_Acc: [72.77, 81.05, 70.69, 83.33] Domain_BestAcc: [73.21, 82.63, 77.59, 86.67]
Round: 88 Method: fedsr Mean_Acc: 77.182 Best_Acc: 78.22
Domain_Acc: [73.66, 81.05, 70.69, 83.33] Domain_BestAcc: [73.66, 82.63, 77.59, 86.67]
Round: 89 Method: fedsr Mean_Acc: 76.35 Best_Acc: 78.22
Domain_Acc: [73.66, 81.05, 70.69, 80.0] Domain_BestAcc: [73.66, 82.63, 77.59, 86.67]
Round: 90 Method: fedsr Mean_Acc: 77.595 Best_Acc: 78.22
Domain_Acc: [74.11, 80.53, 72.41, 83.33] Domain_BestAcc: [74.11, 82.63, 77.59, 86.67]
Round: 91 Method: fedsr Mean_Acc: 75.44 Best_Acc: 78.22
Domain_Acc: [73.21, 79.47, 72.41, 76.67] Domain_BestAcc: [74.11, 82.63, 77.59, 86.67]
Round: 92 Method: fedsr Mean_Acc: 76.118 Best_Acc: 78.22
Domain_Acc: [73.66, 80.0, 74.14, 76.67] Domain_BestAcc: [74.11, 82.63, 77.59, 86.67]
Round: 93 Method: fedsr Mean_Acc: 77.418 Best_Acc: 78.22
Domain_Acc: [75.0, 80.53, 74.14, 80.0] Domain_BestAcc: [75.0, 82.63, 77.59, 86.67]
Round: 94 Method: fedsr Mean_Acc: 77.948 Best_Acc: 78.22
Domain_Acc: [75.0, 81.05, 72.41, 83.33] Domain_BestAcc: [75.0, 82.63, 77.59, 86.67]
Round: 95 Method: fedsr Mean_Acc: 77.685 Best_Acc: 78.22
Domain_Acc: [75.0, 80.0, 72.41, 83.33] Domain_BestAcc: [75.0, 82.63, 77.59, 86.67]
Round: 96 Method: fedsr Mean_Acc: 76.975 Best_Acc: 78.22
Domain_Acc: [73.21, 78.95, 72.41, 83.33] Domain_BestAcc: [75.0, 82.63, 77.59, 86.67]
Round: 97 Method: fedsr Mean_Acc: 76.842 Best_Acc: 78.22
Domain_Acc: [73.21, 78.42, 72.41, 83.33] Domain_BestAcc: [75.0, 82.63, 77.59, 86.67]
Round: 98 Method: fedsr Mean_Acc: 76.62 Best_Acc: 78.22
Domain_Acc: [72.32, 78.42, 72.41, 83.33] Domain_BestAcc: [75.0, 82.63, 77.59, 86.67]
Round: 99 Method: fedsr Mean_Acc: 77.79 Best_Acc: 78.22
Domain_Acc: [73.66, 78.42, 72.41, 86.67] Domain_BestAcc: [75.0, 82.63, 77.59, 86.67]
2025-04-13 17:52:52
