Namespace(prefix='', communication_epoch=100, local_epoch=5, parti_num=10, model='fedprox', dataset='fl_officecaltech', pr_strategy='AD', backbone='resnet18', alpha=0.9, alpha_min=0.1, epsilon=0.2, reg_coeff=0.01, wandb=0, device_id=0, seed=1234, rand_dataset=1, learning_decay=False, averaing='weight', online_ratio=1, mu=0.01, input_dim=28, csv_log=False, local_lr=0.01, local_batch_size=64, device=device(type='cuda'), arch='res18')
2025-04-13 20:15:42
{'dslr': 3, 'webcam': 2, 'amazon': 2, 'caltech': 3}
['dslr', 'dslr', 'webcam', 'amazon', 'caltech', 'caltech', 'caltech', 'amazon', 'webcam', 'dslr']
Round: 0 Method: fedprox Mean_Acc: 10.048 Best_Acc: 10.048
Domain_Acc: [9.82, 8.42, 8.62, 13.33] Domain_BestAcc: [9.82, 8.42, 8.62, 13.33]
Round: 1 Method: fedprox Mean_Acc: 12.352 Best_Acc: 12.352
Domain_Acc: [13.39, 15.79, 6.9, 13.33] Domain_BestAcc: [13.39, 15.79, 8.62, 13.33]
Round: 2 Method: fedprox Mean_Acc: 27.315 Best_Acc: 27.315
Domain_Acc: [34.82, 40.53, 17.24, 16.67] Domain_BestAcc: [34.82, 40.53, 17.24, 16.67]
Round: 3 Method: fedprox Mean_Acc: 34.005 Best_Acc: 34.005
Domain_Acc: [39.73, 45.26, 31.03, 20.0] Domain_BestAcc: [39.73, 45.26, 31.03, 20.0]
Round: 4 Method: fedprox Mean_Acc: 38.265 Best_Acc: 38.265
Domain_Acc: [45.09, 52.11, 25.86, 30.0] Domain_BestAcc: [45.09, 52.11, 31.03, 30.0]
Round: 5 Method: fedprox Mean_Acc: 39.698 Best_Acc: 39.698
Domain_Acc: [46.88, 54.21, 31.03, 26.67] Domain_BestAcc: [46.88, 54.21, 31.03, 30.0]
Round: 6 Method: fedprox Mean_Acc: 44.058 Best_Acc: 44.058
Domain_Acc: [50.0, 58.42, 34.48, 33.33] Domain_BestAcc: [50.0, 58.42, 34.48, 33.33]
Round: 7 Method: fedprox Mean_Acc: 43.815 Best_Acc: 44.058
Domain_Acc: [46.88, 58.95, 32.76, 36.67] Domain_BestAcc: [50.0, 58.95, 34.48, 36.67]
Round: 8 Method: fedprox Mean_Acc: 46.145 Best_Acc: 46.145
Domain_Acc: [48.66, 63.16, 32.76, 40.0] Domain_BestAcc: [50.0, 63.16, 34.48, 40.0]
Round: 9 Method: fedprox Mean_Acc: 44.732 Best_Acc: 46.145
Domain_Acc: [51.79, 61.05, 32.76, 33.33] Domain_BestAcc: [51.79, 63.16, 34.48, 40.0]
Round: 10 Method: fedprox Mean_Acc: 45.282 Best_Acc: 46.145
Domain_Acc: [50.45, 62.63, 41.38, 26.67] Domain_BestAcc: [51.79, 63.16, 41.38, 40.0]
Round: 11 Method: fedprox Mean_Acc: 50.862 Best_Acc: 50.862
Domain_Acc: [53.12, 68.95, 41.38, 40.0] Domain_BestAcc: [53.12, 68.95, 41.38, 40.0]
Round: 12 Method: fedprox Mean_Acc: 48.835 Best_Acc: 50.862
Domain_Acc: [49.11, 68.42, 34.48, 43.33] Domain_BestAcc: [53.12, 68.95, 41.38, 43.33]
Round: 13 Method: fedprox Mean_Acc: 46.96 Best_Acc: 50.862
Domain_Acc: [51.34, 66.84, 39.66, 30.0] Domain_BestAcc: [53.12, 68.95, 41.38, 43.33]
Round: 14 Method: fedprox Mean_Acc: 51.285 Best_Acc: 51.285
Domain_Acc: [54.91, 63.68, 46.55, 40.0] Domain_BestAcc: [54.91, 68.95, 46.55, 43.33]
Round: 15 Method: fedprox Mean_Acc: 49.36 Best_Acc: 51.285
Domain_Acc: [56.7, 65.79, 48.28, 26.67] Domain_BestAcc: [56.7, 68.95, 48.28, 43.33]
Round: 16 Method: fedprox Mean_Acc: 52.568 Best_Acc: 52.568
Domain_Acc: [53.57, 68.42, 48.28, 40.0] Domain_BestAcc: [56.7, 68.95, 48.28, 43.33]
Round: 17 Method: fedprox Mean_Acc: 52.45 Best_Acc: 52.568
Domain_Acc: [57.14, 61.05, 48.28, 43.33] Domain_BestAcc: [57.14, 68.95, 48.28, 43.33]
Round: 18 Method: fedprox Mean_Acc: 50.02 Best_Acc: 52.568
Domain_Acc: [53.12, 70.53, 43.1, 33.33] Domain_BestAcc: [57.14, 70.53, 48.28, 43.33]
Round: 19 Method: fedprox Mean_Acc: 50.707 Best_Acc: 52.568
Domain_Acc: [53.12, 63.16, 46.55, 40.0] Domain_BestAcc: [57.14, 70.53, 48.28, 43.33]
Round: 20 Method: fedprox Mean_Acc: 54.59 Best_Acc: 54.59
Domain_Acc: [56.25, 72.11, 50.0, 40.0] Domain_BestAcc: [57.14, 72.11, 50.0, 43.33]
Round: 21 Method: fedprox Mean_Acc: 56.655 Best_Acc: 56.655
Domain_Acc: [60.27, 74.74, 48.28, 43.33] Domain_BestAcc: [60.27, 74.74, 50.0, 43.33]
Round: 22 Method: fedprox Mean_Acc: 53.352 Best_Acc: 56.655
Domain_Acc: [54.46, 68.95, 50.0, 40.0] Domain_BestAcc: [60.27, 74.74, 50.0, 43.33]
Round: 23 Method: fedprox Mean_Acc: 54.668 Best_Acc: 56.655
Domain_Acc: [54.46, 74.21, 50.0, 40.0] Domain_BestAcc: [60.27, 74.74, 50.0, 43.33]
Round: 24 Method: fedprox Mean_Acc: 52.16 Best_Acc: 56.655
Domain_Acc: [55.8, 67.89, 48.28, 36.67] Domain_BestAcc: [60.27, 74.74, 50.0, 43.33]
Round: 25 Method: fedprox Mean_Acc: 52.922 Best_Acc: 56.655
Domain_Acc: [52.68, 62.11, 56.9, 40.0] Domain_BestAcc: [60.27, 74.74, 56.9, 43.33]
Round: 26 Method: fedprox Mean_Acc: 52.385 Best_Acc: 56.655
Domain_Acc: [55.36, 69.47, 41.38, 43.33] Domain_BestAcc: [60.27, 74.74, 56.9, 43.33]
Round: 27 Method: fedprox Mean_Acc: 49.18 Best_Acc: 56.655
Domain_Acc: [56.25, 67.37, 43.1, 30.0] Domain_BestAcc: [60.27, 74.74, 56.9, 43.33]
Round: 28 Method: fedprox Mean_Acc: 56.027 Best_Acc: 56.655
Domain_Acc: [53.12, 74.21, 53.45, 43.33] Domain_BestAcc: [60.27, 74.74, 56.9, 43.33]
Round: 29 Method: fedprox Mean_Acc: 49.192 Best_Acc: 56.655
Domain_Acc: [54.46, 71.05, 37.93, 33.33] Domain_BestAcc: [60.27, 74.74, 56.9, 43.33]
Round: 30 Method: fedprox Mean_Acc: 57.702 Best_Acc: 57.702
Domain_Acc: [59.82, 74.21, 53.45, 43.33] Domain_BestAcc: [60.27, 74.74, 56.9, 43.33]
Round: 31 Method: fedprox Mean_Acc: 58.053 Best_Acc: 58.053
Domain_Acc: [58.93, 73.16, 53.45, 46.67] Domain_BestAcc: [60.27, 74.74, 56.9, 46.67]
Round: 32 Method: fedprox Mean_Acc: 54.802 Best_Acc: 58.053
Domain_Acc: [56.7, 72.63, 46.55, 43.33] Domain_BestAcc: [60.27, 74.74, 56.9, 46.67]
Round: 33 Method: fedprox Mean_Acc: 54.948 Best_Acc: 58.053
Domain_Acc: [59.82, 71.58, 51.72, 36.67] Domain_BestAcc: [60.27, 74.74, 56.9, 46.67]
Round: 34 Method: fedprox Mean_Acc: 58.588 Best_Acc: 58.588
Domain_Acc: [59.38, 74.74, 56.9, 43.33] Domain_BestAcc: [60.27, 74.74, 56.9, 46.67]
Round: 35 Method: fedprox Mean_Acc: 54.64 Best_Acc: 58.588
Domain_Acc: [54.91, 75.26, 51.72, 36.67] Domain_BestAcc: [60.27, 75.26, 56.9, 46.67]
Round: 36 Method: fedprox Mean_Acc: 60.512 Best_Acc: 60.512
Domain_Acc: [60.71, 77.89, 53.45, 50.0] Domain_BestAcc: [60.71, 77.89, 56.9, 50.0]
Round: 37 Method: fedprox Mean_Acc: 59.858 Best_Acc: 60.512
Domain_Acc: [61.16, 76.32, 58.62, 43.33] Domain_BestAcc: [61.16, 77.89, 58.62, 50.0]
Round: 38 Method: fedprox Mean_Acc: 59.092 Best_Acc: 60.512
Domain_Acc: [59.82, 76.32, 56.9, 43.33] Domain_BestAcc: [61.16, 77.89, 58.62, 50.0]
Round: 39 Method: fedprox Mean_Acc: 56.345 Best_Acc: 60.512
Domain_Acc: [58.48, 70.0, 56.9, 40.0] Domain_BestAcc: [61.16, 77.89, 58.62, 50.0]
Round: 40 Method: fedprox Mean_Acc: 58.587 Best_Acc: 60.512
Domain_Acc: [58.48, 77.37, 55.17, 43.33] Domain_BestAcc: [61.16, 77.89, 58.62, 50.0]
Round: 41 Method: fedprox Mean_Acc: 59.38 Best_Acc: 60.512
Domain_Acc: [60.71, 74.74, 62.07, 40.0] Domain_BestAcc: [61.16, 77.89, 62.07, 50.0]
Round: 42 Method: fedprox Mean_Acc: 59.982 Best_Acc: 60.512
Domain_Acc: [59.82, 76.32, 63.79, 40.0] Domain_BestAcc: [61.16, 77.89, 63.79, 50.0]
Round: 43 Method: fedprox Mean_Acc: 58.45 Best_Acc: 60.512
Domain_Acc: [62.05, 78.42, 50.0, 43.33] Domain_BestAcc: [62.05, 78.42, 63.79, 50.0]
Round: 44 Method: fedprox Mean_Acc: 57.448 Best_Acc: 60.512
Domain_Acc: [58.04, 74.74, 60.34, 36.67] Domain_BestAcc: [62.05, 78.42, 63.79, 50.0]
Round: 45 Method: fedprox Mean_Acc: 57.905 Best_Acc: 60.512
Domain_Acc: [58.93, 75.79, 56.9, 40.0] Domain_BestAcc: [62.05, 78.42, 63.79, 50.0]
Round: 46 Method: fedprox Mean_Acc: 59.865 Best_Acc: 60.512
Domain_Acc: [59.38, 77.89, 65.52, 36.67] Domain_BestAcc: [62.05, 78.42, 65.52, 50.0]
Round: 47 Method: fedprox Mean_Acc: 60.142 Best_Acc: 60.512
Domain_Acc: [59.82, 76.84, 67.24, 36.67] Domain_BestAcc: [62.05, 78.42, 67.24, 50.0]
Round: 48 Method: fedprox Mean_Acc: 62.082 Best_Acc: 62.082
Domain_Acc: [59.82, 76.32, 65.52, 46.67] Domain_BestAcc: [62.05, 78.42, 67.24, 50.0]
Round: 49 Method: fedprox Mean_Acc: 60.405 Best_Acc: 62.082
Domain_Acc: [59.82, 77.89, 67.24, 36.67] Domain_BestAcc: [62.05, 78.42, 67.24, 50.0]
Round: 50 Method: fedprox Mean_Acc: 56.008 Best_Acc: 62.082
Domain_Acc: [58.04, 77.37, 58.62, 30.0] Domain_BestAcc: [62.05, 78.42, 67.24, 50.0]
Round: 51 Method: fedprox Mean_Acc: 61.055 Best_Acc: 62.082
Domain_Acc: [62.5, 76.32, 62.07, 43.33] Domain_BestAcc: [62.5, 78.42, 67.24, 50.0]
Round: 52 Method: fedprox Mean_Acc: 61.28 Best_Acc: 62.082
Domain_Acc: [58.93, 78.95, 67.24, 40.0] Domain_BestAcc: [62.5, 78.95, 67.24, 50.0]
Round: 53 Method: fedprox Mean_Acc: 56.655 Best_Acc: 62.082
Domain_Acc: [55.8, 77.37, 53.45, 40.0] Domain_BestAcc: [62.5, 78.95, 67.24, 50.0]
Round: 54 Method: fedprox Mean_Acc: 60.75 Best_Acc: 62.082
Domain_Acc: [59.38, 73.16, 63.79, 46.67] Domain_BestAcc: [62.5, 78.95, 67.24, 50.0]
Round: 55 Method: fedprox Mean_Acc: 59.658 Best_Acc: 62.082
Domain_Acc: [61.16, 73.68, 63.79, 40.0] Domain_BestAcc: [62.5, 78.95, 67.24, 50.0]
Round: 56 Method: fedprox Mean_Acc: 58.385 Best_Acc: 62.082
Domain_Acc: [60.71, 74.21, 58.62, 40.0] Domain_BestAcc: [62.5, 78.95, 67.24, 50.0]
Round: 57 Method: fedprox Mean_Acc: 59.765 Best_Acc: 62.082
Domain_Acc: [60.71, 77.89, 63.79, 36.67] Domain_BestAcc: [62.5, 78.95, 67.24, 50.0]
Round: 58 Method: fedprox Mean_Acc: 59.218 Best_Acc: 62.082
Domain_Acc: [62.05, 72.63, 65.52, 36.67] Domain_BestAcc: [62.5, 78.95, 67.24, 50.0]
Round: 59 Method: fedprox Mean_Acc: 55.668 Best_Acc: 62.082
Domain_Acc: [62.5, 76.84, 50.0, 33.33] Domain_BestAcc: [62.5, 78.95, 67.24, 50.0]
Round: 60 Method: fedprox Mean_Acc: 59.54 Best_Acc: 62.082
Domain_Acc: [62.05, 77.37, 62.07, 36.67] Domain_BestAcc: [62.5, 78.95, 67.24, 50.0]
Round: 61 Method: fedprox Mean_Acc: 61.935 Best_Acc: 62.082
Domain_Acc: [62.05, 76.84, 65.52, 43.33] Domain_BestAcc: [62.5, 78.95, 67.24, 50.0]
Round: 62 Method: fedprox Mean_Acc: 61.332 Best_Acc: 62.082
Domain_Acc: [62.95, 75.26, 63.79, 43.33] Domain_BestAcc: [62.95, 78.95, 67.24, 50.0]
Round: 63 Method: fedprox Mean_Acc: 59.41 Best_Acc: 62.082
Domain_Acc: [60.71, 74.74, 65.52, 36.67] Domain_BestAcc: [62.95, 78.95, 67.24, 50.0]
Round: 64 Method: fedprox Mean_Acc: 60.592 Best_Acc: 62.082
Domain_Acc: [60.71, 79.47, 65.52, 36.67] Domain_BestAcc: [62.95, 79.47, 67.24, 50.0]
Round: 65 Method: fedprox Mean_Acc: 60.122 Best_Acc: 62.082
Domain_Acc: [61.61, 78.42, 63.79, 36.67] Domain_BestAcc: [62.95, 79.47, 67.24, 50.0]
Round: 66 Method: fedprox Mean_Acc: 60.955 Best_Acc: 62.082
Domain_Acc: [61.61, 78.42, 63.79, 40.0] Domain_BestAcc: [62.95, 79.47, 67.24, 50.0]
Round: 67 Method: fedprox Mean_Acc: 59.99 Best_Acc: 62.082
Domain_Acc: [62.95, 80.0, 60.34, 36.67] Domain_BestAcc: [62.95, 80.0, 67.24, 50.0]
Round: 68 Method: fedprox Mean_Acc: 61.405 Best_Acc: 62.082
Domain_Acc: [62.5, 81.05, 62.07, 40.0] Domain_BestAcc: [62.95, 81.05, 67.24, 50.0]
Round: 69 Method: fedprox Mean_Acc: 61.552 Best_Acc: 62.082
Domain_Acc: [62.95, 79.47, 63.79, 40.0] Domain_BestAcc: [62.95, 81.05, 67.24, 50.0]
Round: 70 Method: fedprox Mean_Acc: 61.99 Best_Acc: 62.082
Domain_Acc: [60.27, 78.95, 62.07, 46.67] Domain_BestAcc: [62.95, 81.05, 67.24, 50.0]
Round: 71 Method: fedprox Mean_Acc: 59.625 Best_Acc: 62.082
Domain_Acc: [54.91, 74.74, 65.52, 43.33] Domain_BestAcc: [62.95, 81.05, 67.24, 50.0]
Round: 72 Method: fedprox Mean_Acc: 61.71 Best_Acc: 62.082
Domain_Acc: [60.27, 81.05, 65.52, 40.0] Domain_BestAcc: [62.95, 81.05, 67.24, 50.0]
Round: 73 Method: fedprox Mean_Acc: 60.28 Best_Acc: 62.082
Domain_Acc: [61.16, 77.89, 62.07, 40.0] Domain_BestAcc: [62.95, 81.05, 67.24, 50.0]
Round: 74 Method: fedprox Mean_Acc: 60.59 Best_Acc: 62.082
Domain_Acc: [60.27, 78.42, 60.34, 43.33] Domain_BestAcc: [62.95, 81.05, 67.24, 50.0]
Round: 75 Method: fedprox Mean_Acc: 59.735 Best_Acc: 62.082
Domain_Acc: [60.71, 77.89, 60.34, 40.0] Domain_BestAcc: [62.95, 81.05, 67.24, 50.0]
Round: 76 Method: fedprox Mean_Acc: 59.15 Best_Acc: 62.082
Domain_Acc: [59.82, 76.32, 63.79, 36.67] Domain_BestAcc: [62.95, 81.05, 67.24, 50.0]
Round: 77 Method: fedprox Mean_Acc: 60.402 Best_Acc: 62.082
Domain_Acc: [62.05, 77.37, 65.52, 36.67] Domain_BestAcc: [62.95, 81.05, 67.24, 50.0]
Round: 78 Method: fedprox Mean_Acc: 60.418 Best_Acc: 62.082
Domain_Acc: [61.16, 76.84, 60.34, 43.33] Domain_BestAcc: [62.95, 81.05, 67.24, 50.0]
Round: 79 Method: fedprox Mean_Acc: 60.882 Best_Acc: 62.082
Domain_Acc: [60.27, 79.47, 63.79, 40.0] Domain_BestAcc: [62.95, 81.05, 67.24, 50.0]
Round: 80 Method: fedprox Mean_Acc: 61.675 Best_Acc: 62.082
Domain_Acc: [61.16, 78.42, 63.79, 43.33] Domain_BestAcc: [62.95, 81.05, 67.24, 50.0]
Round: 81 Method: fedprox Mean_Acc: 60.895 Best_Acc: 62.082
Domain_Acc: [62.95, 76.84, 63.79, 40.0] Domain_BestAcc: [62.95, 81.05, 67.24, 50.0]
Round: 82 Method: fedprox Mean_Acc: 63.015 Best_Acc: 63.015
Domain_Acc: [66.52, 78.42, 63.79, 43.33] Domain_BestAcc: [66.52, 81.05, 67.24, 50.0]
Round: 83 Method: fedprox Mean_Acc: 60.63 Best_Acc: 63.015
Domain_Acc: [64.29, 77.89, 60.34, 40.0] Domain_BestAcc: [66.52, 81.05, 67.24, 50.0]
Round: 84 Method: fedprox Mean_Acc: 60.45 Best_Acc: 63.015
Domain_Acc: [59.82, 74.74, 67.24, 40.0] Domain_BestAcc: [66.52, 81.05, 67.24, 50.0]
Round: 85 Method: fedprox Mean_Acc: 57.3 Best_Acc: 63.015
Domain_Acc: [60.27, 75.26, 60.34, 33.33] Domain_BestAcc: [66.52, 81.05, 67.24, 50.0]
Round: 86 Method: fedprox Mean_Acc: 58.528 Best_Acc: 63.015
Domain_Acc: [62.5, 76.32, 58.62, 36.67] Domain_BestAcc: [66.52, 81.05, 67.24, 50.0]
Round: 87 Method: fedprox Mean_Acc: 54.615 Best_Acc: 63.015
Domain_Acc: [53.12, 76.84, 55.17, 33.33] Domain_BestAcc: [66.52, 81.05, 67.24, 50.0]
Round: 88 Method: fedprox Mean_Acc: 60.212 Best_Acc: 63.015
Domain_Acc: [62.5, 77.89, 63.79, 36.67] Domain_BestAcc: [66.52, 81.05, 67.24, 50.0]
Round: 89 Method: fedprox Mean_Acc: 60.713 Best_Acc: 63.015
Domain_Acc: [63.39, 75.79, 60.34, 43.33] Domain_BestAcc: [66.52, 81.05, 67.24, 50.0]
Round: 90 Method: fedprox Mean_Acc: 61.595 Best_Acc: 63.015
Domain_Acc: [64.29, 78.42, 60.34, 43.33] Domain_BestAcc: [66.52, 81.05, 67.24, 50.0]
Round: 91 Method: fedprox Mean_Acc: 61.595 Best_Acc: 63.015
Domain_Acc: [64.29, 78.42, 60.34, 43.33] Domain_BestAcc: [66.52, 81.05, 67.24, 50.0]
Round: 92 Method: fedprox Mean_Acc: 61.55 Best_Acc: 63.015
Domain_Acc: [65.18, 78.95, 62.07, 40.0] Domain_BestAcc: [66.52, 81.05, 67.24, 50.0]
Round: 93 Method: fedprox Mean_Acc: 61.238 Best_Acc: 63.015
Domain_Acc: [63.39, 77.89, 60.34, 43.33] Domain_BestAcc: [66.52, 81.05, 67.24, 50.0]
Round: 94 Method: fedprox Mean_Acc: 59.165 Best_Acc: 63.015
Domain_Acc: [65.62, 77.37, 60.34, 33.33] Domain_BestAcc: [66.52, 81.05, 67.24, 50.0]
Round: 95 Method: fedprox Mean_Acc: 60.538 Best_Acc: 63.015
Domain_Acc: [63.39, 78.42, 60.34, 40.0] Domain_BestAcc: [66.52, 81.05, 67.24, 50.0]
Round: 96 Method: fedprox Mean_Acc: 61.532 Best_Acc: 63.015
Domain_Acc: [63.39, 78.95, 63.79, 40.0] Domain_BestAcc: [66.52, 81.05, 67.24, 50.0]
Round: 97 Method: fedprox Mean_Acc: 57.942 Best_Acc: 63.015
Domain_Acc: [59.82, 80.0, 58.62, 33.33] Domain_BestAcc: [66.52, 81.05, 67.24, 50.0]
Round: 98 Method: fedprox Mean_Acc: 62.765 Best_Acc: 63.015
Domain_Acc: [59.38, 77.89, 63.79, 50.0] Domain_BestAcc: [66.52, 81.05, 67.24, 50.0]
Round: 99 Method: fedprox Mean_Acc: 61.362 Best_Acc: 63.015
Domain_Acc: [57.59, 75.79, 62.07, 50.0] Domain_BestAcc: [66.52, 81.05, 67.24, 50.0]
2025-04-13 20:29:44
