Namespace(prefix='', communication_epoch=100, local_epoch=5, parti_num=10, model='fedsr', dataset='fl_officecaltech', pr_strategy='AD', backbone='resnet18', alpha=0.9, alpha_min=0.1, epsilon=0.2, reg_coeff=0.01, wandb=0, device_id=0, seed=1234, rand_dataset=1, learning_decay=False, averaing='weight', online_ratio=1, csv_log=False, local_lr=0.01, local_batch_size=64, device=device(type='cuda'), z_dim=512, back_bone='resnet18', num_classes=10, optim='SGD', lr=0.01, weight_decay=0.0001, L2R_coeff=0.01, arch='resnet18')
2025-04-07 08:28:58
{'dslr': 3, 'webcam': 2, 'amazon': 2, 'caltech': 3}
['dslr', 'dslr', 'webcam', 'amazon', 'caltech', 'caltech', 'caltech', 'amazon', 'webcam', 'dslr']
Round: 0 Method: fedsr Mean_Acc: 21.69 Best_Acc: 21.69
Domain_Acc: [17.86, 23.16, 22.41, 23.33] Domain_BestAcc: [17.86, 23.16, 22.41, 23.33]
Round: 1 Method: fedsr Mean_Acc: 51.18 Best_Acc: 51.18
Domain_Acc: [36.61, 43.16, 48.28, 76.67] Domain_BestAcc: [36.61, 43.16, 48.28, 76.67]
Round: 2 Method: fedsr Mean_Acc: 58.93 Best_Acc: 58.93
Domain_Acc: [41.96, 55.26, 55.17, 83.33] Domain_BestAcc: [41.96, 55.26, 55.17, 83.33]
Round: 3 Method: fedsr Mean_Acc: 63.03 Best_Acc: 63.03
Domain_Acc: [49.55, 62.11, 63.79, 76.67] Domain_BestAcc: [49.55, 62.11, 63.79, 83.33]
Round: 4 Method: fedsr Mean_Acc: 68.6 Best_Acc: 68.6
Domain_Acc: [54.02, 64.74, 68.97, 86.67] Domain_BestAcc: [54.02, 64.74, 68.97, 86.67]
Round: 5 Method: fedsr Mean_Acc: 70.22 Best_Acc: 70.22
Domain_Acc: [57.59, 64.21, 72.41, 86.67] Domain_BestAcc: [57.59, 64.74, 72.41, 86.67]
Round: 6 Method: fedsr Mean_Acc: 71.94 Best_Acc: 71.94
Domain_Acc: [56.25, 67.37, 74.14, 90.0] Domain_BestAcc: [57.59, 67.37, 74.14, 90.0]
Round: 7 Method: fedsr Mean_Acc: 73.35 Best_Acc: 73.35
Domain_Acc: [59.38, 70.0, 70.69, 93.33] Domain_BestAcc: [59.38, 70.0, 74.14, 93.33]
Round: 8 Method: fedsr Mean_Acc: 71.648 Best_Acc: 73.35
Domain_Acc: [58.04, 69.47, 72.41, 86.67] Domain_BestAcc: [59.38, 70.0, 74.14, 93.33]
Round: 9 Method: fedsr Mean_Acc: 74.175 Best_Acc: 74.175
Domain_Acc: [59.38, 71.58, 72.41, 93.33] Domain_BestAcc: [59.38, 71.58, 74.14, 93.33]
Round: 10 Method: fedsr Mean_Acc: 76.295 Best_Acc: 76.295
Domain_Acc: [63.84, 70.53, 74.14, 96.67] Domain_BestAcc: [63.84, 71.58, 74.14, 96.67]
Round: 11 Method: fedsr Mean_Acc: 76.445 Best_Acc: 76.445
Domain_Acc: [63.39, 71.58, 74.14, 96.67] Domain_BestAcc: [63.84, 71.58, 74.14, 96.67]
Round: 12 Method: fedsr Mean_Acc: 75.675 Best_Acc: 76.445
Domain_Acc: [64.29, 71.05, 70.69, 96.67] Domain_BestAcc: [64.29, 71.58, 74.14, 96.67]
Round: 13 Method: fedsr Mean_Acc: 76.142 Best_Acc: 76.445
Domain_Acc: [68.3, 70.53, 72.41, 93.33] Domain_BestAcc: [68.3, 71.58, 74.14, 96.67]
Round: 14 Method: fedsr Mean_Acc: 76.727 Best_Acc: 76.727
Domain_Acc: [67.86, 71.58, 74.14, 93.33] Domain_BestAcc: [68.3, 71.58, 74.14, 96.67]
Round: 15 Method: fedsr Mean_Acc: 74.035 Best_Acc: 76.727
Domain_Acc: [65.62, 73.16, 70.69, 86.67] Domain_BestAcc: [68.3, 73.16, 74.14, 96.67]
Round: 16 Method: fedsr Mean_Acc: 76.398 Best_Acc: 76.727
Domain_Acc: [69.64, 75.26, 70.69, 90.0] Domain_BestAcc: [69.64, 75.26, 74.14, 96.67]
Round: 17 Method: fedsr Mean_Acc: 76.2 Best_Acc: 76.727
Domain_Acc: [66.07, 76.32, 72.41, 90.0] Domain_BestAcc: [69.64, 76.32, 74.14, 96.67]
Round: 18 Method: fedsr Mean_Acc: 76.875 Best_Acc: 76.875
Domain_Acc: [66.52, 76.84, 74.14, 90.0] Domain_BestAcc: [69.64, 76.84, 74.14, 96.67]
Round: 19 Method: fedsr Mean_Acc: 78.46 Best_Acc: 78.46
Domain_Acc: [70.09, 77.89, 75.86, 90.0] Domain_BestAcc: [70.09, 77.89, 75.86, 96.67]
Round: 20 Method: fedsr Mean_Acc: 79.41 Best_Acc: 79.41
Domain_Acc: [69.64, 80.53, 74.14, 93.33] Domain_BestAcc: [70.09, 80.53, 75.86, 96.67]
Round: 21 Method: fedsr Mean_Acc: 79.972 Best_Acc: 79.972
Domain_Acc: [68.3, 78.95, 79.31, 93.33] Domain_BestAcc: [70.09, 80.53, 79.31, 96.67]
Round: 22 Method: fedsr Mean_Acc: 80.028 Best_Acc: 80.028
Domain_Acc: [67.86, 77.89, 81.03, 93.33] Domain_BestAcc: [70.09, 80.53, 81.03, 96.67]
Round: 23 Method: fedsr Mean_Acc: 79.055 Best_Acc: 80.028
Domain_Acc: [67.41, 77.89, 77.59, 93.33] Domain_BestAcc: [70.09, 80.53, 81.03, 96.67]
Round: 24 Method: fedsr Mean_Acc: 80.172 Best_Acc: 80.172
Domain_Acc: [66.96, 79.47, 77.59, 96.67] Domain_BestAcc: [70.09, 80.53, 81.03, 96.67]
Round: 25 Method: fedsr Mean_Acc: 80.362 Best_Acc: 80.362
Domain_Acc: [66.52, 78.95, 79.31, 96.67] Domain_BestAcc: [70.09, 80.53, 81.03, 96.67]
Round: 26 Method: fedsr Mean_Acc: 79.91 Best_Acc: 80.362
Domain_Acc: [66.96, 78.42, 77.59, 96.67] Domain_BestAcc: [70.09, 80.53, 81.03, 96.67]
Round: 27 Method: fedsr Mean_Acc: 80.303 Best_Acc: 80.362
Domain_Acc: [67.86, 77.37, 79.31, 96.67] Domain_BestAcc: [70.09, 80.53, 81.03, 96.67]
Round: 28 Method: fedsr Mean_Acc: 79.775 Best_Acc: 80.362
Domain_Acc: [67.86, 75.26, 79.31, 96.67] Domain_BestAcc: [70.09, 80.53, 81.03, 96.67]
Round: 29 Method: fedsr Mean_Acc: 79.76 Best_Acc: 80.362
Domain_Acc: [67.41, 77.37, 77.59, 96.67] Domain_BestAcc: [70.09, 80.53, 81.03, 96.67]
Round: 30 Method: fedsr Mean_Acc: 79.945 Best_Acc: 80.362
Domain_Acc: [66.96, 76.84, 79.31, 96.67] Domain_BestAcc: [70.09, 80.53, 81.03, 96.67]
Round: 31 Method: fedsr Mean_Acc: 79.872 Best_Acc: 80.362
Domain_Acc: [67.86, 77.37, 77.59, 96.67] Domain_BestAcc: [70.09, 80.53, 81.03, 96.67]
Round: 32 Method: fedsr Mean_Acc: 80.273 Best_Acc: 80.362
Domain_Acc: [67.86, 77.37, 75.86, 100.0] Domain_BestAcc: [70.09, 80.53, 81.03, 100.0]
Round: 33 Method: fedsr Mean_Acc: 79.57 Best_Acc: 80.362
Domain_Acc: [67.86, 77.89, 75.86, 96.67] Domain_BestAcc: [70.09, 80.53, 81.03, 100.0]
Round: 34 Method: fedsr Mean_Acc: 79.288 Best_Acc: 80.362
Domain_Acc: [68.3, 76.32, 75.86, 96.67] Domain_BestAcc: [70.09, 80.53, 81.03, 100.0]
Round: 35 Method: fedsr Mean_Acc: 79.61 Best_Acc: 80.362
Domain_Acc: [67.86, 76.32, 77.59, 96.67] Domain_BestAcc: [70.09, 80.53, 81.03, 100.0]
Round: 36 Method: fedsr Mean_Acc: 79.76 Best_Acc: 80.362
Domain_Acc: [67.41, 77.37, 77.59, 96.67] Domain_BestAcc: [70.09, 80.53, 81.03, 100.0]
Round: 37 Method: fedsr Mean_Acc: 80.15 Best_Acc: 80.362
Domain_Acc: [68.3, 76.32, 79.31, 96.67] Domain_BestAcc: [70.09, 80.53, 81.03, 100.0]
Round: 38 Method: fedsr Mean_Acc: 79.61 Best_Acc: 80.362
Domain_Acc: [67.86, 76.32, 77.59, 96.67] Domain_BestAcc: [70.09, 80.53, 81.03, 100.0]
Round: 39 Method: fedsr Mean_Acc: 79.502 Best_Acc: 80.362
Domain_Acc: [69.2, 77.89, 77.59, 93.33] Domain_BestAcc: [70.09, 80.53, 81.03, 100.0]
Round: 40 Method: fedsr Mean_Acc: 80.938 Best_Acc: 80.938
Domain_Acc: [70.54, 78.95, 77.59, 96.67] Domain_BestAcc: [70.54, 80.53, 81.03, 100.0]
Round: 41 Method: fedsr Mean_Acc: 80.915 Best_Acc: 80.938
Domain_Acc: [70.98, 78.42, 77.59, 96.67] Domain_BestAcc: [70.98, 80.53, 81.03, 100.0]
Round: 42 Method: fedsr Mean_Acc: 81.505 Best_Acc: 81.505
Domain_Acc: [70.54, 77.89, 77.59, 100.0] Domain_BestAcc: [70.98, 80.53, 81.03, 100.0]
Round: 43 Method: fedsr Mean_Acc: 80.755 Best_Acc: 81.505
Domain_Acc: [69.64, 75.79, 77.59, 100.0] Domain_BestAcc: [70.98, 80.53, 81.03, 100.0]
Round: 44 Method: fedsr Mean_Acc: 80.868 Best_Acc: 81.505
Domain_Acc: [70.09, 75.79, 77.59, 100.0] Domain_BestAcc: [70.98, 80.53, 81.03, 100.0]
Round: 45 Method: fedsr Mean_Acc: 80.887 Best_Acc: 81.505
Domain_Acc: [69.64, 76.32, 77.59, 100.0] Domain_BestAcc: [70.98, 80.53, 81.03, 100.0]
Round: 46 Method: fedsr Mean_Acc: 80.755 Best_Acc: 81.505
Domain_Acc: [69.64, 75.79, 77.59, 100.0] Domain_BestAcc: [70.98, 80.53, 81.03, 100.0]
Round: 47 Method: fedsr Mean_Acc: 80.815 Best_Acc: 81.505
Domain_Acc: [68.3, 77.37, 77.59, 100.0] Domain_BestAcc: [70.98, 80.53, 81.03, 100.0]
Round: 48 Method: fedsr Mean_Acc: 80.718 Best_Acc: 81.505
Domain_Acc: [69.64, 77.37, 75.86, 100.0] Domain_BestAcc: [70.98, 80.53, 81.03, 100.0]
Round: 49 Method: fedsr Mean_Acc: 80.98 Best_Acc: 81.505
Domain_Acc: [69.64, 78.42, 75.86, 100.0] Domain_BestAcc: [70.98, 80.53, 81.03, 100.0]
Round: 50 Method: fedsr Mean_Acc: 81.393 Best_Acc: 81.505
Domain_Acc: [70.09, 77.89, 77.59, 100.0] Domain_BestAcc: [70.98, 80.53, 81.03, 100.0]
Round: 51 Method: fedsr Mean_Acc: 80.345 Best_Acc: 81.505
Domain_Acc: [69.2, 76.32, 75.86, 100.0] Domain_BestAcc: [70.98, 80.53, 81.03, 100.0]
Round: 52 Method: fedsr Mean_Acc: 80.68 Best_Acc: 81.505
Domain_Acc: [70.54, 76.32, 75.86, 100.0] Domain_BestAcc: [70.98, 80.53, 81.03, 100.0]
Round: 53 Method: fedsr Mean_Acc: 80.41 Best_Acc: 81.505
Domain_Acc: [70.54, 76.84, 77.59, 96.67] Domain_BestAcc: [70.98, 80.53, 81.03, 100.0]
Round: 54 Method: fedsr Mean_Acc: 81.485 Best_Acc: 81.505
Domain_Acc: [70.98, 77.37, 77.59, 100.0] Domain_BestAcc: [70.98, 80.53, 81.03, 100.0]
Round: 55 Method: fedsr Mean_Acc: 81.505 Best_Acc: 81.505
Domain_Acc: [70.54, 77.89, 77.59, 100.0] Domain_BestAcc: [70.98, 80.53, 81.03, 100.0]
Round: 56 Method: fedsr Mean_Acc: 82.028 Best_Acc: 82.028
Domain_Acc: [71.43, 77.37, 79.31, 100.0] Domain_BestAcc: [71.43, 80.53, 81.03, 100.0]
Round: 57 Method: fedsr Mean_Acc: 81.465 Best_Acc: 82.028
Domain_Acc: [71.43, 76.84, 77.59, 100.0] Domain_BestAcc: [71.43, 80.53, 81.03, 100.0]
Round: 58 Method: fedsr Mean_Acc: 81.465 Best_Acc: 82.028
Domain_Acc: [71.43, 76.84, 77.59, 100.0] Domain_BestAcc: [71.43, 80.53, 81.03, 100.0]
Round: 59 Method: fedsr Mean_Acc: 81.465 Best_Acc: 82.028
Domain_Acc: [71.43, 76.84, 77.59, 100.0] Domain_BestAcc: [71.43, 80.53, 81.03, 100.0]
Round: 60 Method: fedsr Mean_Acc: 81.393 Best_Acc: 82.028
Domain_Acc: [70.09, 77.89, 77.59, 100.0] Domain_BestAcc: [71.43, 80.53, 81.03, 100.0]
Round: 61 Method: fedsr Mean_Acc: 81.525 Best_Acc: 82.028
Domain_Acc: [70.09, 78.42, 77.59, 100.0] Domain_BestAcc: [71.43, 80.53, 81.03, 100.0]
Round: 62 Method: fedsr Mean_Acc: 80.98 Best_Acc: 82.028
Domain_Acc: [69.64, 78.42, 75.86, 100.0] Domain_BestAcc: [71.43, 80.53, 81.03, 100.0]
Round: 63 Method: fedsr Mean_Acc: 81.205 Best_Acc: 82.028
Domain_Acc: [70.54, 78.42, 75.86, 100.0] Domain_BestAcc: [71.43, 80.53, 81.03, 100.0]
Round: 64 Method: fedsr Mean_Acc: 80.718 Best_Acc: 82.028
Domain_Acc: [69.64, 77.37, 75.86, 100.0] Domain_BestAcc: [71.43, 80.53, 81.03, 100.0]
Round: 65 Method: fedsr Mean_Acc: 81.092 Best_Acc: 82.028
Domain_Acc: [70.09, 78.42, 75.86, 100.0] Domain_BestAcc: [71.43, 80.53, 81.03, 100.0]
Round: 66 Method: fedsr Mean_Acc: 81.205 Best_Acc: 82.028
Domain_Acc: [70.54, 78.42, 75.86, 100.0] Domain_BestAcc: [71.43, 80.53, 81.03, 100.0]
Round: 67 Method: fedsr Mean_Acc: 81.205 Best_Acc: 82.028
Domain_Acc: [70.54, 78.42, 75.86, 100.0] Domain_BestAcc: [71.43, 80.53, 81.03, 100.0]
Round: 68 Method: fedsr Mean_Acc: 80.83 Best_Acc: 82.028
Domain_Acc: [70.09, 77.37, 75.86, 100.0] Domain_BestAcc: [71.43, 80.53, 81.03, 100.0]
Round: 69 Method: fedsr Mean_Acc: 80.83 Best_Acc: 82.028
Domain_Acc: [70.09, 77.37, 75.86, 100.0] Domain_BestAcc: [71.43, 80.53, 81.03, 100.0]
Round: 70 Method: fedsr Mean_Acc: 80.81 Best_Acc: 82.028
Domain_Acc: [70.54, 76.84, 75.86, 100.0] Domain_BestAcc: [71.43, 80.53, 81.03, 100.0]
Round: 71 Method: fedsr Mean_Acc: 80.698 Best_Acc: 82.028
Domain_Acc: [70.09, 76.84, 75.86, 100.0] Domain_BestAcc: [71.43, 80.53, 81.03, 100.0]
Round: 72 Method: fedsr Mean_Acc: 80.79 Best_Acc: 82.028
Domain_Acc: [70.98, 76.32, 75.86, 100.0] Domain_BestAcc: [71.43, 80.53, 81.03, 100.0]
Round: 73 Method: fedsr Mean_Acc: 81.053 Best_Acc: 82.028
Domain_Acc: [70.98, 77.37, 75.86, 100.0] Domain_BestAcc: [71.43, 80.53, 81.03, 100.0]
Round: 74 Method: fedsr Mean_Acc: 81.053 Best_Acc: 82.028
Domain_Acc: [70.98, 77.37, 75.86, 100.0] Domain_BestAcc: [71.43, 80.53, 81.03, 100.0]
Round: 75 Method: fedsr Mean_Acc: 81.468 Best_Acc: 82.028
Domain_Acc: [70.54, 79.47, 75.86, 100.0] Domain_BestAcc: [71.43, 80.53, 81.03, 100.0]
Round: 76 Method: fedsr Mean_Acc: 81.205 Best_Acc: 82.028
Domain_Acc: [70.54, 78.42, 75.86, 100.0] Domain_BestAcc: [71.43, 80.53, 81.03, 100.0]
Round: 77 Method: fedsr Mean_Acc: 81.488 Best_Acc: 82.028
Domain_Acc: [70.09, 80.0, 75.86, 100.0] Domain_BestAcc: [71.43, 80.53, 81.03, 100.0]
Round: 78 Method: fedsr Mean_Acc: 81.133 Best_Acc: 82.028
Domain_Acc: [69.2, 79.47, 75.86, 100.0] Domain_BestAcc: [71.43, 80.53, 81.03, 100.0]
Round: 79 Method: fedsr Mean_Acc: 80.308 Best_Acc: 82.028
Domain_Acc: [69.2, 77.89, 74.14, 100.0] Domain_BestAcc: [71.43, 80.53, 81.03, 100.0]
Round: 80 Method: fedsr Mean_Acc: 80.418 Best_Acc: 82.028
Domain_Acc: [69.64, 77.89, 74.14, 100.0] Domain_BestAcc: [71.43, 80.53, 81.03, 100.0]
Round: 81 Method: fedsr Mean_Acc: 80.372 Best_Acc: 82.028
Domain_Acc: [70.54, 78.42, 75.86, 96.67] Domain_BestAcc: [71.43, 80.53, 81.03, 100.0]
Round: 82 Method: fedsr Mean_Acc: 80.505 Best_Acc: 82.028
Domain_Acc: [70.54, 78.95, 75.86, 96.67] Domain_BestAcc: [71.43, 80.53, 81.03, 100.0]
Round: 83 Method: fedsr Mean_Acc: 80.22 Best_Acc: 82.028
Domain_Acc: [70.98, 77.37, 75.86, 96.67] Domain_BestAcc: [71.43, 80.53, 81.03, 100.0]
Round: 84 Method: fedsr Mean_Acc: 80.92 Best_Acc: 82.028
Domain_Acc: [70.98, 76.84, 75.86, 100.0] Domain_BestAcc: [71.43, 80.53, 81.03, 100.0]
Round: 85 Method: fedsr Mean_Acc: 81.053 Best_Acc: 82.028
Domain_Acc: [70.98, 77.37, 75.86, 100.0] Domain_BestAcc: [71.43, 80.53, 81.03, 100.0]
Round: 86 Method: fedsr Mean_Acc: 80.81 Best_Acc: 82.028
Domain_Acc: [70.54, 76.84, 75.86, 100.0] Domain_BestAcc: [71.43, 80.53, 81.03, 100.0]
Round: 87 Method: fedsr Mean_Acc: 80.698 Best_Acc: 82.028
Domain_Acc: [70.09, 76.84, 75.86, 100.0] Domain_BestAcc: [71.43, 80.53, 81.03, 100.0]
Round: 88 Method: fedsr Mean_Acc: 80.79 Best_Acc: 82.028
Domain_Acc: [70.98, 76.32, 75.86, 100.0] Domain_BestAcc: [71.43, 80.53, 81.03, 100.0]
Round: 89 Method: fedsr Mean_Acc: 81.165 Best_Acc: 82.028
Domain_Acc: [71.43, 77.37, 75.86, 100.0] Domain_BestAcc: [71.43, 80.53, 81.03, 100.0]
Round: 90 Method: fedsr Mean_Acc: 81.315 Best_Acc: 82.028
Domain_Acc: [70.98, 78.42, 75.86, 100.0] Domain_BestAcc: [71.43, 80.53, 81.03, 100.0]
Round: 91 Method: fedsr Mean_Acc: 81.182 Best_Acc: 82.028
Domain_Acc: [70.98, 77.89, 75.86, 100.0] Domain_BestAcc: [71.43, 80.53, 81.03, 100.0]
Round: 92 Method: fedsr Mean_Acc: 81.205 Best_Acc: 82.028
Domain_Acc: [70.54, 78.42, 75.86, 100.0] Domain_BestAcc: [71.43, 80.53, 81.03, 100.0]
Round: 93 Method: fedsr Mean_Acc: 81.448 Best_Acc: 82.028
Domain_Acc: [70.98, 78.95, 75.86, 100.0] Domain_BestAcc: [71.43, 80.53, 81.03, 100.0]
Round: 94 Method: fedsr Mean_Acc: 81.112 Best_Acc: 82.028
Domain_Acc: [69.64, 78.95, 75.86, 100.0] Domain_BestAcc: [71.43, 80.53, 81.03, 100.0]
Round: 95 Method: fedsr Mean_Acc: 81.092 Best_Acc: 82.028
Domain_Acc: [70.09, 78.42, 75.86, 100.0] Domain_BestAcc: [71.43, 80.53, 81.03, 100.0]
Round: 96 Method: fedsr Mean_Acc: 81.65 Best_Acc: 82.028
Domain_Acc: [72.32, 78.42, 75.86, 100.0] Domain_BestAcc: [72.32, 80.53, 81.03, 100.0]
Round: 97 Method: fedsr Mean_Acc: 80.83 Best_Acc: 82.028
Domain_Acc: [70.09, 77.37, 75.86, 100.0] Domain_BestAcc: [72.32, 80.53, 81.03, 100.0]
Round: 98 Method: fedsr Mean_Acc: 80.848 Best_Acc: 82.028
Domain_Acc: [69.64, 77.89, 75.86, 100.0] Domain_BestAcc: [72.32, 80.53, 81.03, 100.0]
Round: 99 Method: fedsr Mean_Acc: 80.83 Best_Acc: 82.028
Domain_Acc: [70.09, 77.37, 75.86, 100.0] Domain_BestAcc: [72.32, 80.53, 81.03, 100.0]
2025-04-07 08:37:32
