Namespace(prefix='', communication_epoch=100, local_epoch=5, parti_num=10, model='fedavg', dataset='fl_officecaltech', pr_strategy='AD', backbone='resnet18', alpha=0.9, alpha_min=0.1, epsilon=0.2, reg_coeff=0.01, wandb=0, device_id=0, seed=1234, rand_dataset=1, learning_decay=False, averaing='weight', online_ratio=1, mu=0.1, input_dim=28, noise_var=0.0, noise_clients=[], csv_log=False, local_lr=0.01, local_batch_size=64, device=device(type='cuda'), arch='res18')
2025-05-07 11:33:12
{'dslr': 3, 'webcam': 2, 'amazon': 2, 'caltech': 3}
['dslr', 'dslr', 'webcam', 'amazon', 'caltech', 'caltech', 'caltech', 'amazon', 'webcam', 'dslr']
Round 0 – TPR per Client: 0:0.100, 1:0.100, 2:0.100, 3:0.100, 4:0.100, 5:0.100, 6:0.100, 7:0.100, 8:0.100, 9:0.100
Round: 0 Method: fedavg Mean_Acc: 10.048 Best_Acc: 10.048
Domain_Acc: [9.82, 8.42, 8.62, 13.33] Domain_BestAcc: [9.82, 8.42, 8.62, 13.33]
Round 1 – TPR per Client: 0:0.075, 1:0.075, 2:0.150, 3:0.209, 4:0.183, 5:0.183, 6:0.183, 7:0.209, 8:0.150, 9:0.075
Round: 1 Method: fedavg Mean_Acc: 15.055 Best_Acc: 15.055
Domain_Acc: [16.96, 19.47, 13.79, 10.0] Domain_BestAcc: [16.96, 19.47, 13.79, 13.33]
Round 2 – TPR per Client: 0:0.117, 1:0.117, 2:0.196, 3:0.335, 4:0.325, 5:0.325, 6:0.325, 7:0.335, 8:0.196, 9:0.117
Round: 2 Method: fedavg Mean_Acc: 25.682 Best_Acc: 25.682
Domain_Acc: [33.93, 33.16, 18.97, 16.67] Domain_BestAcc: [33.93, 33.16, 18.97, 16.67]
Round 3 – TPR per Client: 0:0.142, 1:0.142, 2:0.236, 3:0.480, 4:0.395, 5:0.395, 6:0.395, 7:0.480, 8:0.236, 9:0.142
Round: 3 Method: fedavg Mean_Acc: 31.397 Best_Acc: 31.397
Domain_Acc: [41.96, 47.89, 22.41, 13.33] Domain_BestAcc: [41.96, 47.89, 22.41, 16.67]
Round 4 – TPR per Client: 0:0.117, 1:0.117, 2:0.232, 3:0.436, 4:0.473, 5:0.473, 6:0.473, 7:0.436, 8:0.232, 9:0.117
Round: 4 Method: fedavg Mean_Acc: 32.838 Best_Acc: 32.838
Domain_Acc: [49.11, 43.16, 22.41, 16.67] Domain_BestAcc: [49.11, 47.89, 22.41, 16.67]
Round 5 – TPR per Client: 0:0.058, 1:0.058, 2:0.253, 3:0.614, 4:0.502, 5:0.502, 6:0.502, 7:0.614, 8:0.253, 9:0.058
Round: 5 Method: fedavg Mean_Acc: 37.078 Best_Acc: 37.078
Domain_Acc: [53.12, 61.05, 24.14, 10.0] Domain_BestAcc: [53.12, 61.05, 24.14, 16.67]
Round 6 – TPR per Client: 0:0.225, 1:0.225, 2:0.308, 3:0.550, 4:0.482, 5:0.482, 6:0.482, 7:0.550, 8:0.308, 9:0.225
Round: 6 Method: fedavg Mean_Acc: 40.27 Best_Acc: 40.27
Domain_Acc: [50.89, 54.21, 29.31, 26.67] Domain_BestAcc: [53.12, 61.05, 29.31, 26.67]
Round 7 – TPR per Client: 0:0.292, 1:0.292, 2:0.209, 3:0.519, 4:0.422, 5:0.422, 6:0.422, 7:0.519, 8:0.209, 9:0.292
Round: 7 Method: fedavg Mean_Acc: 38.262 Best_Acc: 40.27
Domain_Acc: [44.64, 51.05, 20.69, 36.67] Domain_BestAcc: [53.12, 61.05, 29.31, 36.67]
Round 8 – TPR per Client: 0:0.375, 1:0.375, 2:0.325, 3:0.673, 4:0.472, 5:0.472, 6:0.472, 7:0.673, 8:0.325, 9:0.375
Round: 8 Method: fedavg Mean_Acc: 47.688 Best_Acc: 47.688
Domain_Acc: [49.55, 66.84, 31.03, 43.33] Domain_BestAcc: [53.12, 66.84, 31.03, 43.33]
Round 9 – TPR per Client: 0:0.217, 1:0.217, 2:0.305, 3:0.629, 4:0.445, 5:0.445, 6:0.445, 7:0.629, 8:0.305, 9:0.217
Round: 9 Method: fedavg Mean_Acc: 43.355 Best_Acc: 47.688
Domain_Acc: [46.43, 62.63, 31.03, 33.33] Domain_BestAcc: [53.12, 66.84, 31.03, 43.33]
Round 10 – TPR per Client: 0:0.333, 1:0.333, 2:0.322, 3:0.660, 4:0.526, 5:0.526, 6:0.526, 7:0.660, 8:0.322, 9:0.333
Round: 10 Method: fedavg Mean_Acc: 47.08 Best_Acc: 47.688
Domain_Acc: [55.36, 65.26, 31.03, 36.67] Domain_BestAcc: [55.36, 66.84, 31.03, 43.33]
Round 11 – TPR per Client: 0:0.208, 1:0.208, 2:0.364, 3:0.611, 4:0.459, 5:0.459, 6:0.459, 7:0.611, 8:0.364, 9:0.208
Round: 11 Method: fedavg Mean_Acc: 43.738 Best_Acc: 47.688
Domain_Acc: [48.21, 60.53, 36.21, 30.0] Domain_BestAcc: [55.36, 66.84, 36.21, 43.33]
Round 12 – TPR per Client: 0:0.325, 1:0.325, 2:0.286, 3:0.569, 4:0.484, 5:0.484, 6:0.484, 7:0.569, 8:0.286, 9:0.325
Round: 12 Method: fedavg Mean_Acc: 42.275 Best_Acc: 47.688
Domain_Acc: [51.34, 56.84, 27.59, 33.33] Domain_BestAcc: [55.36, 66.84, 36.21, 43.33]
Round 13 – TPR per Client: 0:0.425, 1:0.425, 2:0.442, 3:0.690, 4:0.495, 5:0.495, 6:0.495, 7:0.690, 8:0.442, 9:0.425
Round: 13 Method: fedavg Mean_Acc: 52.718 Best_Acc: 52.718
Domain_Acc: [52.68, 68.42, 43.1, 46.67] Domain_BestAcc: [55.36, 68.42, 43.1, 46.67]
Round 14 – TPR per Client: 0:0.267, 1:0.267, 2:0.434, 3:0.697, 4:0.562, 5:0.562, 6:0.562, 7:0.697, 8:0.434, 9:0.267
Round: 14 Method: fedavg Mean_Acc: 51.095 Best_Acc: 52.718
Domain_Acc: [58.48, 69.47, 43.1, 33.33] Domain_BestAcc: [58.48, 69.47, 43.1, 46.67]
Round 15 – TPR per Client: 0:0.283, 1:0.283, 2:0.422, 3:0.642, 4:0.534, 5:0.534, 6:0.534, 7:0.642, 8:0.422, 9:0.283
Round: 15 Method: fedavg Mean_Acc: 48.755 Best_Acc: 52.718
Domain_Acc: [54.91, 63.68, 43.1, 33.33] Domain_BestAcc: [58.48, 69.47, 43.1, 46.67]
Round 16 – TPR per Client: 0:0.200, 1:0.200, 2:0.375, 3:0.750, 4:0.552, 5:0.552, 6:0.552, 7:0.750, 8:0.375, 9:0.200
Round: 16 Method: fedavg Mean_Acc: 48.69 Best_Acc: 52.718
Domain_Acc: [57.14, 74.74, 36.21, 26.67] Domain_BestAcc: [58.48, 74.74, 43.1, 46.67]
Round 17 – TPR per Client: 0:0.308, 1:0.308, 2:0.458, 3:0.713, 4:0.556, 5:0.556, 6:0.556, 7:0.713, 8:0.458, 9:0.308
Round: 17 Method: fedavg Mean_Acc: 51.348 Best_Acc: 52.718
Domain_Acc: [56.7, 70.53, 44.83, 33.33] Domain_BestAcc: [58.48, 74.74, 44.83, 46.67]
Round 18 – TPR per Client: 0:0.200, 1:0.200, 2:0.328, 3:0.645, 4:0.470, 5:0.470, 6:0.470, 7:0.645, 8:0.328, 9:0.200
Round: 18 Method: fedavg Mean_Acc: 41.31 Best_Acc: 52.718
Domain_Acc: [50.0, 64.21, 31.03, 20.0] Domain_BestAcc: [58.48, 74.74, 44.83, 46.67]
Round 19 – TPR per Client: 0:0.292, 1:0.292, 2:0.443, 3:0.661, 4:0.536, 5:0.536, 6:0.536, 7:0.661, 8:0.443, 9:0.292
Round: 19 Method: fedavg Mean_Acc: 49.105 Best_Acc: 52.718
Domain_Acc: [55.8, 65.79, 44.83, 30.0] Domain_BestAcc: [58.48, 74.74, 44.83, 46.67]
Round 20 – TPR per Client: 0:0.250, 1:0.250, 2:0.487, 3:0.702, 4:0.577, 5:0.577, 6:0.577, 7:0.702, 8:0.487, 9:0.250
Round: 20 Method: fedavg Mean_Acc: 51.892 Best_Acc: 52.718
Domain_Acc: [59.82, 69.47, 48.28, 30.0] Domain_BestAcc: [59.82, 74.74, 48.28, 46.67]
Round 21 – TPR per Client: 0:0.325, 1:0.325, 2:0.326, 3:0.770, 4:0.529, 5:0.529, 6:0.529, 7:0.770, 8:0.326, 9:0.325
Round: 21 Method: fedavg Mean_Acc: 49.14 Best_Acc: 52.718
Domain_Acc: [55.36, 76.84, 31.03, 33.33] Domain_BestAcc: [59.82, 76.84, 48.28, 46.67]
Round 22 – TPR per Client: 0:0.183, 1:0.183, 2:0.518, 3:0.746, 4:0.536, 5:0.536, 6:0.536, 7:0.746, 8:0.518, 9:0.183
Round: 22 Method: fedavg Mean_Acc: 50.858 Best_Acc: 52.718
Domain_Acc: [55.36, 74.74, 50.0, 23.33] Domain_BestAcc: [59.82, 76.84, 50.0, 46.67]
Round 23 – TPR per Client: 0:0.242, 1:0.242, 2:0.458, 3:0.751, 4:0.588, 5:0.588, 6:0.588, 7:0.751, 8:0.458, 9:0.242
Round: 23 Method: fedavg Mean_Acc: 53.722 Best_Acc: 53.722
Domain_Acc: [60.27, 74.74, 46.55, 33.33] Domain_BestAcc: [60.27, 76.84, 50.0, 46.67]
Round 24 – TPR per Client: 0:0.333, 1:0.333, 2:0.454, 3:0.734, 4:0.557, 5:0.557, 6:0.557, 7:0.734, 8:0.454, 9:0.333
Round: 24 Method: fedavg Mean_Acc: 52.34 Best_Acc: 53.722
Domain_Acc: [58.04, 73.16, 44.83, 33.33] Domain_BestAcc: [60.27, 76.84, 50.0, 46.67]
Round 25 – TPR per Client: 0:0.300, 1:0.300, 2:0.505, 3:0.716, 4:0.607, 5:0.607, 6:0.607, 7:0.716, 8:0.505, 9:0.300
Round: 25 Method: fedavg Mean_Acc: 54.65 Best_Acc: 54.65
Domain_Acc: [62.5, 71.05, 51.72, 33.33] Domain_BestAcc: [62.5, 76.84, 51.72, 46.67]
Round 26 – TPR per Client: 0:0.283, 1:0.283, 2:0.463, 3:0.787, 4:0.563, 5:0.563, 6:0.563, 7:0.787, 8:0.463, 9:0.283
Round: 26 Method: fedavg Mean_Acc: 53.362 Best_Acc: 54.65
Domain_Acc: [58.48, 78.42, 46.55, 30.0] Domain_BestAcc: [62.5, 78.42, 51.72, 46.67]
Round 27 – TPR per Client: 0:0.225, 1:0.225, 2:0.482, 3:0.749, 4:0.572, 5:0.572, 6:0.572, 7:0.749, 8:0.482, 9:0.225
Round: 27 Method: fedavg Mean_Acc: 51.933 Best_Acc: 54.65
Domain_Acc: [58.04, 74.74, 48.28, 26.67] Domain_BestAcc: [62.5, 78.42, 51.72, 46.67]
Round 28 – TPR per Client: 0:0.300, 1:0.300, 2:0.550, 3:0.748, 4:0.559, 5:0.559, 6:0.559, 7:0.748, 8:0.550, 9:0.300
Round: 28 Method: fedavg Mean_Acc: 54.757 Best_Acc: 54.757
Domain_Acc: [58.04, 74.21, 53.45, 33.33] Domain_BestAcc: [62.5, 78.42, 53.45, 46.67]
Round 29 – TPR per Client: 0:0.275, 1:0.275, 2:0.409, 3:0.694, 4:0.526, 5:0.526, 6:0.526, 7:0.694, 8:0.409, 9:0.275
Round: 29 Method: fedavg Mean_Acc: 48.51 Best_Acc: 54.757
Domain_Acc: [54.91, 69.47, 39.66, 30.0] Domain_BestAcc: [62.5, 78.42, 53.45, 46.67]
Round 30 – TPR per Client: 0:0.342, 1:0.342, 2:0.517, 3:0.760, 4:0.576, 5:0.576, 6:0.576, 7:0.760, 8:0.517, 9:0.342
Round: 30 Method: fedavg Mean_Acc: 56.723 Best_Acc: 56.723
Domain_Acc: [59.38, 75.79, 51.72, 40.0] Domain_BestAcc: [62.5, 78.42, 53.45, 46.67]
Round 31 – TPR per Client: 0:0.392, 1:0.392, 2:0.501, 3:0.738, 4:0.538, 5:0.538, 6:0.538, 7:0.738, 8:0.501, 9:0.392
Round: 31 Method: fedavg Mean_Acc: 54.84 Best_Acc: 56.723
Domain_Acc: [55.8, 73.68, 46.55, 43.33] Domain_BestAcc: [62.5, 78.42, 53.45, 46.67]
Round 32 – TPR per Client: 0:0.342, 1:0.342, 2:0.583, 3:0.794, 4:0.561, 5:0.561, 6:0.561, 7:0.794, 8:0.583, 9:0.342
Round: 32 Method: fedavg Mean_Acc: 58.902 Best_Acc: 58.902
Domain_Acc: [58.04, 78.95, 58.62, 40.0] Domain_BestAcc: [62.5, 78.95, 58.62, 46.67]
Round 33 – TPR per Client: 0:0.317, 1:0.317, 2:0.547, 3:0.778, 4:0.572, 5:0.572, 6:0.572, 7:0.778, 8:0.547, 9:0.317
Round: 33 Method: fedavg Mean_Acc: 57.035 Best_Acc: 58.902
Domain_Acc: [58.93, 77.37, 55.17, 36.67] Domain_BestAcc: [62.5, 78.95, 58.62, 46.67]
Round 34 – TPR per Client: 0:0.350, 1:0.350, 2:0.556, 3:0.763, 4:0.574, 5:0.574, 6:0.574, 7:0.763, 8:0.556, 9:0.350
Round: 34 Method: fedavg Mean_Acc: 58.018 Best_Acc: 58.902
Domain_Acc: [59.38, 75.79, 56.9, 40.0] Domain_BestAcc: [62.5, 78.95, 58.62, 46.67]
Round 35 – TPR per Client: 0:0.392, 1:0.392, 2:0.534, 3:0.721, 4:0.568, 5:0.568, 6:0.568, 7:0.721, 8:0.534, 9:0.392
Round: 35 Method: fedavg Mean_Acc: 57.067 Best_Acc: 58.902
Domain_Acc: [59.38, 72.11, 53.45, 43.33] Domain_BestAcc: [62.5, 78.95, 58.62, 46.67]
Round 36 – TPR per Client: 0:0.233, 1:0.233, 2:0.538, 3:0.761, 4:0.558, 5:0.558, 6:0.558, 7:0.761, 8:0.538, 9:0.233
Round: 36 Method: fedavg Mean_Acc: 54.32 Best_Acc: 58.902
Domain_Acc: [58.04, 75.79, 53.45, 30.0] Domain_BestAcc: [62.5, 78.95, 58.62, 46.67]
Round 37 – TPR per Client: 0:0.367, 1:0.367, 2:0.654, 3:0.769, 4:0.596, 5:0.596, 6:0.596, 7:0.769, 8:0.654, 9:0.367
Round: 37 Method: fedavg Mean_Acc: 60.56 Best_Acc: 60.56
Domain_Acc: [61.61, 76.84, 63.79, 40.0] Domain_BestAcc: [62.5, 78.95, 63.79, 46.67]
Round 38 – TPR per Client: 0:0.375, 1:0.375, 2:0.596, 3:0.761, 4:0.567, 5:0.567, 6:0.567, 7:0.761, 8:0.596, 9:0.375
Round: 38 Method: fedavg Mean_Acc: 58.335 Best_Acc: 60.56
Domain_Acc: [58.93, 75.79, 58.62, 40.0] Domain_BestAcc: [62.5, 78.95, 63.79, 46.67]
Round 39 – TPR per Client: 0:0.350, 1:0.350, 2:0.562, 3:0.796, 4:0.555, 5:0.555, 6:0.555, 7:0.796, 8:0.562, 9:0.350
Round: 39 Method: fedavg Mean_Acc: 57.225 Best_Acc: 60.56
Domain_Acc: [57.59, 79.47, 55.17, 36.67] Domain_BestAcc: [62.5, 79.47, 63.79, 46.67]
Round 40 – TPR per Client: 0:0.350, 1:0.350, 2:0.511, 3:0.775, 4:0.574, 5:0.574, 6:0.574, 7:0.775, 8:0.511, 9:0.350
Round: 40 Method: fedavg Mean_Acc: 56.285 Best_Acc: 60.56
Domain_Acc: [59.38, 77.37, 51.72, 36.67] Domain_BestAcc: [62.5, 79.47, 63.79, 46.67]
Round 41 – TPR per Client: 0:0.342, 1:0.342, 2:0.613, 3:0.782, 4:0.600, 5:0.600, 6:0.600, 7:0.782, 8:0.613, 9:0.342
Round: 41 Method: fedavg Mean_Acc: 59.96 Best_Acc: 60.56
Domain_Acc: [61.61, 77.89, 60.34, 40.0] Domain_BestAcc: [62.5, 79.47, 63.79, 46.67]
Round 42 – TPR per Client: 0:0.392, 1:0.392, 2:0.617, 3:0.790, 4:0.583, 5:0.583, 6:0.583, 7:0.790, 8:0.617, 9:0.392
Round: 42 Method: fedavg Mean_Acc: 60.722 Best_Acc: 60.722
Domain_Acc: [60.27, 78.95, 60.34, 43.33] Domain_BestAcc: [62.5, 79.47, 63.79, 46.67]
Round 43 – TPR per Client: 0:0.242, 1:0.242, 2:0.598, 3:0.778, 4:0.547, 5:0.547, 6:0.547, 7:0.778, 8:0.598, 9:0.242
Round: 43 Method: fedavg Mean_Acc: 55.802 Best_Acc: 60.722
Domain_Acc: [56.7, 77.89, 58.62, 30.0] Domain_BestAcc: [62.5, 79.47, 63.79, 46.67]
Round 44 – TPR per Client: 0:0.442, 1:0.442, 2:0.540, 3:0.785, 4:0.565, 5:0.565, 6:0.565, 7:0.785, 8:0.540, 9:0.442
Round: 44 Method: fedavg Mean_Acc: 59.255 Best_Acc: 60.722
Domain_Acc: [58.48, 78.42, 53.45, 46.67] Domain_BestAcc: [62.5, 79.47, 63.79, 46.67]
Round 45 – TPR per Client: 0:0.358, 1:0.358, 2:0.582, 3:0.781, 4:0.589, 5:0.589, 6:0.589, 7:0.781, 8:0.582, 9:0.358
Round: 45 Method: fedavg Mean_Acc: 58.585 Best_Acc: 60.722
Domain_Acc: [61.16, 77.89, 58.62, 36.67] Domain_BestAcc: [62.5, 79.47, 63.79, 46.67]
Round 46 – TPR per Client: 0:0.308, 1:0.308, 2:0.503, 3:0.801, 4:0.594, 5:0.594, 6:0.594, 7:0.801, 8:0.503, 9:0.308
Round: 46 Method: fedavg Mean_Acc: 56.775 Best_Acc: 60.722
Domain_Acc: [62.05, 80.0, 51.72, 33.33] Domain_BestAcc: [62.5, 80.0, 63.79, 46.67]
Round 47 – TPR per Client: 0:0.367, 1:0.367, 2:0.544, 3:0.813, 4:0.574, 5:0.574, 6:0.574, 7:0.813, 8:0.544, 9:0.367
Round: 47 Method: fedavg Mean_Acc: 59.732 Best_Acc: 60.722
Domain_Acc: [59.38, 81.05, 55.17, 43.33] Domain_BestAcc: [62.5, 81.05, 63.79, 46.67]
Round 48 – TPR per Client: 0:0.383, 1:0.383, 2:0.630, 3:0.786, 4:0.589, 5:0.589, 6:0.589, 7:0.786, 8:0.630, 9:0.383
Round: 48 Method: fedavg Mean_Acc: 60.3 Best_Acc: 60.722
Domain_Acc: [60.71, 78.42, 62.07, 40.0] Domain_BestAcc: [62.5, 81.05, 63.79, 46.67]
Round 49 – TPR per Client: 0:0.383, 1:0.383, 2:0.399, 3:0.766, 4:0.547, 5:0.547, 6:0.547, 7:0.766, 8:0.399, 9:0.383
Round: 49 Method: fedavg Mean_Acc: 52.738 Best_Acc: 60.722
Domain_Acc: [56.7, 76.32, 37.93, 40.0] Domain_BestAcc: [62.5, 81.05, 63.79, 46.67]
Round 50 – TPR per Client: 0:0.225, 1:0.225, 2:0.562, 3:0.791, 4:0.585, 5:0.585, 6:0.585, 7:0.791, 8:0.562, 9:0.225
Round: 50 Method: fedavg Mean_Acc: 55.778 Best_Acc: 60.722
Domain_Acc: [60.71, 78.95, 53.45, 30.0] Domain_BestAcc: [62.5, 81.05, 63.79, 46.67]
Round 51 – TPR per Client: 0:0.417, 1:0.417, 2:0.571, 3:0.767, 4:0.580, 5:0.580, 6:0.580, 7:0.767, 8:0.571, 9:0.417
Round: 51 Method: fedavg Mean_Acc: 60.47 Best_Acc: 60.722
Domain_Acc: [60.27, 76.32, 58.62, 46.67] Domain_BestAcc: [62.5, 81.05, 63.79, 46.67]
Round 52 – TPR per Client: 0:0.342, 1:0.342, 2:0.528, 3:0.781, 4:0.577, 5:0.577, 6:0.577, 7:0.781, 8:0.528, 9:0.342
Round: 52 Method: fedavg Mean_Acc: 57.79 Best_Acc: 60.722
Domain_Acc: [59.82, 77.89, 53.45, 40.0] Domain_BestAcc: [62.5, 81.05, 63.79, 46.67]
Round 53 – TPR per Client: 0:0.417, 1:0.417, 2:0.577, 3:0.791, 4:0.591, 5:0.591, 6:0.591, 7:0.791, 8:0.577, 9:0.417
Round: 53 Method: fedavg Mean_Acc: 60.515 Best_Acc: 60.722
Domain_Acc: [61.16, 78.95, 58.62, 43.33] Domain_BestAcc: [62.5, 81.05, 63.79, 46.67]
Round 54 – TPR per Client: 0:0.342, 1:0.342, 2:0.568, 3:0.810, 4:0.588, 5:0.588, 6:0.588, 7:0.810, 8:0.568, 9:0.342
Round: 54 Method: fedavg Mean_Acc: 59.665 Best_Acc: 60.722
Domain_Acc: [60.71, 81.05, 56.9, 40.0] Domain_BestAcc: [62.5, 81.05, 63.79, 46.67]
Round 55 – TPR per Client: 0:0.467, 1:0.467, 2:0.573, 3:0.771, 4:0.614, 5:0.614, 6:0.614, 7:0.771, 8:0.573, 9:0.467
Round: 55 Method: fedavg Mean_Acc: 61.783 Best_Acc: 61.783
Domain_Acc: [63.39, 76.84, 56.9, 50.0] Domain_BestAcc: [63.39, 81.05, 63.79, 50.0]
Round 56 – TPR per Client: 0:0.417, 1:0.417, 2:0.630, 3:0.757, 4:0.603, 5:0.603, 6:0.603, 7:0.757, 8:0.630, 9:0.417
Round: 56 Method: fedavg Mean_Acc: 61.625 Best_Acc: 61.783
Domain_Acc: [62.5, 75.26, 62.07, 46.67] Domain_BestAcc: [63.39, 81.05, 63.79, 50.0]
Round 57 – TPR per Client: 0:0.392, 1:0.392, 2:0.523, 3:0.781, 4:0.589, 5:0.589, 6:0.589, 7:0.781, 8:0.523, 9:0.392
Round: 57 Method: fedavg Mean_Acc: 58.412 Best_Acc: 61.783
Domain_Acc: [60.71, 77.89, 51.72, 43.33] Domain_BestAcc: [63.39, 81.05, 63.79, 50.0]
Round 58 – TPR per Client: 0:0.400, 1:0.400, 2:0.643, 3:0.792, 4:0.589, 5:0.589, 6:0.589, 7:0.792, 8:0.643, 9:0.400
Round: 58 Method: fedavg Mean_Acc: 61.695 Best_Acc: 61.783
Domain_Acc: [60.71, 78.95, 63.79, 43.33] Domain_BestAcc: [63.39, 81.05, 63.79, 50.0]
Round 59 – TPR per Client: 0:0.417, 1:0.417, 2:0.590, 3:0.798, 4:0.588, 5:0.588, 6:0.588, 7:0.798, 8:0.590, 9:0.417
Round: 59 Method: fedavg Mean_Acc: 61.368 Best_Acc: 61.783
Domain_Acc: [60.71, 79.47, 58.62, 46.67] Domain_BestAcc: [63.39, 81.05, 63.79, 50.0]
Round 60 – TPR per Client: 0:0.367, 1:0.367, 2:0.643, 3:0.782, 4:0.585, 5:0.585, 6:0.585, 7:0.782, 8:0.643, 9:0.367
Round: 60 Method: fedavg Mean_Acc: 61.43 Best_Acc: 61.783
Domain_Acc: [60.71, 77.89, 63.79, 43.33] Domain_BestAcc: [63.39, 81.05, 63.79, 50.0]
Round 61 – TPR per Client: 0:0.417, 1:0.417, 2:0.660, 3:0.822, 4:0.586, 5:0.586, 6:0.586, 7:0.822, 8:0.660, 9:0.417
Round: 61 Method: fedavg Mean_Acc: 63.752 Best_Acc: 63.752
Domain_Acc: [60.71, 82.11, 65.52, 46.67] Domain_BestAcc: [63.39, 82.11, 65.52, 50.0]
Round 62 – TPR per Client: 0:0.367, 1:0.367, 2:0.602, 3:0.787, 4:0.599, 5:0.599, 6:0.599, 7:0.787, 8:0.602, 9:0.367
Round: 62 Method: fedavg Mean_Acc: 60.605 Best_Acc: 63.752
Domain_Acc: [62.05, 78.42, 58.62, 43.33] Domain_BestAcc: [63.39, 82.11, 65.52, 50.0]
Round 63 – TPR per Client: 0:0.367, 1:0.367, 2:0.614, 3:0.781, 4:0.596, 5:0.596, 6:0.596, 7:0.781, 8:0.614, 9:0.367
Round: 63 Method: fedavg Mean_Acc: 60.793 Best_Acc: 63.752
Domain_Acc: [61.61, 77.89, 60.34, 43.33] Domain_BestAcc: [63.39, 82.11, 65.52, 50.0]
Round 64 – TPR per Client: 0:0.392, 1:0.392, 2:0.577, 3:0.776, 4:0.611, 5:0.611, 6:0.611, 7:0.776, 8:0.577, 9:0.392
Round: 64 Method: fedavg Mean_Acc: 60.138 Best_Acc: 63.752
Domain_Acc: [62.95, 77.37, 56.9, 43.33] Domain_BestAcc: [63.39, 82.11, 65.52, 50.0]
Round 65 – TPR per Client: 0:0.417, 1:0.417, 2:0.581, 3:0.802, 4:0.599, 5:0.599, 6:0.599, 7:0.802, 8:0.581, 9:0.417
Round: 65 Method: fedavg Mean_Acc: 61.295 Best_Acc: 63.752
Domain_Acc: [61.61, 80.0, 56.9, 46.67] Domain_BestAcc: [63.39, 82.11, 65.52, 50.0]
Round 66 – TPR per Client: 0:0.367, 1:0.367, 2:0.547, 3:0.781, 4:0.596, 5:0.596, 6:0.596, 7:0.781, 8:0.547, 9:0.367
Round: 66 Method: fedavg Mean_Acc: 59.388 Best_Acc: 63.752
Domain_Acc: [61.16, 77.89, 55.17, 43.33] Domain_BestAcc: [63.39, 82.11, 65.52, 50.0]
Round 67 – TPR per Client: 0:0.417, 1:0.417, 2:0.643, 3:0.813, 4:0.612, 5:0.612, 6:0.612, 7:0.813, 8:0.643, 9:0.417
Round: 67 Method: fedavg Mean_Acc: 63.615 Best_Acc: 63.752
Domain_Acc: [62.95, 81.05, 63.79, 46.67] Domain_BestAcc: [63.39, 82.11, 65.52, 50.0]
Round 68 – TPR per Client: 0:0.367, 1:0.367, 2:0.643, 3:0.787, 4:0.603, 5:0.603, 6:0.603, 7:0.787, 8:0.643, 9:0.367
Round: 68 Method: fedavg Mean_Acc: 61.897 Best_Acc: 63.752
Domain_Acc: [62.05, 78.42, 63.79, 43.33] Domain_BestAcc: [63.39, 82.11, 65.52, 50.0]
Round 69 – TPR per Client: 0:0.442, 1:0.442, 2:0.577, 3:0.784, 4:0.578, 5:0.578, 6:0.578, 7:0.784, 8:0.577, 9:0.442
Round: 69 Method: fedavg Mean_Acc: 60.452 Best_Acc: 63.752
Domain_Acc: [59.82, 78.42, 56.9, 46.67] Domain_BestAcc: [63.39, 82.11, 65.52, 50.0]
Round 70 – TPR per Client: 0:0.342, 1:0.342, 2:0.610, 3:0.817, 4:0.598, 5:0.598, 6:0.598, 7:0.817, 8:0.610, 9:0.342
Round: 70 Method: fedavg Mean_Acc: 61.425 Best_Acc: 63.752
Domain_Acc: [62.05, 81.58, 62.07, 40.0] Domain_BestAcc: [63.39, 82.11, 65.52, 50.0]
Round 71 – TPR per Client: 0:0.392, 1:0.392, 2:0.623, 3:0.811, 4:0.584, 5:0.584, 6:0.584, 7:0.811, 8:0.623, 9:0.392
Round: 71 Method: fedavg Mean_Acc: 61.79 Best_Acc: 63.752
Domain_Acc: [60.71, 81.05, 62.07, 43.33] Domain_BestAcc: [63.39, 82.11, 65.52, 50.0]
Round 72 – TPR per Client: 0:0.417, 1:0.417, 2:0.627, 3:0.807, 4:0.589, 5:0.589, 6:0.589, 7:0.807, 8:0.627, 9:0.417
Round: 72 Method: fedavg Mean_Acc: 62.608 Best_Acc: 63.752
Domain_Acc: [61.16, 80.53, 62.07, 46.67] Domain_BestAcc: [63.39, 82.11, 65.52, 50.0]
Round 73 – TPR per Client: 0:0.417, 1:0.417, 2:0.627, 3:0.796, 4:0.593, 5:0.593, 6:0.593, 7:0.796, 8:0.627, 9:0.417
Round: 73 Method: fedavg Mean_Acc: 62.342 Best_Acc: 63.752
Domain_Acc: [61.16, 79.47, 62.07, 46.67] Domain_BestAcc: [63.39, 82.11, 65.52, 50.0]
Round 74 – TPR per Client: 0:0.392, 1:0.392, 2:0.647, 3:0.802, 4:0.591, 5:0.591, 6:0.591, 7:0.802, 8:0.647, 9:0.392
Round: 74 Method: fedavg Mean_Acc: 61.957 Best_Acc: 63.752
Domain_Acc: [60.71, 80.0, 63.79, 43.33] Domain_BestAcc: [63.39, 82.11, 65.52, 50.0]
Round 75 – TPR per Client: 0:0.367, 1:0.367, 2:0.665, 3:0.812, 4:0.598, 5:0.598, 6:0.598, 7:0.812, 8:0.665, 9:0.367
Round: 75 Method: fedavg Mean_Acc: 62.988 Best_Acc: 63.752
Domain_Acc: [62.05, 81.05, 65.52, 43.33] Domain_BestAcc: [63.39, 82.11, 65.52, 50.0]
Round 76 – TPR per Client: 0:0.367, 1:0.367, 2:0.677, 3:0.832, 4:0.604, 5:0.604, 6:0.604, 7:0.832, 8:0.677, 9:0.367
Round: 76 Method: fedavg Mean_Acc: 64.057 Best_Acc: 64.057
Domain_Acc: [62.5, 83.16, 67.24, 43.33] Domain_BestAcc: [63.39, 83.16, 67.24, 50.0]
Round 77 – TPR per Client: 0:0.350, 1:0.350, 2:0.643, 3:0.812, 4:0.600, 5:0.600, 6:0.600, 7:0.812, 8:0.643, 9:0.350
Round: 77 Method: fedavg Mean_Acc: 61.722 Best_Acc: 64.057
Domain_Acc: [62.05, 81.05, 63.79, 40.0] Domain_BestAcc: [63.39, 83.16, 67.24, 50.0]
Round 78 – TPR per Client: 0:0.367, 1:0.367, 2:0.660, 3:0.812, 4:0.596, 5:0.596, 6:0.596, 7:0.812, 8:0.660, 9:0.367
Round: 78 Method: fedavg Mean_Acc: 62.878 Best_Acc: 64.057
Domain_Acc: [61.61, 81.05, 65.52, 43.33] Domain_BestAcc: [63.39, 83.16, 67.24, 50.0]
Round 79 – TPR per Client: 0:0.350, 1:0.350, 2:0.660, 3:0.802, 4:0.609, 5:0.609, 6:0.609, 7:0.802, 8:0.660, 9:0.350
Round: 79 Method: fedavg Mean_Acc: 62.117 Best_Acc: 64.057
Domain_Acc: [62.95, 80.0, 65.52, 40.0] Domain_BestAcc: [63.39, 83.16, 67.24, 50.0]
Round 80 – TPR per Client: 0:0.317, 1:0.317, 2:0.660, 3:0.797, 4:0.596, 5:0.596, 6:0.596, 7:0.797, 8:0.660, 9:0.317
Round: 80 Method: fedavg Mean_Acc: 59.982 Best_Acc: 64.057
Domain_Acc: [61.61, 79.47, 65.52, 33.33] Domain_BestAcc: [63.39, 83.16, 67.24, 50.0]
Round 81 – TPR per Client: 0:0.417, 1:0.417, 2:0.677, 3:0.792, 4:0.597, 5:0.597, 6:0.597, 7:0.792, 8:0.677, 9:0.417
Round: 81 Method: fedavg Mean_Acc: 63.618 Best_Acc: 64.057
Domain_Acc: [61.61, 78.95, 67.24, 46.67] Domain_BestAcc: [63.39, 83.16, 67.24, 50.0]
Round 82 – TPR per Client: 0:0.367, 1:0.367, 2:0.657, 3:0.771, 4:0.586, 5:0.586, 6:0.586, 7:0.771, 8:0.657, 9:0.367
Round: 82 Method: fedavg Mean_Acc: 61.6 Best_Acc: 64.057
Domain_Acc: [60.71, 76.84, 65.52, 43.33] Domain_BestAcc: [63.39, 83.16, 67.24, 50.0]
Round 83 – TPR per Client: 0:0.333, 1:0.333, 2:0.632, 3:0.807, 4:0.572, 5:0.572, 6:0.572, 7:0.807, 8:0.632, 9:0.333
Round: 83 Method: fedavg Mean_Acc: 59.98 Best_Acc: 64.057
Domain_Acc: [58.93, 80.53, 63.79, 36.67] Domain_BestAcc: [63.39, 83.16, 67.24, 50.0]
Round 84 – TPR per Client: 0:0.367, 1:0.367, 2:0.643, 3:0.812, 4:0.592, 5:0.592, 6:0.592, 7:0.812, 8:0.643, 9:0.367
Round: 84 Method: fedavg Mean_Acc: 62.332 Best_Acc: 64.057
Domain_Acc: [61.16, 81.05, 63.79, 43.33] Domain_BestAcc: [63.39, 83.16, 67.24, 50.0]
Round 85 – TPR per Client: 0:0.333, 1:0.333, 2:0.648, 3:0.802, 4:0.583, 5:0.583, 6:0.583, 7:0.802, 8:0.648, 9:0.333
Round: 85 Method: fedavg Mean_Acc: 60.183 Best_Acc: 64.057
Domain_Acc: [60.27, 80.0, 63.79, 36.67] Domain_BestAcc: [63.39, 83.16, 67.24, 50.0]
Round 86 – TPR per Client: 0:0.367, 1:0.367, 2:0.643, 3:0.817, 4:0.604, 5:0.604, 6:0.604, 7:0.817, 8:0.643, 9:0.367
Round: 86 Method: fedavg Mean_Acc: 62.8 Best_Acc: 64.057
Domain_Acc: [62.5, 81.58, 63.79, 43.33] Domain_BestAcc: [63.39, 83.16, 67.24, 50.0]
Round 87 – TPR per Client: 0:0.325, 1:0.325, 2:0.627, 3:0.802, 4:0.622, 5:0.622, 6:0.622, 7:0.802, 8:0.627, 9:0.325
Round: 87 Method: fedavg Mean_Acc: 60.645 Best_Acc: 64.057
Domain_Acc: [63.84, 80.0, 62.07, 36.67] Domain_BestAcc: [63.84, 83.16, 67.24, 50.0]
Round 88 – TPR per Client: 0:0.392, 1:0.392, 2:0.553, 3:0.797, 4:0.587, 5:0.587, 6:0.587, 7:0.797, 8:0.553, 9:0.392
Round: 88 Method: fedavg Mean_Acc: 59.56 Best_Acc: 64.057
Domain_Acc: [60.27, 79.47, 55.17, 43.33] Domain_BestAcc: [63.84, 83.16, 67.24, 50.0]
Round 89 – TPR per Client: 0:0.400, 1:0.400, 2:0.540, 3:0.767, 4:0.600, 5:0.600, 6:0.600, 7:0.767, 8:0.540, 9:0.400
Round: 89 Method: fedavg Mean_Acc: 59.108 Best_Acc: 64.057
Domain_Acc: [61.61, 76.32, 55.17, 43.33] Domain_BestAcc: [63.84, 83.16, 67.24, 50.0]
Round 90 – TPR per Client: 0:0.417, 1:0.417, 2:0.618, 3:0.798, 4:0.595, 5:0.595, 6:0.595, 7:0.798, 8:0.618, 9:0.417
Round: 90 Method: fedavg Mean_Acc: 62.455 Best_Acc: 64.057
Domain_Acc: [61.61, 79.47, 62.07, 46.67] Domain_BestAcc: [63.84, 83.16, 67.24, 50.0]
Round 91 – TPR per Client: 0:0.417, 1:0.417, 2:0.643, 3:0.767, 4:0.610, 5:0.610, 6:0.610, 7:0.767, 8:0.643, 9:0.417
Round: 91 Method: fedavg Mean_Acc: 62.432 Best_Acc: 64.057
Domain_Acc: [62.95, 76.32, 63.79, 46.67] Domain_BestAcc: [63.84, 83.16, 67.24, 50.0]
Round 92 – TPR per Client: 0:0.417, 1:0.417, 2:0.643, 3:0.797, 4:0.583, 5:0.583, 6:0.583, 7:0.797, 8:0.643, 9:0.417
Round: 92 Method: fedavg Mean_Acc: 62.55 Best_Acc: 64.057
Domain_Acc: [60.27, 79.47, 63.79, 46.67] Domain_BestAcc: [63.84, 83.16, 67.24, 50.0]
Round 93 – TPR per Client: 0:0.417, 1:0.417, 2:0.640, 3:0.787, 4:0.625, 5:0.625, 6:0.625, 7:0.787, 8:0.640, 9:0.417
Round: 93 Method: fedavg Mean_Acc: 63.293 Best_Acc: 64.057
Domain_Acc: [64.29, 78.42, 63.79, 46.67] Domain_BestAcc: [64.29, 83.16, 67.24, 50.0]
Round 94 – TPR per Client: 0:0.367, 1:0.367, 2:0.623, 3:0.802, 4:0.611, 5:0.611, 6:0.611, 7:0.802, 8:0.623, 9:0.367
Round: 94 Method: fedavg Mean_Acc: 62.087 Best_Acc: 64.057
Domain_Acc: [62.95, 80.0, 62.07, 43.33] Domain_BestAcc: [64.29, 83.16, 67.24, 50.0]
Round 95 – TPR per Client: 0:0.417, 1:0.417, 2:0.607, 3:0.782, 4:0.618, 5:0.618, 6:0.618, 7:0.782, 8:0.607, 9:0.417
Round: 95 Method: fedavg Mean_Acc: 62.185 Best_Acc: 64.057
Domain_Acc: [63.84, 77.89, 60.34, 46.67] Domain_BestAcc: [64.29, 83.16, 67.24, 50.0]
Round 96 – TPR per Client: 0:0.417, 1:0.417, 2:0.657, 3:0.802, 4:0.601, 5:0.601, 6:0.601, 7:0.802, 8:0.657, 9:0.417
Round: 96 Method: fedavg Mean_Acc: 63.56 Best_Acc: 64.057
Domain_Acc: [62.05, 80.0, 65.52, 46.67] Domain_BestAcc: [64.29, 83.16, 67.24, 50.0]
Round 97 – TPR per Client: 0:0.417, 1:0.417, 2:0.611, 3:0.812, 4:0.598, 5:0.598, 6:0.598, 7:0.812, 8:0.611, 9:0.417
Round: 97 Method: fedavg Mean_Acc: 62.418 Best_Acc: 64.057
Domain_Acc: [61.61, 81.05, 60.34, 46.67] Domain_BestAcc: [64.29, 83.16, 67.24, 50.0]
Round 98 – TPR per Client: 0:0.417, 1:0.417, 2:0.594, 3:0.797, 4:0.599, 5:0.599, 6:0.599, 7:0.797, 8:0.594, 9:0.417
Round: 98 Method: fedavg Mean_Acc: 61.592 Best_Acc: 64.057
Domain_Acc: [61.61, 79.47, 58.62, 46.67] Domain_BestAcc: [64.29, 83.16, 67.24, 50.0]
Round 99 – TPR per Client: 0:0.417, 1:0.417, 2:0.607, 3:0.812, 4:0.596, 5:0.596, 6:0.596, 7:0.812, 8:0.607, 9:0.417
Round: 99 Method: fedavg Mean_Acc: 62.418 Best_Acc: 64.057
Domain_Acc: [61.61, 81.05, 60.34, 46.67] Domain_BestAcc: [64.29, 83.16, 67.24, 50.0]
2025-05-07 11:49:00
