Namespace(prefix='', communication_epoch=100, local_epoch=5, parti_num=10, model='dapperfl', dataset='fl_officecaltech', pr_strategy='0.4', backbone='resnet18', alpha=0.9, alpha_min=0.1, epsilon=0.2, reg_coeff=0.01, wandb=0, device_id=0, seed=1234, rand_dataset=1, learning_decay=False, averaing='weight', online_ratio=1, mu=0.1, input_dim=28, csv_log=False, local_lr=0.01, local_batch_size=64, pr_ratios=['0', '0.2', '0.4', '0.6', '0.8'], arch='res18')
2025-05-03 11:01:25
{'dslr': 3, 'webcam': 2, 'amazon': 2, 'caltech': 3}
['dslr', 'dslr', 'webcam', 'amazon', 'caltech', 'caltech', 'caltech', 'amazon', 'webcam', 'dslr']
Prune local model 3, pr_ratio = [0.4, 0.4, 0.4, 0.4]
Prune local model 9, pr_ratio = [0.4, 0.4, 0.4, 0.4]
Prune local model 0, pr_ratio = [0.4, 0.4, 0.4, 0.4]
Prune local model 8, pr_ratio = [0.4, 0.4, 0.4, 0.4]
Prune local model 6, pr_ratio = [0.4, 0.4, 0.4, 0.4]
Prune local model 2, pr_ratio = [0.4, 0.4, 0.4, 0.4]
Prune local model 1, pr_ratio = [0.4, 0.4, 0.4, 0.4]
Prune local model 7, pr_ratio = [0.4, 0.4, 0.4, 0.4]
Prune local model 5, pr_ratio = [0.4, 0.4, 0.4, 0.4]
Prune local model 4, pr_ratio = [0.4, 0.4, 0.4, 0.4]
Round: 0 Method: dapperfl Mean_Acc: 8.782 Best_Acc: 8.782
Domain_Acc: [7.59, 10.53, 10.34, 6.67] Domain_BestAcc: [7.59, 10.53, 10.34, 6.67]
Prune local model 2, pr_ratio = [0.4, 0.4, 0.4, 0.4]
Prune local model 4, pr_ratio = [0.4, 0.4, 0.4, 0.4]
Prune local model 7, pr_ratio = [0.4, 0.4, 0.4, 0.4]
Prune local model 5, pr_ratio = [0.4, 0.4, 0.4, 0.4]
Prune local model 1, pr_ratio = [0.4, 0.4, 0.4, 0.4]
Prune local model 3, pr_ratio = [0.4, 0.4, 0.4, 0.4]
Prune local model 8, pr_ratio = [0.4, 0.4, 0.4, 0.4]
Prune local model 9, pr_ratio = [0.4, 0.4, 0.4, 0.4]
Prune local model 0, pr_ratio = [0.4, 0.4, 0.4, 0.4]
Prune local model 6, pr_ratio = [0.4, 0.4, 0.4, 0.4]
Round: 1 Method: dapperfl Mean_Acc: 10.048 Best_Acc: 10.048
Domain_Acc: [9.82, 8.42, 8.62, 13.33] Domain_BestAcc: [9.82, 10.53, 10.34, 13.33]
Prune local model 2, pr_ratio = [0.4, 0.4, 0.4, 0.4]
Prune local model 3, pr_ratio = [0.4, 0.4, 0.4, 0.4]
Prune local model 8, pr_ratio = [0.4, 0.4, 0.4, 0.4]
Prune local model 9, pr_ratio = [0.4, 0.4, 0.4, 0.4]
Prune local model 6, pr_ratio = [0.4, 0.4, 0.4, 0.4]
Prune local model 5, pr_ratio = [0.4, 0.4, 0.4, 0.4]
Prune local model 7, pr_ratio = [0.4, 0.4, 0.4, 0.4]
Prune local model 0, pr_ratio = [0.4, 0.4, 0.4, 0.4]
Prune local model 4, pr_ratio = [0.4, 0.4, 0.4, 0.4]
Prune local model 1, pr_ratio = [0.4, 0.4, 0.4, 0.4]
Round: 2 Method: dapperfl Mean_Acc: 10.048 Best_Acc: 10.048
Domain_Acc: [9.82, 8.42, 8.62, 13.33] Domain_BestAcc: [9.82, 10.53, 10.34, 13.33]
Prune local model 8, pr_ratio = [0.4, 0.4, 0.4, 0.4]
Prune local model 6, pr_ratio = [0.4, 0.4, 0.4, 0.4]
Prune local model 2, pr_ratio = [0.4, 0.4, 0.4, 0.4]
Prune local model 7, pr_ratio = [0.4, 0.4, 0.4, 0.4]
Prune local model 3, pr_ratio = [0.4, 0.4, 0.4, 0.4]
Prune local model 1, pr_ratio = [0.4, 0.4, 0.4, 0.4]
Prune local model 5, pr_ratio = [0.4, 0.4, 0.4, 0.4]
Prune local model 9, pr_ratio = [0.4, 0.4, 0.4, 0.4]
Prune local model 4, pr_ratio = [0.4, 0.4, 0.4, 0.4]
Prune local model 0, pr_ratio = [0.4, 0.4, 0.4, 0.4]
Round: 3 Method: dapperfl Mean_Acc: 14.822 Best_Acc: 14.822
Domain_Acc: [15.62, 20.0, 10.34, 13.33] Domain_BestAcc: [15.62, 20.0, 10.34, 13.33]
Prune local model 6, pr_ratio = [0.4, 0.4, 0.4, 0.4]
Prune local model 4, pr_ratio = [0.4, 0.4, 0.4, 0.4]
Prune local model 3, pr_ratio = [0.4, 0.4, 0.4, 0.4]
Prune local model 7, pr_ratio = [0.4, 0.4, 0.4, 0.4]
Prune local model 0, pr_ratio = [0.4, 0.4, 0.4, 0.4]
Prune local model 9, pr_ratio = [0.4, 0.4, 0.4, 0.4]
Prune local model 8, pr_ratio = [0.4, 0.4, 0.4, 0.4]
Prune local model 5, pr_ratio = [0.4, 0.4, 0.4, 0.4]
Prune local model 1, pr_ratio = [0.4, 0.4, 0.4, 0.4]
Prune local model 2, pr_ratio = [0.4, 0.4, 0.4, 0.4]
Round: 4 Method: dapperfl Mean_Acc: 28.582 Best_Acc: 28.582
Domain_Acc: [33.93, 43.16, 17.24, 20.0] Domain_BestAcc: [33.93, 43.16, 17.24, 20.0]
Prune local model 6, pr_ratio = [0.4, 0.4, 0.4, 0.4]
Prune local model 9, pr_ratio = [0.4, 0.4, 0.4, 0.4]
Prune local model 2, pr_ratio = [0.4, 0.4, 0.4, 0.4]
Prune local model 5, pr_ratio = [0.4, 0.4, 0.4, 0.4]
Prune local model 4, pr_ratio = [0.4, 0.4, 0.4, 0.4]
Prune local model 8, pr_ratio = [0.4, 0.4, 0.4, 0.4]
Prune local model 1, pr_ratio = [0.4, 0.4, 0.4, 0.4]
Prune local model 3, pr_ratio = [0.4, 0.4, 0.4, 0.4]
Prune local model 0, pr_ratio = [0.4, 0.4, 0.4, 0.4]
Prune local model 7, pr_ratio = [0.4, 0.4, 0.4, 0.4]
Round: 5 Method: dapperfl Mean_Acc: 28.242 Best_Acc: 28.582
Domain_Acc: [39.29, 36.32, 20.69, 16.67] Domain_BestAcc: [39.29, 43.16, 20.69, 20.0]
Prune local model 9, pr_ratio = [0.4, 0.4, 0.4, 0.4]
Prune local model 0, pr_ratio = [0.4, 0.4, 0.4, 0.4]
Prune local model 7, pr_ratio = [0.4, 0.4, 0.4, 0.4]
Prune local model 8, pr_ratio = [0.4, 0.4, 0.4, 0.4]
Prune local model 2, pr_ratio = [0.4, 0.4, 0.4, 0.4]
Prune local model 3, pr_ratio = [0.4, 0.4, 0.4, 0.4]
Prune local model 5, pr_ratio = [0.4, 0.4, 0.4, 0.4]
Prune local model 6, pr_ratio = [0.4, 0.4, 0.4, 0.4]
Prune local model 4, pr_ratio = [0.4, 0.4, 0.4, 0.4]
Prune local model 1, pr_ratio = [0.4, 0.4, 0.4, 0.4]
Round: 6 Method: dapperfl Mean_Acc: 34.317 Best_Acc: 34.317
Domain_Acc: [38.39, 44.74, 24.14, 30.0] Domain_BestAcc: [39.29, 44.74, 24.14, 30.0]
Prune local model 9, pr_ratio = [0.4, 0.4, 0.4, 0.4]
Prune local model 6, pr_ratio = [0.4, 0.4, 0.4, 0.4]
Prune local model 7, pr_ratio = [0.4, 0.4, 0.4, 0.4]
Prune local model 1, pr_ratio = [0.4, 0.4, 0.4, 0.4]
Prune local model 4, pr_ratio = [0.4, 0.4, 0.4, 0.4]
Prune local model 0, pr_ratio = [0.4, 0.4, 0.4, 0.4]
Prune local model 8, pr_ratio = [0.4, 0.4, 0.4, 0.4]
Prune local model 5, pr_ratio = [0.4, 0.4, 0.4, 0.4]
Prune local model 2, pr_ratio = [0.4, 0.4, 0.4, 0.4]
Prune local model 3, pr_ratio = [0.4, 0.4, 0.4, 0.4]
Round: 7 Method: dapperfl Mean_Acc: 29.14 Best_Acc: 34.317
Domain_Acc: [41.52, 32.63, 22.41, 20.0] Domain_BestAcc: [41.52, 44.74, 24.14, 30.0]
Prune local model 2, pr_ratio = [0.4, 0.4, 0.4, 0.4]
Prune local model 3, pr_ratio = [0.4, 0.4, 0.4, 0.4]
Prune local model 6, pr_ratio = [0.4, 0.4, 0.4, 0.4]
Prune local model 8, pr_ratio = [0.4, 0.4, 0.4, 0.4]
Prune local model 7, pr_ratio = [0.4, 0.4, 0.4, 0.4]
Prune local model 9, pr_ratio = [0.4, 0.4, 0.4, 0.4]
Prune local model 4, pr_ratio = [0.4, 0.4, 0.4, 0.4]
Prune local model 1, pr_ratio = [0.4, 0.4, 0.4, 0.4]
Prune local model 0, pr_ratio = [0.4, 0.4, 0.4, 0.4]
Prune local model 5, pr_ratio = [0.4, 0.4, 0.4, 0.4]
Round: 8 Method: dapperfl Mean_Acc: 35.87 Best_Acc: 35.87
Domain_Acc: [41.07, 50.0, 22.41, 30.0] Domain_BestAcc: [41.52, 50.0, 24.14, 30.0]
Prune local model 3, pr_ratio = [0.4, 0.4, 0.4, 0.4]
Prune local model 7, pr_ratio = [0.4, 0.4, 0.4, 0.4]
Prune local model 2, pr_ratio = [0.4, 0.4, 0.4, 0.4]
Prune local model 6, pr_ratio = [0.4, 0.4, 0.4, 0.4]
Prune local model 9, pr_ratio = [0.4, 0.4, 0.4, 0.4]
Prune local model 5, pr_ratio = [0.4, 0.4, 0.4, 0.4]
Prune local model 0, pr_ratio = [0.4, 0.4, 0.4, 0.4]
Prune local model 1, pr_ratio = [0.4, 0.4, 0.4, 0.4]
Prune local model 4, pr_ratio = [0.4, 0.4, 0.4, 0.4]
Prune local model 8, pr_ratio = [0.4, 0.4, 0.4, 0.4]
Round: 9 Method: dapperfl Mean_Acc: 35.592 Best_Acc: 35.87
Domain_Acc: [45.54, 49.47, 20.69, 26.67] Domain_BestAcc: [45.54, 50.0, 24.14, 30.0]
Prune local model 8, pr_ratio = [0.4, 0.4, 0.4, 0.4]
Prune local model 7, pr_ratio = [0.4, 0.4, 0.4, 0.4]
Prune local model 1, pr_ratio = [0.4, 0.4, 0.4, 0.4]
Prune local model 3, pr_ratio = [0.4, 0.4, 0.4, 0.4]
Prune local model 0, pr_ratio = [0.4, 0.4, 0.4, 0.4]
Prune local model 9, pr_ratio = [0.4, 0.4, 0.4, 0.4]
Prune local model 6, pr_ratio = [0.4, 0.4, 0.4, 0.4]
Prune local model 2, pr_ratio = [0.4, 0.4, 0.4, 0.4]
Prune local model 5, pr_ratio = [0.4, 0.4, 0.4, 0.4]
Prune local model 4, pr_ratio = [0.4, 0.4, 0.4, 0.4]
Round: 10 Method: dapperfl Mean_Acc: 35.902 Best_Acc: 35.902
Domain_Acc: [39.73, 51.58, 18.97, 33.33] Domain_BestAcc: [45.54, 51.58, 24.14, 33.33]
Prune local model 4, pr_ratio = [0.4, 0.4, 0.4, 0.4]
Prune local model 2, pr_ratio = [0.4, 0.4, 0.4, 0.4]
Prune local model 3, pr_ratio = [0.4, 0.4, 0.4, 0.4]
Prune local model 9, pr_ratio = [0.4, 0.4, 0.4, 0.4]
Prune local model 1, pr_ratio = [0.4, 0.4, 0.4, 0.4]
Prune local model 8, pr_ratio = [0.4, 0.4, 0.4, 0.4]
Prune local model 5, pr_ratio = [0.4, 0.4, 0.4, 0.4]
Prune local model 0, pr_ratio = [0.4, 0.4, 0.4, 0.4]
Prune local model 6, pr_ratio = [0.4, 0.4, 0.4, 0.4]
Prune local model 7, pr_ratio = [0.4, 0.4, 0.4, 0.4]
Round: 11 Method: dapperfl Mean_Acc: 43.948 Best_Acc: 43.948
Domain_Acc: [45.54, 57.37, 36.21, 36.67] Domain_BestAcc: [45.54, 57.37, 36.21, 36.67]
Prune local model 7, pr_ratio = [0.4, 0.4, 0.4, 0.4]
Prune local model 1, pr_ratio = [0.4, 0.4, 0.4, 0.4]
Prune local model 8, pr_ratio = [0.4, 0.4, 0.4, 0.4]
Prune local model 5, pr_ratio = [0.4, 0.4, 0.4, 0.4]
Prune local model 4, pr_ratio = [0.4, 0.4, 0.4, 0.4]
Prune local model 0, pr_ratio = [0.4, 0.4, 0.4, 0.4]
Prune local model 6, pr_ratio = [0.4, 0.4, 0.4, 0.4]
Prune local model 3, pr_ratio = [0.4, 0.4, 0.4, 0.4]
Prune local model 2, pr_ratio = [0.4, 0.4, 0.4, 0.4]
Prune local model 9, pr_ratio = [0.4, 0.4, 0.4, 0.4]
Round: 12 Method: dapperfl Mean_Acc: 44.08 Best_Acc: 44.08
Domain_Acc: [47.77, 65.79, 32.76, 30.0] Domain_BestAcc: [47.77, 65.79, 36.21, 36.67]
Prune local model 2, pr_ratio = [0.4, 0.4, 0.4, 0.4]
Prune local model 9, pr_ratio = [0.4, 0.4, 0.4, 0.4]
Prune local model 4, pr_ratio = [0.4, 0.4, 0.4, 0.4]
Prune local model 6, pr_ratio = [0.4, 0.4, 0.4, 0.4]
Prune local model 5, pr_ratio = [0.4, 0.4, 0.4, 0.4]
Prune local model 0, pr_ratio = [0.4, 0.4, 0.4, 0.4]
Prune local model 1, pr_ratio = [0.4, 0.4, 0.4, 0.4]
Prune local model 7, pr_ratio = [0.4, 0.4, 0.4, 0.4]
Prune local model 3, pr_ratio = [0.4, 0.4, 0.4, 0.4]
Prune local model 8, pr_ratio = [0.4, 0.4, 0.4, 0.4]
Round: 13 Method: dapperfl Mean_Acc: 42.672 Best_Acc: 44.08
Domain_Acc: [51.79, 59.47, 32.76, 26.67] Domain_BestAcc: [51.79, 65.79, 36.21, 36.67]
Prune local model 4, pr_ratio = [0.4, 0.4, 0.4, 0.4]
Prune local model 2, pr_ratio = [0.4, 0.4, 0.4, 0.4]
Prune local model 8, pr_ratio = [0.4, 0.4, 0.4, 0.4]
Prune local model 5, pr_ratio = [0.4, 0.4, 0.4, 0.4]
Prune local model 9, pr_ratio = [0.4, 0.4, 0.4, 0.4]
Prune local model 3, pr_ratio = [0.4, 0.4, 0.4, 0.4]
Prune local model 7, pr_ratio = [0.4, 0.4, 0.4, 0.4]
Prune local model 0, pr_ratio = [0.4, 0.4, 0.4, 0.4]
Prune local model 1, pr_ratio = [0.4, 0.4, 0.4, 0.4]
Prune local model 6, pr_ratio = [0.4, 0.4, 0.4, 0.4]
Round: 14 Method: dapperfl Mean_Acc: 46.378 Best_Acc: 46.378
Domain_Acc: [50.0, 62.63, 36.21, 36.67] Domain_BestAcc: [51.79, 65.79, 36.21, 36.67]
Prune local model 1, pr_ratio = [0.4, 0.4, 0.4, 0.4]
Prune local model 7, pr_ratio = [0.4, 0.4, 0.4, 0.4]
Prune local model 8, pr_ratio = [0.4, 0.4, 0.4, 0.4]
Prune local model 4, pr_ratio = [0.4, 0.4, 0.4, 0.4]
Prune local model 5, pr_ratio = [0.4, 0.4, 0.4, 0.4]
Prune local model 9, pr_ratio = [0.4, 0.4, 0.4, 0.4]
Prune local model 6, pr_ratio = [0.4, 0.4, 0.4, 0.4]
Prune local model 3, pr_ratio = [0.4, 0.4, 0.4, 0.4]
Prune local model 2, pr_ratio = [0.4, 0.4, 0.4, 0.4]
Prune local model 0, pr_ratio = [0.4, 0.4, 0.4, 0.4]
Round: 15 Method: dapperfl Mean_Acc: 43.1 Best_Acc: 46.378
Domain_Acc: [51.34, 58.42, 29.31, 33.33] Domain_BestAcc: [51.79, 65.79, 36.21, 36.67]
Prune local model 4, pr_ratio = [0.4, 0.4, 0.4, 0.4]
Prune local model 2, pr_ratio = [0.4, 0.4, 0.4, 0.4]
Prune local model 3, pr_ratio = [0.4, 0.4, 0.4, 0.4]
Prune local model 9, pr_ratio = [0.4, 0.4, 0.4, 0.4]
Prune local model 8, pr_ratio = [0.4, 0.4, 0.4, 0.4]
Prune local model 0, pr_ratio = [0.4, 0.4, 0.4, 0.4]
Prune local model 5, pr_ratio = [0.4, 0.4, 0.4, 0.4]
Prune local model 1, pr_ratio = [0.4, 0.4, 0.4, 0.4]
Prune local model 7, pr_ratio = [0.4, 0.4, 0.4, 0.4]
Prune local model 6, pr_ratio = [0.4, 0.4, 0.4, 0.4]
Round: 16 Method: dapperfl Mean_Acc: 49.433 Best_Acc: 49.433
Domain_Acc: [57.14, 71.05, 36.21, 33.33] Domain_BestAcc: [57.14, 71.05, 36.21, 36.67]
Prune local model 1, pr_ratio = [0.4, 0.4, 0.4, 0.4]
Prune local model 4, pr_ratio = [0.4, 0.4, 0.4, 0.4]
Prune local model 6, pr_ratio = [0.4, 0.4, 0.4, 0.4]
Prune local model 2, pr_ratio = [0.4, 0.4, 0.4, 0.4]
Prune local model 8, pr_ratio = [0.4, 0.4, 0.4, 0.4]
Prune local model 7, pr_ratio = [0.4, 0.4, 0.4, 0.4]
Prune local model 9, pr_ratio = [0.4, 0.4, 0.4, 0.4]
Prune local model 5, pr_ratio = [0.4, 0.4, 0.4, 0.4]
Prune local model 3, pr_ratio = [0.4, 0.4, 0.4, 0.4]
Prune local model 0, pr_ratio = [0.4, 0.4, 0.4, 0.4]
Round: 17 Method: dapperfl Mean_Acc: 50.11 Best_Acc: 50.11
Domain_Acc: [54.91, 71.05, 34.48, 40.0] Domain_BestAcc: [57.14, 71.05, 36.21, 40.0]
Prune local model 6, pr_ratio = [0.4, 0.4, 0.4, 0.4]
Prune local model 9, pr_ratio = [0.4, 0.4, 0.4, 0.4]
Prune local model 4, pr_ratio = [0.4, 0.4, 0.4, 0.4]
Prune local model 5, pr_ratio = [0.4, 0.4, 0.4, 0.4]
Prune local model 3, pr_ratio = [0.4, 0.4, 0.4, 0.4]
Prune local model 1, pr_ratio = [0.4, 0.4, 0.4, 0.4]
Prune local model 0, pr_ratio = [0.4, 0.4, 0.4, 0.4]
Prune local model 8, pr_ratio = [0.4, 0.4, 0.4, 0.4]
Prune local model 2, pr_ratio = [0.4, 0.4, 0.4, 0.4]
Prune local model 7, pr_ratio = [0.4, 0.4, 0.4, 0.4]
Round: 18 Method: dapperfl Mean_Acc: 53.168 Best_Acc: 53.168
Domain_Acc: [57.14, 67.37, 44.83, 43.33] Domain_BestAcc: [57.14, 71.05, 44.83, 43.33]
Prune local model 9, pr_ratio = [0.4, 0.4, 0.4, 0.4]
Prune local model 6, pr_ratio = [0.4, 0.4, 0.4, 0.4]
Prune local model 8, pr_ratio = [0.4, 0.4, 0.4, 0.4]
Prune local model 3, pr_ratio = [0.4, 0.4, 0.4, 0.4]
Prune local model 4, pr_ratio = [0.4, 0.4, 0.4, 0.4]
Prune local model 7, pr_ratio = [0.4, 0.4, 0.4, 0.4]
Prune local model 1, pr_ratio = [0.4, 0.4, 0.4, 0.4]
Prune local model 0, pr_ratio = [0.4, 0.4, 0.4, 0.4]
Prune local model 5, pr_ratio = [0.4, 0.4, 0.4, 0.4]
Prune local model 2, pr_ratio = [0.4, 0.4, 0.4, 0.4]
Round: 19 Method: dapperfl Mean_Acc: 51.895 Best_Acc: 53.168
Domain_Acc: [59.82, 73.16, 37.93, 36.67] Domain_BestAcc: [59.82, 73.16, 44.83, 43.33]
Prune local model 1, pr_ratio = [0.4, 0.4, 0.4, 0.4]
Prune local model 6, pr_ratio = [0.4, 0.4, 0.4, 0.4]
Prune local model 0, pr_ratio = [0.4, 0.4, 0.4, 0.4]
Prune local model 9, pr_ratio = [0.4, 0.4, 0.4, 0.4]
Prune local model 4, pr_ratio = [0.4, 0.4, 0.4, 0.4]
Prune local model 5, pr_ratio = [0.4, 0.4, 0.4, 0.4]
Prune local model 7, pr_ratio = [0.4, 0.4, 0.4, 0.4]
Prune local model 8, pr_ratio = [0.4, 0.4, 0.4, 0.4]
Prune local model 2, pr_ratio = [0.4, 0.4, 0.4, 0.4]
Prune local model 3, pr_ratio = [0.4, 0.4, 0.4, 0.4]
Round: 20 Method: dapperfl Mean_Acc: 51.328 Best_Acc: 53.168
Domain_Acc: [56.7, 68.95, 39.66, 40.0] Domain_BestAcc: [59.82, 73.16, 44.83, 43.33]
Prune local model 0, pr_ratio = [0.4, 0.4, 0.4, 0.4]
Prune local model 4, pr_ratio = [0.4, 0.4, 0.4, 0.4]
Prune local model 1, pr_ratio = [0.4, 0.4, 0.4, 0.4]
Prune local model 3, pr_ratio = [0.4, 0.4, 0.4, 0.4]
Prune local model 8, pr_ratio = [0.4, 0.4, 0.4, 0.4]
Prune local model 2, pr_ratio = [0.4, 0.4, 0.4, 0.4]
Prune local model 5, pr_ratio = [0.4, 0.4, 0.4, 0.4]
Prune local model 9, pr_ratio = [0.4, 0.4, 0.4, 0.4]
Prune local model 6, pr_ratio = [0.4, 0.4, 0.4, 0.4]
Prune local model 7, pr_ratio = [0.4, 0.4, 0.4, 0.4]
Round: 21 Method: dapperfl Mean_Acc: 51.335 Best_Acc: 53.168
Domain_Acc: [55.8, 70.0, 36.21, 43.33] Domain_BestAcc: [59.82, 73.16, 44.83, 43.33]
Prune local model 4, pr_ratio = [0.4, 0.4, 0.4, 0.4]
Prune local model 9, pr_ratio = [0.4, 0.4, 0.4, 0.4]
Prune local model 6, pr_ratio = [0.4, 0.4, 0.4, 0.4]
Prune local model 5, pr_ratio = [0.4, 0.4, 0.4, 0.4]
Prune local model 8, pr_ratio = [0.4, 0.4, 0.4, 0.4]
Prune local model 0, pr_ratio = [0.4, 0.4, 0.4, 0.4]
Prune local model 7, pr_ratio = [0.4, 0.4, 0.4, 0.4]
Prune local model 1, pr_ratio = [0.4, 0.4, 0.4, 0.4]
Prune local model 3, pr_ratio = [0.4, 0.4, 0.4, 0.4]
Prune local model 2, pr_ratio = [0.4, 0.4, 0.4, 0.4]
Round: 22 Method: dapperfl Mean_Acc: 54.748 Best_Acc: 54.748
Domain_Acc: [58.04, 74.74, 36.21, 50.0] Domain_BestAcc: [59.82, 74.74, 44.83, 50.0]
Prune local model 4, pr_ratio = [0.4, 0.4, 0.4, 0.4]
Prune local model 1, pr_ratio = [0.4, 0.4, 0.4, 0.4]
Prune local model 0, pr_ratio = [0.4, 0.4, 0.4, 0.4]
Prune local model 6, pr_ratio = [0.4, 0.4, 0.4, 0.4]
Prune local model 9, pr_ratio = [0.4, 0.4, 0.4, 0.4]
Prune local model 2, pr_ratio = [0.4, 0.4, 0.4, 0.4]
Prune local model 5, pr_ratio = [0.4, 0.4, 0.4, 0.4]
Prune local model 8, pr_ratio = [0.4, 0.4, 0.4, 0.4]
Prune local model 3, pr_ratio = [0.4, 0.4, 0.4, 0.4]
Prune local model 7, pr_ratio = [0.4, 0.4, 0.4, 0.4]
Round: 23 Method: dapperfl Mean_Acc: 52.46 Best_Acc: 54.748
Domain_Acc: [57.59, 77.89, 31.03, 43.33] Domain_BestAcc: [59.82, 77.89, 44.83, 50.0]
Prune local model 0, pr_ratio = [0.4, 0.4, 0.4, 0.4]
Prune local model 9, pr_ratio = [0.4, 0.4, 0.4, 0.4]
Prune local model 8, pr_ratio = [0.4, 0.4, 0.4, 0.4]
Prune local model 2, pr_ratio = [0.4, 0.4, 0.4, 0.4]
Prune local model 4, pr_ratio = [0.4, 0.4, 0.4, 0.4]
Prune local model 1, pr_ratio = [0.4, 0.4, 0.4, 0.4]
Prune local model 7, pr_ratio = [0.4, 0.4, 0.4, 0.4]
Prune local model 5, pr_ratio = [0.4, 0.4, 0.4, 0.4]
Prune local model 3, pr_ratio = [0.4, 0.4, 0.4, 0.4]
Prune local model 6, pr_ratio = [0.4, 0.4, 0.4, 0.4]
Round: 24 Method: dapperfl Mean_Acc: 53.055 Best_Acc: 54.748
Domain_Acc: [55.36, 70.53, 39.66, 46.67] Domain_BestAcc: [59.82, 77.89, 44.83, 50.0]
Prune local model 9, pr_ratio = [0.4, 0.4, 0.4, 0.4]
Prune local model 3, pr_ratio = [0.4, 0.4, 0.4, 0.4]
Prune local model 7, pr_ratio = [0.4, 0.4, 0.4, 0.4]
Prune local model 4, pr_ratio = [0.4, 0.4, 0.4, 0.4]
Prune local model 2, pr_ratio = [0.4, 0.4, 0.4, 0.4]
Prune local model 1, pr_ratio = [0.4, 0.4, 0.4, 0.4]
Prune local model 6, pr_ratio = [0.4, 0.4, 0.4, 0.4]
Prune local model 0, pr_ratio = [0.4, 0.4, 0.4, 0.4]
Prune local model 5, pr_ratio = [0.4, 0.4, 0.4, 0.4]
Prune local model 8, pr_ratio = [0.4, 0.4, 0.4, 0.4]
Round: 25 Method: dapperfl Mean_Acc: 51.165 Best_Acc: 54.748
Domain_Acc: [55.8, 71.05, 34.48, 43.33] Domain_BestAcc: [59.82, 77.89, 44.83, 50.0]
Prune local model 1, pr_ratio = [0.4, 0.4, 0.4, 0.4]
Prune local model 0, pr_ratio = [0.4, 0.4, 0.4, 0.4]
Prune local model 7, pr_ratio = [0.4, 0.4, 0.4, 0.4]
Prune local model 8, pr_ratio = [0.4, 0.4, 0.4, 0.4]
Prune local model 3, pr_ratio = [0.4, 0.4, 0.4, 0.4]
Prune local model 5, pr_ratio = [0.4, 0.4, 0.4, 0.4]
Prune local model 9, pr_ratio = [0.4, 0.4, 0.4, 0.4]
Prune local model 2, pr_ratio = [0.4, 0.4, 0.4, 0.4]
Prune local model 6, pr_ratio = [0.4, 0.4, 0.4, 0.4]
Prune local model 4, pr_ratio = [0.4, 0.4, 0.4, 0.4]
Round: 26 Method: dapperfl Mean_Acc: 50.845 Best_Acc: 54.748
Domain_Acc: [55.8, 66.32, 37.93, 43.33] Domain_BestAcc: [59.82, 77.89, 44.83, 50.0]
Prune local model 6, pr_ratio = [0.4, 0.4, 0.4, 0.4]
Prune local model 1, pr_ratio = [0.4, 0.4, 0.4, 0.4]
Prune local model 4, pr_ratio = [0.4, 0.4, 0.4, 0.4]
Prune local model 8, pr_ratio = [0.4, 0.4, 0.4, 0.4]
Prune local model 5, pr_ratio = [0.4, 0.4, 0.4, 0.4]
Prune local model 7, pr_ratio = [0.4, 0.4, 0.4, 0.4]
Prune local model 0, pr_ratio = [0.4, 0.4, 0.4, 0.4]
Prune local model 9, pr_ratio = [0.4, 0.4, 0.4, 0.4]
Prune local model 3, pr_ratio = [0.4, 0.4, 0.4, 0.4]
Prune local model 2, pr_ratio = [0.4, 0.4, 0.4, 0.4]
Round: 27 Method: dapperfl Mean_Acc: 55.128 Best_Acc: 55.128
Domain_Acc: [55.8, 70.0, 41.38, 53.33] Domain_BestAcc: [59.82, 77.89, 44.83, 53.33]
Prune local model 2, pr_ratio = [0.4, 0.4, 0.4, 0.4]
Prune local model 5, pr_ratio = [0.4, 0.4, 0.4, 0.4]
Prune local model 3, pr_ratio = [0.4, 0.4, 0.4, 0.4]
Prune local model 0, pr_ratio = [0.4, 0.4, 0.4, 0.4]
Prune local model 9, pr_ratio = [0.4, 0.4, 0.4, 0.4]
Prune local model 8, pr_ratio = [0.4, 0.4, 0.4, 0.4]
Prune local model 7, pr_ratio = [0.4, 0.4, 0.4, 0.4]
Prune local model 4, pr_ratio = [0.4, 0.4, 0.4, 0.4]
Prune local model 6, pr_ratio = [0.4, 0.4, 0.4, 0.4]
Prune local model 1, pr_ratio = [0.4, 0.4, 0.4, 0.4]
Round: 28 Method: dapperfl Mean_Acc: 53.632 Best_Acc: 55.128
Domain_Acc: [57.59, 75.79, 34.48, 46.67] Domain_BestAcc: [59.82, 77.89, 44.83, 53.33]
Prune local model 8, pr_ratio = [0.4, 0.4, 0.4, 0.4]
Prune local model 2, pr_ratio = [0.4, 0.4, 0.4, 0.4]
Prune local model 0, pr_ratio = [0.4, 0.4, 0.4, 0.4]
Prune local model 3, pr_ratio = [0.4, 0.4, 0.4, 0.4]
Prune local model 4, pr_ratio = [0.4, 0.4, 0.4, 0.4]
Prune local model 5, pr_ratio = [0.4, 0.4, 0.4, 0.4]
Prune local model 7, pr_ratio = [0.4, 0.4, 0.4, 0.4]
Prune local model 6, pr_ratio = [0.4, 0.4, 0.4, 0.4]
Prune local model 1, pr_ratio = [0.4, 0.4, 0.4, 0.4]
Prune local model 9, pr_ratio = [0.4, 0.4, 0.4, 0.4]
Round: 29 Method: dapperfl Mean_Acc: 55.968 Best_Acc: 55.968
Domain_Acc: [60.27, 75.79, 34.48, 53.33] Domain_BestAcc: [60.27, 77.89, 44.83, 53.33]
Prune local model 8, pr_ratio = [0.4, 0.4, 0.4, 0.4]
Prune local model 3, pr_ratio = [0.4, 0.4, 0.4, 0.4]
Prune local model 5, pr_ratio = [0.4, 0.4, 0.4, 0.4]
Prune local model 9, pr_ratio = [0.4, 0.4, 0.4, 0.4]
Prune local model 2, pr_ratio = [0.4, 0.4, 0.4, 0.4]
Prune local model 6, pr_ratio = [0.4, 0.4, 0.4, 0.4]
Prune local model 4, pr_ratio = [0.4, 0.4, 0.4, 0.4]
Prune local model 1, pr_ratio = [0.4, 0.4, 0.4, 0.4]
Prune local model 7, pr_ratio = [0.4, 0.4, 0.4, 0.4]
Prune local model 0, pr_ratio = [0.4, 0.4, 0.4, 0.4]
Round: 30 Method: dapperfl Mean_Acc: 55.022 Best_Acc: 55.968
Domain_Acc: [58.04, 68.95, 43.1, 50.0] Domain_BestAcc: [60.27, 77.89, 44.83, 53.33]
Prune local model 4, pr_ratio = [0.4, 0.4, 0.4, 0.4]
Prune local model 1, pr_ratio = [0.4, 0.4, 0.4, 0.4]
Prune local model 8, pr_ratio = [0.4, 0.4, 0.4, 0.4]
Prune local model 0, pr_ratio = [0.4, 0.4, 0.4, 0.4]
Prune local model 5, pr_ratio = [0.4, 0.4, 0.4, 0.4]
Prune local model 9, pr_ratio = [0.4, 0.4, 0.4, 0.4]
Prune local model 2, pr_ratio = [0.4, 0.4, 0.4, 0.4]
Prune local model 3, pr_ratio = [0.4, 0.4, 0.4, 0.4]
Prune local model 6, pr_ratio = [0.4, 0.4, 0.4, 0.4]
Prune local model 7, pr_ratio = [0.4, 0.4, 0.4, 0.4]
Round: 31 Method: dapperfl Mean_Acc: 50.492 Best_Acc: 55.968
Domain_Acc: [59.38, 73.16, 32.76, 36.67] Domain_BestAcc: [60.27, 77.89, 44.83, 53.33]
Prune local model 7, pr_ratio = [0.4, 0.4, 0.4, 0.4]
Prune local model 3, pr_ratio = [0.4, 0.4, 0.4, 0.4]
Prune local model 8, pr_ratio = [0.4, 0.4, 0.4, 0.4]
Prune local model 1, pr_ratio = [0.4, 0.4, 0.4, 0.4]
Prune local model 6, pr_ratio = [0.4, 0.4, 0.4, 0.4]
Prune local model 4, pr_ratio = [0.4, 0.4, 0.4, 0.4]
Prune local model 9, pr_ratio = [0.4, 0.4, 0.4, 0.4]
Prune local model 5, pr_ratio = [0.4, 0.4, 0.4, 0.4]
Prune local model 2, pr_ratio = [0.4, 0.4, 0.4, 0.4]
Prune local model 0, pr_ratio = [0.4, 0.4, 0.4, 0.4]
Round: 32 Method: dapperfl Mean_Acc: 52.707 Best_Acc: 55.968
Domain_Acc: [55.36, 74.21, 37.93, 43.33] Domain_BestAcc: [60.27, 77.89, 44.83, 53.33]
Prune local model 6, pr_ratio = [0.4, 0.4, 0.4, 0.4]
Prune local model 9, pr_ratio = [0.4, 0.4, 0.4, 0.4]
Prune local model 5, pr_ratio = [0.4, 0.4, 0.4, 0.4]
Prune local model 1, pr_ratio = [0.4, 0.4, 0.4, 0.4]
Prune local model 0, pr_ratio = [0.4, 0.4, 0.4, 0.4]
Prune local model 4, pr_ratio = [0.4, 0.4, 0.4, 0.4]
Prune local model 7, pr_ratio = [0.4, 0.4, 0.4, 0.4]
Prune local model 8, pr_ratio = [0.4, 0.4, 0.4, 0.4]
Prune local model 3, pr_ratio = [0.4, 0.4, 0.4, 0.4]
Prune local model 2, pr_ratio = [0.4, 0.4, 0.4, 0.4]
Round: 33 Method: dapperfl Mean_Acc: 54.807 Best_Acc: 55.968
Domain_Acc: [58.93, 74.21, 32.76, 53.33] Domain_BestAcc: [60.27, 77.89, 44.83, 53.33]
Prune local model 6, pr_ratio = [0.4, 0.4, 0.4, 0.4]
Prune local model 2, pr_ratio = [0.4, 0.4, 0.4, 0.4]
Prune local model 4, pr_ratio = [0.4, 0.4, 0.4, 0.4]
Prune local model 3, pr_ratio = [0.4, 0.4, 0.4, 0.4]
Prune local model 5, pr_ratio = [0.4, 0.4, 0.4, 0.4]
Prune local model 0, pr_ratio = [0.4, 0.4, 0.4, 0.4]
Prune local model 9, pr_ratio = [0.4, 0.4, 0.4, 0.4]
Prune local model 7, pr_ratio = [0.4, 0.4, 0.4, 0.4]
Prune local model 8, pr_ratio = [0.4, 0.4, 0.4, 0.4]
Prune local model 1, pr_ratio = [0.4, 0.4, 0.4, 0.4]
Round: 34 Method: dapperfl Mean_Acc: 53.298 Best_Acc: 55.968
Domain_Acc: [59.38, 71.05, 32.76, 50.0] Domain_BestAcc: [60.27, 77.89, 44.83, 53.33]
Prune local model 1, pr_ratio = [0.4, 0.4, 0.4, 0.4]
Prune local model 4, pr_ratio = [0.4, 0.4, 0.4, 0.4]
Prune local model 2, pr_ratio = [0.4, 0.4, 0.4, 0.4]
Prune local model 7, pr_ratio = [0.4, 0.4, 0.4, 0.4]
Prune local model 6, pr_ratio = [0.4, 0.4, 0.4, 0.4]
Prune local model 9, pr_ratio = [0.4, 0.4, 0.4, 0.4]
Prune local model 5, pr_ratio = [0.4, 0.4, 0.4, 0.4]
Prune local model 0, pr_ratio = [0.4, 0.4, 0.4, 0.4]
Prune local model 8, pr_ratio = [0.4, 0.4, 0.4, 0.4]
Prune local model 3, pr_ratio = [0.4, 0.4, 0.4, 0.4]
Round: 35 Method: dapperfl Mean_Acc: 54.74 Best_Acc: 55.968
Domain_Acc: [60.71, 75.26, 39.66, 43.33] Domain_BestAcc: [60.71, 77.89, 44.83, 53.33]
Prune local model 5, pr_ratio = [0.4, 0.4, 0.4, 0.4]
Prune local model 9, pr_ratio = [0.4, 0.4, 0.4, 0.4]
Prune local model 3, pr_ratio = [0.4, 0.4, 0.4, 0.4]
Prune local model 1, pr_ratio = [0.4, 0.4, 0.4, 0.4]
Prune local model 6, pr_ratio = [0.4, 0.4, 0.4, 0.4]
Prune local model 7, pr_ratio = [0.4, 0.4, 0.4, 0.4]
Prune local model 4, pr_ratio = [0.4, 0.4, 0.4, 0.4]
Prune local model 8, pr_ratio = [0.4, 0.4, 0.4, 0.4]
Prune local model 0, pr_ratio = [0.4, 0.4, 0.4, 0.4]
Prune local model 2, pr_ratio = [0.4, 0.4, 0.4, 0.4]
Round: 36 Method: dapperfl Mean_Acc: 52.768 Best_Acc: 55.968
Domain_Acc: [58.93, 74.21, 37.93, 40.0] Domain_BestAcc: [60.71, 77.89, 44.83, 53.33]
Prune local model 0, pr_ratio = [0.4, 0.4, 0.4, 0.4]
Prune local model 6, pr_ratio = [0.4, 0.4, 0.4, 0.4]
Prune local model 2, pr_ratio = [0.4, 0.4, 0.4, 0.4]
Prune local model 3, pr_ratio = [0.4, 0.4, 0.4, 0.4]
Prune local model 1, pr_ratio = [0.4, 0.4, 0.4, 0.4]
Prune local model 8, pr_ratio = [0.4, 0.4, 0.4, 0.4]
Prune local model 7, pr_ratio = [0.4, 0.4, 0.4, 0.4]
Prune local model 9, pr_ratio = [0.4, 0.4, 0.4, 0.4]
Prune local model 4, pr_ratio = [0.4, 0.4, 0.4, 0.4]
Prune local model 5, pr_ratio = [0.4, 0.4, 0.4, 0.4]
Round: 37 Method: dapperfl Mean_Acc: 52.8 Best_Acc: 55.968
Domain_Acc: [59.82, 70.0, 41.38, 40.0] Domain_BestAcc: [60.71, 77.89, 44.83, 53.33]
Prune local model 4, pr_ratio = [0.4, 0.4, 0.4, 0.4]
Prune local model 8, pr_ratio = [0.4, 0.4, 0.4, 0.4]
Prune local model 0, pr_ratio = [0.4, 0.4, 0.4, 0.4]
Prune local model 1, pr_ratio = [0.4, 0.4, 0.4, 0.4]
Prune local model 2, pr_ratio = [0.4, 0.4, 0.4, 0.4]
Prune local model 9, pr_ratio = [0.4, 0.4, 0.4, 0.4]
Prune local model 5, pr_ratio = [0.4, 0.4, 0.4, 0.4]
Prune local model 7, pr_ratio = [0.4, 0.4, 0.4, 0.4]
Prune local model 6, pr_ratio = [0.4, 0.4, 0.4, 0.4]
Prune local model 3, pr_ratio = [0.4, 0.4, 0.4, 0.4]
Round: 38 Method: dapperfl Mean_Acc: 53.51 Best_Acc: 55.968
Domain_Acc: [58.04, 74.74, 37.93, 43.33] Domain_BestAcc: [60.71, 77.89, 44.83, 53.33]
Prune local model 7, pr_ratio = [0.4, 0.4, 0.4, 0.4]
Prune local model 4, pr_ratio = [0.4, 0.4, 0.4, 0.4]
Prune local model 2, pr_ratio = [0.4, 0.4, 0.4, 0.4]
Prune local model 3, pr_ratio = [0.4, 0.4, 0.4, 0.4]
Prune local model 9, pr_ratio = [0.4, 0.4, 0.4, 0.4]
Prune local model 8, pr_ratio = [0.4, 0.4, 0.4, 0.4]
Prune local model 6, pr_ratio = [0.4, 0.4, 0.4, 0.4]
Prune local model 0, pr_ratio = [0.4, 0.4, 0.4, 0.4]
Prune local model 5, pr_ratio = [0.4, 0.4, 0.4, 0.4]
Prune local model 1, pr_ratio = [0.4, 0.4, 0.4, 0.4]
Round: 39 Method: dapperfl Mean_Acc: 55.248 Best_Acc: 55.968
Domain_Acc: [59.82, 64.74, 43.1, 53.33] Domain_BestAcc: [60.71, 77.89, 44.83, 53.33]
Prune local model 8, pr_ratio = [0.4, 0.4, 0.4, 0.4]
Prune local model 2, pr_ratio = [0.4, 0.4, 0.4, 0.4]
Prune local model 0, pr_ratio = [0.4, 0.4, 0.4, 0.4]
Prune local model 3, pr_ratio = [0.4, 0.4, 0.4, 0.4]
Prune local model 1, pr_ratio = [0.4, 0.4, 0.4, 0.4]
Prune local model 5, pr_ratio = [0.4, 0.4, 0.4, 0.4]
Prune local model 7, pr_ratio = [0.4, 0.4, 0.4, 0.4]
Prune local model 4, pr_ratio = [0.4, 0.4, 0.4, 0.4]
Prune local model 9, pr_ratio = [0.4, 0.4, 0.4, 0.4]
Prune local model 6, pr_ratio = [0.4, 0.4, 0.4, 0.4]
Round: 40 Method: dapperfl Mean_Acc: 57.428 Best_Acc: 57.428
Domain_Acc: [59.82, 73.68, 36.21, 60.0] Domain_BestAcc: [60.71, 77.89, 44.83, 60.0]
Prune local model 8, pr_ratio = [0.4, 0.4, 0.4, 0.4]
Prune local model 9, pr_ratio = [0.4, 0.4, 0.4, 0.4]
Prune local model 7, pr_ratio = [0.4, 0.4, 0.4, 0.4]
Prune local model 1, pr_ratio = [0.4, 0.4, 0.4, 0.4]
Prune local model 0, pr_ratio = [0.4, 0.4, 0.4, 0.4]
Prune local model 3, pr_ratio = [0.4, 0.4, 0.4, 0.4]
Prune local model 5, pr_ratio = [0.4, 0.4, 0.4, 0.4]
Prune local model 4, pr_ratio = [0.4, 0.4, 0.4, 0.4]
Prune local model 6, pr_ratio = [0.4, 0.4, 0.4, 0.4]
Prune local model 2, pr_ratio = [0.4, 0.4, 0.4, 0.4]
Round: 41 Method: dapperfl Mean_Acc: 58.7 Best_Acc: 58.7
Domain_Acc: [58.04, 75.26, 44.83, 56.67] Domain_BestAcc: [60.71, 77.89, 44.83, 60.0]
Prune local model 2, pr_ratio = [0.4, 0.4, 0.4, 0.4]
Prune local model 0, pr_ratio = [0.4, 0.4, 0.4, 0.4]
Prune local model 8, pr_ratio = [0.4, 0.4, 0.4, 0.4]
Prune local model 4, pr_ratio = [0.4, 0.4, 0.4, 0.4]
Prune local model 7, pr_ratio = [0.4, 0.4, 0.4, 0.4]
Prune local model 9, pr_ratio = [0.4, 0.4, 0.4, 0.4]
Prune local model 3, pr_ratio = [0.4, 0.4, 0.4, 0.4]
Prune local model 1, pr_ratio = [0.4, 0.4, 0.4, 0.4]
Prune local model 5, pr_ratio = [0.4, 0.4, 0.4, 0.4]
Prune local model 6, pr_ratio = [0.4, 0.4, 0.4, 0.4]
Round: 42 Method: dapperfl Mean_Acc: 55.012 Best_Acc: 58.7
Domain_Acc: [60.71, 74.74, 37.93, 46.67] Domain_BestAcc: [60.71, 77.89, 44.83, 60.0]
Prune local model 2, pr_ratio = [0.4, 0.4, 0.4, 0.4]
Prune local model 6, pr_ratio = [0.4, 0.4, 0.4, 0.4]
Prune local model 0, pr_ratio = [0.4, 0.4, 0.4, 0.4]
Prune local model 8, pr_ratio = [0.4, 0.4, 0.4, 0.4]
Prune local model 1, pr_ratio = [0.4, 0.4, 0.4, 0.4]
Prune local model 3, pr_ratio = [0.4, 0.4, 0.4, 0.4]
Prune local model 7, pr_ratio = [0.4, 0.4, 0.4, 0.4]
Prune local model 4, pr_ratio = [0.4, 0.4, 0.4, 0.4]
Prune local model 9, pr_ratio = [0.4, 0.4, 0.4, 0.4]
Prune local model 5, pr_ratio = [0.4, 0.4, 0.4, 0.4]
Round: 43 Method: dapperfl Mean_Acc: 53.02 Best_Acc: 58.7
Domain_Acc: [54.46, 74.74, 36.21, 46.67] Domain_BestAcc: [60.71, 77.89, 44.83, 60.0]
Prune local model 6, pr_ratio = [0.4, 0.4, 0.4, 0.4]
Prune local model 1, pr_ratio = [0.4, 0.4, 0.4, 0.4]
Prune local model 2, pr_ratio = [0.4, 0.4, 0.4, 0.4]
Prune local model 4, pr_ratio = [0.4, 0.4, 0.4, 0.4]
Prune local model 9, pr_ratio = [0.4, 0.4, 0.4, 0.4]
Prune local model 3, pr_ratio = [0.4, 0.4, 0.4, 0.4]
Prune local model 7, pr_ratio = [0.4, 0.4, 0.4, 0.4]
Prune local model 0, pr_ratio = [0.4, 0.4, 0.4, 0.4]
Prune local model 5, pr_ratio = [0.4, 0.4, 0.4, 0.4]
Prune local model 8, pr_ratio = [0.4, 0.4, 0.4, 0.4]
Round: 44 Method: dapperfl Mean_Acc: 52.98 Best_Acc: 58.7
Domain_Acc: [58.93, 73.68, 29.31, 50.0] Domain_BestAcc: [60.71, 77.89, 44.83, 60.0]
Prune local model 4, pr_ratio = [0.4, 0.4, 0.4, 0.4]
Prune local model 6, pr_ratio = [0.4, 0.4, 0.4, 0.4]
Prune local model 0, pr_ratio = [0.4, 0.4, 0.4, 0.4]
Prune local model 8, pr_ratio = [0.4, 0.4, 0.4, 0.4]
Prune local model 1, pr_ratio = [0.4, 0.4, 0.4, 0.4]
Prune local model 9, pr_ratio = [0.4, 0.4, 0.4, 0.4]
Prune local model 3, pr_ratio = [0.4, 0.4, 0.4, 0.4]
Prune local model 2, pr_ratio = [0.4, 0.4, 0.4, 0.4]
Prune local model 5, pr_ratio = [0.4, 0.4, 0.4, 0.4]
Prune local model 7, pr_ratio = [0.4, 0.4, 0.4, 0.4]
Round: 45 Method: dapperfl Mean_Acc: 55.435 Best_Acc: 58.7
Domain_Acc: [60.27, 75.26, 36.21, 50.0] Domain_BestAcc: [60.71, 77.89, 44.83, 60.0]
Prune local model 9, pr_ratio = [0.4, 0.4, 0.4, 0.4]
Prune local model 0, pr_ratio = [0.4, 0.4, 0.4, 0.4]
Prune local model 3, pr_ratio = [0.4, 0.4, 0.4, 0.4]
Prune local model 4, pr_ratio = [0.4, 0.4, 0.4, 0.4]
Prune local model 6, pr_ratio = [0.4, 0.4, 0.4, 0.4]
Prune local model 5, pr_ratio = [0.4, 0.4, 0.4, 0.4]
Prune local model 1, pr_ratio = [0.4, 0.4, 0.4, 0.4]
Prune local model 2, pr_ratio = [0.4, 0.4, 0.4, 0.4]
Prune local model 7, pr_ratio = [0.4, 0.4, 0.4, 0.4]
Prune local model 8, pr_ratio = [0.4, 0.4, 0.4, 0.4]
Round: 46 Method: dapperfl Mean_Acc: 56.628 Best_Acc: 58.7
Domain_Acc: [57.59, 74.21, 41.38, 53.33] Domain_BestAcc: [60.71, 77.89, 44.83, 60.0]
Prune local model 6, pr_ratio = [0.4, 0.4, 0.4, 0.4]
Prune local model 5, pr_ratio = [0.4, 0.4, 0.4, 0.4]
Prune local model 2, pr_ratio = [0.4, 0.4, 0.4, 0.4]
Prune local model 0, pr_ratio = [0.4, 0.4, 0.4, 0.4]
Prune local model 7, pr_ratio = [0.4, 0.4, 0.4, 0.4]
Prune local model 9, pr_ratio = [0.4, 0.4, 0.4, 0.4]
Prune local model 1, pr_ratio = [0.4, 0.4, 0.4, 0.4]
Prune local model 8, pr_ratio = [0.4, 0.4, 0.4, 0.4]
Prune local model 3, pr_ratio = [0.4, 0.4, 0.4, 0.4]
Prune local model 4, pr_ratio = [0.4, 0.4, 0.4, 0.4]
Round: 47 Method: dapperfl Mean_Acc: 51.972 Best_Acc: 58.7
Domain_Acc: [57.59, 74.21, 32.76, 43.33] Domain_BestAcc: [60.71, 77.89, 44.83, 60.0]
Prune local model 5, pr_ratio = [0.4, 0.4, 0.4, 0.4]
Prune local model 0, pr_ratio = [0.4, 0.4, 0.4, 0.4]
Prune local model 4, pr_ratio = [0.4, 0.4, 0.4, 0.4]
Prune local model 2, pr_ratio = [0.4, 0.4, 0.4, 0.4]
Prune local model 7, pr_ratio = [0.4, 0.4, 0.4, 0.4]
Prune local model 8, pr_ratio = [0.4, 0.4, 0.4, 0.4]
Prune local model 1, pr_ratio = [0.4, 0.4, 0.4, 0.4]
Prune local model 9, pr_ratio = [0.4, 0.4, 0.4, 0.4]
Prune local model 3, pr_ratio = [0.4, 0.4, 0.4, 0.4]
Prune local model 6, pr_ratio = [0.4, 0.4, 0.4, 0.4]
Round: 48 Method: dapperfl Mean_Acc: 52.59 Best_Acc: 58.7
Domain_Acc: [57.14, 73.68, 36.21, 43.33] Domain_BestAcc: [60.71, 77.89, 44.83, 60.0]
Prune local model 3, pr_ratio = [0.4, 0.4, 0.4, 0.4]
Prune local model 5, pr_ratio = [0.4, 0.4, 0.4, 0.4]
Prune local model 7, pr_ratio = [0.4, 0.4, 0.4, 0.4]
Prune local model 4, pr_ratio = [0.4, 0.4, 0.4, 0.4]
Prune local model 6, pr_ratio = [0.4, 0.4, 0.4, 0.4]
Prune local model 2, pr_ratio = [0.4, 0.4, 0.4, 0.4]
Prune local model 9, pr_ratio = [0.4, 0.4, 0.4, 0.4]
Prune local model 0, pr_ratio = [0.4, 0.4, 0.4, 0.4]
Prune local model 8, pr_ratio = [0.4, 0.4, 0.4, 0.4]
Prune local model 1, pr_ratio = [0.4, 0.4, 0.4, 0.4]
Round: 49 Method: dapperfl Mean_Acc: 52.245 Best_Acc: 58.7
Domain_Acc: [59.38, 76.84, 32.76, 40.0] Domain_BestAcc: [60.71, 77.89, 44.83, 60.0]
Prune local model 0, pr_ratio = [0.4, 0.4, 0.4, 0.4]
Prune local model 7, pr_ratio = [0.4, 0.4, 0.4, 0.4]
Prune local model 9, pr_ratio = [0.4, 0.4, 0.4, 0.4]
Prune local model 6, pr_ratio = [0.4, 0.4, 0.4, 0.4]
Prune local model 5, pr_ratio = [0.4, 0.4, 0.4, 0.4]
Prune local model 1, pr_ratio = [0.4, 0.4, 0.4, 0.4]
Prune local model 3, pr_ratio = [0.4, 0.4, 0.4, 0.4]
Prune local model 2, pr_ratio = [0.4, 0.4, 0.4, 0.4]
Prune local model 8, pr_ratio = [0.4, 0.4, 0.4, 0.4]
Prune local model 4, pr_ratio = [0.4, 0.4, 0.4, 0.4]
Round: 50 Method: dapperfl Mean_Acc: 57.537 Best_Acc: 58.7
Domain_Acc: [58.48, 76.84, 44.83, 50.0] Domain_BestAcc: [60.71, 77.89, 44.83, 60.0]
Prune local model 6, pr_ratio = [0.4, 0.4, 0.4, 0.4]
Prune local model 5, pr_ratio = [0.4, 0.4, 0.4, 0.4]
Prune local model 7, pr_ratio = [0.4, 0.4, 0.4, 0.4]
Prune local model 8, pr_ratio = [0.4, 0.4, 0.4, 0.4]
Prune local model 2, pr_ratio = [0.4, 0.4, 0.4, 0.4]
Prune local model 3, pr_ratio = [0.4, 0.4, 0.4, 0.4]
Prune local model 4, pr_ratio = [0.4, 0.4, 0.4, 0.4]
Prune local model 1, pr_ratio = [0.4, 0.4, 0.4, 0.4]
Prune local model 9, pr_ratio = [0.4, 0.4, 0.4, 0.4]
Prune local model 0, pr_ratio = [0.4, 0.4, 0.4, 0.4]
Round: 51 Method: dapperfl Mean_Acc: 51.405 Best_Acc: 58.7
Domain_Acc: [59.82, 73.16, 29.31, 43.33] Domain_BestAcc: [60.71, 77.89, 44.83, 60.0]
Prune local model 7, pr_ratio = [0.4, 0.4, 0.4, 0.4]
Prune local model 2, pr_ratio = [0.4, 0.4, 0.4, 0.4]
Prune local model 8, pr_ratio = [0.4, 0.4, 0.4, 0.4]
Prune local model 1, pr_ratio = [0.4, 0.4, 0.4, 0.4]
Prune local model 6, pr_ratio = [0.4, 0.4, 0.4, 0.4]
Prune local model 0, pr_ratio = [0.4, 0.4, 0.4, 0.4]
Prune local model 4, pr_ratio = [0.4, 0.4, 0.4, 0.4]
Prune local model 9, pr_ratio = [0.4, 0.4, 0.4, 0.4]
Prune local model 5, pr_ratio = [0.4, 0.4, 0.4, 0.4]
Prune local model 3, pr_ratio = [0.4, 0.4, 0.4, 0.4]
Round: 52 Method: dapperfl Mean_Acc: 60.578 Best_Acc: 60.578
Domain_Acc: [61.61, 77.37, 50.0, 53.33] Domain_BestAcc: [61.61, 77.89, 50.0, 60.0]
Prune local model 6, pr_ratio = [0.4, 0.4, 0.4, 0.4]
Prune local model 0, pr_ratio = [0.4, 0.4, 0.4, 0.4]
Prune local model 8, pr_ratio = [0.4, 0.4, 0.4, 0.4]
Prune local model 1, pr_ratio = [0.4, 0.4, 0.4, 0.4]
Prune local model 2, pr_ratio = [0.4, 0.4, 0.4, 0.4]
Prune local model 5, pr_ratio = [0.4, 0.4, 0.4, 0.4]
Prune local model 3, pr_ratio = [0.4, 0.4, 0.4, 0.4]
Prune local model 4, pr_ratio = [0.4, 0.4, 0.4, 0.4]
Prune local model 7, pr_ratio = [0.4, 0.4, 0.4, 0.4]
Prune local model 9, pr_ratio = [0.4, 0.4, 0.4, 0.4]
Round: 53 Method: dapperfl Mean_Acc: 53.433 Best_Acc: 60.578
Domain_Acc: [61.61, 75.79, 39.66, 36.67] Domain_BestAcc: [61.61, 77.89, 50.0, 60.0]
Prune local model 0, pr_ratio = [0.4, 0.4, 0.4, 0.4]
Prune local model 3, pr_ratio = [0.4, 0.4, 0.4, 0.4]
Prune local model 2, pr_ratio = [0.4, 0.4, 0.4, 0.4]
Prune local model 4, pr_ratio = [0.4, 0.4, 0.4, 0.4]
Prune local model 1, pr_ratio = [0.4, 0.4, 0.4, 0.4]
Prune local model 8, pr_ratio = [0.4, 0.4, 0.4, 0.4]
Prune local model 9, pr_ratio = [0.4, 0.4, 0.4, 0.4]
Prune local model 7, pr_ratio = [0.4, 0.4, 0.4, 0.4]
Prune local model 5, pr_ratio = [0.4, 0.4, 0.4, 0.4]
Prune local model 6, pr_ratio = [0.4, 0.4, 0.4, 0.4]
Round: 54 Method: dapperfl Mean_Acc: 56.105 Best_Acc: 60.578
Domain_Acc: [59.82, 80.0, 37.93, 46.67] Domain_BestAcc: [61.61, 80.0, 50.0, 60.0]
Prune local model 5, pr_ratio = [0.4, 0.4, 0.4, 0.4]
Prune local model 1, pr_ratio = [0.4, 0.4, 0.4, 0.4]
Prune local model 2, pr_ratio = [0.4, 0.4, 0.4, 0.4]
Prune local model 7, pr_ratio = [0.4, 0.4, 0.4, 0.4]
Prune local model 3, pr_ratio = [0.4, 0.4, 0.4, 0.4]
Prune local model 8, pr_ratio = [0.4, 0.4, 0.4, 0.4]
Prune local model 0, pr_ratio = [0.4, 0.4, 0.4, 0.4]
Prune local model 6, pr_ratio = [0.4, 0.4, 0.4, 0.4]
Prune local model 4, pr_ratio = [0.4, 0.4, 0.4, 0.4]
Prune local model 9, pr_ratio = [0.4, 0.4, 0.4, 0.4]
Round: 55 Method: dapperfl Mean_Acc: 59.358 Best_Acc: 60.578
Domain_Acc: [60.71, 76.84, 46.55, 53.33] Domain_BestAcc: [61.61, 80.0, 50.0, 60.0]
Prune local model 2, pr_ratio = [0.4, 0.4, 0.4, 0.4]
Prune local model 0, pr_ratio = [0.4, 0.4, 0.4, 0.4]
Prune local model 9, pr_ratio = [0.4, 0.4, 0.4, 0.4]
Prune local model 4, pr_ratio = [0.4, 0.4, 0.4, 0.4]
Prune local model 3, pr_ratio = [0.4, 0.4, 0.4, 0.4]
Prune local model 8, pr_ratio = [0.4, 0.4, 0.4, 0.4]
Prune local model 6, pr_ratio = [0.4, 0.4, 0.4, 0.4]
Prune local model 5, pr_ratio = [0.4, 0.4, 0.4, 0.4]
Prune local model 7, pr_ratio = [0.4, 0.4, 0.4, 0.4]
Prune local model 1, pr_ratio = [0.4, 0.4, 0.4, 0.4]
Round: 56 Method: dapperfl Mean_Acc: 56.345 Best_Acc: 60.578
Domain_Acc: [59.82, 75.79, 43.1, 46.67] Domain_BestAcc: [61.61, 80.0, 50.0, 60.0]
Prune local model 3, pr_ratio = [0.4, 0.4, 0.4, 0.4]
Prune local model 5, pr_ratio = [0.4, 0.4, 0.4, 0.4]
Prune local model 6, pr_ratio = [0.4, 0.4, 0.4, 0.4]
Prune local model 1, pr_ratio = [0.4, 0.4, 0.4, 0.4]
Prune local model 8, pr_ratio = [0.4, 0.4, 0.4, 0.4]
Prune local model 0, pr_ratio = [0.4, 0.4, 0.4, 0.4]
Prune local model 2, pr_ratio = [0.4, 0.4, 0.4, 0.4]
Prune local model 9, pr_ratio = [0.4, 0.4, 0.4, 0.4]
Prune local model 7, pr_ratio = [0.4, 0.4, 0.4, 0.4]
Prune local model 4, pr_ratio = [0.4, 0.4, 0.4, 0.4]
Round: 57 Method: dapperfl Mean_Acc: 57.745 Best_Acc: 60.578
Domain_Acc: [60.27, 81.05, 39.66, 50.0] Domain_BestAcc: [61.61, 81.05, 50.0, 60.0]
Prune local model 0, pr_ratio = [0.4, 0.4, 0.4, 0.4]
Prune local model 2, pr_ratio = [0.4, 0.4, 0.4, 0.4]
Prune local model 5, pr_ratio = [0.4, 0.4, 0.4, 0.4]
Prune local model 4, pr_ratio = [0.4, 0.4, 0.4, 0.4]
Prune local model 1, pr_ratio = [0.4, 0.4, 0.4, 0.4]
Prune local model 6, pr_ratio = [0.4, 0.4, 0.4, 0.4]
Prune local model 7, pr_ratio = [0.4, 0.4, 0.4, 0.4]
Prune local model 3, pr_ratio = [0.4, 0.4, 0.4, 0.4]
Prune local model 9, pr_ratio = [0.4, 0.4, 0.4, 0.4]
Prune local model 8, pr_ratio = [0.4, 0.4, 0.4, 0.4]
Round: 58 Method: dapperfl Mean_Acc: 58.735 Best_Acc: 60.578
Domain_Acc: [61.16, 78.95, 44.83, 50.0] Domain_BestAcc: [61.61, 81.05, 50.0, 60.0]
Prune local model 4, pr_ratio = [0.4, 0.4, 0.4, 0.4]
Prune local model 1, pr_ratio = [0.4, 0.4, 0.4, 0.4]
Prune local model 0, pr_ratio = [0.4, 0.4, 0.4, 0.4]
Prune local model 8, pr_ratio = [0.4, 0.4, 0.4, 0.4]
Prune local model 6, pr_ratio = [0.4, 0.4, 0.4, 0.4]
Prune local model 5, pr_ratio = [0.4, 0.4, 0.4, 0.4]
Prune local model 9, pr_ratio = [0.4, 0.4, 0.4, 0.4]
Prune local model 7, pr_ratio = [0.4, 0.4, 0.4, 0.4]
Prune local model 2, pr_ratio = [0.4, 0.4, 0.4, 0.4]
Prune local model 3, pr_ratio = [0.4, 0.4, 0.4, 0.4]
Round: 59 Method: dapperfl Mean_Acc: 56.455 Best_Acc: 60.578
Domain_Acc: [59.82, 71.05, 48.28, 46.67] Domain_BestAcc: [61.61, 81.05, 50.0, 60.0]
Prune local model 4, pr_ratio = [0.4, 0.4, 0.4, 0.4]
Prune local model 2, pr_ratio = [0.4, 0.4, 0.4, 0.4]
Prune local model 8, pr_ratio = [0.4, 0.4, 0.4, 0.4]
Prune local model 7, pr_ratio = [0.4, 0.4, 0.4, 0.4]
Prune local model 0, pr_ratio = [0.4, 0.4, 0.4, 0.4]
Prune local model 9, pr_ratio = [0.4, 0.4, 0.4, 0.4]
Prune local model 1, pr_ratio = [0.4, 0.4, 0.4, 0.4]
Prune local model 3, pr_ratio = [0.4, 0.4, 0.4, 0.4]
Prune local model 5, pr_ratio = [0.4, 0.4, 0.4, 0.4]
Prune local model 6, pr_ratio = [0.4, 0.4, 0.4, 0.4]
Round: 60 Method: dapperfl Mean_Acc: 60.298 Best_Acc: 60.578
Domain_Acc: [61.16, 78.42, 48.28, 53.33] Domain_BestAcc: [61.61, 81.05, 50.0, 60.0]
Prune local model 4, pr_ratio = [0.4, 0.4, 0.4, 0.4]
Prune local model 1, pr_ratio = [0.4, 0.4, 0.4, 0.4]
Prune local model 3, pr_ratio = [0.4, 0.4, 0.4, 0.4]
Prune local model 8, pr_ratio = [0.4, 0.4, 0.4, 0.4]
Prune local model 6, pr_ratio = [0.4, 0.4, 0.4, 0.4]
Prune local model 7, pr_ratio = [0.4, 0.4, 0.4, 0.4]
Prune local model 2, pr_ratio = [0.4, 0.4, 0.4, 0.4]
Prune local model 0, pr_ratio = [0.4, 0.4, 0.4, 0.4]
Prune local model 9, pr_ratio = [0.4, 0.4, 0.4, 0.4]
Prune local model 5, pr_ratio = [0.4, 0.4, 0.4, 0.4]
Round: 61 Method: dapperfl Mean_Acc: 53.852 Best_Acc: 60.578
Domain_Acc: [61.16, 76.32, 37.93, 40.0] Domain_BestAcc: [61.61, 81.05, 50.0, 60.0]
Prune local model 9, pr_ratio = [0.4, 0.4, 0.4, 0.4]
Prune local model 7, pr_ratio = [0.4, 0.4, 0.4, 0.4]
Prune local model 2, pr_ratio = [0.4, 0.4, 0.4, 0.4]
Prune local model 3, pr_ratio = [0.4, 0.4, 0.4, 0.4]
Prune local model 8, pr_ratio = [0.4, 0.4, 0.4, 0.4]
Prune local model 5, pr_ratio = [0.4, 0.4, 0.4, 0.4]
Prune local model 1, pr_ratio = [0.4, 0.4, 0.4, 0.4]
Prune local model 0, pr_ratio = [0.4, 0.4, 0.4, 0.4]
Prune local model 6, pr_ratio = [0.4, 0.4, 0.4, 0.4]
Prune local model 4, pr_ratio = [0.4, 0.4, 0.4, 0.4]
Round: 62 Method: dapperfl Mean_Acc: 54.535 Best_Acc: 60.578
Domain_Acc: [60.71, 77.89, 36.21, 43.33] Domain_BestAcc: [61.61, 81.05, 50.0, 60.0]
Prune local model 5, pr_ratio = [0.4, 0.4, 0.4, 0.4]
Prune local model 1, pr_ratio = [0.4, 0.4, 0.4, 0.4]
Prune local model 7, pr_ratio = [0.4, 0.4, 0.4, 0.4]
Prune local model 4, pr_ratio = [0.4, 0.4, 0.4, 0.4]
Prune local model 8, pr_ratio = [0.4, 0.4, 0.4, 0.4]
Prune local model 9, pr_ratio = [0.4, 0.4, 0.4, 0.4]
Prune local model 0, pr_ratio = [0.4, 0.4, 0.4, 0.4]
Prune local model 2, pr_ratio = [0.4, 0.4, 0.4, 0.4]
Prune local model 3, pr_ratio = [0.4, 0.4, 0.4, 0.4]
Prune local model 6, pr_ratio = [0.4, 0.4, 0.4, 0.4]
Round: 63 Method: dapperfl Mean_Acc: 58.59 Best_Acc: 60.578
Domain_Acc: [62.95, 74.74, 50.0, 46.67] Domain_BestAcc: [62.95, 81.05, 50.0, 60.0]
Prune local model 2, pr_ratio = [0.4, 0.4, 0.4, 0.4]
Prune local model 0, pr_ratio = [0.4, 0.4, 0.4, 0.4]
Prune local model 8, pr_ratio = [0.4, 0.4, 0.4, 0.4]
Prune local model 7, pr_ratio = [0.4, 0.4, 0.4, 0.4]
Prune local model 6, pr_ratio = [0.4, 0.4, 0.4, 0.4]
Prune local model 1, pr_ratio = [0.4, 0.4, 0.4, 0.4]
Prune local model 9, pr_ratio = [0.4, 0.4, 0.4, 0.4]
Prune local model 4, pr_ratio = [0.4, 0.4, 0.4, 0.4]
Prune local model 3, pr_ratio = [0.4, 0.4, 0.4, 0.4]
Prune local model 5, pr_ratio = [0.4, 0.4, 0.4, 0.4]
Round: 64 Method: dapperfl Mean_Acc: 60.482 Best_Acc: 60.578
Domain_Acc: [60.71, 77.89, 50.0, 53.33] Domain_BestAcc: [62.95, 81.05, 50.0, 60.0]
Prune local model 6, pr_ratio = [0.4, 0.4, 0.4, 0.4]
Prune local model 2, pr_ratio = [0.4, 0.4, 0.4, 0.4]
Prune local model 4, pr_ratio = [0.4, 0.4, 0.4, 0.4]
Prune local model 9, pr_ratio = [0.4, 0.4, 0.4, 0.4]
Prune local model 5, pr_ratio = [0.4, 0.4, 0.4, 0.4]
Prune local model 0, pr_ratio = [0.4, 0.4, 0.4, 0.4]
Prune local model 3, pr_ratio = [0.4, 0.4, 0.4, 0.4]
Prune local model 8, pr_ratio = [0.4, 0.4, 0.4, 0.4]
Prune local model 7, pr_ratio = [0.4, 0.4, 0.4, 0.4]
Prune local model 1, pr_ratio = [0.4, 0.4, 0.4, 0.4]
Round: 65 Method: dapperfl Mean_Acc: 62.725 Best_Acc: 62.725
Domain_Acc: [63.39, 75.79, 51.72, 60.0] Domain_BestAcc: [63.39, 81.05, 51.72, 60.0]
Prune local model 9, pr_ratio = [0.4, 0.4, 0.4, 0.4]
Prune local model 0, pr_ratio = [0.4, 0.4, 0.4, 0.4]
Prune local model 3, pr_ratio = [0.4, 0.4, 0.4, 0.4]
Prune local model 5, pr_ratio = [0.4, 0.4, 0.4, 0.4]
Prune local model 2, pr_ratio = [0.4, 0.4, 0.4, 0.4]
Prune local model 4, pr_ratio = [0.4, 0.4, 0.4, 0.4]
Prune local model 6, pr_ratio = [0.4, 0.4, 0.4, 0.4]
Prune local model 8, pr_ratio = [0.4, 0.4, 0.4, 0.4]
Prune local model 7, pr_ratio = [0.4, 0.4, 0.4, 0.4]
Prune local model 1, pr_ratio = [0.4, 0.4, 0.4, 0.4]
Round: 66 Method: dapperfl Mean_Acc: 60.922 Best_Acc: 62.725
Domain_Acc: [62.5, 79.47, 51.72, 50.0] Domain_BestAcc: [63.39, 81.05, 51.72, 60.0]
Prune local model 3, pr_ratio = [0.4, 0.4, 0.4, 0.4]
Prune local model 2, pr_ratio = [0.4, 0.4, 0.4, 0.4]
Prune local model 6, pr_ratio = [0.4, 0.4, 0.4, 0.4]
Prune local model 0, pr_ratio = [0.4, 0.4, 0.4, 0.4]
Prune local model 5, pr_ratio = [0.4, 0.4, 0.4, 0.4]
Prune local model 1, pr_ratio = [0.4, 0.4, 0.4, 0.4]
Prune local model 9, pr_ratio = [0.4, 0.4, 0.4, 0.4]
Prune local model 4, pr_ratio = [0.4, 0.4, 0.4, 0.4]
Prune local model 8, pr_ratio = [0.4, 0.4, 0.4, 0.4]
Prune local model 7, pr_ratio = [0.4, 0.4, 0.4, 0.4]
Round: 67 Method: dapperfl Mean_Acc: 60.102 Best_Acc: 62.725
Domain_Acc: [60.27, 78.42, 51.72, 50.0] Domain_BestAcc: [63.39, 81.05, 51.72, 60.0]
Prune local model 6, pr_ratio = [0.4, 0.4, 0.4, 0.4]
Prune local model 0, pr_ratio = [0.4, 0.4, 0.4, 0.4]
Prune local model 5, pr_ratio = [0.4, 0.4, 0.4, 0.4]
Prune local model 3, pr_ratio = [0.4, 0.4, 0.4, 0.4]
Prune local model 1, pr_ratio = [0.4, 0.4, 0.4, 0.4]
Prune local model 9, pr_ratio = [0.4, 0.4, 0.4, 0.4]
Prune local model 8, pr_ratio = [0.4, 0.4, 0.4, 0.4]
Prune local model 7, pr_ratio = [0.4, 0.4, 0.4, 0.4]
Prune local model 2, pr_ratio = [0.4, 0.4, 0.4, 0.4]
Prune local model 4, pr_ratio = [0.4, 0.4, 0.4, 0.4]
Round: 68 Method: dapperfl Mean_Acc: 57.985 Best_Acc: 62.725
Domain_Acc: [61.61, 78.95, 41.38, 50.0] Domain_BestAcc: [63.39, 81.05, 51.72, 60.0]
Prune local model 2, pr_ratio = [0.4, 0.4, 0.4, 0.4]
Prune local model 4, pr_ratio = [0.4, 0.4, 0.4, 0.4]
Prune local model 5, pr_ratio = [0.4, 0.4, 0.4, 0.4]
Prune local model 0, pr_ratio = [0.4, 0.4, 0.4, 0.4]
Prune local model 7, pr_ratio = [0.4, 0.4, 0.4, 0.4]
Prune local model 6, pr_ratio = [0.4, 0.4, 0.4, 0.4]
Prune local model 1, pr_ratio = [0.4, 0.4, 0.4, 0.4]
Prune local model 9, pr_ratio = [0.4, 0.4, 0.4, 0.4]
Prune local model 3, pr_ratio = [0.4, 0.4, 0.4, 0.4]
Prune local model 8, pr_ratio = [0.4, 0.4, 0.4, 0.4]
Round: 69 Method: dapperfl Mean_Acc: 61.207 Best_Acc: 62.725
Domain_Acc: [60.27, 77.89, 50.0, 56.67] Domain_BestAcc: [63.39, 81.05, 51.72, 60.0]
Prune local model 8, pr_ratio = [0.4, 0.4, 0.4, 0.4]
Prune local model 0, pr_ratio = [0.4, 0.4, 0.4, 0.4]
Prune local model 2, pr_ratio = [0.4, 0.4, 0.4, 0.4]
Prune local model 6, pr_ratio = [0.4, 0.4, 0.4, 0.4]
Prune local model 5, pr_ratio = [0.4, 0.4, 0.4, 0.4]
Prune local model 1, pr_ratio = [0.4, 0.4, 0.4, 0.4]
Prune local model 4, pr_ratio = [0.4, 0.4, 0.4, 0.4]
Prune local model 9, pr_ratio = [0.4, 0.4, 0.4, 0.4]
Prune local model 7, pr_ratio = [0.4, 0.4, 0.4, 0.4]
Prune local model 3, pr_ratio = [0.4, 0.4, 0.4, 0.4]
Round: 70 Method: dapperfl Mean_Acc: 59.178 Best_Acc: 62.725
Domain_Acc: [60.27, 76.32, 53.45, 46.67] Domain_BestAcc: [63.39, 81.05, 53.45, 60.0]
Prune local model 8, pr_ratio = [0.4, 0.4, 0.4, 0.4]
Prune local model 0, pr_ratio = [0.4, 0.4, 0.4, 0.4]
Prune local model 7, pr_ratio = [0.4, 0.4, 0.4, 0.4]
Prune local model 3, pr_ratio = [0.4, 0.4, 0.4, 0.4]
Prune local model 9, pr_ratio = [0.4, 0.4, 0.4, 0.4]
Prune local model 1, pr_ratio = [0.4, 0.4, 0.4, 0.4]
Prune local model 2, pr_ratio = [0.4, 0.4, 0.4, 0.4]
Prune local model 5, pr_ratio = [0.4, 0.4, 0.4, 0.4]
Prune local model 4, pr_ratio = [0.4, 0.4, 0.4, 0.4]
Prune local model 6, pr_ratio = [0.4, 0.4, 0.4, 0.4]
Round: 71 Method: dapperfl Mean_Acc: 60.19 Best_Acc: 62.725
Domain_Acc: [62.05, 75.26, 53.45, 50.0] Domain_BestAcc: [63.39, 81.05, 53.45, 60.0]
Prune local model 1, pr_ratio = [0.4, 0.4, 0.4, 0.4]
Prune local model 7, pr_ratio = [0.4, 0.4, 0.4, 0.4]
Prune local model 6, pr_ratio = [0.4, 0.4, 0.4, 0.4]
Prune local model 8, pr_ratio = [0.4, 0.4, 0.4, 0.4]
Prune local model 3, pr_ratio = [0.4, 0.4, 0.4, 0.4]
Prune local model 4, pr_ratio = [0.4, 0.4, 0.4, 0.4]
Prune local model 2, pr_ratio = [0.4, 0.4, 0.4, 0.4]
Prune local model 9, pr_ratio = [0.4, 0.4, 0.4, 0.4]
Prune local model 5, pr_ratio = [0.4, 0.4, 0.4, 0.4]
Prune local model 0, pr_ratio = [0.4, 0.4, 0.4, 0.4]
Round: 72 Method: dapperfl Mean_Acc: 60.685 Best_Acc: 62.725
Domain_Acc: [61.16, 81.58, 50.0, 50.0] Domain_BestAcc: [63.39, 81.58, 53.45, 60.0]
Prune local model 9, pr_ratio = [0.4, 0.4, 0.4, 0.4]
Prune local model 7, pr_ratio = [0.4, 0.4, 0.4, 0.4]
Prune local model 1, pr_ratio = [0.4, 0.4, 0.4, 0.4]
Prune local model 4, pr_ratio = [0.4, 0.4, 0.4, 0.4]
Prune local model 8, pr_ratio = [0.4, 0.4, 0.4, 0.4]
Prune local model 5, pr_ratio = [0.4, 0.4, 0.4, 0.4]
Prune local model 0, pr_ratio = [0.4, 0.4, 0.4, 0.4]
Prune local model 3, pr_ratio = [0.4, 0.4, 0.4, 0.4]
Prune local model 6, pr_ratio = [0.4, 0.4, 0.4, 0.4]
Prune local model 2, pr_ratio = [0.4, 0.4, 0.4, 0.4]
Round: 73 Method: dapperfl Mean_Acc: 60.278 Best_Acc: 62.725
Domain_Acc: [61.61, 77.89, 48.28, 53.33] Domain_BestAcc: [63.39, 81.58, 53.45, 60.0]
Prune local model 3, pr_ratio = [0.4, 0.4, 0.4, 0.4]
Prune local model 7, pr_ratio = [0.4, 0.4, 0.4, 0.4]
Prune local model 6, pr_ratio = [0.4, 0.4, 0.4, 0.4]
Prune local model 5, pr_ratio = [0.4, 0.4, 0.4, 0.4]
Prune local model 1, pr_ratio = [0.4, 0.4, 0.4, 0.4]
Prune local model 0, pr_ratio = [0.4, 0.4, 0.4, 0.4]
Prune local model 4, pr_ratio = [0.4, 0.4, 0.4, 0.4]
Prune local model 8, pr_ratio = [0.4, 0.4, 0.4, 0.4]
Prune local model 9, pr_ratio = [0.4, 0.4, 0.4, 0.4]
Prune local model 2, pr_ratio = [0.4, 0.4, 0.4, 0.4]
Round: 74 Method: dapperfl Mean_Acc: 61.625 Best_Acc: 62.725
Domain_Acc: [61.16, 76.84, 55.17, 53.33] Domain_BestAcc: [63.39, 81.58, 55.17, 60.0]
Prune local model 9, pr_ratio = [0.4, 0.4, 0.4, 0.4]
Prune local model 5, pr_ratio = [0.4, 0.4, 0.4, 0.4]
Prune local model 6, pr_ratio = [0.4, 0.4, 0.4, 0.4]
Prune local model 3, pr_ratio = [0.4, 0.4, 0.4, 0.4]
Prune local model 4, pr_ratio = [0.4, 0.4, 0.4, 0.4]
Prune local model 1, pr_ratio = [0.4, 0.4, 0.4, 0.4]
Prune local model 0, pr_ratio = [0.4, 0.4, 0.4, 0.4]
Prune local model 2, pr_ratio = [0.4, 0.4, 0.4, 0.4]
Prune local model 8, pr_ratio = [0.4, 0.4, 0.4, 0.4]
Prune local model 7, pr_ratio = [0.4, 0.4, 0.4, 0.4]
Round: 75 Method: dapperfl Mean_Acc: 59.485 Best_Acc: 62.725
Domain_Acc: [60.71, 78.95, 48.28, 50.0] Domain_BestAcc: [63.39, 81.58, 55.17, 60.0]
Prune local model 2, pr_ratio = [0.4, 0.4, 0.4, 0.4]
Prune local model 0, pr_ratio = [0.4, 0.4, 0.4, 0.4]
Prune local model 3, pr_ratio = [0.4, 0.4, 0.4, 0.4]
Prune local model 4, pr_ratio = [0.4, 0.4, 0.4, 0.4]
Prune local model 1, pr_ratio = [0.4, 0.4, 0.4, 0.4]
Prune local model 5, pr_ratio = [0.4, 0.4, 0.4, 0.4]
Prune local model 8, pr_ratio = [0.4, 0.4, 0.4, 0.4]
Prune local model 9, pr_ratio = [0.4, 0.4, 0.4, 0.4]
Prune local model 7, pr_ratio = [0.4, 0.4, 0.4, 0.4]
Prune local model 6, pr_ratio = [0.4, 0.4, 0.4, 0.4]
Round: 76 Method: dapperfl Mean_Acc: 60.528 Best_Acc: 62.725
Domain_Acc: [58.93, 77.89, 58.62, 46.67] Domain_BestAcc: [63.39, 81.58, 58.62, 60.0]
Prune local model 4, pr_ratio = [0.4, 0.4, 0.4, 0.4]
Prune local model 6, pr_ratio = [0.4, 0.4, 0.4, 0.4]
Prune local model 3, pr_ratio = [0.4, 0.4, 0.4, 0.4]
Prune local model 9, pr_ratio = [0.4, 0.4, 0.4, 0.4]
Prune local model 5, pr_ratio = [0.4, 0.4, 0.4, 0.4]
Prune local model 1, pr_ratio = [0.4, 0.4, 0.4, 0.4]
Prune local model 7, pr_ratio = [0.4, 0.4, 0.4, 0.4]
Prune local model 8, pr_ratio = [0.4, 0.4, 0.4, 0.4]
Prune local model 0, pr_ratio = [0.4, 0.4, 0.4, 0.4]
Prune local model 2, pr_ratio = [0.4, 0.4, 0.4, 0.4]
Round: 77 Method: dapperfl Mean_Acc: 59.4 Best_Acc: 62.725
Domain_Acc: [61.16, 76.32, 53.45, 46.67] Domain_BestAcc: [63.39, 81.58, 58.62, 60.0]
Prune local model 1, pr_ratio = [0.4, 0.4, 0.4, 0.4]
Prune local model 5, pr_ratio = [0.4, 0.4, 0.4, 0.4]
Prune local model 9, pr_ratio = [0.4, 0.4, 0.4, 0.4]
Prune local model 4, pr_ratio = [0.4, 0.4, 0.4, 0.4]
Prune local model 0, pr_ratio = [0.4, 0.4, 0.4, 0.4]
Prune local model 7, pr_ratio = [0.4, 0.4, 0.4, 0.4]
Prune local model 3, pr_ratio = [0.4, 0.4, 0.4, 0.4]
Prune local model 8, pr_ratio = [0.4, 0.4, 0.4, 0.4]
Prune local model 2, pr_ratio = [0.4, 0.4, 0.4, 0.4]
Prune local model 6, pr_ratio = [0.4, 0.4, 0.4, 0.4]
Round: 78 Method: dapperfl Mean_Acc: 56.2 Best_Acc: 62.725
Domain_Acc: [60.71, 74.21, 46.55, 43.33] Domain_BestAcc: [63.39, 81.58, 58.62, 60.0]
Prune local model 7, pr_ratio = [0.4, 0.4, 0.4, 0.4]
Prune local model 1, pr_ratio = [0.4, 0.4, 0.4, 0.4]
Prune local model 2, pr_ratio = [0.4, 0.4, 0.4, 0.4]
Prune local model 3, pr_ratio = [0.4, 0.4, 0.4, 0.4]
Prune local model 9, pr_ratio = [0.4, 0.4, 0.4, 0.4]
Prune local model 5, pr_ratio = [0.4, 0.4, 0.4, 0.4]
Prune local model 4, pr_ratio = [0.4, 0.4, 0.4, 0.4]
Prune local model 6, pr_ratio = [0.4, 0.4, 0.4, 0.4]
Prune local model 0, pr_ratio = [0.4, 0.4, 0.4, 0.4]
Prune local model 8, pr_ratio = [0.4, 0.4, 0.4, 0.4]
Round: 79 Method: dapperfl Mean_Acc: 60.57 Best_Acc: 62.725
Domain_Acc: [59.82, 75.79, 50.0, 56.67] Domain_BestAcc: [63.39, 81.58, 58.62, 60.0]
Prune local model 5, pr_ratio = [0.4, 0.4, 0.4, 0.4]
Prune local model 2, pr_ratio = [0.4, 0.4, 0.4, 0.4]
Prune local model 1, pr_ratio = [0.4, 0.4, 0.4, 0.4]
Prune local model 9, pr_ratio = [0.4, 0.4, 0.4, 0.4]
Prune local model 6, pr_ratio = [0.4, 0.4, 0.4, 0.4]
Prune local model 8, pr_ratio = [0.4, 0.4, 0.4, 0.4]
Prune local model 4, pr_ratio = [0.4, 0.4, 0.4, 0.4]
Prune local model 0, pr_ratio = [0.4, 0.4, 0.4, 0.4]
Prune local model 7, pr_ratio = [0.4, 0.4, 0.4, 0.4]
Prune local model 3, pr_ratio = [0.4, 0.4, 0.4, 0.4]
Round: 80 Method: dapperfl Mean_Acc: 56.495 Best_Acc: 62.725
Domain_Acc: [60.27, 74.21, 44.83, 46.67] Domain_BestAcc: [63.39, 81.58, 58.62, 60.0]
Prune local model 6, pr_ratio = [0.4, 0.4, 0.4, 0.4]
Prune local model 2, pr_ratio = [0.4, 0.4, 0.4, 0.4]
Prune local model 7, pr_ratio = [0.4, 0.4, 0.4, 0.4]
Prune local model 3, pr_ratio = [0.4, 0.4, 0.4, 0.4]
Prune local model 0, pr_ratio = [0.4, 0.4, 0.4, 0.4]
Prune local model 5, pr_ratio = [0.4, 0.4, 0.4, 0.4]
Prune local model 1, pr_ratio = [0.4, 0.4, 0.4, 0.4]
Prune local model 9, pr_ratio = [0.4, 0.4, 0.4, 0.4]
Prune local model 8, pr_ratio = [0.4, 0.4, 0.4, 0.4]
Prune local model 4, pr_ratio = [0.4, 0.4, 0.4, 0.4]
Round: 81 Method: dapperfl Mean_Acc: 59.035 Best_Acc: 62.725
Domain_Acc: [62.05, 74.21, 46.55, 53.33] Domain_BestAcc: [63.39, 81.58, 58.62, 60.0]
Prune local model 5, pr_ratio = [0.4, 0.4, 0.4, 0.4]
Prune local model 3, pr_ratio = [0.4, 0.4, 0.4, 0.4]
Prune local model 0, pr_ratio = [0.4, 0.4, 0.4, 0.4]
Prune local model 7, pr_ratio = [0.4, 0.4, 0.4, 0.4]
Prune local model 9, pr_ratio = [0.4, 0.4, 0.4, 0.4]
Prune local model 6, pr_ratio = [0.4, 0.4, 0.4, 0.4]
Prune local model 2, pr_ratio = [0.4, 0.4, 0.4, 0.4]
Prune local model 4, pr_ratio = [0.4, 0.4, 0.4, 0.4]
Prune local model 1, pr_ratio = [0.4, 0.4, 0.4, 0.4]
Prune local model 8, pr_ratio = [0.4, 0.4, 0.4, 0.4]
Round: 82 Method: dapperfl Mean_Acc: 62.69 Best_Acc: 62.725
Domain_Acc: [59.82, 77.37, 56.9, 56.67] Domain_BestAcc: [63.39, 81.58, 58.62, 60.0]
Prune local model 6, pr_ratio = [0.4, 0.4, 0.4, 0.4]
Prune local model 3, pr_ratio = [0.4, 0.4, 0.4, 0.4]
Prune local model 5, pr_ratio = [0.4, 0.4, 0.4, 0.4]
Prune local model 1, pr_ratio = [0.4, 0.4, 0.4, 0.4]
Prune local model 9, pr_ratio = [0.4, 0.4, 0.4, 0.4]
Prune local model 8, pr_ratio = [0.4, 0.4, 0.4, 0.4]
Prune local model 4, pr_ratio = [0.4, 0.4, 0.4, 0.4]
Prune local model 0, pr_ratio = [0.4, 0.4, 0.4, 0.4]
Prune local model 7, pr_ratio = [0.4, 0.4, 0.4, 0.4]
Prune local model 2, pr_ratio = [0.4, 0.4, 0.4, 0.4]
Round: 83 Method: dapperfl Mean_Acc: 55.352 Best_Acc: 62.725
Domain_Acc: [61.61, 78.42, 41.38, 40.0] Domain_BestAcc: [63.39, 81.58, 58.62, 60.0]
Prune local model 8, pr_ratio = [0.4, 0.4, 0.4, 0.4]
Prune local model 4, pr_ratio = [0.4, 0.4, 0.4, 0.4]
Prune local model 5, pr_ratio = [0.4, 0.4, 0.4, 0.4]
Prune local model 9, pr_ratio = [0.4, 0.4, 0.4, 0.4]
Prune local model 1, pr_ratio = [0.4, 0.4, 0.4, 0.4]
Prune local model 2, pr_ratio = [0.4, 0.4, 0.4, 0.4]
Prune local model 6, pr_ratio = [0.4, 0.4, 0.4, 0.4]
Prune local model 3, pr_ratio = [0.4, 0.4, 0.4, 0.4]
Prune local model 0, pr_ratio = [0.4, 0.4, 0.4, 0.4]
Prune local model 7, pr_ratio = [0.4, 0.4, 0.4, 0.4]
Round: 84 Method: dapperfl Mean_Acc: 58.268 Best_Acc: 62.725
Domain_Acc: [59.82, 78.42, 44.83, 50.0] Domain_BestAcc: [63.39, 81.58, 58.62, 60.0]
Prune local model 0, pr_ratio = [0.4, 0.4, 0.4, 0.4]
Prune local model 4, pr_ratio = [0.4, 0.4, 0.4, 0.4]
Prune local model 6, pr_ratio = [0.4, 0.4, 0.4, 0.4]
Prune local model 7, pr_ratio = [0.4, 0.4, 0.4, 0.4]
Prune local model 8, pr_ratio = [0.4, 0.4, 0.4, 0.4]
Prune local model 1, pr_ratio = [0.4, 0.4, 0.4, 0.4]
Prune local model 5, pr_ratio = [0.4, 0.4, 0.4, 0.4]
Prune local model 2, pr_ratio = [0.4, 0.4, 0.4, 0.4]
Prune local model 9, pr_ratio = [0.4, 0.4, 0.4, 0.4]
Prune local model 3, pr_ratio = [0.4, 0.4, 0.4, 0.4]
Round: 85 Method: dapperfl Mean_Acc: 59.66 Best_Acc: 62.725
Domain_Acc: [59.38, 74.21, 51.72, 53.33] Domain_BestAcc: [63.39, 81.58, 58.62, 60.0]
Prune local model 6, pr_ratio = [0.4, 0.4, 0.4, 0.4]
Prune local model 9, pr_ratio = [0.4, 0.4, 0.4, 0.4]
Prune local model 5, pr_ratio = [0.4, 0.4, 0.4, 0.4]
Prune local model 0, pr_ratio = [0.4, 0.4, 0.4, 0.4]
Prune local model 2, pr_ratio = [0.4, 0.4, 0.4, 0.4]
Prune local model 3, pr_ratio = [0.4, 0.4, 0.4, 0.4]
Prune local model 7, pr_ratio = [0.4, 0.4, 0.4, 0.4]
Prune local model 8, pr_ratio = [0.4, 0.4, 0.4, 0.4]
Prune local model 4, pr_ratio = [0.4, 0.4, 0.4, 0.4]
Prune local model 1, pr_ratio = [0.4, 0.4, 0.4, 0.4]
Round: 86 Method: dapperfl Mean_Acc: 63.68 Best_Acc: 63.68
Domain_Acc: [59.38, 76.84, 55.17, 63.33] Domain_BestAcc: [63.39, 81.58, 58.62, 63.33]
Prune local model 1, pr_ratio = [0.4, 0.4, 0.4, 0.4]
Prune local model 5, pr_ratio = [0.4, 0.4, 0.4, 0.4]
Prune local model 6, pr_ratio = [0.4, 0.4, 0.4, 0.4]
Prune local model 4, pr_ratio = [0.4, 0.4, 0.4, 0.4]
Prune local model 2, pr_ratio = [0.4, 0.4, 0.4, 0.4]
Prune local model 3, pr_ratio = [0.4, 0.4, 0.4, 0.4]
Prune local model 9, pr_ratio = [0.4, 0.4, 0.4, 0.4]
Prune local model 8, pr_ratio = [0.4, 0.4, 0.4, 0.4]
Prune local model 7, pr_ratio = [0.4, 0.4, 0.4, 0.4]
Prune local model 0, pr_ratio = [0.4, 0.4, 0.4, 0.4]
Round: 87 Method: dapperfl Mean_Acc: 61.052 Best_Acc: 63.68
Domain_Acc: [61.61, 74.21, 51.72, 56.67] Domain_BestAcc: [63.39, 81.58, 58.62, 63.33]
Prune local model 6, pr_ratio = [0.4, 0.4, 0.4, 0.4]
Prune local model 8, pr_ratio = [0.4, 0.4, 0.4, 0.4]
Prune local model 7, pr_ratio = [0.4, 0.4, 0.4, 0.4]
Prune local model 4, pr_ratio = [0.4, 0.4, 0.4, 0.4]
Prune local model 5, pr_ratio = [0.4, 0.4, 0.4, 0.4]
Prune local model 1, pr_ratio = [0.4, 0.4, 0.4, 0.4]
Prune local model 0, pr_ratio = [0.4, 0.4, 0.4, 0.4]
Prune local model 2, pr_ratio = [0.4, 0.4, 0.4, 0.4]
Prune local model 3, pr_ratio = [0.4, 0.4, 0.4, 0.4]
Prune local model 9, pr_ratio = [0.4, 0.4, 0.4, 0.4]
Round: 88 Method: dapperfl Mean_Acc: 57.69 Best_Acc: 63.68
Domain_Acc: [58.48, 78.95, 50.0, 43.33] Domain_BestAcc: [63.39, 81.58, 58.62, 63.33]
Prune local model 3, pr_ratio = [0.4, 0.4, 0.4, 0.4]
Prune local model 4, pr_ratio = [0.4, 0.4, 0.4, 0.4]
Prune local model 0, pr_ratio = [0.4, 0.4, 0.4, 0.4]
Prune local model 9, pr_ratio = [0.4, 0.4, 0.4, 0.4]
Prune local model 8, pr_ratio = [0.4, 0.4, 0.4, 0.4]
Prune local model 1, pr_ratio = [0.4, 0.4, 0.4, 0.4]
Prune local model 6, pr_ratio = [0.4, 0.4, 0.4, 0.4]
Prune local model 5, pr_ratio = [0.4, 0.4, 0.4, 0.4]
Prune local model 7, pr_ratio = [0.4, 0.4, 0.4, 0.4]
Prune local model 2, pr_ratio = [0.4, 0.4, 0.4, 0.4]
Round: 89 Method: dapperfl Mean_Acc: 62.768 Best_Acc: 63.68
Domain_Acc: [63.39, 72.63, 51.72, 63.33] Domain_BestAcc: [63.39, 81.58, 58.62, 63.33]
Prune local model 3, pr_ratio = [0.4, 0.4, 0.4, 0.4]
Prune local model 6, pr_ratio = [0.4, 0.4, 0.4, 0.4]
Prune local model 7, pr_ratio = [0.4, 0.4, 0.4, 0.4]
Prune local model 0, pr_ratio = [0.4, 0.4, 0.4, 0.4]
Prune local model 4, pr_ratio = [0.4, 0.4, 0.4, 0.4]
Prune local model 8, pr_ratio = [0.4, 0.4, 0.4, 0.4]
Prune local model 5, pr_ratio = [0.4, 0.4, 0.4, 0.4]
Prune local model 9, pr_ratio = [0.4, 0.4, 0.4, 0.4]
Prune local model 1, pr_ratio = [0.4, 0.4, 0.4, 0.4]
Prune local model 2, pr_ratio = [0.4, 0.4, 0.4, 0.4]
Round: 90 Method: dapperfl Mean_Acc: 62.44 Best_Acc: 63.68
Domain_Acc: [62.95, 78.42, 51.72, 56.67] Domain_BestAcc: [63.39, 81.58, 58.62, 63.33]
Prune local model 3, pr_ratio = [0.4, 0.4, 0.4, 0.4]
Prune local model 0, pr_ratio = [0.4, 0.4, 0.4, 0.4]
Prune local model 1, pr_ratio = [0.4, 0.4, 0.4, 0.4]
Prune local model 7, pr_ratio = [0.4, 0.4, 0.4, 0.4]
Prune local model 8, pr_ratio = [0.4, 0.4, 0.4, 0.4]
Prune local model 5, pr_ratio = [0.4, 0.4, 0.4, 0.4]
Prune local model 9, pr_ratio = [0.4, 0.4, 0.4, 0.4]
Prune local model 4, pr_ratio = [0.4, 0.4, 0.4, 0.4]
Prune local model 2, pr_ratio = [0.4, 0.4, 0.4, 0.4]
Prune local model 6, pr_ratio = [0.4, 0.4, 0.4, 0.4]
Round: 91 Method: dapperfl Mean_Acc: 58.3 Best_Acc: 63.68
Domain_Acc: [60.71, 74.21, 48.28, 50.0] Domain_BestAcc: [63.39, 81.58, 58.62, 63.33]
Prune local model 1, pr_ratio = [0.4, 0.4, 0.4, 0.4]
Prune local model 3, pr_ratio = [0.4, 0.4, 0.4, 0.4]
Prune local model 9, pr_ratio = [0.4, 0.4, 0.4, 0.4]
Prune local model 6, pr_ratio = [0.4, 0.4, 0.4, 0.4]
Prune local model 8, pr_ratio = [0.4, 0.4, 0.4, 0.4]
Prune local model 7, pr_ratio = [0.4, 0.4, 0.4, 0.4]
Prune local model 4, pr_ratio = [0.4, 0.4, 0.4, 0.4]
Prune local model 2, pr_ratio = [0.4, 0.4, 0.4, 0.4]
Prune local model 5, pr_ratio = [0.4, 0.4, 0.4, 0.4]
Prune local model 0, pr_ratio = [0.4, 0.4, 0.4, 0.4]
Round: 92 Method: dapperfl Mean_Acc: 60.228 Best_Acc: 63.68
Domain_Acc: [61.61, 82.63, 50.0, 46.67] Domain_BestAcc: [63.39, 82.63, 58.62, 63.33]
Prune local model 6, pr_ratio = [0.4, 0.4, 0.4, 0.4]
Prune local model 3, pr_ratio = [0.4, 0.4, 0.4, 0.4]
Prune local model 2, pr_ratio = [0.4, 0.4, 0.4, 0.4]
Prune local model 8, pr_ratio = [0.4, 0.4, 0.4, 0.4]
Prune local model 5, pr_ratio = [0.4, 0.4, 0.4, 0.4]
Prune local model 1, pr_ratio = [0.4, 0.4, 0.4, 0.4]
Prune local model 9, pr_ratio = [0.4, 0.4, 0.4, 0.4]
Prune local model 7, pr_ratio = [0.4, 0.4, 0.4, 0.4]
Prune local model 0, pr_ratio = [0.4, 0.4, 0.4, 0.4]
Prune local model 4, pr_ratio = [0.4, 0.4, 0.4, 0.4]
Round: 93 Method: dapperfl Mean_Acc: 62.395 Best_Acc: 63.68
Domain_Acc: [61.16, 78.42, 50.0, 60.0] Domain_BestAcc: [63.39, 82.63, 58.62, 63.33]
Prune local model 9, pr_ratio = [0.4, 0.4, 0.4, 0.4]
Prune local model 0, pr_ratio = [0.4, 0.4, 0.4, 0.4]
Prune local model 3, pr_ratio = [0.4, 0.4, 0.4, 0.4]
Prune local model 2, pr_ratio = [0.4, 0.4, 0.4, 0.4]
Prune local model 6, pr_ratio = [0.4, 0.4, 0.4, 0.4]
Prune local model 8, pr_ratio = [0.4, 0.4, 0.4, 0.4]
Prune local model 1, pr_ratio = [0.4, 0.4, 0.4, 0.4]
Prune local model 5, pr_ratio = [0.4, 0.4, 0.4, 0.4]
Prune local model 7, pr_ratio = [0.4, 0.4, 0.4, 0.4]
Prune local model 4, pr_ratio = [0.4, 0.4, 0.4, 0.4]
Round: 94 Method: dapperfl Mean_Acc: 60.65 Best_Acc: 63.68
Domain_Acc: [60.71, 76.84, 51.72, 53.33] Domain_BestAcc: [63.39, 82.63, 58.62, 63.33]
Prune local model 3, pr_ratio = [0.4, 0.4, 0.4, 0.4]
Prune local model 9, pr_ratio = [0.4, 0.4, 0.4, 0.4]
Prune local model 7, pr_ratio = [0.4, 0.4, 0.4, 0.4]
Prune local model 5, pr_ratio = [0.4, 0.4, 0.4, 0.4]
Prune local model 1, pr_ratio = [0.4, 0.4, 0.4, 0.4]
Prune local model 8, pr_ratio = [0.4, 0.4, 0.4, 0.4]
Prune local model 0, pr_ratio = [0.4, 0.4, 0.4, 0.4]
Prune local model 6, pr_ratio = [0.4, 0.4, 0.4, 0.4]
Prune local model 4, pr_ratio = [0.4, 0.4, 0.4, 0.4]
Prune local model 2, pr_ratio = [0.4, 0.4, 0.4, 0.4]
Round: 95 Method: dapperfl Mean_Acc: 61.882 Best_Acc: 63.68
Domain_Acc: [61.16, 79.47, 56.9, 50.0] Domain_BestAcc: [63.39, 82.63, 58.62, 63.33]
Prune local model 3, pr_ratio = [0.4, 0.4, 0.4, 0.4]
Prune local model 0, pr_ratio = [0.4, 0.4, 0.4, 0.4]
Prune local model 9, pr_ratio = [0.4, 0.4, 0.4, 0.4]
Prune local model 4, pr_ratio = [0.4, 0.4, 0.4, 0.4]
Prune local model 7, pr_ratio = [0.4, 0.4, 0.4, 0.4]
Prune local model 2, pr_ratio = [0.4, 0.4, 0.4, 0.4]
Prune local model 6, pr_ratio = [0.4, 0.4, 0.4, 0.4]
Prune local model 5, pr_ratio = [0.4, 0.4, 0.4, 0.4]
Prune local model 8, pr_ratio = [0.4, 0.4, 0.4, 0.4]
Prune local model 1, pr_ratio = [0.4, 0.4, 0.4, 0.4]
Round: 96 Method: dapperfl Mean_Acc: 63.31 Best_Acc: 63.68
Domain_Acc: [64.29, 78.95, 50.0, 60.0] Domain_BestAcc: [64.29, 82.63, 58.62, 63.33]
Prune local model 5, pr_ratio = [0.4, 0.4, 0.4, 0.4]
Prune local model 1, pr_ratio = [0.4, 0.4, 0.4, 0.4]
Prune local model 9, pr_ratio = [0.4, 0.4, 0.4, 0.4]
Prune local model 0, pr_ratio = [0.4, 0.4, 0.4, 0.4]
Prune local model 6, pr_ratio = [0.4, 0.4, 0.4, 0.4]
Prune local model 8, pr_ratio = [0.4, 0.4, 0.4, 0.4]
Prune local model 2, pr_ratio = [0.4, 0.4, 0.4, 0.4]
Prune local model 7, pr_ratio = [0.4, 0.4, 0.4, 0.4]
Prune local model 4, pr_ratio = [0.4, 0.4, 0.4, 0.4]
Prune local model 3, pr_ratio = [0.4, 0.4, 0.4, 0.4]
Round: 97 Method: dapperfl Mean_Acc: 63.845 Best_Acc: 63.845
Domain_Acc: [63.39, 78.42, 56.9, 56.67] Domain_BestAcc: [64.29, 82.63, 58.62, 63.33]
Prune local model 1, pr_ratio = [0.4, 0.4, 0.4, 0.4]
Prune local model 5, pr_ratio = [0.4, 0.4, 0.4, 0.4]
Prune local model 7, pr_ratio = [0.4, 0.4, 0.4, 0.4]
Prune local model 0, pr_ratio = [0.4, 0.4, 0.4, 0.4]
Prune local model 4, pr_ratio = [0.4, 0.4, 0.4, 0.4]
Prune local model 2, pr_ratio = [0.4, 0.4, 0.4, 0.4]
Prune local model 9, pr_ratio = [0.4, 0.4, 0.4, 0.4]
Prune local model 8, pr_ratio = [0.4, 0.4, 0.4, 0.4]
Prune local model 6, pr_ratio = [0.4, 0.4, 0.4, 0.4]
Prune local model 3, pr_ratio = [0.4, 0.4, 0.4, 0.4]
Round: 98 Method: dapperfl Mean_Acc: 63.248 Best_Acc: 63.845
Domain_Acc: [62.05, 77.37, 56.9, 56.67] Domain_BestAcc: [64.29, 82.63, 58.62, 63.33]
Prune local model 9, pr_ratio = [0.4, 0.4, 0.4, 0.4]
Prune local model 6, pr_ratio = [0.4, 0.4, 0.4, 0.4]
Prune local model 2, pr_ratio = [0.4, 0.4, 0.4, 0.4]
Prune local model 3, pr_ratio = [0.4, 0.4, 0.4, 0.4]
Prune local model 5, pr_ratio = [0.4, 0.4, 0.4, 0.4]
Prune local model 7, pr_ratio = [0.4, 0.4, 0.4, 0.4]
Prune local model 1, pr_ratio = [0.4, 0.4, 0.4, 0.4]
Prune local model 8, pr_ratio = [0.4, 0.4, 0.4, 0.4]
Prune local model 4, pr_ratio = [0.4, 0.4, 0.4, 0.4]
Prune local model 0, pr_ratio = [0.4, 0.4, 0.4, 0.4]
Round: 99 Method: dapperfl Mean_Acc: 60.925 Best_Acc: 63.845
Domain_Acc: [63.39, 75.26, 51.72, 53.33] Domain_BestAcc: [64.29, 82.63, 58.62, 63.33]
2025-05-03 11:14:54
