Namespace(prefix='', communication_epoch=100, local_epoch=5, parti_num=10, model='fedprox', dataset='fl_officecaltech', pr_strategy='AD', backbone='resnet18', alpha=0.9, alpha_min=0.1, epsilon=0.2, reg_coeff=0.01, wandb=0, device_id=0, seed=1234, rand_dataset=1, learning_decay=False, averaing='weight', online_ratio=1, mu=0.01, input_dim=28, csv_log=False, local_lr=0.01, local_batch_size=64, device=device(type='cuda'), arch='res18')
2025-04-10 19:28:39
{'dslr': 3, 'webcam': 2, 'amazon': 2, 'caltech': 3}
['dslr', 'dslr', 'webcam', 'amazon', 'caltech', 'caltech', 'caltech', 'amazon', 'webcam', 'dslr']
Round: 0 Method: fedprox Mean_Acc: 10.048 Best_Acc: 10.048
Domain_Acc: [9.82, 8.42, 8.62, 13.33] Domain_BestAcc: [9.82, 8.42, 8.62, 13.33]
Round: 1 Method: fedprox Mean_Acc: 12.46 Best_Acc: 12.46
Domain_Acc: [13.39, 11.05, 12.07, 13.33] Domain_BestAcc: [13.39, 11.05, 12.07, 13.33]
Round: 2 Method: fedprox Mean_Acc: 31.285 Best_Acc: 31.285
Domain_Acc: [41.96, 44.21, 18.97, 20.0] Domain_BestAcc: [41.96, 44.21, 18.97, 20.0]
Round: 3 Method: fedprox Mean_Acc: 32.33 Best_Acc: 32.33
Domain_Acc: [42.41, 41.05, 25.86, 20.0] Domain_BestAcc: [42.41, 44.21, 25.86, 20.0]
Round: 4 Method: fedprox Mean_Acc: 37.17 Best_Acc: 37.17
Domain_Acc: [45.54, 42.11, 31.03, 30.0] Domain_BestAcc: [45.54, 44.21, 31.03, 30.0]
Round: 5 Method: fedprox Mean_Acc: 39.752 Best_Acc: 39.752
Domain_Acc: [48.21, 56.32, 34.48, 20.0] Domain_BestAcc: [48.21, 56.32, 34.48, 30.0]
Round: 6 Method: fedprox Mean_Acc: 40.092 Best_Acc: 40.092
Domain_Acc: [46.88, 55.79, 31.03, 26.67] Domain_BestAcc: [48.21, 56.32, 34.48, 30.0]
Round: 7 Method: fedprox Mean_Acc: 42.682 Best_Acc: 42.682
Domain_Acc: [49.55, 58.42, 32.76, 30.0] Domain_BestAcc: [49.55, 58.42, 34.48, 30.0]
Round: 8 Method: fedprox Mean_Acc: 39.798 Best_Acc: 42.682
Domain_Acc: [48.66, 57.89, 29.31, 23.33] Domain_BestAcc: [49.55, 58.42, 34.48, 30.0]
Round: 9 Method: fedprox Mean_Acc: 43.528 Best_Acc: 43.528
Domain_Acc: [50.45, 62.63, 31.03, 30.0] Domain_BestAcc: [50.45, 62.63, 34.48, 30.0]
Round: 10 Method: fedprox Mean_Acc: 41.025 Best_Acc: 43.528
Domain_Acc: [48.21, 58.42, 24.14, 33.33] Domain_BestAcc: [50.45, 62.63, 34.48, 33.33]
Round: 11 Method: fedprox Mean_Acc: 47.762 Best_Acc: 47.762
Domain_Acc: [54.02, 67.37, 39.66, 30.0] Domain_BestAcc: [54.02, 67.37, 39.66, 33.33]
Round: 12 Method: fedprox Mean_Acc: 47.43 Best_Acc: 47.762
Domain_Acc: [51.79, 60.0, 37.93, 40.0] Domain_BestAcc: [54.02, 67.37, 39.66, 40.0]
Round: 13 Method: fedprox Mean_Acc: 43.293 Best_Acc: 47.762
Domain_Acc: [53.12, 65.79, 27.59, 26.67] Domain_BestAcc: [54.02, 67.37, 39.66, 40.0]
Round: 14 Method: fedprox Mean_Acc: 48.705 Best_Acc: 48.705
Domain_Acc: [52.68, 64.21, 37.93, 40.0] Domain_BestAcc: [54.02, 67.37, 39.66, 40.0]
Round: 15 Method: fedprox Mean_Acc: 51.948 Best_Acc: 51.948
Domain_Acc: [53.57, 67.89, 39.66, 46.67] Domain_BestAcc: [54.02, 67.89, 39.66, 46.67]
Round: 16 Method: fedprox Mean_Acc: 52.045 Best_Acc: 52.045
Domain_Acc: [54.46, 65.79, 37.93, 50.0] Domain_BestAcc: [54.46, 67.89, 39.66, 50.0]
Round: 17 Method: fedprox Mean_Acc: 50.952 Best_Acc: 52.045
Domain_Acc: [55.8, 71.58, 43.1, 33.33] Domain_BestAcc: [55.8, 71.58, 43.1, 50.0]
Round: 18 Method: fedprox Mean_Acc: 46.748 Best_Acc: 52.045
Domain_Acc: [51.34, 61.05, 37.93, 36.67] Domain_BestAcc: [55.8, 71.58, 43.1, 50.0]
Round: 19 Method: fedprox Mean_Acc: 46.38 Best_Acc: 52.045
Domain_Acc: [51.34, 59.47, 41.38, 33.33] Domain_BestAcc: [55.8, 71.58, 43.1, 50.0]
Round: 20 Method: fedprox Mean_Acc: 50.68 Best_Acc: 52.045
Domain_Acc: [56.25, 72.11, 31.03, 43.33] Domain_BestAcc: [56.25, 72.11, 43.1, 50.0]
Round: 21 Method: fedprox Mean_Acc: 50.32 Best_Acc: 52.045
Domain_Acc: [54.46, 72.11, 41.38, 33.33] Domain_BestAcc: [56.25, 72.11, 43.1, 50.0]
Round: 22 Method: fedprox Mean_Acc: 51.34 Best_Acc: 52.045
Domain_Acc: [59.38, 66.32, 39.66, 40.0] Domain_BestAcc: [59.38, 72.11, 43.1, 50.0]
Round: 23 Method: fedprox Mean_Acc: 52.905 Best_Acc: 52.905
Domain_Acc: [55.36, 73.16, 43.1, 40.0] Domain_BestAcc: [59.38, 73.16, 43.1, 50.0]
Round: 24 Method: fedprox Mean_Acc: 55.03 Best_Acc: 55.03
Domain_Acc: [56.25, 74.21, 39.66, 50.0] Domain_BestAcc: [59.38, 74.21, 43.1, 50.0]
Round: 25 Method: fedprox Mean_Acc: 52.158 Best_Acc: 55.03
Domain_Acc: [57.14, 73.68, 34.48, 43.33] Domain_BestAcc: [59.38, 74.21, 43.1, 50.0]
Round: 26 Method: fedprox Mean_Acc: 52.822 Best_Acc: 55.03
Domain_Acc: [55.36, 74.21, 51.72, 30.0] Domain_BestAcc: [59.38, 74.21, 51.72, 50.0]
Round: 27 Method: fedprox Mean_Acc: 53.543 Best_Acc: 55.03
Domain_Acc: [54.91, 74.21, 51.72, 33.33] Domain_BestAcc: [59.38, 74.21, 51.72, 50.0]
Round: 28 Method: fedprox Mean_Acc: 56.255 Best_Acc: 56.255
Domain_Acc: [57.59, 74.21, 46.55, 46.67] Domain_BestAcc: [59.38, 74.21, 51.72, 50.0]
Round: 29 Method: fedprox Mean_Acc: 54.63 Best_Acc: 56.255
Domain_Acc: [58.93, 73.16, 43.1, 43.33] Domain_BestAcc: [59.38, 74.21, 51.72, 50.0]
Round: 30 Method: fedprox Mean_Acc: 60.375 Best_Acc: 60.375
Domain_Acc: [57.59, 73.68, 56.9, 53.33] Domain_BestAcc: [59.38, 74.21, 56.9, 53.33]
Round: 31 Method: fedprox Mean_Acc: 55.17 Best_Acc: 60.375
Domain_Acc: [57.14, 75.26, 48.28, 40.0] Domain_BestAcc: [59.38, 75.26, 56.9, 53.33]
Round: 32 Method: fedprox Mean_Acc: 52.38 Best_Acc: 60.375
Domain_Acc: [54.46, 73.68, 41.38, 40.0] Domain_BestAcc: [59.38, 75.26, 56.9, 53.33]
Round: 33 Method: fedprox Mean_Acc: 50.615 Best_Acc: 60.375
Domain_Acc: [51.79, 68.95, 51.72, 30.0] Domain_BestAcc: [59.38, 75.26, 56.9, 53.33]
Round: 34 Method: fedprox Mean_Acc: 54.832 Best_Acc: 60.375
Domain_Acc: [56.25, 71.58, 44.83, 46.67] Domain_BestAcc: [59.38, 75.26, 56.9, 53.33]
Round: 35 Method: fedprox Mean_Acc: 58.525 Best_Acc: 60.375
Domain_Acc: [57.14, 76.84, 53.45, 46.67] Domain_BestAcc: [59.38, 76.84, 56.9, 53.33]
Round: 36 Method: fedprox Mean_Acc: 56.728 Best_Acc: 60.375
Domain_Acc: [56.7, 75.26, 48.28, 46.67] Domain_BestAcc: [59.38, 76.84, 56.9, 53.33]
Round: 37 Method: fedprox Mean_Acc: 54.42 Best_Acc: 60.375
Domain_Acc: [55.36, 77.37, 48.28, 36.67] Domain_BestAcc: [59.38, 77.37, 56.9, 53.33]
Round: 38 Method: fedprox Mean_Acc: 56.975 Best_Acc: 60.375
Domain_Acc: [55.36, 77.37, 55.17, 40.0] Domain_BestAcc: [59.38, 77.37, 56.9, 53.33]
Round: 39 Method: fedprox Mean_Acc: 59.262 Best_Acc: 60.375
Domain_Acc: [56.25, 73.68, 63.79, 43.33] Domain_BestAcc: [59.38, 77.37, 63.79, 53.33]
Round: 40 Method: fedprox Mean_Acc: 57.108 Best_Acc: 60.375
Domain_Acc: [56.25, 73.68, 55.17, 43.33] Domain_BestAcc: [59.38, 77.37, 63.79, 53.33]
Round: 41 Method: fedprox Mean_Acc: 58.323 Best_Acc: 60.375
Domain_Acc: [54.46, 75.26, 56.9, 46.67] Domain_BestAcc: [59.38, 77.37, 63.79, 53.33]
Round: 42 Method: fedprox Mean_Acc: 60.602 Best_Acc: 60.602
Domain_Acc: [61.16, 72.63, 58.62, 50.0] Domain_BestAcc: [61.16, 77.37, 63.79, 53.33]
Round: 43 Method: fedprox Mean_Acc: 58.62 Best_Acc: 60.602
Domain_Acc: [55.8, 76.84, 55.17, 46.67] Domain_BestAcc: [61.16, 77.37, 63.79, 53.33]
Round: 44 Method: fedprox Mean_Acc: 55.927 Best_Acc: 60.602
Domain_Acc: [56.7, 73.68, 50.0, 43.33] Domain_BestAcc: [61.16, 77.37, 63.79, 53.33]
Round: 45 Method: fedprox Mean_Acc: 60.177 Best_Acc: 60.602
Domain_Acc: [59.38, 74.21, 63.79, 43.33] Domain_BestAcc: [61.16, 77.37, 63.79, 53.33]
Round: 46 Method: fedprox Mean_Acc: 57.035 Best_Acc: 60.602
Domain_Acc: [56.25, 76.84, 51.72, 43.33] Domain_BestAcc: [61.16, 77.37, 63.79, 53.33]
Round: 47 Method: fedprox Mean_Acc: 62.69 Best_Acc: 62.69
Domain_Acc: [60.27, 78.42, 62.07, 50.0] Domain_BestAcc: [61.16, 78.42, 63.79, 53.33]
Round: 48 Method: fedprox Mean_Acc: 60.275 Best_Acc: 62.69
Domain_Acc: [59.38, 76.32, 62.07, 43.33] Domain_BestAcc: [61.16, 78.42, 63.79, 53.33]
Round: 49 Method: fedprox Mean_Acc: 59.133 Best_Acc: 62.69
Domain_Acc: [58.93, 77.37, 56.9, 43.33] Domain_BestAcc: [61.16, 78.42, 63.79, 53.33]
Round: 50 Method: fedprox Mean_Acc: 59.635 Best_Acc: 62.69
Domain_Acc: [58.48, 73.16, 56.9, 50.0] Domain_BestAcc: [61.16, 78.42, 63.79, 53.33]
Round: 51 Method: fedprox Mean_Acc: 62.223 Best_Acc: 62.69
Domain_Acc: [60.27, 80.0, 58.62, 50.0] Domain_BestAcc: [61.16, 80.0, 63.79, 53.33]
Round: 52 Method: fedprox Mean_Acc: 56.973 Best_Acc: 62.69
Domain_Acc: [56.25, 74.74, 56.9, 40.0] Domain_BestAcc: [61.16, 80.0, 63.79, 53.33]
Round: 53 Method: fedprox Mean_Acc: 60.755 Best_Acc: 62.69
Domain_Acc: [61.16, 74.74, 63.79, 43.33] Domain_BestAcc: [61.16, 80.0, 63.79, 53.33]
Round: 54 Method: fedprox Mean_Acc: 59.358 Best_Acc: 62.69
Domain_Acc: [57.59, 77.89, 58.62, 43.33] Domain_BestAcc: [61.16, 80.0, 63.79, 53.33]
Round: 55 Method: fedprox Mean_Acc: 63.598 Best_Acc: 63.598
Domain_Acc: [59.38, 77.89, 63.79, 53.33] Domain_BestAcc: [61.16, 80.0, 63.79, 53.33]
Round: 56 Method: fedprox Mean_Acc: 60.668 Best_Acc: 63.598
Domain_Acc: [58.93, 76.84, 56.9, 50.0] Domain_BestAcc: [61.16, 80.0, 63.79, 53.33]
Round: 57 Method: fedprox Mean_Acc: 62.452 Best_Acc: 63.598
Domain_Acc: [59.82, 76.32, 60.34, 53.33] Domain_BestAcc: [61.16, 80.0, 63.79, 53.33]
Round: 58 Method: fedprox Mean_Acc: 63.248 Best_Acc: 63.598
Domain_Acc: [62.05, 77.37, 56.9, 56.67] Domain_BestAcc: [62.05, 80.0, 63.79, 56.67]
Round: 59 Method: fedprox Mean_Acc: 60.457 Best_Acc: 63.598
Domain_Acc: [59.82, 76.84, 55.17, 50.0] Domain_BestAcc: [62.05, 80.0, 63.79, 56.67]
Round: 60 Method: fedprox Mean_Acc: 64.335 Best_Acc: 64.335
Domain_Acc: [60.71, 77.89, 62.07, 56.67] Domain_BestAcc: [62.05, 80.0, 63.79, 56.67]
Round: 61 Method: fedprox Mean_Acc: 61.768 Best_Acc: 64.335
Domain_Acc: [59.38, 78.95, 62.07, 46.67] Domain_BestAcc: [62.05, 80.0, 63.79, 56.67]
Round: 62 Method: fedprox Mean_Acc: 62.468 Best_Acc: 64.335
Domain_Acc: [59.38, 78.42, 62.07, 50.0] Domain_BestAcc: [62.05, 80.0, 63.79, 56.67]
Round: 63 Method: fedprox Mean_Acc: 64.78 Best_Acc: 64.78
Domain_Acc: [60.27, 80.0, 65.52, 53.33] Domain_BestAcc: [62.05, 80.0, 65.52, 56.67]
Round: 64 Method: fedprox Mean_Acc: 62.692 Best_Acc: 64.78
Domain_Acc: [58.93, 76.32, 65.52, 50.0] Domain_BestAcc: [62.05, 80.0, 65.52, 56.67]
Round: 65 Method: fedprox Mean_Acc: 62.315 Best_Acc: 64.78
Domain_Acc: [60.27, 78.42, 67.24, 43.33] Domain_BestAcc: [62.05, 80.0, 67.24, 56.67]
Round: 66 Method: fedprox Mean_Acc: 57.92 Best_Acc: 64.78
Domain_Acc: [60.27, 74.74, 50.0, 46.67] Domain_BestAcc: [62.05, 80.0, 67.24, 56.67]
Round: 67 Method: fedprox Mean_Acc: 63.99 Best_Acc: 64.78
Domain_Acc: [61.61, 78.95, 62.07, 53.33] Domain_BestAcc: [62.05, 80.0, 67.24, 56.67]
Round: 68 Method: fedprox Mean_Acc: 64.72 Best_Acc: 64.78
Domain_Acc: [61.61, 78.42, 65.52, 53.33] Domain_BestAcc: [62.05, 80.0, 67.24, 56.67]
Round: 69 Method: fedprox Mean_Acc: 58.99 Best_Acc: 64.78
Domain_Acc: [59.38, 74.74, 55.17, 46.67] Domain_BestAcc: [62.05, 80.0, 67.24, 56.67]
Round: 70 Method: fedprox Mean_Acc: 62.35 Best_Acc: 64.78
Domain_Acc: [59.82, 75.79, 63.79, 50.0] Domain_BestAcc: [62.05, 80.0, 67.24, 56.67]
Round: 71 Method: fedprox Mean_Acc: 64.408 Best_Acc: 64.78
Domain_Acc: [62.5, 77.89, 67.24, 50.0] Domain_BestAcc: [62.5, 80.0, 67.24, 56.67]
Round: 72 Method: fedprox Mean_Acc: 62.975 Best_Acc: 64.78
Domain_Acc: [60.71, 75.79, 62.07, 53.33] Domain_BestAcc: [62.5, 80.0, 67.24, 56.67]
Round: 73 Method: fedprox Mean_Acc: 62.183 Best_Acc: 64.78
Domain_Acc: [58.04, 73.68, 60.34, 56.67] Domain_BestAcc: [62.5, 80.0, 67.24, 56.67]
Round: 74 Method: fedprox Mean_Acc: 63.39 Best_Acc: 64.78
Domain_Acc: [60.27, 77.89, 62.07, 53.33] Domain_BestAcc: [62.5, 80.0, 67.24, 56.67]
Round: 75 Method: fedprox Mean_Acc: 64.435 Best_Acc: 64.78
Domain_Acc: [62.05, 76.84, 65.52, 53.33] Domain_BestAcc: [62.5, 80.0, 67.24, 56.67]
Round: 76 Method: fedprox Mean_Acc: 64.713 Best_Acc: 64.78
Domain_Acc: [59.82, 76.84, 65.52, 56.67] Domain_BestAcc: [62.5, 80.0, 67.24, 56.67]
Round: 77 Method: fedprox Mean_Acc: 63.365 Best_Acc: 64.78
Domain_Acc: [58.93, 75.79, 62.07, 56.67] Domain_BestAcc: [62.5, 80.0, 67.24, 56.67]
Round: 78 Method: fedprox Mean_Acc: 61.302 Best_Acc: 64.78
Domain_Acc: [58.93, 74.21, 62.07, 50.0] Domain_BestAcc: [62.5, 80.0, 67.24, 56.67]
Round: 79 Method: fedprox Mean_Acc: 64.525 Best_Acc: 64.78
Domain_Acc: [60.27, 77.37, 63.79, 56.67] Domain_BestAcc: [62.5, 80.0, 67.24, 56.67]
Round: 80 Method: fedprox Mean_Acc: 63.11 Best_Acc: 64.78
Domain_Acc: [58.48, 76.84, 63.79, 53.33] Domain_BestAcc: [62.5, 80.0, 67.24, 56.67]
Round: 81 Method: fedprox Mean_Acc: 63.295 Best_Acc: 64.78
Domain_Acc: [60.27, 75.79, 63.79, 53.33] Domain_BestAcc: [62.5, 80.0, 67.24, 56.67]
Round: 82 Method: fedprox Mean_Acc: 64.682 Best_Acc: 64.78
Domain_Acc: [60.27, 77.89, 67.24, 53.33] Domain_BestAcc: [62.5, 80.0, 67.24, 56.67]
Round: 83 Method: fedprox Mean_Acc: 64.492 Best_Acc: 64.78
Domain_Acc: [61.61, 75.79, 67.24, 53.33] Domain_BestAcc: [62.5, 80.0, 67.24, 56.67]
Round: 84 Method: fedprox Mean_Acc: 64.757 Best_Acc: 64.78
Domain_Acc: [60.71, 79.47, 65.52, 53.33] Domain_BestAcc: [62.5, 80.0, 67.24, 56.67]
Round: 85 Method: fedprox Mean_Acc: 61.365 Best_Acc: 64.78
Domain_Acc: [61.61, 76.84, 60.34, 46.67] Domain_BestAcc: [62.5, 80.0, 67.24, 56.67]
Round: 86 Method: fedprox Mean_Acc: 61.535 Best_Acc: 64.78
Domain_Acc: [60.71, 78.42, 60.34, 46.67] Domain_BestAcc: [62.5, 80.0, 67.24, 56.67]
Round: 87 Method: fedprox Mean_Acc: 61.695 Best_Acc: 64.78
Domain_Acc: [60.27, 77.89, 58.62, 50.0] Domain_BestAcc: [62.5, 80.0, 67.24, 56.67]
Round: 88 Method: fedprox Mean_Acc: 64.495 Best_Acc: 64.78
Domain_Acc: [60.27, 77.37, 60.34, 60.0] Domain_BestAcc: [62.5, 80.0, 67.24, 60.0]
Round: 89 Method: fedprox Mean_Acc: 62.415 Best_Acc: 64.78
Domain_Acc: [59.82, 77.89, 58.62, 53.33] Domain_BestAcc: [62.5, 80.0, 67.24, 60.0]
Round: 90 Method: fedprox Mean_Acc: 62.198 Best_Acc: 64.78
Domain_Acc: [61.61, 76.84, 60.34, 50.0] Domain_BestAcc: [62.5, 80.0, 67.24, 60.0]
Round: 91 Method: fedprox Mean_Acc: 60.89 Best_Acc: 64.78
Domain_Acc: [59.82, 76.84, 56.9, 50.0] Domain_BestAcc: [62.5, 80.0, 67.24, 60.0]
Round: 92 Method: fedprox Mean_Acc: 63.0 Best_Acc: 64.78
Domain_Acc: [59.38, 78.95, 60.34, 53.33] Domain_BestAcc: [62.5, 80.0, 67.24, 60.0]
Round: 93 Method: fedprox Mean_Acc: 62.932 Best_Acc: 64.78
Domain_Acc: [60.71, 78.95, 62.07, 50.0] Domain_BestAcc: [62.5, 80.0, 67.24, 60.0]
Round: 94 Method: fedprox Mean_Acc: 61.55 Best_Acc: 64.78
Domain_Acc: [60.71, 75.26, 56.9, 53.33] Domain_BestAcc: [62.5, 80.0, 67.24, 60.0]
Round: 95 Method: fedprox Mean_Acc: 63.82 Best_Acc: 64.78
Domain_Acc: [61.61, 80.0, 60.34, 53.33] Domain_BestAcc: [62.5, 80.0, 67.24, 60.0]
Round: 96 Method: fedprox Mean_Acc: 58.315 Best_Acc: 64.78
Domain_Acc: [58.93, 74.21, 53.45, 46.67] Domain_BestAcc: [62.5, 80.0, 67.24, 60.0]
Round: 97 Method: fedprox Mean_Acc: 58.022 Best_Acc: 64.78
Domain_Acc: [57.59, 71.05, 53.45, 50.0] Domain_BestAcc: [62.5, 80.0, 67.24, 60.0]
Round: 98 Method: fedprox Mean_Acc: 61.345 Best_Acc: 64.78
Domain_Acc: [56.7, 73.16, 65.52, 50.0] Domain_BestAcc: [62.5, 80.0, 67.24, 60.0]
Round: 99 Method: fedprox Mean_Acc: 62.09 Best_Acc: 64.78
Domain_Acc: [59.82, 78.42, 53.45, 56.67] Domain_BestAcc: [62.5, 80.0, 67.24, 60.0]
2025-04-10 19:45:14
