Namespace(prefix='', communication_epoch=100, local_epoch=5, parti_num=10, model='dapperfl', dataset='fl_officecaltech', pr_strategy='0.2', backbone='resnet18', alpha=0.9, alpha_min=0.1, epsilon=0.2, reg_coeff=0.01, wandb=0, device_id=0, seed=1234, rand_dataset=1, learning_decay=False, averaing='weight', online_ratio=1, mu=0.1, input_dim=28, noise_var=10.0, group_fairness=False, fairness_lr=0.01, num_groups=2, noise_clients=[8, 9], analyze_gradients=False, csv_log=False, local_lr=0.01, local_batch_size=64, pr_ratios=['0', '0.2', '0.4', '0.6', '0.8'], arch='res18')
2025-05-23 13:00:04
{'dslr': 3, 'webcam': 2, 'amazon': 2, 'caltech': 3}
['dslr', 'dslr', 'webcam', 'amazon', 'caltech', 'caltech', 'caltech', 'amazon', 'webcam', 'dslr']
Prune local model 0, pr_ratio = [0.2, 0.2, 0.2, 0.2]
Prune local model 8, pr_ratio = [0.2, 0.2, 0.2, 0.2]
Prune local model 1, pr_ratio = [0.2, 0.2, 0.2, 0.2]
Prune local model 4, pr_ratio = [0.2, 0.2, 0.2, 0.2]
Prune local model 3, pr_ratio = [0.2, 0.2, 0.2, 0.2]
Prune local model 5, pr_ratio = [0.2, 0.2, 0.2, 0.2]
Prune local model 7, pr_ratio = [0.2, 0.2, 0.2, 0.2]
Prune local model 9, pr_ratio = [0.2, 0.2, 0.2, 0.2]
Prune local model 2, pr_ratio = [0.2, 0.2, 0.2, 0.2]
Prune local model 6, pr_ratio = [0.2, 0.2, 0.2, 0.2]
Round 0 – LOCAL TPR pre-agg per client: ['0.100', '0.100', '0.100', '0.169', '0.077', '0.100', '0.100', '0.100', '0.100', '0.100']
Round 0 – TPR per Domain: 0:0.100, 1:0.100, 2:0.100, 3:0.100, 4:0.100, 5:0.100, 6:0.100, 7:0.100, 8:0.100, 9:0.100
Round: 0 Method: dapperfl Mean_Acc: 10.048 Best_Acc: 10.048
Domain_Acc: [9.82, 8.42, 8.62, 13.33] Domain_BestAcc: [9.82, 8.42, 8.62, 13.33]
Prune local model 0, pr_ratio = [0.2, 0.2, 0.2, 0.2]
Prune local model 7, pr_ratio = [0.2, 0.2, 0.2, 0.2]
Prune local model 2, pr_ratio = [0.2, 0.2, 0.2, 0.2]
Prune local model 1, pr_ratio = [0.2, 0.2, 0.2, 0.2]
Prune local model 6, pr_ratio = [0.2, 0.2, 0.2, 0.2]
Prune local model 9, pr_ratio = [0.2, 0.2, 0.2, 0.2]
Prune local model 5, pr_ratio = [0.2, 0.2, 0.2, 0.2]
Prune local model 3, pr_ratio = [0.2, 0.2, 0.2, 0.2]
Prune local model 8, pr_ratio = [0.2, 0.2, 0.2, 0.2]
Prune local model 4, pr_ratio = [0.2, 0.2, 0.2, 0.2]
Round 1 – LOCAL TPR pre-agg per client: ['0.100', '0.100', '0.100', '0.169', '0.081', '0.179', '0.139', '0.187', '0.100', '0.100']
Round 1 – TPR per Domain: 0:0.100, 1:0.100, 2:0.100, 3:0.100, 4:0.100, 5:0.100, 6:0.100, 7:0.100, 8:0.100, 9:0.100
Round: 1 Method: dapperfl Mean_Acc: 10.048 Best_Acc: 10.048
Domain_Acc: [9.82, 8.42, 8.62, 13.33] Domain_BestAcc: [9.82, 8.42, 8.62, 13.33]
Prune local model 3, pr_ratio = [0.2, 0.2, 0.2, 0.2]
Prune local model 0, pr_ratio = [0.2, 0.2, 0.2, 0.2]
Prune local model 1, pr_ratio = [0.2, 0.2, 0.2, 0.2]
Prune local model 5, pr_ratio = [0.2, 0.2, 0.2, 0.2]
Prune local model 7, pr_ratio = [0.2, 0.2, 0.2, 0.2]
Prune local model 2, pr_ratio = [0.2, 0.2, 0.2, 0.2]
Prune local model 9, pr_ratio = [0.2, 0.2, 0.2, 0.2]
Prune local model 4, pr_ratio = [0.2, 0.2, 0.2, 0.2]
Prune local model 6, pr_ratio = [0.2, 0.2, 0.2, 0.2]
Prune local model 8, pr_ratio = [0.2, 0.2, 0.2, 0.2]
Round 2 – LOCAL TPR pre-agg per client: ['0.100', '0.100', '0.183', '0.304', '0.215', '0.280', '0.256', '0.185', '0.200', '0.100']
Round 2 – TPR per Domain: 0:0.100, 1:0.100, 2:0.100, 3:0.331, 4:0.135, 5:0.135, 6:0.135, 7:0.331, 8:0.100, 9:0.100
Round: 2 Method: dapperfl Mean_Acc: 16.975 Best_Acc: 16.975
Domain_Acc: [13.84, 32.11, 8.62, 13.33] Domain_BestAcc: [13.84, 32.11, 8.62, 13.33]
Prune local model 5, pr_ratio = [0.2, 0.2, 0.2, 0.2]
Prune local model 0, pr_ratio = [0.2, 0.2, 0.2, 0.2]
Prune local model 6, pr_ratio = [0.2, 0.2, 0.2, 0.2]
Prune local model 3, pr_ratio = [0.2, 0.2, 0.2, 0.2]
Prune local model 2, pr_ratio = [0.2, 0.2, 0.2, 0.2]
Prune local model 1, pr_ratio = [0.2, 0.2, 0.2, 0.2]
Prune local model 8, pr_ratio = [0.2, 0.2, 0.2, 0.2]
Prune local model 9, pr_ratio = [0.2, 0.2, 0.2, 0.2]
Prune local model 7, pr_ratio = [0.2, 0.2, 0.2, 0.2]
Prune local model 4, pr_ratio = [0.2, 0.2, 0.2, 0.2]
Round 3 – LOCAL TPR pre-agg per client: ['0.192', '0.117', '0.338', '0.268', '0.286', '0.331', '0.286', '0.277', '0.143', '0.100']
Round 3 – TPR per Domain: 0:0.150, 1:0.150, 2:0.206, 3:0.395, 4:0.292, 5:0.292, 6:0.292, 7:0.395, 8:0.206, 9:0.150
Round: 3 Method: dapperfl Mean_Acc: 27.88 Best_Acc: 27.88
Domain_Acc: [30.8, 38.42, 18.97, 23.33] Domain_BestAcc: [30.8, 38.42, 18.97, 23.33]
Prune local model 7, pr_ratio = [0.2, 0.2, 0.2, 0.2]
Prune local model 5, pr_ratio = [0.2, 0.2, 0.2, 0.2]
Prune local model 4, pr_ratio = [0.2, 0.2, 0.2, 0.2]
Prune local model 2, pr_ratio = [0.2, 0.2, 0.2, 0.2]
Prune local model 9, pr_ratio = [0.2, 0.2, 0.2, 0.2]
Prune local model 6, pr_ratio = [0.2, 0.2, 0.2, 0.2]
Prune local model 1, pr_ratio = [0.2, 0.2, 0.2, 0.2]
Prune local model 8, pr_ratio = [0.2, 0.2, 0.2, 0.2]
Prune local model 0, pr_ratio = [0.2, 0.2, 0.2, 0.2]
Prune local model 3, pr_ratio = [0.2, 0.2, 0.2, 0.2]
Round 4 – LOCAL TPR pre-agg per client: ['0.100', '0.175', '0.270', '0.350', '0.246', '0.360', '0.231', '0.338', '0.073', '0.275']
Round 4 – TPR per Domain: 0:0.117, 1:0.117, 2:0.186, 3:0.456, 4:0.349, 5:0.349, 6:0.349, 7:0.456, 8:0.186, 9:0.117
Round: 4 Method: dapperfl Mean_Acc: 29.167 Best_Acc: 29.167
Domain_Acc: [37.5, 45.26, 17.24, 16.67] Domain_BestAcc: [37.5, 45.26, 18.97, 23.33]
Prune local model 7, pr_ratio = [0.2, 0.2, 0.2, 0.2]
Prune local model 9, pr_ratio = [0.2, 0.2, 0.2, 0.2]
Prune local model 1, pr_ratio = [0.2, 0.2, 0.2, 0.2]
Prune local model 0, pr_ratio = [0.2, 0.2, 0.2, 0.2]
Prune local model 8, pr_ratio = [0.2, 0.2, 0.2, 0.2]
Prune local model 4, pr_ratio = [0.2, 0.2, 0.2, 0.2]
Prune local model 5, pr_ratio = [0.2, 0.2, 0.2, 0.2]
Prune local model 6, pr_ratio = [0.2, 0.2, 0.2, 0.2]
Prune local model 3, pr_ratio = [0.2, 0.2, 0.2, 0.2]
Prune local model 2, pr_ratio = [0.2, 0.2, 0.2, 0.2]
Round 5 – LOCAL TPR pre-agg per client: ['0.175', '0.175', '0.318', '0.549', '0.141', '0.283', '0.250', '0.312', '0.207', '0.100']
Round 5 – TPR per Domain: 0:0.175, 1:0.175, 2:0.229, 3:0.509, 4:0.390, 5:0.390, 6:0.390, 7:0.509, 8:0.229, 9:0.175
Round: 5 Method: dapperfl Mean_Acc: 34.448 Best_Acc: 34.448
Domain_Acc: [41.52, 50.53, 22.41, 23.33] Domain_BestAcc: [41.52, 50.53, 22.41, 23.33]
Prune local model 5, pr_ratio = [0.2, 0.2, 0.2, 0.2]
Prune local model 7, pr_ratio = [0.2, 0.2, 0.2, 0.2]
Prune local model 0, pr_ratio = [0.2, 0.2, 0.2, 0.2]
Prune local model 4, pr_ratio = [0.2, 0.2, 0.2, 0.2]
Prune local model 1, pr_ratio = [0.2, 0.2, 0.2, 0.2]
Prune local model 9, pr_ratio = [0.2, 0.2, 0.2, 0.2]
Prune local model 6, pr_ratio = [0.2, 0.2, 0.2, 0.2]
Prune local model 3, pr_ratio = [0.2, 0.2, 0.2, 0.2]
Prune local model 2, pr_ratio = [0.2, 0.2, 0.2, 0.2]
Prune local model 8, pr_ratio = [0.2, 0.2, 0.2, 0.2]
Round 6 – LOCAL TPR pre-agg per client: ['0.100', '0.250', '0.294', '0.379', '0.269', '0.323', '0.306', '0.494', '0.083', '0.175']
Round 6 – TPR per Domain: 0:0.117, 1:0.117, 2:0.232, 3:0.397, 4:0.393, 5:0.393, 6:0.393, 7:0.397, 8:0.232, 9:0.117
Round: 6 Method: dapperfl Mean_Acc: 30.15 Best_Acc: 34.448
Domain_Acc: [41.52, 40.0, 22.41, 16.67] Domain_BestAcc: [41.52, 50.53, 22.41, 23.33]
Prune local model 0, pr_ratio = [0.2, 0.2, 0.2, 0.2]
Prune local model 9, pr_ratio = [0.2, 0.2, 0.2, 0.2]
Prune local model 5, pr_ratio = [0.2, 0.2, 0.2, 0.2]
Prune local model 8, pr_ratio = [0.2, 0.2, 0.2, 0.2]
Prune local model 2, pr_ratio = [0.2, 0.2, 0.2, 0.2]
Prune local model 6, pr_ratio = [0.2, 0.2, 0.2, 0.2]
Prune local model 3, pr_ratio = [0.2, 0.2, 0.2, 0.2]
Prune local model 4, pr_ratio = [0.2, 0.2, 0.2, 0.2]
Prune local model 1, pr_ratio = [0.2, 0.2, 0.2, 0.2]
Prune local model 7, pr_ratio = [0.2, 0.2, 0.2, 0.2]
Round 7 – LOCAL TPR pre-agg per client: ['0.225', '0.125', '0.287', '0.261', '0.324', '0.287', '0.362', '0.369', '0.287', '0.175']
Round 7 – TPR per Domain: 0:0.167, 1:0.167, 2:0.226, 3:0.501, 4:0.462, 5:0.462, 6:0.462, 7:0.501, 8:0.226, 9:0.167
Round: 7 Method: dapperfl Mean_Acc: 36.823 Best_Acc: 36.823
Domain_Acc: [48.21, 50.0, 22.41, 26.67] Domain_BestAcc: [48.21, 50.53, 22.41, 26.67]
Prune local model 8, pr_ratio = [0.2, 0.2, 0.2, 0.2]
Prune local model 7, pr_ratio = [0.2, 0.2, 0.2, 0.2]
Prune local model 2, pr_ratio = [0.2, 0.2, 0.2, 0.2]
Prune local model 3, pr_ratio = [0.2, 0.2, 0.2, 0.2]
Prune local model 4, pr_ratio = [0.2, 0.2, 0.2, 0.2]
Prune local model 6, pr_ratio = [0.2, 0.2, 0.2, 0.2]
Prune local model 9, pr_ratio = [0.2, 0.2, 0.2, 0.2]
Prune local model 1, pr_ratio = [0.2, 0.2, 0.2, 0.2]
Prune local model 5, pr_ratio = [0.2, 0.2, 0.2, 0.2]
Prune local model 0, pr_ratio = [0.2, 0.2, 0.2, 0.2]
Round 8 – LOCAL TPR pre-agg per client: ['0.325', '0.225', '0.299', '0.476', '0.272', '0.271', '0.305', '0.375', '0.171', '0.100']
Round 8 – TPR per Domain: 0:0.133, 1:0.133, 2:0.166, 3:0.495, 4:0.384, 5:0.384, 6:0.384, 7:0.495, 8:0.166, 9:0.133
Round: 8 Method: dapperfl Mean_Acc: 31.965 Best_Acc: 36.823
Domain_Acc: [40.62, 50.0, 17.24, 20.0] Domain_BestAcc: [48.21, 50.53, 22.41, 26.67]
Prune local model 8, pr_ratio = [0.2, 0.2, 0.2, 0.2]
Prune local model 0, pr_ratio = [0.2, 0.2, 0.2, 0.2]
Prune local model 7, pr_ratio = [0.2, 0.2, 0.2, 0.2]
Prune local model 4, pr_ratio = [0.2, 0.2, 0.2, 0.2]
Prune local model 5, pr_ratio = [0.2, 0.2, 0.2, 0.2]
Prune local model 6, pr_ratio = [0.2, 0.2, 0.2, 0.2]
Prune local model 3, pr_ratio = [0.2, 0.2, 0.2, 0.2]
Prune local model 1, pr_ratio = [0.2, 0.2, 0.2, 0.2]
Prune local model 9, pr_ratio = [0.2, 0.2, 0.2, 0.2]
Prune local model 2, pr_ratio = [0.2, 0.2, 0.2, 0.2]
Round 9 – LOCAL TPR pre-agg per client: ['0.250', '0.250', '0.405', '0.480', '0.347', '0.198', '0.254', '0.382', '0.140', '0.100']
Round 9 – TPR per Domain: 0:0.233, 1:0.233, 2:0.295, 3:0.527, 4:0.435, 5:0.435, 6:0.435, 7:0.527, 8:0.295, 9:0.233
Round: 9 Method: dapperfl Mean_Acc: 38.538 Best_Acc: 38.538
Domain_Acc: [45.54, 52.63, 29.31, 26.67] Domain_BestAcc: [48.21, 52.63, 29.31, 26.67]
Prune local model 0, pr_ratio = [0.2, 0.2, 0.2, 0.2]
Prune local model 6, pr_ratio = [0.2, 0.2, 0.2, 0.2]
Prune local model 7, pr_ratio = [0.2, 0.2, 0.2, 0.2]
Prune local model 9, pr_ratio = [0.2, 0.2, 0.2, 0.2]
Prune local model 4, pr_ratio = [0.2, 0.2, 0.2, 0.2]
Prune local model 1, pr_ratio = [0.2, 0.2, 0.2, 0.2]
Prune local model 8, pr_ratio = [0.2, 0.2, 0.2, 0.2]
Prune local model 3, pr_ratio = [0.2, 0.2, 0.2, 0.2]
Prune local model 2, pr_ratio = [0.2, 0.2, 0.2, 0.2]
Prune local model 5, pr_ratio = [0.2, 0.2, 0.2, 0.2]
Round 10 – LOCAL TPR pre-agg per client: ['0.250', '0.150', '0.352', '0.480', '0.291', '0.338', '0.340', '0.595', '0.067', '0.200']
Round 10 – TPR per Domain: 0:0.242, 1:0.242, 2:0.213, 3:0.521, 4:0.418, 5:0.418, 6:0.418, 7:0.521, 8:0.213, 9:0.242
Round: 10 Method: dapperfl Mean_Acc: 37.713 Best_Acc: 38.538
Domain_Acc: [44.2, 52.63, 20.69, 33.33] Domain_BestAcc: [48.21, 52.63, 29.31, 33.33]
Prune local model 8, pr_ratio = [0.2, 0.2, 0.2, 0.2]
Prune local model 7, pr_ratio = [0.2, 0.2, 0.2, 0.2]
Prune local model 0, pr_ratio = [0.2, 0.2, 0.2, 0.2]
Prune local model 5, pr_ratio = [0.2, 0.2, 0.2, 0.2]
Prune local model 3, pr_ratio = [0.2, 0.2, 0.2, 0.2]
Prune local model 9, pr_ratio = [0.2, 0.2, 0.2, 0.2]
Prune local model 1, pr_ratio = [0.2, 0.2, 0.2, 0.2]
Prune local model 2, pr_ratio = [0.2, 0.2, 0.2, 0.2]
Prune local model 6, pr_ratio = [0.2, 0.2, 0.2, 0.2]
Prune local model 4, pr_ratio = [0.2, 0.2, 0.2, 0.2]
Round 11 – LOCAL TPR pre-agg per client: ['0.300', '0.125', '0.374', '0.557', '0.407', '0.231', '0.347', '0.429', '0.125', '0.175']
Round 11 – TPR per Domain: 0:0.150, 1:0.150, 2:0.302, 3:0.618, 4:0.490, 5:0.490, 6:0.490, 7:0.618, 8:0.302, 9:0.150
Round: 11 Method: dapperfl Mean_Acc: 41.168 Best_Acc: 41.168
Domain_Acc: [50.45, 61.58, 29.31, 23.33] Domain_BestAcc: [50.45, 61.58, 29.31, 33.33]
Prune local model 8, pr_ratio = [0.2, 0.2, 0.2, 0.2]
Prune local model 0, pr_ratio = [0.2, 0.2, 0.2, 0.2]
Prune local model 9, pr_ratio = [0.2, 0.2, 0.2, 0.2]
Prune local model 5, pr_ratio = [0.2, 0.2, 0.2, 0.2]
Prune local model 6, pr_ratio = [0.2, 0.2, 0.2, 0.2]
Prune local model 4, pr_ratio = [0.2, 0.2, 0.2, 0.2]
Prune local model 3, pr_ratio = [0.2, 0.2, 0.2, 0.2]
Prune local model 1, pr_ratio = [0.2, 0.2, 0.2, 0.2]
Prune local model 2, pr_ratio = [0.2, 0.2, 0.2, 0.2]
Prune local model 7, pr_ratio = [0.2, 0.2, 0.2, 0.2]
Round 12 – LOCAL TPR pre-agg per client: ['0.325', '0.175', '0.369', '0.504', '0.318', '0.307', '0.418', '0.517', '0.140', '0.100']
Round 12 – TPR per Domain: 0:0.217, 1:0.217, 2:0.259, 3:0.579, 4:0.454, 5:0.454, 6:0.454, 7:0.579, 8:0.259, 9:0.217
Round: 12 Method: dapperfl Mean_Acc: 40.4 Best_Acc: 41.168
Domain_Acc: [47.32, 58.42, 25.86, 30.0] Domain_BestAcc: [50.45, 61.58, 29.31, 33.33]
Prune local model 0, pr_ratio = [0.2, 0.2, 0.2, 0.2]
Prune local model 9, pr_ratio = [0.2, 0.2, 0.2, 0.2]
Prune local model 1, pr_ratio = [0.2, 0.2, 0.2, 0.2]
Prune local model 4, pr_ratio = [0.2, 0.2, 0.2, 0.2]
Prune local model 7, pr_ratio = [0.2, 0.2, 0.2, 0.2]
Prune local model 5, pr_ratio = [0.2, 0.2, 0.2, 0.2]
Prune local model 8, pr_ratio = [0.2, 0.2, 0.2, 0.2]
Prune local model 2, pr_ratio = [0.2, 0.2, 0.2, 0.2]
Prune local model 3, pr_ratio = [0.2, 0.2, 0.2, 0.2]
Prune local model 6, pr_ratio = [0.2, 0.2, 0.2, 0.2]
Round 13 – LOCAL TPR pre-agg per client: ['0.417', '0.250', '0.444', '0.577', '0.281', '0.290', '0.308', '0.507', '0.237', '0.200']
Round 13 – TPR per Domain: 0:0.275, 1:0.275, 2:0.212, 3:0.589, 4:0.518, 5:0.518, 6:0.518, 7:0.589, 8:0.212, 9:0.275
Round: 13 Method: dapperfl Mean_Acc: 41.748 Best_Acc: 41.748
Domain_Acc: [54.02, 58.95, 20.69, 33.33] Domain_BestAcc: [54.02, 61.58, 29.31, 33.33]
Prune local model 4, pr_ratio = [0.2, 0.2, 0.2, 0.2]
Prune local model 1, pr_ratio = [0.2, 0.2, 0.2, 0.2]
Prune local model 3, pr_ratio = [0.2, 0.2, 0.2, 0.2]
Prune local model 7, pr_ratio = [0.2, 0.2, 0.2, 0.2]
Prune local model 0, pr_ratio = [0.2, 0.2, 0.2, 0.2]
Prune local model 9, pr_ratio = [0.2, 0.2, 0.2, 0.2]
Prune local model 5, pr_ratio = [0.2, 0.2, 0.2, 0.2]
Prune local model 6, pr_ratio = [0.2, 0.2, 0.2, 0.2]
Prune local model 2, pr_ratio = [0.2, 0.2, 0.2, 0.2]
Prune local model 8, pr_ratio = [0.2, 0.2, 0.2, 0.2]
Round 14 – LOCAL TPR pre-agg per client: ['0.250', '0.167', '0.444', '0.557', '0.318', '0.355', '0.299', '0.420', '0.112', '0.100']
Round 14 – TPR per Domain: 0:0.242, 1:0.242, 2:0.299, 3:0.592, 4:0.468, 5:0.468, 6:0.468, 7:0.592, 8:0.299, 9:0.242
Round: 14 Method: dapperfl Mean_Acc: 42.45 Best_Acc: 42.45
Domain_Acc: [48.21, 58.95, 29.31, 33.33] Domain_BestAcc: [54.02, 61.58, 29.31, 33.33]
Prune local model 2, pr_ratio = [0.2, 0.2, 0.2, 0.2]
Prune local model 5, pr_ratio = [0.2, 0.2, 0.2, 0.2]
Prune local model 7, pr_ratio = [0.2, 0.2, 0.2, 0.2]
Prune local model 6, pr_ratio = [0.2, 0.2, 0.2, 0.2]
Prune local model 1, pr_ratio = [0.2, 0.2, 0.2, 0.2]
Prune local model 9, pr_ratio = [0.2, 0.2, 0.2, 0.2]
Prune local model 4, pr_ratio = [0.2, 0.2, 0.2, 0.2]
Prune local model 8, pr_ratio = [0.2, 0.2, 0.2, 0.2]
Prune local model 3, pr_ratio = [0.2, 0.2, 0.2, 0.2]
Prune local model 0, pr_ratio = [0.2, 0.2, 0.2, 0.2]
Round 15 – LOCAL TPR pre-agg per client: ['0.317', '0.217', '0.356', '0.513', '0.303', '0.240', '0.296', '0.479', '0.145', '0.200']
Round 15 – TPR per Domain: 0:0.242, 1:0.242, 2:0.305, 3:0.569, 4:0.490, 5:0.490, 6:0.490, 7:0.569, 8:0.305, 9:0.242
Round: 15 Method: dapperfl Mean_Acc: 43.155 Best_Acc: 43.155
Domain_Acc: [50.89, 57.37, 31.03, 33.33] Domain_BestAcc: [54.02, 61.58, 31.03, 33.33]
Prune local model 8, pr_ratio = [0.2, 0.2, 0.2, 0.2]
Prune local model 2, pr_ratio = [0.2, 0.2, 0.2, 0.2]
Prune local model 5, pr_ratio = [0.2, 0.2, 0.2, 0.2]
Prune local model 7, pr_ratio = [0.2, 0.2, 0.2, 0.2]
Prune local model 6, pr_ratio = [0.2, 0.2, 0.2, 0.2]
Prune local model 3, pr_ratio = [0.2, 0.2, 0.2, 0.2]
Prune local model 9, pr_ratio = [0.2, 0.2, 0.2, 0.2]
Prune local model 0, pr_ratio = [0.2, 0.2, 0.2, 0.2]
Prune local model 1, pr_ratio = [0.2, 0.2, 0.2, 0.2]
Prune local model 4, pr_ratio = [0.2, 0.2, 0.2, 0.2]
Round 16 – LOCAL TPR pre-agg per client: ['0.200', '0.225', '0.550', '0.561', '0.248', '0.336', '0.372', '0.497', '0.292', '0.150']
Round 16 – TPR per Domain: 0:0.225, 1:0.225, 2:0.278, 3:0.594, 4:0.502, 5:0.502, 6:0.502, 7:0.594, 8:0.278, 9:0.225
Round: 16 Method: dapperfl Mean_Acc: 41.25 Best_Acc: 43.155
Domain_Acc: [51.79, 58.95, 27.59, 26.67] Domain_BestAcc: [54.02, 61.58, 31.03, 33.33]
Prune local model 4, pr_ratio = [0.2, 0.2, 0.2, 0.2]
Prune local model 6, pr_ratio = [0.2, 0.2, 0.2, 0.2]
Prune local model 0, pr_ratio = [0.2, 0.2, 0.2, 0.2]
Prune local model 7, pr_ratio = [0.2, 0.2, 0.2, 0.2]
Prune local model 1, pr_ratio = [0.2, 0.2, 0.2, 0.2]
Prune local model 5, pr_ratio = [0.2, 0.2, 0.2, 0.2]
Prune local model 8, pr_ratio = [0.2, 0.2, 0.2, 0.2]
Prune local model 2, pr_ratio = [0.2, 0.2, 0.2, 0.2]
Prune local model 3, pr_ratio = [0.2, 0.2, 0.2, 0.2]
Prune local model 9, pr_ratio = [0.2, 0.2, 0.2, 0.2]
Round 17 – LOCAL TPR pre-agg per client: ['0.400', '0.317', '0.464', '0.603', '0.307', '0.360', '0.260', '0.402', '0.192', '0.250']
Round 17 – TPR per Domain: 0:0.267, 1:0.267, 2:0.296, 3:0.564, 4:0.489, 5:0.489, 6:0.489, 7:0.564, 8:0.296, 9:0.267
Round: 17 Method: dapperfl Mean_Acc: 42.592 Best_Acc: 43.155
Domain_Acc: [50.89, 56.84, 29.31, 33.33] Domain_BestAcc: [54.02, 61.58, 31.03, 33.33]
Prune local model 3, pr_ratio = [0.2, 0.2, 0.2, 0.2]
Prune local model 8, pr_ratio = [0.2, 0.2, 0.2, 0.2]
Prune local model 0, pr_ratio = [0.2, 0.2, 0.2, 0.2]
Prune local model 6, pr_ratio = [0.2, 0.2, 0.2, 0.2]
Prune local model 9, pr_ratio = [0.2, 0.2, 0.2, 0.2]
Prune local model 5, pr_ratio = [0.2, 0.2, 0.2, 0.2]
Prune local model 2, pr_ratio = [0.2, 0.2, 0.2, 0.2]
Prune local model 7, pr_ratio = [0.2, 0.2, 0.2, 0.2]
Prune local model 1, pr_ratio = [0.2, 0.2, 0.2, 0.2]
Prune local model 4, pr_ratio = [0.2, 0.2, 0.2, 0.2]
Round 18 – LOCAL TPR pre-agg per client: ['0.300', '0.325', '0.564', '0.419', '0.370', '0.296', '0.402', '0.488', '0.172', '0.225']
Round 18 – TPR per Domain: 0:0.283, 1:0.283, 2:0.379, 3:0.686, 4:0.519, 5:0.519, 6:0.519, 7:0.686, 8:0.379, 9:0.283
Round: 18 Method: dapperfl Mean_Acc: 47.162 Best_Acc: 47.162
Domain_Acc: [54.02, 68.42, 36.21, 30.0] Domain_BestAcc: [54.02, 68.42, 36.21, 33.33]
Prune local model 2, pr_ratio = [0.2, 0.2, 0.2, 0.2]
Prune local model 6, pr_ratio = [0.2, 0.2, 0.2, 0.2]
Prune local model 4, pr_ratio = [0.2, 0.2, 0.2, 0.2]
Prune local model 3, pr_ratio = [0.2, 0.2, 0.2, 0.2]
Prune local model 0, pr_ratio = [0.2, 0.2, 0.2, 0.2]
Prune local model 7, pr_ratio = [0.2, 0.2, 0.2, 0.2]
Prune local model 9, pr_ratio = [0.2, 0.2, 0.2, 0.2]
Prune local model 8, pr_ratio = [0.2, 0.2, 0.2, 0.2]
Prune local model 5, pr_ratio = [0.2, 0.2, 0.2, 0.2]
Prune local model 1, pr_ratio = [0.2, 0.2, 0.2, 0.2]
Round 19 – LOCAL TPR pre-agg per client: ['0.275', '0.175', '0.469', '0.408', '0.421', '0.301', '0.394', '0.542', '0.228', '0.100']
Round 19 – TPR per Domain: 0:0.217, 1:0.217, 2:0.287, 3:0.608, 4:0.507, 5:0.507, 6:0.507, 7:0.608, 8:0.287, 9:0.217
Round: 19 Method: dapperfl Mean_Acc: 42.85 Best_Acc: 47.162
Domain_Acc: [52.23, 61.58, 27.59, 30.0] Domain_BestAcc: [54.02, 68.42, 36.21, 33.33]
Prune local model 3, pr_ratio = [0.2, 0.2, 0.2, 0.2]
Prune local model 5, pr_ratio = [0.2, 0.2, 0.2, 0.2]
Prune local model 6, pr_ratio = [0.2, 0.2, 0.2, 0.2]
Prune local model 8, pr_ratio = [0.2, 0.2, 0.2, 0.2]
Prune local model 2, pr_ratio = [0.2, 0.2, 0.2, 0.2]
Prune local model 0, pr_ratio = [0.2, 0.2, 0.2, 0.2]
Prune local model 4, pr_ratio = [0.2, 0.2, 0.2, 0.2]
Prune local model 7, pr_ratio = [0.2, 0.2, 0.2, 0.2]
Prune local model 1, pr_ratio = [0.2, 0.2, 0.2, 0.2]
Prune local model 9, pr_ratio = [0.2, 0.2, 0.2, 0.2]
Round 20 – LOCAL TPR pre-agg per client: ['0.200', '0.350', '0.452', '0.579', '0.339', '0.318', '0.315', '0.498', '0.239', '0.125']
Round 20 – TPR per Domain: 0:0.258, 1:0.258, 2:0.329, 3:0.672, 4:0.493, 5:0.493, 6:0.493, 7:0.672, 8:0.329, 9:0.258
Round: 20 Method: dapperfl Mean_Acc: 44.935 Best_Acc: 47.162
Domain_Acc: [51.34, 67.37, 31.03, 30.0] Domain_BestAcc: [54.02, 68.42, 36.21, 33.33]
Prune local model 4, pr_ratio = [0.2, 0.2, 0.2, 0.2]
Prune local model 8, pr_ratio = [0.2, 0.2, 0.2, 0.2]
Prune local model 1, pr_ratio = [0.2, 0.2, 0.2, 0.2]
Prune local model 6, pr_ratio = [0.2, 0.2, 0.2, 0.2]
Prune local model 2, pr_ratio = [0.2, 0.2, 0.2, 0.2]
Prune local model 3, pr_ratio = [0.2, 0.2, 0.2, 0.2]
Prune local model 5, pr_ratio = [0.2, 0.2, 0.2, 0.2]
Prune local model 0, pr_ratio = [0.2, 0.2, 0.2, 0.2]
Prune local model 9, pr_ratio = [0.2, 0.2, 0.2, 0.2]
Prune local model 7, pr_ratio = [0.2, 0.2, 0.2, 0.2]
Round 21 – LOCAL TPR pre-agg per client: ['0.442', '0.350', '0.522', '0.472', '0.348', '0.336', '0.334', '0.444', '0.100', '0.175']
Round 21 – TPR per Domain: 0:0.192, 1:0.192, 2:0.346, 3:0.679, 4:0.524, 5:0.524, 6:0.524, 7:0.679, 8:0.346, 9:0.192
Round: 21 Method: dapperfl Mean_Acc: 46.26 Best_Acc: 47.162
Domain_Acc: [54.91, 67.37, 32.76, 30.0] Domain_BestAcc: [54.91, 68.42, 36.21, 33.33]
Prune local model 8, pr_ratio = [0.2, 0.2, 0.2, 0.2]
Prune local model 6, pr_ratio = [0.2, 0.2, 0.2, 0.2]
Prune local model 5, pr_ratio = [0.2, 0.2, 0.2, 0.2]
Prune local model 7, pr_ratio = [0.2, 0.2, 0.2, 0.2]
Prune local model 2, pr_ratio = [0.2, 0.2, 0.2, 0.2]
Prune local model 4, pr_ratio = [0.2, 0.2, 0.2, 0.2]
Prune local model 9, pr_ratio = [0.2, 0.2, 0.2, 0.2]
Prune local model 1, pr_ratio = [0.2, 0.2, 0.2, 0.2]
Prune local model 3, pr_ratio = [0.2, 0.2, 0.2, 0.2]
Prune local model 0, pr_ratio = [0.2, 0.2, 0.2, 0.2]
Round 22 – LOCAL TPR pre-agg per client: ['0.425', '0.350', '0.564', '0.595', '0.385', '0.385', '0.405', '0.492', '0.127', '0.200']
Round 22 – TPR per Domain: 0:0.283, 1:0.283, 2:0.475, 3:0.621, 4:0.495, 5:0.495, 6:0.495, 7:0.621, 8:0.475, 9:0.283
Round: 22 Method: dapperfl Mean_Acc: 48.11 Best_Acc: 48.11
Domain_Acc: [50.45, 62.11, 46.55, 33.33] Domain_BestAcc: [54.91, 68.42, 46.55, 33.33]
Prune local model 6, pr_ratio = [0.2, 0.2, 0.2, 0.2]
Prune local model 9, pr_ratio = [0.2, 0.2, 0.2, 0.2]
Prune local model 7, pr_ratio = [0.2, 0.2, 0.2, 0.2]
Prune local model 1, pr_ratio = [0.2, 0.2, 0.2, 0.2]
Prune local model 5, pr_ratio = [0.2, 0.2, 0.2, 0.2]
Prune local model 0, pr_ratio = [0.2, 0.2, 0.2, 0.2]
Prune local model 8, pr_ratio = [0.2, 0.2, 0.2, 0.2]
Prune local model 2, pr_ratio = [0.2, 0.2, 0.2, 0.2]
Prune local model 4, pr_ratio = [0.2, 0.2, 0.2, 0.2]
Prune local model 3, pr_ratio = [0.2, 0.2, 0.2, 0.2]
Round 23 – LOCAL TPR pre-agg per client: ['0.350', '0.175', '0.439', '0.479', '0.355', '0.298', '0.402', '0.448', '0.178', '0.250']
Round 23 – TPR per Domain: 0:0.217, 1:0.217, 2:0.242, 3:0.647, 4:0.508, 5:0.508, 6:0.508, 7:0.647, 8:0.242, 9:0.217
Round: 23 Method: dapperfl Mean_Acc: 42.798 Best_Acc: 48.11
Domain_Acc: [51.79, 65.26, 24.14, 30.0] Domain_BestAcc: [54.91, 68.42, 46.55, 33.33]
Prune local model 5, pr_ratio = [0.2, 0.2, 0.2, 0.2]
Prune local model 7, pr_ratio = [0.2, 0.2, 0.2, 0.2]
Prune local model 9, pr_ratio = [0.2, 0.2, 0.2, 0.2]
Prune local model 0, pr_ratio = [0.2, 0.2, 0.2, 0.2]
Prune local model 4, pr_ratio = [0.2, 0.2, 0.2, 0.2]
Prune local model 8, pr_ratio = [0.2, 0.2, 0.2, 0.2]
Prune local model 2, pr_ratio = [0.2, 0.2, 0.2, 0.2]
Prune local model 6, pr_ratio = [0.2, 0.2, 0.2, 0.2]
Prune local model 3, pr_ratio = [0.2, 0.2, 0.2, 0.2]
Prune local model 1, pr_ratio = [0.2, 0.2, 0.2, 0.2]
Round 24 – LOCAL TPR pre-agg per client: ['0.325', '0.375', '0.496', '0.690', '0.394', '0.303', '0.428', '0.448', '0.137', '0.175']
Round 24 – TPR per Domain: 0:0.258, 1:0.258, 2:0.323, 3:0.683, 4:0.516, 5:0.516, 6:0.516, 7:0.683, 8:0.323, 9:0.258
Round: 24 Method: dapperfl Mean_Acc: 45.755 Best_Acc: 48.11
Domain_Acc: [53.57, 68.42, 31.03, 30.0] Domain_BestAcc: [54.91, 68.42, 46.55, 33.33]
Prune local model 4, pr_ratio = [0.2, 0.2, 0.2, 0.2]
Prune local model 2, pr_ratio = [0.2, 0.2, 0.2, 0.2]
Prune local model 5, pr_ratio = [0.2, 0.2, 0.2, 0.2]
Prune local model 6, pr_ratio = [0.2, 0.2, 0.2, 0.2]
Prune local model 9, pr_ratio = [0.2, 0.2, 0.2, 0.2]
Prune local model 7, pr_ratio = [0.2, 0.2, 0.2, 0.2]
Prune local model 8, pr_ratio = [0.2, 0.2, 0.2, 0.2]
Prune local model 3, pr_ratio = [0.2, 0.2, 0.2, 0.2]
Prune local model 0, pr_ratio = [0.2, 0.2, 0.2, 0.2]
Prune local model 1, pr_ratio = [0.2, 0.2, 0.2, 0.2]
Round 25 – LOCAL TPR pre-agg per client: ['0.200', '0.375', '0.571', '0.431', '0.422', '0.440', '0.370', '0.473', '0.103', '0.225']
Round 25 – TPR per Domain: 0:0.292, 1:0.292, 2:0.338, 3:0.708, 4:0.524, 5:0.524, 6:0.524, 7:0.708, 8:0.338, 9:0.292
Round: 25 Method: dapperfl Mean_Acc: 47.228 Best_Acc: 48.11
Domain_Acc: [54.02, 70.53, 31.03, 33.33] Domain_BestAcc: [54.91, 70.53, 46.55, 33.33]
Prune local model 5, pr_ratio = [0.2, 0.2, 0.2, 0.2]
Prune local model 3, pr_ratio = [0.2, 0.2, 0.2, 0.2]
Prune local model 0, pr_ratio = [0.2, 0.2, 0.2, 0.2]
Prune local model 1, pr_ratio = [0.2, 0.2, 0.2, 0.2]
Prune local model 7, pr_ratio = [0.2, 0.2, 0.2, 0.2]
Prune local model 8, pr_ratio = [0.2, 0.2, 0.2, 0.2]
Prune local model 4, pr_ratio = [0.2, 0.2, 0.2, 0.2]
Prune local model 2, pr_ratio = [0.2, 0.2, 0.2, 0.2]
Prune local model 9, pr_ratio = [0.2, 0.2, 0.2, 0.2]
Prune local model 6, pr_ratio = [0.2, 0.2, 0.2, 0.2]
Round 26 – LOCAL TPR pre-agg per client: ['0.342', '0.425', '0.323', '0.679', '0.386', '0.279', '0.416', '0.522', '0.234', '0.175']
Round 26 – TPR per Domain: 0:0.208, 1:0.208, 2:0.471, 3:0.686, 4:0.568, 5:0.568, 6:0.568, 7:0.686, 8:0.471, 9:0.208
Round: 26 Method: dapperfl Mean_Acc: 49.92 Best_Acc: 49.92
Domain_Acc: [58.04, 68.42, 46.55, 26.67] Domain_BestAcc: [58.04, 70.53, 46.55, 33.33]
Prune local model 8, pr_ratio = [0.2, 0.2, 0.2, 0.2]
Prune local model 7, pr_ratio = [0.2, 0.2, 0.2, 0.2]
Prune local model 5, pr_ratio = [0.2, 0.2, 0.2, 0.2]
Prune local model 3, pr_ratio = [0.2, 0.2, 0.2, 0.2]
Prune local model 1, pr_ratio = [0.2, 0.2, 0.2, 0.2]
Prune local model 4, pr_ratio = [0.2, 0.2, 0.2, 0.2]
Prune local model 9, pr_ratio = [0.2, 0.2, 0.2, 0.2]
Prune local model 2, pr_ratio = [0.2, 0.2, 0.2, 0.2]
Prune local model 0, pr_ratio = [0.2, 0.2, 0.2, 0.2]
Prune local model 6, pr_ratio = [0.2, 0.2, 0.2, 0.2]
Round 27 – LOCAL TPR pre-agg per client: ['0.200', '0.175', '0.506', '0.669', '0.322', '0.387', '0.417', '0.640', '0.182', '0.250']
Round 27 – TPR per Domain: 0:0.200, 1:0.200, 2:0.306, 3:0.699, 4:0.566, 5:0.566, 6:0.566, 7:0.699, 8:0.306, 9:0.200
Round: 27 Method: dapperfl Mean_Acc: 45.982 Best_Acc: 49.92
Domain_Acc: [58.48, 69.47, 29.31, 26.67] Domain_BestAcc: [58.48, 70.53, 46.55, 33.33]
Prune local model 2, pr_ratio = [0.2, 0.2, 0.2, 0.2]
Prune local model 8, pr_ratio = [0.2, 0.2, 0.2, 0.2]
Prune local model 3, pr_ratio = [0.2, 0.2, 0.2, 0.2]
Prune local model 6, pr_ratio = [0.2, 0.2, 0.2, 0.2]
Prune local model 1, pr_ratio = [0.2, 0.2, 0.2, 0.2]
Prune local model 7, pr_ratio = [0.2, 0.2, 0.2, 0.2]
Prune local model 4, pr_ratio = [0.2, 0.2, 0.2, 0.2]
Prune local model 0, pr_ratio = [0.2, 0.2, 0.2, 0.2]
Prune local model 9, pr_ratio = [0.2, 0.2, 0.2, 0.2]
Prune local model 5, pr_ratio = [0.2, 0.2, 0.2, 0.2]
Round 28 – LOCAL TPR pre-agg per client: ['0.300', '0.300', '0.452', '0.636', '0.384', '0.494', '0.431', '0.176', '0.083', '0.100']
Round 28 – TPR per Domain: 0:0.217, 1:0.217, 2:0.265, 3:0.700, 4:0.536, 5:0.536, 6:0.536, 7:0.700, 8:0.265, 9:0.217
Round: 28 Method: dapperfl Mean_Acc: 45.06 Best_Acc: 49.92
Domain_Acc: [54.91, 69.47, 25.86, 30.0] Domain_BestAcc: [58.48, 70.53, 46.55, 33.33]
Prune local model 5, pr_ratio = [0.2, 0.2, 0.2, 0.2]
Prune local model 3, pr_ratio = [0.2, 0.2, 0.2, 0.2]
Prune local model 8, pr_ratio = [0.2, 0.2, 0.2, 0.2]
Prune local model 9, pr_ratio = [0.2, 0.2, 0.2, 0.2]
Prune local model 7, pr_ratio = [0.2, 0.2, 0.2, 0.2]
Prune local model 2, pr_ratio = [0.2, 0.2, 0.2, 0.2]
Prune local model 0, pr_ratio = [0.2, 0.2, 0.2, 0.2]
Prune local model 4, pr_ratio = [0.2, 0.2, 0.2, 0.2]
Prune local model 1, pr_ratio = [0.2, 0.2, 0.2, 0.2]
Prune local model 6, pr_ratio = [0.2, 0.2, 0.2, 0.2]
Round 29 – LOCAL TPR pre-agg per client: ['0.375', '0.325', '0.568', '0.569', '0.387', '0.300', '0.428', '0.525', '0.087', '0.200']
Round 29 – TPR per Domain: 0:0.300, 1:0.300, 2:0.326, 3:0.560, 4:0.498, 5:0.498, 6:0.498, 7:0.560, 8:0.326, 9:0.300
Round: 29 Method: dapperfl Mean_Acc: 43.227 Best_Acc: 49.92
Domain_Acc: [52.23, 56.32, 31.03, 33.33] Domain_BestAcc: [58.48, 70.53, 46.55, 33.33]
Prune local model 6, pr_ratio = [0.2, 0.2, 0.2, 0.2]
Prune local model 5, pr_ratio = [0.2, 0.2, 0.2, 0.2]
Prune local model 7, pr_ratio = [0.2, 0.2, 0.2, 0.2]
Prune local model 3, pr_ratio = [0.2, 0.2, 0.2, 0.2]
Prune local model 9, pr_ratio = [0.2, 0.2, 0.2, 0.2]
Prune local model 0, pr_ratio = [0.2, 0.2, 0.2, 0.2]
Prune local model 2, pr_ratio = [0.2, 0.2, 0.2, 0.2]
Prune local model 1, pr_ratio = [0.2, 0.2, 0.2, 0.2]
Prune local model 4, pr_ratio = [0.2, 0.2, 0.2, 0.2]
Prune local model 8, pr_ratio = [0.2, 0.2, 0.2, 0.2]
Round 30 – LOCAL TPR pre-agg per client: ['0.450', '0.300', '0.323', '0.258', '0.407', '0.304', '0.442', '0.307', '0.128', '0.200']
Round 30 – TPR per Domain: 0:0.283, 1:0.283, 2:0.311, 3:0.715, 4:0.528, 5:0.528, 6:0.528, 7:0.715, 8:0.311, 9:0.283
Round: 30 Method: dapperfl Mean_Acc: 47.037 Best_Acc: 49.92
Domain_Acc: [54.46, 71.05, 29.31, 33.33] Domain_BestAcc: [58.48, 71.05, 46.55, 33.33]
Prune local model 6, pr_ratio = [0.2, 0.2, 0.2, 0.2]
Prune local model 0, pr_ratio = [0.2, 0.2, 0.2, 0.2]
Prune local model 7, pr_ratio = [0.2, 0.2, 0.2, 0.2]
Prune local model 3, pr_ratio = [0.2, 0.2, 0.2, 0.2]
Prune local model 4, pr_ratio = [0.2, 0.2, 0.2, 0.2]
Prune local model 5, pr_ratio = [0.2, 0.2, 0.2, 0.2]
Prune local model 9, pr_ratio = [0.2, 0.2, 0.2, 0.2]
Prune local model 2, pr_ratio = [0.2, 0.2, 0.2, 0.2]
Prune local model 8, pr_ratio = [0.2, 0.2, 0.2, 0.2]
Prune local model 1, pr_ratio = [0.2, 0.2, 0.2, 0.2]
Round 31 – LOCAL TPR pre-agg per client: ['0.250', '0.200', '0.532', '0.419', '0.386', '0.357', '0.460', '0.450', '0.067', '0.225']
Round 31 – TPR per Domain: 0:0.317, 1:0.317, 2:0.351, 3:0.677, 4:0.555, 5:0.555, 6:0.555, 7:0.677, 8:0.351, 9:0.317
Round: 31 Method: dapperfl Mean_Acc: 48.485 Best_Acc: 49.92
Domain_Acc: [57.14, 67.37, 32.76, 36.67] Domain_BestAcc: [58.48, 71.05, 46.55, 36.67]
Prune local model 7, pr_ratio = [0.2, 0.2, 0.2, 0.2]
Prune local model 2, pr_ratio = [0.2, 0.2, 0.2, 0.2]
Prune local model 6, pr_ratio = [0.2, 0.2, 0.2, 0.2]
Prune local model 4, pr_ratio = [0.2, 0.2, 0.2, 0.2]
Prune local model 1, pr_ratio = [0.2, 0.2, 0.2, 0.2]
Prune local model 9, pr_ratio = [0.2, 0.2, 0.2, 0.2]
Prune local model 8, pr_ratio = [0.2, 0.2, 0.2, 0.2]
Prune local model 3, pr_ratio = [0.2, 0.2, 0.2, 0.2]
Prune local model 5, pr_ratio = [0.2, 0.2, 0.2, 0.2]
Prune local model 0, pr_ratio = [0.2, 0.2, 0.2, 0.2]
Round 32 – LOCAL TPR pre-agg per client: ['0.367', '0.325', '0.417', '0.692', '0.459', '0.408', '0.357', '0.464', '0.133', '0.125']
Round 32 – TPR per Domain: 0:0.267, 1:0.267, 2:0.369, 3:0.718, 4:0.554, 5:0.554, 6:0.554, 7:0.718, 8:0.369, 9:0.267
Round: 32 Method: dapperfl Mean_Acc: 49.155 Best_Acc: 49.92
Domain_Acc: [56.7, 72.11, 34.48, 33.33] Domain_BestAcc: [58.48, 72.11, 46.55, 36.67]
Prune local model 9, pr_ratio = [0.2, 0.2, 0.2, 0.2]
Prune local model 1, pr_ratio = [0.2, 0.2, 0.2, 0.2]
Prune local model 3, pr_ratio = [0.2, 0.2, 0.2, 0.2]
Prune local model 0, pr_ratio = [0.2, 0.2, 0.2, 0.2]
Prune local model 8, pr_ratio = [0.2, 0.2, 0.2, 0.2]
Prune local model 2, pr_ratio = [0.2, 0.2, 0.2, 0.2]
Prune local model 5, pr_ratio = [0.2, 0.2, 0.2, 0.2]
Prune local model 6, pr_ratio = [0.2, 0.2, 0.2, 0.2]
Prune local model 4, pr_ratio = [0.2, 0.2, 0.2, 0.2]
Prune local model 7, pr_ratio = [0.2, 0.2, 0.2, 0.2]
Round 33 – LOCAL TPR pre-agg per client: ['0.350', '0.350', '0.567', '0.716', '0.364', '0.349', '0.493', '0.654', '0.199', '0.100']
Round 33 – TPR per Domain: 0:0.317, 1:0.317, 2:0.346, 3:0.741, 4:0.539, 5:0.539, 6:0.539, 7:0.741, 8:0.346, 9:0.317
Round: 33 Method: dapperfl Mean_Acc: 48.558 Best_Acc: 49.92
Domain_Acc: [54.46, 73.68, 32.76, 33.33] Domain_BestAcc: [58.48, 73.68, 46.55, 36.67]
Prune local model 4, pr_ratio = [0.2, 0.2, 0.2, 0.2]
Prune local model 2, pr_ratio = [0.2, 0.2, 0.2, 0.2]
Prune local model 6, pr_ratio = [0.2, 0.2, 0.2, 0.2]
Prune local model 0, pr_ratio = [0.2, 0.2, 0.2, 0.2]
Prune local model 3, pr_ratio = [0.2, 0.2, 0.2, 0.2]
Prune local model 5, pr_ratio = [0.2, 0.2, 0.2, 0.2]
Prune local model 1, pr_ratio = [0.2, 0.2, 0.2, 0.2]
Prune local model 7, pr_ratio = [0.2, 0.2, 0.2, 0.2]
Prune local model 8, pr_ratio = [0.2, 0.2, 0.2, 0.2]
Prune local model 9, pr_ratio = [0.2, 0.2, 0.2, 0.2]
Round 34 – LOCAL TPR pre-agg per client: ['0.325', '0.300', '0.512', '0.486', '0.410', '0.444', '0.425', '0.327', '0.100', '0.200']
Round 34 – TPR per Domain: 0:0.383, 1:0.383, 2:0.434, 3:0.707, 4:0.559, 5:0.559, 6:0.559, 7:0.707, 8:0.434, 9:0.383
Round: 34 Method: dapperfl Mean_Acc: 53.207 Best_Acc: 53.207
Domain_Acc: [57.59, 70.53, 41.38, 43.33] Domain_BestAcc: [58.48, 73.68, 46.55, 43.33]
Prune local model 0, pr_ratio = [0.2, 0.2, 0.2, 0.2]
Prune local model 6, pr_ratio = [0.2, 0.2, 0.2, 0.2]
Prune local model 7, pr_ratio = [0.2, 0.2, 0.2, 0.2]
Prune local model 5, pr_ratio = [0.2, 0.2, 0.2, 0.2]
Prune local model 3, pr_ratio = [0.2, 0.2, 0.2, 0.2]
Prune local model 2, pr_ratio = [0.2, 0.2, 0.2, 0.2]
Prune local model 1, pr_ratio = [0.2, 0.2, 0.2, 0.2]
Prune local model 9, pr_ratio = [0.2, 0.2, 0.2, 0.2]
Prune local model 4, pr_ratio = [0.2, 0.2, 0.2, 0.2]
Prune local model 8, pr_ratio = [0.2, 0.2, 0.2, 0.2]
Round 35 – LOCAL TPR pre-agg per client: ['0.300', '0.100', '0.427', '0.477', '0.470', '0.364', '0.362', '0.305', '0.182', '0.200']
Round 35 – TPR per Domain: 0:0.217, 1:0.217, 2:0.305, 3:0.745, 4:0.516, 5:0.516, 6:0.516, 7:0.745, 8:0.305, 9:0.217
Round: 35 Method: dapperfl Mean_Acc: 46.23 Best_Acc: 53.207
Domain_Acc: [53.12, 74.21, 27.59, 30.0] Domain_BestAcc: [58.48, 74.21, 46.55, 43.33]
Prune local model 5, pr_ratio = [0.2, 0.2, 0.2, 0.2]
Prune local model 2, pr_ratio = [0.2, 0.2, 0.2, 0.2]
Prune local model 3, pr_ratio = [0.2, 0.2, 0.2, 0.2]
Prune local model 6, pr_ratio = [0.2, 0.2, 0.2, 0.2]
Prune local model 4, pr_ratio = [0.2, 0.2, 0.2, 0.2]
Prune local model 7, pr_ratio = [0.2, 0.2, 0.2, 0.2]
Prune local model 8, pr_ratio = [0.2, 0.2, 0.2, 0.2]
Prune local model 0, pr_ratio = [0.2, 0.2, 0.2, 0.2]
Prune local model 9, pr_ratio = [0.2, 0.2, 0.2, 0.2]
Prune local model 1, pr_ratio = [0.2, 0.2, 0.2, 0.2]
Round 36 – LOCAL TPR pre-agg per client: ['0.325', '0.375', '0.572', '0.463', '0.415', '0.393', '0.510', '0.502', '0.304', '0.100']
Round 36 – TPR per Domain: 0:0.350, 1:0.350, 2:0.257, 3:0.701, 4:0.554, 5:0.554, 6:0.554, 7:0.701, 8:0.257, 9:0.350
Round: 36 Method: dapperfl Mean_Acc: 47.195 Best_Acc: 53.207
Domain_Acc: [56.25, 70.0, 25.86, 36.67] Domain_BestAcc: [58.48, 74.21, 46.55, 43.33]
Prune local model 7, pr_ratio = [0.2, 0.2, 0.2, 0.2]
Prune local model 6, pr_ratio = [0.2, 0.2, 0.2, 0.2]
Prune local model 9, pr_ratio = [0.2, 0.2, 0.2, 0.2]
Prune local model 0, pr_ratio = [0.2, 0.2, 0.2, 0.2]
Prune local model 1, pr_ratio = [0.2, 0.2, 0.2, 0.2]
Prune local model 4, pr_ratio = [0.2, 0.2, 0.2, 0.2]
Prune local model 2, pr_ratio = [0.2, 0.2, 0.2, 0.2]
Prune local model 5, pr_ratio = [0.2, 0.2, 0.2, 0.2]
Prune local model 3, pr_ratio = [0.2, 0.2, 0.2, 0.2]
Prune local model 8, pr_ratio = [0.2, 0.2, 0.2, 0.2]
Round 37 – LOCAL TPR pre-agg per client: ['0.350', '0.325', '0.450', '0.750', '0.484', '0.297', '0.479', '0.606', '0.249', '0.200']
Round 37 – TPR per Domain: 0:0.317, 1:0.317, 2:0.229, 3:0.724, 4:0.553, 5:0.553, 6:0.553, 7:0.724, 8:0.229, 9:0.317
Round: 37 Method: dapperfl Mean_Acc: 46.86 Best_Acc: 53.207
Domain_Acc: [56.25, 72.11, 22.41, 36.67] Domain_BestAcc: [58.48, 74.21, 46.55, 43.33]
Prune local model 7, pr_ratio = [0.2, 0.2, 0.2, 0.2]
Prune local model 1, pr_ratio = [0.2, 0.2, 0.2, 0.2]
Prune local model 2, pr_ratio = [0.2, 0.2, 0.2, 0.2]
Prune local model 6, pr_ratio = [0.2, 0.2, 0.2, 0.2]
Prune local model 3, pr_ratio = [0.2, 0.2, 0.2, 0.2]
Prune local model 9, pr_ratio = [0.2, 0.2, 0.2, 0.2]
Prune local model 4, pr_ratio = [0.2, 0.2, 0.2, 0.2]
Prune local model 0, pr_ratio = [0.2, 0.2, 0.2, 0.2]
Prune local model 8, pr_ratio = [0.2, 0.2, 0.2, 0.2]
Prune local model 5, pr_ratio = [0.2, 0.2, 0.2, 0.2]
Round 38 – LOCAL TPR pre-agg per client: ['0.308', '0.283', '0.453', '0.581', '0.387', '0.393', '0.460', '0.657', '0.150', '0.175']
Round 38 – TPR per Domain: 0:0.300, 1:0.300, 2:0.402, 3:0.689, 4:0.541, 5:0.541, 6:0.541, 7:0.689, 8:0.402, 9:0.300
Round: 38 Method: dapperfl Mean_Acc: 48.892 Best_Acc: 53.207
Domain_Acc: [55.36, 68.95, 37.93, 33.33] Domain_BestAcc: [58.48, 74.21, 46.55, 43.33]
Prune local model 1, pr_ratio = [0.2, 0.2, 0.2, 0.2]
Prune local model 8, pr_ratio = [0.2, 0.2, 0.2, 0.2]
Prune local model 7, pr_ratio = [0.2, 0.2, 0.2, 0.2]
Prune local model 9, pr_ratio = [0.2, 0.2, 0.2, 0.2]
Prune local model 0, pr_ratio = [0.2, 0.2, 0.2, 0.2]
Prune local model 3, pr_ratio = [0.2, 0.2, 0.2, 0.2]
Prune local model 6, pr_ratio = [0.2, 0.2, 0.2, 0.2]
Prune local model 2, pr_ratio = [0.2, 0.2, 0.2, 0.2]
Prune local model 5, pr_ratio = [0.2, 0.2, 0.2, 0.2]
Prune local model 4, pr_ratio = [0.2, 0.2, 0.2, 0.2]
Round 39 – LOCAL TPR pre-agg per client: ['0.450', '0.208', '0.396', '0.564', '0.489', '0.420', '0.457', '0.407', '0.267', '0.100']
Round 39 – TPR per Domain: 0:0.275, 1:0.275, 2:0.384, 3:0.743, 4:0.571, 5:0.571, 6:0.571, 7:0.743, 8:0.384, 9:0.275
Round: 39 Method: dapperfl Mean_Acc: 50.448 Best_Acc: 53.207
Domain_Acc: [58.04, 74.21, 36.21, 33.33] Domain_BestAcc: [58.48, 74.21, 46.55, 43.33]
Prune local model 6, pr_ratio = [0.2, 0.2, 0.2, 0.2]
Prune local model 8, pr_ratio = [0.2, 0.2, 0.2, 0.2]
Prune local model 0, pr_ratio = [0.2, 0.2, 0.2, 0.2]
Prune local model 1, pr_ratio = [0.2, 0.2, 0.2, 0.2]
Prune local model 3, pr_ratio = [0.2, 0.2, 0.2, 0.2]
Prune local model 4, pr_ratio = [0.2, 0.2, 0.2, 0.2]
Prune local model 5, pr_ratio = [0.2, 0.2, 0.2, 0.2]
Prune local model 7, pr_ratio = [0.2, 0.2, 0.2, 0.2]
Prune local model 2, pr_ratio = [0.2, 0.2, 0.2, 0.2]
Prune local model 9, pr_ratio = [0.2, 0.2, 0.2, 0.2]
Round 40 – LOCAL TPR pre-agg per client: ['0.475', '0.417', '0.518', '0.601', '0.453', '0.447', '0.504', '0.356', '0.237', '0.350']
Round 40 – TPR per Domain: 0:0.200, 1:0.200, 2:0.261, 3:0.743, 4:0.525, 5:0.525, 6:0.525, 7:0.743, 8:0.261, 9:0.200
Round: 40 Method: dapperfl Mean_Acc: 44.87 Best_Acc: 53.207
Domain_Acc: [54.46, 74.21, 24.14, 26.67] Domain_BestAcc: [58.48, 74.21, 46.55, 43.33]
Prune local model 8, pr_ratio = [0.2, 0.2, 0.2, 0.2]
Prune local model 1, pr_ratio = [0.2, 0.2, 0.2, 0.2]
Prune local model 2, pr_ratio = [0.2, 0.2, 0.2, 0.2]
Prune local model 6, pr_ratio = [0.2, 0.2, 0.2, 0.2]
Prune local model 7, pr_ratio = [0.2, 0.2, 0.2, 0.2]
Prune local model 0, pr_ratio = [0.2, 0.2, 0.2, 0.2]
Prune local model 3, pr_ratio = [0.2, 0.2, 0.2, 0.2]
Prune local model 4, pr_ratio = [0.2, 0.2, 0.2, 0.2]
Prune local model 5, pr_ratio = [0.2, 0.2, 0.2, 0.2]
Prune local model 9, pr_ratio = [0.2, 0.2, 0.2, 0.2]
Round 41 – LOCAL TPR pre-agg per client: ['0.450', '0.333', '0.480', '0.207', '0.334', '0.395', '0.446', '0.442', '0.211', '0.125']
Round 41 – TPR per Domain: 0:0.308, 1:0.308, 2:0.292, 3:0.759, 4:0.568, 5:0.568, 6:0.568, 7:0.759, 8:0.292, 9:0.308
Round: 41 Method: dapperfl Mean_Acc: 50.785 Best_Acc: 53.207
Domain_Acc: [58.04, 75.79, 29.31, 40.0] Domain_BestAcc: [58.48, 75.79, 46.55, 43.33]
Prune local model 3, pr_ratio = [0.2, 0.2, 0.2, 0.2]
Prune local model 4, pr_ratio = [0.2, 0.2, 0.2, 0.2]
Prune local model 0, pr_ratio = [0.2, 0.2, 0.2, 0.2]
Prune local model 2, pr_ratio = [0.2, 0.2, 0.2, 0.2]
Prune local model 1, pr_ratio = [0.2, 0.2, 0.2, 0.2]
Prune local model 8, pr_ratio = [0.2, 0.2, 0.2, 0.2]
Prune local model 9, pr_ratio = [0.2, 0.2, 0.2, 0.2]
Prune local model 5, pr_ratio = [0.2, 0.2, 0.2, 0.2]
Prune local model 7, pr_ratio = [0.2, 0.2, 0.2, 0.2]
Prune local model 6, pr_ratio = [0.2, 0.2, 0.2, 0.2]
Round 42 – LOCAL TPR pre-agg per client: ['0.408', '0.283', '0.567', '0.583', '0.299', '0.504', '0.429', '0.606', '0.067', '0.150']
Round 42 – TPR per Domain: 0:0.317, 1:0.317, 2:0.392, 3:0.745, 4:0.566, 5:0.566, 6:0.566, 7:0.745, 8:0.392, 9:0.317
Round: 42 Method: dapperfl Mean_Acc: 51.935 Best_Acc: 53.207
Domain_Acc: [58.93, 74.21, 37.93, 36.67] Domain_BestAcc: [58.93, 75.79, 46.55, 43.33]
Prune local model 6, pr_ratio = [0.2, 0.2, 0.2, 0.2]
Prune local model 0, pr_ratio = [0.2, 0.2, 0.2, 0.2]
Prune local model 2, pr_ratio = [0.2, 0.2, 0.2, 0.2]
Prune local model 3, pr_ratio = [0.2, 0.2, 0.2, 0.2]
Prune local model 4, pr_ratio = [0.2, 0.2, 0.2, 0.2]
Prune local model 7, pr_ratio = [0.2, 0.2, 0.2, 0.2]
Prune local model 8, pr_ratio = [0.2, 0.2, 0.2, 0.2]
Prune local model 9, pr_ratio = [0.2, 0.2, 0.2, 0.2]
Prune local model 1, pr_ratio = [0.2, 0.2, 0.2, 0.2]
Prune local model 5, pr_ratio = [0.2, 0.2, 0.2, 0.2]
Round 43 – LOCAL TPR pre-agg per client: ['0.375', '0.450', '0.480', '0.655', '0.434', '0.378', '0.487', '0.447', '0.193', '0.142']
Round 43 – TPR per Domain: 0:0.375, 1:0.375, 2:0.367, 3:0.764, 4:0.588, 5:0.588, 6:0.588, 7:0.764, 8:0.367, 9:0.375
Round: 43 Method: dapperfl Mean_Acc: 52.432 Best_Acc: 53.207
Domain_Acc: [58.93, 76.32, 34.48, 40.0] Domain_BestAcc: [58.93, 76.32, 46.55, 43.33]
Prune local model 6, pr_ratio = [0.2, 0.2, 0.2, 0.2]
Prune local model 8, pr_ratio = [0.2, 0.2, 0.2, 0.2]
Prune local model 0, pr_ratio = [0.2, 0.2, 0.2, 0.2]
Prune local model 2, pr_ratio = [0.2, 0.2, 0.2, 0.2]
Prune local model 7, pr_ratio = [0.2, 0.2, 0.2, 0.2]
Prune local model 1, pr_ratio = [0.2, 0.2, 0.2, 0.2]
Prune local model 4, pr_ratio = [0.2, 0.2, 0.2, 0.2]
Prune local model 3, pr_ratio = [0.2, 0.2, 0.2, 0.2]
Prune local model 9, pr_ratio = [0.2, 0.2, 0.2, 0.2]
Prune local model 5, pr_ratio = [0.2, 0.2, 0.2, 0.2]
Round 44 – LOCAL TPR pre-agg per client: ['0.358', '0.417', '0.477', '0.571', '0.510', '0.445', '0.484', '0.544', '0.117', '0.200']
Round 44 – TPR per Domain: 0:0.250, 1:0.250, 2:0.418, 3:0.756, 4:0.551, 5:0.551, 6:0.551, 7:0.756, 8:0.418, 9:0.250
Round: 44 Method: dapperfl Mean_Acc: 51.332 Best_Acc: 53.207
Domain_Acc: [55.36, 75.26, 41.38, 33.33] Domain_BestAcc: [58.93, 76.32, 46.55, 43.33]
Prune local model 7, pr_ratio = [0.2, 0.2, 0.2, 0.2]
Prune local model 0, pr_ratio = [0.2, 0.2, 0.2, 0.2]
Prune local model 6, pr_ratio = [0.2, 0.2, 0.2, 0.2]
Prune local model 1, pr_ratio = [0.2, 0.2, 0.2, 0.2]
Prune local model 3, pr_ratio = [0.2, 0.2, 0.2, 0.2]
Prune local model 9, pr_ratio = [0.2, 0.2, 0.2, 0.2]
Prune local model 2, pr_ratio = [0.2, 0.2, 0.2, 0.2]
Prune local model 4, pr_ratio = [0.2, 0.2, 0.2, 0.2]
Prune local model 8, pr_ratio = [0.2, 0.2, 0.2, 0.2]
Prune local model 5, pr_ratio = [0.2, 0.2, 0.2, 0.2]
Round 45 – LOCAL TPR pre-agg per client: ['0.342', '0.367', '0.493', '0.738', '0.438', '0.372', '0.500', '0.647', '0.211', '0.142']
Round 45 – TPR per Domain: 0:0.283, 1:0.283, 2:0.348, 3:0.799, 4:0.559, 5:0.559, 6:0.559, 7:0.799, 8:0.348, 9:0.283
Round: 45 Method: dapperfl Mean_Acc: 51.755 Best_Acc: 53.207
Domain_Acc: [57.59, 80.0, 32.76, 36.67] Domain_BestAcc: [58.93, 80.0, 46.55, 43.33]
Prune local model 1, pr_ratio = [0.2, 0.2, 0.2, 0.2]
Prune local model 7, pr_ratio = [0.2, 0.2, 0.2, 0.2]
Prune local model 3, pr_ratio = [0.2, 0.2, 0.2, 0.2]
Prune local model 8, pr_ratio = [0.2, 0.2, 0.2, 0.2]
Prune local model 5, pr_ratio = [0.2, 0.2, 0.2, 0.2]
Prune local model 2, pr_ratio = [0.2, 0.2, 0.2, 0.2]
Prune local model 9, pr_ratio = [0.2, 0.2, 0.2, 0.2]
Prune local model 0, pr_ratio = [0.2, 0.2, 0.2, 0.2]
Prune local model 4, pr_ratio = [0.2, 0.2, 0.2, 0.2]
Prune local model 6, pr_ratio = [0.2, 0.2, 0.2, 0.2]
Round 46 – LOCAL TPR pre-agg per client: ['0.375', '0.483', '0.568', '0.773', '0.415', '0.418', '0.467', '0.560', '0.192', '0.250']
Round 46 – TPR per Domain: 0:0.325, 1:0.325, 2:0.336, 3:0.773, 4:0.553, 5:0.553, 6:0.553, 7:0.773, 8:0.336, 9:0.325
Round: 46 Method: dapperfl Mean_Acc: 50.218 Best_Acc: 53.207
Domain_Acc: [55.8, 77.37, 31.03, 36.67] Domain_BestAcc: [58.93, 80.0, 46.55, 43.33]
Prune local model 0, pr_ratio = [0.2, 0.2, 0.2, 0.2]
Prune local model 6, pr_ratio = [0.2, 0.2, 0.2, 0.2]
Prune local model 7, pr_ratio = [0.2, 0.2, 0.2, 0.2]
Prune local model 1, pr_ratio = [0.2, 0.2, 0.2, 0.2]
Prune local model 4, pr_ratio = [0.2, 0.2, 0.2, 0.2]
Prune local model 9, pr_ratio = [0.2, 0.2, 0.2, 0.2]
Prune local model 3, pr_ratio = [0.2, 0.2, 0.2, 0.2]
Prune local model 2, pr_ratio = [0.2, 0.2, 0.2, 0.2]
Prune local model 8, pr_ratio = [0.2, 0.2, 0.2, 0.2]
Prune local model 5, pr_ratio = [0.2, 0.2, 0.2, 0.2]
Round 47 – LOCAL TPR pre-agg per client: ['0.417', '0.442', '0.507', '0.555', '0.350', '0.498', '0.504', '0.700', '0.175', '0.167']
Round 47 – TPR per Domain: 0:0.250, 1:0.250, 2:0.356, 3:0.764, 4:0.591, 5:0.591, 6:0.591, 7:0.764, 8:0.356, 9:0.250
Round: 47 Method: dapperfl Mean_Acc: 49.005 Best_Acc: 53.207
Domain_Acc: [60.27, 76.32, 32.76, 26.67] Domain_BestAcc: [60.27, 80.0, 46.55, 43.33]
Prune local model 1, pr_ratio = [0.2, 0.2, 0.2, 0.2]
Prune local model 0, pr_ratio = [0.2, 0.2, 0.2, 0.2]
Prune local model 4, pr_ratio = [0.2, 0.2, 0.2, 0.2]
Prune local model 5, pr_ratio = [0.2, 0.2, 0.2, 0.2]
Prune local model 6, pr_ratio = [0.2, 0.2, 0.2, 0.2]
Prune local model 9, pr_ratio = [0.2, 0.2, 0.2, 0.2]
Prune local model 8, pr_ratio = [0.2, 0.2, 0.2, 0.2]
Prune local model 2, pr_ratio = [0.2, 0.2, 0.2, 0.2]
Prune local model 3, pr_ratio = [0.2, 0.2, 0.2, 0.2]
Prune local model 7, pr_ratio = [0.2, 0.2, 0.2, 0.2]
Round 48 – LOCAL TPR pre-agg per client: ['0.558', '0.375', '0.441', '0.710', '0.505', '0.488', '0.444', '0.648', '0.117', '0.200']
Round 48 – TPR per Domain: 0:0.250, 1:0.250, 2:0.384, 3:0.764, 4:0.555, 5:0.555, 6:0.555, 7:0.764, 8:0.384, 9:0.250
Round: 48 Method: dapperfl Mean_Acc: 49.695 Best_Acc: 53.207
Domain_Acc: [56.25, 76.32, 36.21, 30.0] Domain_BestAcc: [60.27, 80.0, 46.55, 43.33]
Prune local model 5, pr_ratio = [0.2, 0.2, 0.2, 0.2]
Prune local model 1, pr_ratio = [0.2, 0.2, 0.2, 0.2]
Prune local model 0, pr_ratio = [0.2, 0.2, 0.2, 0.2]
Prune local model 7, pr_ratio = [0.2, 0.2, 0.2, 0.2]
Prune local model 4, pr_ratio = [0.2, 0.2, 0.2, 0.2]
Prune local model 8, pr_ratio = [0.2, 0.2, 0.2, 0.2]
Prune local model 9, pr_ratio = [0.2, 0.2, 0.2, 0.2]
Prune local model 6, pr_ratio = [0.2, 0.2, 0.2, 0.2]
Prune local model 3, pr_ratio = [0.2, 0.2, 0.2, 0.2]
Prune local model 2, pr_ratio = [0.2, 0.2, 0.2, 0.2]
Round 49 – LOCAL TPR pre-agg per client: ['0.475', '0.500', '0.538', '0.753', '0.519', '0.494', '0.530', '0.543', '0.150', '0.175']
Round 49 – TPR per Domain: 0:0.325, 1:0.325, 2:0.292, 3:0.771, 4:0.595, 5:0.595, 6:0.595, 7:0.771, 8:0.292, 9:0.325
Round: 49 Method: dapperfl Mean_Acc: 50.342 Best_Acc: 53.207
Domain_Acc: [60.27, 76.84, 27.59, 36.67] Domain_BestAcc: [60.27, 80.0, 46.55, 43.33]
Prune local model 9, pr_ratio = [0.2, 0.2, 0.2, 0.2]
Prune local model 5, pr_ratio = [0.2, 0.2, 0.2, 0.2]
Prune local model 8, pr_ratio = [0.2, 0.2, 0.2, 0.2]
Prune local model 6, pr_ratio = [0.2, 0.2, 0.2, 0.2]
Prune local model 7, pr_ratio = [0.2, 0.2, 0.2, 0.2]
Prune local model 0, pr_ratio = [0.2, 0.2, 0.2, 0.2]
Prune local model 4, pr_ratio = [0.2, 0.2, 0.2, 0.2]
Prune local model 3, pr_ratio = [0.2, 0.2, 0.2, 0.2]
Prune local model 1, pr_ratio = [0.2, 0.2, 0.2, 0.2]
Prune local model 2, pr_ratio = [0.2, 0.2, 0.2, 0.2]
Round 50 – LOCAL TPR pre-agg per client: ['0.250', '0.392', '0.583', '0.616', '0.451', '0.437', '0.426', '0.601', '0.243', '0.175']
Round 50 – TPR per Domain: 0:0.375, 1:0.375, 2:0.295, 3:0.742, 4:0.583, 5:0.583, 6:0.583, 7:0.742, 8:0.295, 9:0.375
Round: 50 Method: dapperfl Mean_Acc: 50.5 Best_Acc: 53.207
Domain_Acc: [58.48, 74.21, 29.31, 40.0] Domain_BestAcc: [60.27, 80.0, 46.55, 43.33]
Prune local model 7, pr_ratio = [0.2, 0.2, 0.2, 0.2]
Prune local model 9, pr_ratio = [0.2, 0.2, 0.2, 0.2]
Prune local model 2, pr_ratio = [0.2, 0.2, 0.2, 0.2]
Prune local model 3, pr_ratio = [0.2, 0.2, 0.2, 0.2]
Prune local model 5, pr_ratio = [0.2, 0.2, 0.2, 0.2]
Prune local model 6, pr_ratio = [0.2, 0.2, 0.2, 0.2]
Prune local model 4, pr_ratio = [0.2, 0.2, 0.2, 0.2]
Prune local model 0, pr_ratio = [0.2, 0.2, 0.2, 0.2]
Prune local model 1, pr_ratio = [0.2, 0.2, 0.2, 0.2]
Prune local model 8, pr_ratio = [0.2, 0.2, 0.2, 0.2]
Round 51 – LOCAL TPR pre-agg per client: ['0.600', '0.225', '0.525', '0.414', '0.428', '0.485', '0.451', '0.677', '0.261', '0.250']
Round 51 – TPR per Domain: 0:0.342, 1:0.342, 2:0.277, 3:0.758, 4:0.565, 5:0.565, 6:0.565, 7:0.758, 8:0.277, 9:0.342
Round: 51 Method: dapperfl Mean_Acc: 49.698 Best_Acc: 53.207
Domain_Acc: [57.14, 75.79, 25.86, 40.0] Domain_BestAcc: [60.27, 80.0, 46.55, 43.33]
Prune local model 2, pr_ratio = [0.2, 0.2, 0.2, 0.2]
Prune local model 3, pr_ratio = [0.2, 0.2, 0.2, 0.2]
Prune local model 6, pr_ratio = [0.2, 0.2, 0.2, 0.2]
Prune local model 5, pr_ratio = [0.2, 0.2, 0.2, 0.2]
Prune local model 1, pr_ratio = [0.2, 0.2, 0.2, 0.2]
Prune local model 4, pr_ratio = [0.2, 0.2, 0.2, 0.2]
Prune local model 9, pr_ratio = [0.2, 0.2, 0.2, 0.2]
Prune local model 7, pr_ratio = [0.2, 0.2, 0.2, 0.2]
Prune local model 8, pr_ratio = [0.2, 0.2, 0.2, 0.2]
Prune local model 0, pr_ratio = [0.2, 0.2, 0.2, 0.2]
Round 52 – LOCAL TPR pre-agg per client: ['0.200', '0.350', '0.481', '0.664', '0.416', '0.461', '0.485', '0.370', '0.258', '0.275']
Round 52 – TPR per Domain: 0:0.333, 1:0.333, 2:0.462, 3:0.736, 4:0.596, 5:0.596, 6:0.596, 7:0.736, 8:0.462, 9:0.333
Round: 52 Method: dapperfl Mean_Acc: 53.41 Best_Acc: 53.41
Domain_Acc: [60.71, 73.16, 43.1, 36.67] Domain_BestAcc: [60.71, 80.0, 46.55, 43.33]
Prune local model 0, pr_ratio = [0.2, 0.2, 0.2, 0.2]
Prune local model 4, pr_ratio = [0.2, 0.2, 0.2, 0.2]
Prune local model 3, pr_ratio = [0.2, 0.2, 0.2, 0.2]
Prune local model 1, pr_ratio = [0.2, 0.2, 0.2, 0.2]
Prune local model 8, pr_ratio = [0.2, 0.2, 0.2, 0.2]
Prune local model 2, pr_ratio = [0.2, 0.2, 0.2, 0.2]
Prune local model 9, pr_ratio = [0.2, 0.2, 0.2, 0.2]
Prune local model 7, pr_ratio = [0.2, 0.2, 0.2, 0.2]
Prune local model 5, pr_ratio = [0.2, 0.2, 0.2, 0.2]
Prune local model 6, pr_ratio = [0.2, 0.2, 0.2, 0.2]
Round 53 – LOCAL TPR pre-agg per client: ['0.500', '0.483', '0.445', '0.671', '0.548', '0.548', '0.452', '0.716', '0.185', '0.150']
Round 53 – TPR per Domain: 0:0.333, 1:0.333, 2:0.274, 3:0.758, 4:0.555, 5:0.555, 6:0.555, 7:0.758, 8:0.274, 9:0.333
Round: 53 Method: dapperfl Mean_Acc: 49.475 Best_Acc: 53.41
Domain_Acc: [56.25, 75.79, 25.86, 40.0] Domain_BestAcc: [60.71, 80.0, 46.55, 43.33]
Prune local model 8, pr_ratio = [0.2, 0.2, 0.2, 0.2]
Prune local model 5, pr_ratio = [0.2, 0.2, 0.2, 0.2]
Prune local model 7, pr_ratio = [0.2, 0.2, 0.2, 0.2]
Prune local model 1, pr_ratio = [0.2, 0.2, 0.2, 0.2]
Prune local model 9, pr_ratio = [0.2, 0.2, 0.2, 0.2]
Prune local model 0, pr_ratio = [0.2, 0.2, 0.2, 0.2]
Prune local model 6, pr_ratio = [0.2, 0.2, 0.2, 0.2]
Prune local model 4, pr_ratio = [0.2, 0.2, 0.2, 0.2]
Prune local model 3, pr_ratio = [0.2, 0.2, 0.2, 0.2]
Prune local model 2, pr_ratio = [0.2, 0.2, 0.2, 0.2]
Round 54 – LOCAL TPR pre-agg per client: ['0.225', '0.442', '0.558', '0.684', '0.461', '0.543', '0.557', '0.567', '0.212', '0.300']
Round 54 – TPR per Domain: 0:0.350, 1:0.350, 2:0.372, 3:0.755, 4:0.601, 5:0.601, 6:0.601, 7:0.755, 8:0.372, 9:0.350
Round: 54 Method: dapperfl Mean_Acc: 53.878 Best_Acc: 53.878
Domain_Acc: [60.71, 75.26, 36.21, 43.33] Domain_BestAcc: [60.71, 80.0, 46.55, 43.33]
Prune local model 8, pr_ratio = [0.2, 0.2, 0.2, 0.2]
Prune local model 9, pr_ratio = [0.2, 0.2, 0.2, 0.2]
Prune local model 0, pr_ratio = [0.2, 0.2, 0.2, 0.2]
Prune local model 3, pr_ratio = [0.2, 0.2, 0.2, 0.2]
Prune local model 2, pr_ratio = [0.2, 0.2, 0.2, 0.2]
Prune local model 7, pr_ratio = [0.2, 0.2, 0.2, 0.2]
Prune local model 4, pr_ratio = [0.2, 0.2, 0.2, 0.2]
Prune local model 6, pr_ratio = [0.2, 0.2, 0.2, 0.2]
Prune local model 1, pr_ratio = [0.2, 0.2, 0.2, 0.2]
Prune local model 5, pr_ratio = [0.2, 0.2, 0.2, 0.2]
Round 55 – LOCAL TPR pre-agg per client: ['0.367', '0.392', '0.495', '0.706', '0.506', '0.533', '0.503', '0.606', '0.267', '0.275']
Round 55 – TPR per Domain: 0:0.367, 1:0.367, 2:0.405, 3:0.796, 4:0.589, 5:0.589, 6:0.589, 7:0.796, 8:0.405, 9:0.367
Round: 55 Method: dapperfl Mean_Acc: 54.738 Best_Acc: 54.738
Domain_Acc: [59.82, 79.47, 39.66, 40.0] Domain_BestAcc: [60.71, 80.0, 46.55, 43.33]
Prune local model 9, pr_ratio = [0.2, 0.2, 0.2, 0.2]
Prune local model 8, pr_ratio = [0.2, 0.2, 0.2, 0.2]
Prune local model 5, pr_ratio = [0.2, 0.2, 0.2, 0.2]
Prune local model 2, pr_ratio = [0.2, 0.2, 0.2, 0.2]
Prune local model 3, pr_ratio = [0.2, 0.2, 0.2, 0.2]
Prune local model 1, pr_ratio = [0.2, 0.2, 0.2, 0.2]
Prune local model 6, pr_ratio = [0.2, 0.2, 0.2, 0.2]
Prune local model 4, pr_ratio = [0.2, 0.2, 0.2, 0.2]
Prune local model 0, pr_ratio = [0.2, 0.2, 0.2, 0.2]
Prune local model 7, pr_ratio = [0.2, 0.2, 0.2, 0.2]
Round 56 – LOCAL TPR pre-agg per client: ['0.458', '0.342', '0.442', '0.564', '0.541', '0.415', '0.544', '0.745', '0.290', '0.150']
Round 56 – TPR per Domain: 0:0.367, 1:0.367, 2:0.354, 3:0.764, 4:0.590, 5:0.590, 6:0.590, 7:0.764, 8:0.354, 9:0.367
Round: 56 Method: dapperfl Mean_Acc: 52.338 Best_Acc: 54.738
Domain_Acc: [60.27, 76.32, 32.76, 40.0] Domain_BestAcc: [60.71, 80.0, 46.55, 43.33]
Prune local model 1, pr_ratio = [0.2, 0.2, 0.2, 0.2]
Prune local model 3, pr_ratio = [0.2, 0.2, 0.2, 0.2]
Prune local model 6, pr_ratio = [0.2, 0.2, 0.2, 0.2]
Prune local model 2, pr_ratio = [0.2, 0.2, 0.2, 0.2]
Prune local model 7, pr_ratio = [0.2, 0.2, 0.2, 0.2]
Prune local model 4, pr_ratio = [0.2, 0.2, 0.2, 0.2]
Prune local model 5, pr_ratio = [0.2, 0.2, 0.2, 0.2]
Prune local model 9, pr_ratio = [0.2, 0.2, 0.2, 0.2]
Prune local model 8, pr_ratio = [0.2, 0.2, 0.2, 0.2]
Prune local model 0, pr_ratio = [0.2, 0.2, 0.2, 0.2]
Round 57 – LOCAL TPR pre-agg per client: ['0.375', '0.400', '0.560', '0.760', '0.428', '0.467', '0.449', '0.715', '0.100', '0.050']
Round 57 – TPR per Domain: 0:0.392, 1:0.392, 2:0.377, 3:0.774, 4:0.585, 5:0.585, 6:0.585, 7:0.774, 8:0.377, 9:0.392
Round: 57 Method: dapperfl Mean_Acc: 54.502 Best_Acc: 54.738
Domain_Acc: [59.38, 77.37, 37.93, 43.33] Domain_BestAcc: [60.71, 80.0, 46.55, 43.33]
Prune local model 5, pr_ratio = [0.2, 0.2, 0.2, 0.2]
Prune local model 9, pr_ratio = [0.2, 0.2, 0.2, 0.2]
Prune local model 7, pr_ratio = [0.2, 0.2, 0.2, 0.2]
Prune local model 6, pr_ratio = [0.2, 0.2, 0.2, 0.2]
Prune local model 2, pr_ratio = [0.2, 0.2, 0.2, 0.2]
Prune local model 8, pr_ratio = [0.2, 0.2, 0.2, 0.2]
Prune local model 1, pr_ratio = [0.2, 0.2, 0.2, 0.2]
Prune local model 0, pr_ratio = [0.2, 0.2, 0.2, 0.2]
Prune local model 4, pr_ratio = [0.2, 0.2, 0.2, 0.2]
Prune local model 3, pr_ratio = [0.2, 0.2, 0.2, 0.2]
Round 58 – LOCAL TPR pre-agg per client: ['0.325', '0.492', '0.542', '0.755', '0.520', '0.505', '0.522', '0.263', '0.150', '0.175']
Round 58 – TPR per Domain: 0:0.467, 1:0.467, 2:0.401, 3:0.784, 4:0.593, 5:0.593, 6:0.593, 7:0.784, 8:0.401, 9:0.467
Round: 58 Method: dapperfl Mean_Acc: 55.28 Best_Acc: 55.28
Domain_Acc: [59.82, 78.42, 36.21, 46.67] Domain_BestAcc: [60.71, 80.0, 46.55, 46.67]
Prune local model 6, pr_ratio = [0.2, 0.2, 0.2, 0.2]
Prune local model 0, pr_ratio = [0.2, 0.2, 0.2, 0.2]
Prune local model 7, pr_ratio = [0.2, 0.2, 0.2, 0.2]
Prune local model 2, pr_ratio = [0.2, 0.2, 0.2, 0.2]
Prune local model 1, pr_ratio = [0.2, 0.2, 0.2, 0.2]
Prune local model 4, pr_ratio = [0.2, 0.2, 0.2, 0.2]
Prune local model 3, pr_ratio = [0.2, 0.2, 0.2, 0.2]
Prune local model 8, pr_ratio = [0.2, 0.2, 0.2, 0.2]
Prune local model 9, pr_ratio = [0.2, 0.2, 0.2, 0.2]
Prune local model 5, pr_ratio = [0.2, 0.2, 0.2, 0.2]
Round 59 – LOCAL TPR pre-agg per client: ['0.350', '0.317', '0.562', '0.751', '0.498', '0.587', '0.473', '0.713', '0.153', '0.100']
Round 59 – TPR per Domain: 0:0.425, 1:0.425, 2:0.388, 3:0.781, 4:0.564, 5:0.564, 6:0.564, 7:0.781, 8:0.388, 9:0.425
Round: 59 Method: dapperfl Mean_Acc: 54.073 Best_Acc: 55.28
Domain_Acc: [57.14, 77.89, 37.93, 43.33] Domain_BestAcc: [60.71, 80.0, 46.55, 46.67]
Prune local model 6, pr_ratio = [0.2, 0.2, 0.2, 0.2]
Prune local model 4, pr_ratio = [0.2, 0.2, 0.2, 0.2]
Prune local model 0, pr_ratio = [0.2, 0.2, 0.2, 0.2]
Prune local model 8, pr_ratio = [0.2, 0.2, 0.2, 0.2]
Prune local model 5, pr_ratio = [0.2, 0.2, 0.2, 0.2]
Prune local model 9, pr_ratio = [0.2, 0.2, 0.2, 0.2]
Prune local model 3, pr_ratio = [0.2, 0.2, 0.2, 0.2]
Prune local model 7, pr_ratio = [0.2, 0.2, 0.2, 0.2]
Prune local model 2, pr_ratio = [0.2, 0.2, 0.2, 0.2]
Prune local model 1, pr_ratio = [0.2, 0.2, 0.2, 0.2]
Round 60 – LOCAL TPR pre-agg per client: ['0.542', '0.317', '0.588', '0.567', '0.522', '0.504', '0.532', '0.740', '0.213', '0.250']
Round 60 – TPR per Domain: 0:0.475, 1:0.475, 2:0.440, 3:0.812, 4:0.608, 5:0.608, 6:0.608, 7:0.812, 8:0.440, 9:0.475
Round: 60 Method: dapperfl Mean_Acc: 57.787 Best_Acc: 57.787
Domain_Acc: [62.05, 81.05, 41.38, 46.67] Domain_BestAcc: [62.05, 81.05, 46.55, 46.67]
Prune local model 6, pr_ratio = [0.2, 0.2, 0.2, 0.2]
Prune local model 5, pr_ratio = [0.2, 0.2, 0.2, 0.2]
Prune local model 8, pr_ratio = [0.2, 0.2, 0.2, 0.2]
Prune local model 0, pr_ratio = [0.2, 0.2, 0.2, 0.2]
Prune local model 7, pr_ratio = [0.2, 0.2, 0.2, 0.2]
Prune local model 9, pr_ratio = [0.2, 0.2, 0.2, 0.2]
Prune local model 2, pr_ratio = [0.2, 0.2, 0.2, 0.2]
Prune local model 1, pr_ratio = [0.2, 0.2, 0.2, 0.2]
Prune local model 4, pr_ratio = [0.2, 0.2, 0.2, 0.2]
Prune local model 3, pr_ratio = [0.2, 0.2, 0.2, 0.2]
Round 61 – LOCAL TPR pre-agg per client: ['0.550', '0.408', '0.601', '0.771', '0.450', '0.534', '0.502', '0.592', '0.253', '0.125']
Round 61 – TPR per Domain: 0:0.425, 1:0.425, 2:0.348, 3:0.790, 4:0.590, 5:0.590, 6:0.590, 7:0.790, 8:0.348, 9:0.425
Round: 61 Method: dapperfl Mean_Acc: 54.145 Best_Acc: 57.787
Domain_Acc: [59.82, 78.95, 34.48, 43.33] Domain_BestAcc: [62.05, 81.05, 46.55, 46.67]
Prune local model 1, pr_ratio = [0.2, 0.2, 0.2, 0.2]
Prune local model 5, pr_ratio = [0.2, 0.2, 0.2, 0.2]
Prune local model 2, pr_ratio = [0.2, 0.2, 0.2, 0.2]
Prune local model 7, pr_ratio = [0.2, 0.2, 0.2, 0.2]
Prune local model 9, pr_ratio = [0.2, 0.2, 0.2, 0.2]
Prune local model 3, pr_ratio = [0.2, 0.2, 0.2, 0.2]
Prune local model 0, pr_ratio = [0.2, 0.2, 0.2, 0.2]
Prune local model 8, pr_ratio = [0.2, 0.2, 0.2, 0.2]
Prune local model 6, pr_ratio = [0.2, 0.2, 0.2, 0.2]
Prune local model 4, pr_ratio = [0.2, 0.2, 0.2, 0.2]
Round 62 – LOCAL TPR pre-agg per client: ['0.483', '0.517', '0.492', '0.615', '0.538', '0.457', '0.569', '0.644', '0.287', '0.225']
Round 62 – TPR per Domain: 0:0.392, 1:0.392, 2:0.487, 3:0.765, 4:0.606, 5:0.606, 6:0.606, 7:0.765, 8:0.487, 9:0.392
Round: 62 Method: dapperfl Mean_Acc: 57.062 Best_Acc: 57.787
Domain_Acc: [62.05, 76.32, 46.55, 43.33] Domain_BestAcc: [62.05, 81.05, 46.55, 46.67]
Prune local model 7, pr_ratio = [0.2, 0.2, 0.2, 0.2]
Prune local model 8, pr_ratio = [0.2, 0.2, 0.2, 0.2]
Prune local model 2, pr_ratio = [0.2, 0.2, 0.2, 0.2]
Prune local model 0, pr_ratio = [0.2, 0.2, 0.2, 0.2]
Prune local model 9, pr_ratio = [0.2, 0.2, 0.2, 0.2]
Prune local model 4, pr_ratio = [0.2, 0.2, 0.2, 0.2]
Prune local model 3, pr_ratio = [0.2, 0.2, 0.2, 0.2]
Prune local model 1, pr_ratio = [0.2, 0.2, 0.2, 0.2]
Prune local model 5, pr_ratio = [0.2, 0.2, 0.2, 0.2]
Prune local model 6, pr_ratio = [0.2, 0.2, 0.2, 0.2]
Round 63 – LOCAL TPR pre-agg per client: ['0.508', '0.425', '0.445', '0.768', '0.481', '0.534', '0.512', '0.607', '0.249', '0.075']
Round 63 – TPR per Domain: 0:0.350, 1:0.350, 2:0.373, 3:0.789, 4:0.593, 5:0.593, 6:0.593, 7:0.789, 8:0.373, 9:0.350
Round: 63 Method: dapperfl Mean_Acc: 53.613 Best_Acc: 57.787
Domain_Acc: [59.82, 78.42, 36.21, 40.0] Domain_BestAcc: [62.05, 81.05, 46.55, 46.67]
Prune local model 5, pr_ratio = [0.2, 0.2, 0.2, 0.2]
Prune local model 2, pr_ratio = [0.2, 0.2, 0.2, 0.2]
Prune local model 9, pr_ratio = [0.2, 0.2, 0.2, 0.2]
Prune local model 1, pr_ratio = [0.2, 0.2, 0.2, 0.2]
Prune local model 4, pr_ratio = [0.2, 0.2, 0.2, 0.2]
Prune local model 0, pr_ratio = [0.2, 0.2, 0.2, 0.2]
Prune local model 3, pr_ratio = [0.2, 0.2, 0.2, 0.2]
Prune local model 7, pr_ratio = [0.2, 0.2, 0.2, 0.2]
Prune local model 8, pr_ratio = [0.2, 0.2, 0.2, 0.2]
Prune local model 6, pr_ratio = [0.2, 0.2, 0.2, 0.2]
Round 64 – LOCAL TPR pre-agg per client: ['0.450', '0.500', '0.617', '0.755', '0.491', '0.563', '0.447', '0.579', '0.242', '0.275']
Round 64 – TPR per Domain: 0:0.517, 1:0.517, 2:0.368, 3:0.722, 4:0.590, 5:0.590, 6:0.590, 7:0.722, 8:0.368, 9:0.517
Round: 64 Method: dapperfl Mean_Acc: 55.368 Best_Acc: 57.787
Domain_Acc: [59.82, 72.11, 36.21, 53.33] Domain_BestAcc: [62.05, 81.05, 46.55, 53.33]
Prune local model 9, pr_ratio = [0.2, 0.2, 0.2, 0.2]
Prune local model 5, pr_ratio = [0.2, 0.2, 0.2, 0.2]
Prune local model 1, pr_ratio = [0.2, 0.2, 0.2, 0.2]
Prune local model 7, pr_ratio = [0.2, 0.2, 0.2, 0.2]
Prune local model 6, pr_ratio = [0.2, 0.2, 0.2, 0.2]
Prune local model 4, pr_ratio = [0.2, 0.2, 0.2, 0.2]
Prune local model 2, pr_ratio = [0.2, 0.2, 0.2, 0.2]
Prune local model 3, pr_ratio = [0.2, 0.2, 0.2, 0.2]
Prune local model 8, pr_ratio = [0.2, 0.2, 0.2, 0.2]
Prune local model 0, pr_ratio = [0.2, 0.2, 0.2, 0.2]
Round 65 – LOCAL TPR pre-agg per client: ['0.550', '0.400', '0.535', '0.699', '0.488', '0.566', '0.519', '0.691', '0.192', '0.225']
Round 65 – TPR per Domain: 0:0.300, 1:0.300, 2:0.405, 3:0.786, 4:0.599, 5:0.599, 6:0.599, 7:0.786, 8:0.405, 9:0.300
Round: 65 Method: dapperfl Mean_Acc: 53.865 Best_Acc: 57.787
Domain_Acc: [60.71, 78.42, 39.66, 36.67] Domain_BestAcc: [62.05, 81.05, 46.55, 53.33]
Prune local model 9, pr_ratio = [0.2, 0.2, 0.2, 0.2]
Prune local model 2, pr_ratio = [0.2, 0.2, 0.2, 0.2]
Prune local model 6, pr_ratio = [0.2, 0.2, 0.2, 0.2]
Prune local model 1, pr_ratio = [0.2, 0.2, 0.2, 0.2]
Prune local model 0, pr_ratio = [0.2, 0.2, 0.2, 0.2]
Prune local model 3, pr_ratio = [0.2, 0.2, 0.2, 0.2]
Prune local model 5, pr_ratio = [0.2, 0.2, 0.2, 0.2]
Prune local model 8, pr_ratio = [0.2, 0.2, 0.2, 0.2]
Prune local model 7, pr_ratio = [0.2, 0.2, 0.2, 0.2]
Prune local model 4, pr_ratio = [0.2, 0.2, 0.2, 0.2]
Round 66 – LOCAL TPR pre-agg per client: ['0.367', '0.383', '0.617', '0.663', '0.551', '0.537', '0.556', '0.641', '0.100', '0.250']
Round 66 – TPR per Domain: 0:0.325, 1:0.325, 2:0.328, 3:0.798, 4:0.579, 5:0.579, 6:0.579, 7:0.798, 8:0.328, 9:0.325
Round: 66 Method: dapperfl Mean_Acc: 52.09 Best_Acc: 57.787
Domain_Acc: [58.93, 80.0, 32.76, 36.67] Domain_BestAcc: [62.05, 81.05, 46.55, 53.33]
Prune local model 5, pr_ratio = [0.2, 0.2, 0.2, 0.2]
Prune local model 3, pr_ratio = [0.2, 0.2, 0.2, 0.2]
Prune local model 4, pr_ratio = [0.2, 0.2, 0.2, 0.2]
Prune local model 9, pr_ratio = [0.2, 0.2, 0.2, 0.2]
Prune local model 1, pr_ratio = [0.2, 0.2, 0.2, 0.2]
Prune local model 6, pr_ratio = [0.2, 0.2, 0.2, 0.2]
Prune local model 2, pr_ratio = [0.2, 0.2, 0.2, 0.2]
Prune local model 7, pr_ratio = [0.2, 0.2, 0.2, 0.2]
Prune local model 0, pr_ratio = [0.2, 0.2, 0.2, 0.2]
Prune local model 8, pr_ratio = [0.2, 0.2, 0.2, 0.2]
Round 67 – LOCAL TPR pre-agg per client: ['0.433', '0.500', '0.584', '0.661', '0.507', '0.553', '0.546', '0.466', '0.186', '0.100']
Round 67 – TPR per Domain: 0:0.325, 1:0.325, 2:0.509, 3:0.797, 4:0.610, 5:0.610, 6:0.610, 7:0.797, 8:0.509, 9:0.325
Round: 67 Method: dapperfl Mean_Acc: 56.617 Best_Acc: 57.787
Domain_Acc: [62.05, 79.47, 48.28, 36.67] Domain_BestAcc: [62.05, 81.05, 48.28, 53.33]
Prune local model 8, pr_ratio = [0.2, 0.2, 0.2, 0.2]
Prune local model 6, pr_ratio = [0.2, 0.2, 0.2, 0.2]
Prune local model 0, pr_ratio = [0.2, 0.2, 0.2, 0.2]
Prune local model 3, pr_ratio = [0.2, 0.2, 0.2, 0.2]
Prune local model 5, pr_ratio = [0.2, 0.2, 0.2, 0.2]
Prune local model 2, pr_ratio = [0.2, 0.2, 0.2, 0.2]
Prune local model 4, pr_ratio = [0.2, 0.2, 0.2, 0.2]
Prune local model 7, pr_ratio = [0.2, 0.2, 0.2, 0.2]
Prune local model 1, pr_ratio = [0.2, 0.2, 0.2, 0.2]
Prune local model 9, pr_ratio = [0.2, 0.2, 0.2, 0.2]
Round 68 – LOCAL TPR pre-agg per client: ['0.542', '0.333', '0.675', '0.759', '0.513', '0.498', '0.556', '0.657', '0.103', '0.075']
Round 68 – TPR per Domain: 0:0.200, 1:0.200, 2:0.352, 3:0.820, 4:0.568, 5:0.568, 6:0.568, 7:0.820, 8:0.352, 9:0.200
Round: 68 Method: dapperfl Mean_Acc: 50.325 Best_Acc: 57.787
Domain_Acc: [58.04, 82.11, 34.48, 26.67] Domain_BestAcc: [62.05, 82.11, 48.28, 53.33]
Prune local model 0, pr_ratio = [0.2, 0.2, 0.2, 0.2]
Prune local model 3, pr_ratio = [0.2, 0.2, 0.2, 0.2]
Prune local model 6, pr_ratio = [0.2, 0.2, 0.2, 0.2]
Prune local model 2, pr_ratio = [0.2, 0.2, 0.2, 0.2]
Prune local model 1, pr_ratio = [0.2, 0.2, 0.2, 0.2]
Prune local model 4, pr_ratio = [0.2, 0.2, 0.2, 0.2]
Prune local model 5, pr_ratio = [0.2, 0.2, 0.2, 0.2]
Prune local model 8, pr_ratio = [0.2, 0.2, 0.2, 0.2]
Prune local model 9, pr_ratio = [0.2, 0.2, 0.2, 0.2]
Prune local model 7, pr_ratio = [0.2, 0.2, 0.2, 0.2]
Round 69 – LOCAL TPR pre-agg per client: ['0.525', '0.458', '0.592', '0.656', '0.414', '0.411', '0.585', '0.728', '0.175', '0.200']
Round 69 – TPR per Domain: 0:0.425, 1:0.425, 2:0.467, 3:0.802, 4:0.615, 5:0.615, 6:0.615, 7:0.802, 8:0.467, 9:0.425
Round: 69 Method: dapperfl Mean_Acc: 58.93 Best_Acc: 58.93
Domain_Acc: [62.5, 80.0, 46.55, 46.67] Domain_BestAcc: [62.5, 82.11, 48.28, 53.33]
Prune local model 3, pr_ratio = [0.2, 0.2, 0.2, 0.2]
Prune local model 9, pr_ratio = [0.2, 0.2, 0.2, 0.2]
Prune local model 4, pr_ratio = [0.2, 0.2, 0.2, 0.2]
Prune local model 7, pr_ratio = [0.2, 0.2, 0.2, 0.2]
Prune local model 6, pr_ratio = [0.2, 0.2, 0.2, 0.2]
Prune local model 0, pr_ratio = [0.2, 0.2, 0.2, 0.2]
Prune local model 8, pr_ratio = [0.2, 0.2, 0.2, 0.2]
Prune local model 1, pr_ratio = [0.2, 0.2, 0.2, 0.2]
Prune local model 2, pr_ratio = [0.2, 0.2, 0.2, 0.2]
Prune local model 5, pr_ratio = [0.2, 0.2, 0.2, 0.2]
Round 70 – LOCAL TPR pre-agg per client: ['0.458', '0.367', '0.622', '0.805', '0.521', '0.602', '0.512', '0.234', '0.137', '0.300']
Round 70 – TPR per Domain: 0:0.433, 1:0.433, 2:0.434, 3:0.805, 4:0.578, 5:0.578, 6:0.578, 7:0.805, 8:0.434, 9:0.433
Round: 70 Method: dapperfl Mean_Acc: 57.42 Best_Acc: 58.93
Domain_Acc: [59.38, 80.53, 43.1, 46.67] Domain_BestAcc: [62.5, 82.11, 48.28, 53.33]
Prune local model 8, pr_ratio = [0.2, 0.2, 0.2, 0.2]
Prune local model 5, pr_ratio = [0.2, 0.2, 0.2, 0.2]
Prune local model 7, pr_ratio = [0.2, 0.2, 0.2, 0.2]
Prune local model 6, pr_ratio = [0.2, 0.2, 0.2, 0.2]
Prune local model 0, pr_ratio = [0.2, 0.2, 0.2, 0.2]
Prune local model 9, pr_ratio = [0.2, 0.2, 0.2, 0.2]
Prune local model 4, pr_ratio = [0.2, 0.2, 0.2, 0.2]
Prune local model 2, pr_ratio = [0.2, 0.2, 0.2, 0.2]
Prune local model 1, pr_ratio = [0.2, 0.2, 0.2, 0.2]
Prune local model 3, pr_ratio = [0.2, 0.2, 0.2, 0.2]
Round 71 – LOCAL TPR pre-agg per client: ['0.425', '0.458', '0.588', '0.715', '0.582', '0.563', '0.560', '0.698', '0.133', '0.200']
Round 71 – TPR per Domain: 0:0.275, 1:0.275, 2:0.436, 3:0.797, 4:0.612, 5:0.612, 6:0.612, 7:0.797, 8:0.436, 9:0.275
Round: 71 Method: dapperfl Mean_Acc: 53.947 Best_Acc: 58.93
Domain_Acc: [61.61, 79.47, 41.38, 33.33] Domain_BestAcc: [62.5, 82.11, 48.28, 53.33]
Prune local model 7, pr_ratio = [0.2, 0.2, 0.2, 0.2]
Prune local model 8, pr_ratio = [0.2, 0.2, 0.2, 0.2]
Prune local model 4, pr_ratio = [0.2, 0.2, 0.2, 0.2]
Prune local model 9, pr_ratio = [0.2, 0.2, 0.2, 0.2]
Prune local model 6, pr_ratio = [0.2, 0.2, 0.2, 0.2]
Prune local model 1, pr_ratio = [0.2, 0.2, 0.2, 0.2]
Prune local model 0, pr_ratio = [0.2, 0.2, 0.2, 0.2]
Prune local model 5, pr_ratio = [0.2, 0.2, 0.2, 0.2]
Prune local model 3, pr_ratio = [0.2, 0.2, 0.2, 0.2]
Prune local model 2, pr_ratio = [0.2, 0.2, 0.2, 0.2]
Round 72 – LOCAL TPR pre-agg per client: ['0.550', '0.442', '0.679', '0.690', '0.572', '0.467', '0.586', '0.661', '0.198', '0.100']
Round 72 – TPR per Domain: 0:0.258, 1:0.258, 2:0.411, 3:0.772, 4:0.621, 5:0.621, 6:0.621, 7:0.772, 8:0.411, 9:0.258
Round: 72 Method: dapperfl Mean_Acc: 54.235 Best_Acc: 58.93
Domain_Acc: [62.05, 76.84, 41.38, 36.67] Domain_BestAcc: [62.5, 82.11, 48.28, 53.33]
Prune local model 8, pr_ratio = [0.2, 0.2, 0.2, 0.2]
Prune local model 0, pr_ratio = [0.2, 0.2, 0.2, 0.2]
Prune local model 1, pr_ratio = [0.2, 0.2, 0.2, 0.2]
Prune local model 9, pr_ratio = [0.2, 0.2, 0.2, 0.2]
Prune local model 7, pr_ratio = [0.2, 0.2, 0.2, 0.2]
Prune local model 5, pr_ratio = [0.2, 0.2, 0.2, 0.2]
Prune local model 4, pr_ratio = [0.2, 0.2, 0.2, 0.2]
Prune local model 2, pr_ratio = [0.2, 0.2, 0.2, 0.2]
Prune local model 6, pr_ratio = [0.2, 0.2, 0.2, 0.2]
Prune local model 3, pr_ratio = [0.2, 0.2, 0.2, 0.2]
Round 73 – LOCAL TPR pre-agg per client: ['0.325', '0.650', '0.429', '0.741', '0.579', '0.536', '0.516', '0.605', '0.133', '0.250']
Round 73 – TPR per Domain: 0:0.325, 1:0.325, 2:0.348, 3:0.796, 4:0.592, 5:0.592, 6:0.592, 7:0.796, 8:0.348, 9:0.325
Round: 73 Method: dapperfl Mean_Acc: 52.832 Best_Acc: 58.93
Domain_Acc: [60.71, 79.47, 34.48, 36.67] Domain_BestAcc: [62.5, 82.11, 48.28, 53.33]
Prune local model 8, pr_ratio = [0.2, 0.2, 0.2, 0.2]
Prune local model 6, pr_ratio = [0.2, 0.2, 0.2, 0.2]
Prune local model 0, pr_ratio = [0.2, 0.2, 0.2, 0.2]
Prune local model 5, pr_ratio = [0.2, 0.2, 0.2, 0.2]
Prune local model 1, pr_ratio = [0.2, 0.2, 0.2, 0.2]
Prune local model 7, pr_ratio = [0.2, 0.2, 0.2, 0.2]
Prune local model 2, pr_ratio = [0.2, 0.2, 0.2, 0.2]
Prune local model 9, pr_ratio = [0.2, 0.2, 0.2, 0.2]
Prune local model 4, pr_ratio = [0.2, 0.2, 0.2, 0.2]
Prune local model 3, pr_ratio = [0.2, 0.2, 0.2, 0.2]
Round 74 – LOCAL TPR pre-agg per client: ['0.575', '0.392', '0.688', '0.780', '0.543', '0.522', '0.517', '0.699', '0.253', '0.200']
Round 74 – TPR per Domain: 0:0.383, 1:0.383, 2:0.292, 3:0.787, 4:0.578, 5:0.578, 6:0.578, 7:0.787, 8:0.292, 9:0.383
Round: 74 Method: dapperfl Mean_Acc: 52.385 Best_Acc: 58.93
Domain_Acc: [58.48, 78.42, 29.31, 43.33] Domain_BestAcc: [62.5, 82.11, 48.28, 53.33]
Prune local model 5, pr_ratio = [0.2, 0.2, 0.2, 0.2]
Prune local model 1, pr_ratio = [0.2, 0.2, 0.2, 0.2]
Prune local model 9, pr_ratio = [0.2, 0.2, 0.2, 0.2]
Prune local model 0, pr_ratio = [0.2, 0.2, 0.2, 0.2]
Prune local model 6, pr_ratio = [0.2, 0.2, 0.2, 0.2]
Prune local model 8, pr_ratio = [0.2, 0.2, 0.2, 0.2]
Prune local model 7, pr_ratio = [0.2, 0.2, 0.2, 0.2]
Prune local model 2, pr_ratio = [0.2, 0.2, 0.2, 0.2]
Prune local model 4, pr_ratio = [0.2, 0.2, 0.2, 0.2]
Prune local model 3, pr_ratio = [0.2, 0.2, 0.2, 0.2]
Round 75 – LOCAL TPR pre-agg per client: ['0.392', '0.583', '0.608', '0.737', '0.573', '0.586', '0.565', '0.607', '0.267', '0.200']
Round 75 – TPR per Domain: 0:0.350, 1:0.350, 2:0.386, 3:0.827, 4:0.629, 5:0.629, 6:0.629, 7:0.827, 8:0.386, 9:0.350
Round: 75 Method: dapperfl Mean_Acc: 56.1 Best_Acc: 58.93
Domain_Acc: [63.84, 82.63, 37.93, 40.0] Domain_BestAcc: [63.84, 82.63, 48.28, 53.33]
Prune local model 0, pr_ratio = [0.2, 0.2, 0.2, 0.2]
Prune local model 8, pr_ratio = [0.2, 0.2, 0.2, 0.2]
Prune local model 5, pr_ratio = [0.2, 0.2, 0.2, 0.2]
Prune local model 9, pr_ratio = [0.2, 0.2, 0.2, 0.2]
Prune local model 2, pr_ratio = [0.2, 0.2, 0.2, 0.2]
Prune local model 6, pr_ratio = [0.2, 0.2, 0.2, 0.2]
Prune local model 3, pr_ratio = [0.2, 0.2, 0.2, 0.2]
Prune local model 4, pr_ratio = [0.2, 0.2, 0.2, 0.2]
Prune local model 1, pr_ratio = [0.2, 0.2, 0.2, 0.2]
Prune local model 7, pr_ratio = [0.2, 0.2, 0.2, 0.2]
Round 76 – LOCAL TPR pre-agg per client: ['0.558', '0.408', '0.596', '0.572', '0.594', '0.572', '0.489', '0.385', '0.270', '0.175']
Round 76 – TPR per Domain: 0:0.317, 1:0.317, 2:0.372, 3:0.815, 4:0.597, 5:0.597, 6:0.597, 7:0.815, 8:0.372, 9:0.317
Round: 76 Method: dapperfl Mean_Acc: 53.683 Best_Acc: 58.93
Domain_Acc: [60.27, 81.58, 36.21, 36.67] Domain_BestAcc: [63.84, 82.63, 48.28, 53.33]
Prune local model 2, pr_ratio = [0.2, 0.2, 0.2, 0.2]
Prune local model 8, pr_ratio = [0.2, 0.2, 0.2, 0.2]
Prune local model 3, pr_ratio = [0.2, 0.2, 0.2, 0.2]
Prune local model 1, pr_ratio = [0.2, 0.2, 0.2, 0.2]
Prune local model 4, pr_ratio = [0.2, 0.2, 0.2, 0.2]
Prune local model 7, pr_ratio = [0.2, 0.2, 0.2, 0.2]
Prune local model 0, pr_ratio = [0.2, 0.2, 0.2, 0.2]
Prune local model 9, pr_ratio = [0.2, 0.2, 0.2, 0.2]
Prune local model 5, pr_ratio = [0.2, 0.2, 0.2, 0.2]
Prune local model 6, pr_ratio = [0.2, 0.2, 0.2, 0.2]
Round 77 – LOCAL TPR pre-agg per client: ['0.558', '0.442', '0.584', '0.629', '0.518', '0.610', '0.497', '0.764', '0.236', '0.100']
Round 77 – TPR per Domain: 0:0.375, 1:0.375, 2:0.405, 3:0.828, 4:0.605, 5:0.605, 6:0.605, 7:0.828, 8:0.405, 9:0.375
Round: 77 Method: dapperfl Mean_Acc: 55.975 Best_Acc: 58.93
Domain_Acc: [61.61, 82.63, 39.66, 40.0] Domain_BestAcc: [63.84, 82.63, 48.28, 53.33]
Prune local model 6, pr_ratio = [0.2, 0.2, 0.2, 0.2]
Prune local model 4, pr_ratio = [0.2, 0.2, 0.2, 0.2]
Prune local model 3, pr_ratio = [0.2, 0.2, 0.2, 0.2]
Prune local model 9, pr_ratio = [0.2, 0.2, 0.2, 0.2]
Prune local model 2, pr_ratio = [0.2, 0.2, 0.2, 0.2]
Prune local model 7, pr_ratio = [0.2, 0.2, 0.2, 0.2]
Prune local model 0, pr_ratio = [0.2, 0.2, 0.2, 0.2]
Prune local model 8, pr_ratio = [0.2, 0.2, 0.2, 0.2]
Prune local model 5, pr_ratio = [0.2, 0.2, 0.2, 0.2]
Prune local model 1, pr_ratio = [0.2, 0.2, 0.2, 0.2]
Round 78 – LOCAL TPR pre-agg per client: ['0.475', '0.325', '0.637', '0.767', '0.557', '0.569', '0.596', '0.517', '0.067', '0.150']
Round 78 – TPR per Domain: 0:0.350, 1:0.350, 2:0.390, 3:0.832, 4:0.590, 5:0.590, 6:0.590, 7:0.832, 8:0.390, 9:0.350
Round: 78 Method: dapperfl Mean_Acc: 55.228 Best_Acc: 58.93
Domain_Acc: [59.82, 83.16, 37.93, 40.0] Domain_BestAcc: [63.84, 83.16, 48.28, 53.33]
Prune local model 5, pr_ratio = [0.2, 0.2, 0.2, 0.2]
Prune local model 8, pr_ratio = [0.2, 0.2, 0.2, 0.2]
Prune local model 0, pr_ratio = [0.2, 0.2, 0.2, 0.2]
Prune local model 6, pr_ratio = [0.2, 0.2, 0.2, 0.2]
Prune local model 3, pr_ratio = [0.2, 0.2, 0.2, 0.2]
Prune local model 4, pr_ratio = [0.2, 0.2, 0.2, 0.2]
Prune local model 2, pr_ratio = [0.2, 0.2, 0.2, 0.2]
Prune local model 1, pr_ratio = [0.2, 0.2, 0.2, 0.2]
Prune local model 7, pr_ratio = [0.2, 0.2, 0.2, 0.2]
Prune local model 9, pr_ratio = [0.2, 0.2, 0.2, 0.2]
Round 79 – LOCAL TPR pre-agg per client: ['0.525', '0.525', '0.683', '0.754', '0.512', '0.556', '0.566', '0.682', '0.239', '0.300']
Round 79 – TPR per Domain: 0:0.342, 1:0.342, 2:0.388, 3:0.801, 4:0.614, 5:0.614, 6:0.614, 7:0.801, 8:0.388, 9:0.342
Round: 79 Method: dapperfl Mean_Acc: 54.995 Best_Acc: 58.93
Domain_Acc: [62.05, 80.0, 37.93, 40.0] Domain_BestAcc: [63.84, 83.16, 48.28, 53.33]
Prune local model 4, pr_ratio = [0.2, 0.2, 0.2, 0.2]
Prune local model 8, pr_ratio = [0.2, 0.2, 0.2, 0.2]
Prune local model 7, pr_ratio = [0.2, 0.2, 0.2, 0.2]
Prune local model 5, pr_ratio = [0.2, 0.2, 0.2, 0.2]
Prune local model 6, pr_ratio = [0.2, 0.2, 0.2, 0.2]
Prune local model 0, pr_ratio = [0.2, 0.2, 0.2, 0.2]
Prune local model 2, pr_ratio = [0.2, 0.2, 0.2, 0.2]
Prune local model 3, pr_ratio = [0.2, 0.2, 0.2, 0.2]
Prune local model 9, pr_ratio = [0.2, 0.2, 0.2, 0.2]
Prune local model 1, pr_ratio = [0.2, 0.2, 0.2, 0.2]
Round 80 – LOCAL TPR pre-agg per client: ['0.533', '0.433', '0.592', '0.689', '0.520', '0.612', '0.516', '0.739', '0.167', '0.100']
Round 80 – TPR per Domain: 0:0.417, 1:0.417, 2:0.312, 3:0.783, 4:0.600, 5:0.600, 6:0.600, 7:0.783, 8:0.312, 9:0.417
Round: 80 Method: dapperfl Mean_Acc: 53.13 Best_Acc: 58.93
Domain_Acc: [60.27, 77.89, 31.03, 43.33] Domain_BestAcc: [63.84, 83.16, 48.28, 53.33]
Prune local model 9, pr_ratio = [0.2, 0.2, 0.2, 0.2]
Prune local model 3, pr_ratio = [0.2, 0.2, 0.2, 0.2]
Prune local model 0, pr_ratio = [0.2, 0.2, 0.2, 0.2]
Prune local model 8, pr_ratio = [0.2, 0.2, 0.2, 0.2]
Prune local model 7, pr_ratio = [0.2, 0.2, 0.2, 0.2]
Prune local model 4, pr_ratio = [0.2, 0.2, 0.2, 0.2]
Prune local model 5, pr_ratio = [0.2, 0.2, 0.2, 0.2]
Prune local model 1, pr_ratio = [0.2, 0.2, 0.2, 0.2]
Prune local model 6, pr_ratio = [0.2, 0.2, 0.2, 0.2]
Prune local model 2, pr_ratio = [0.2, 0.2, 0.2, 0.2]
Round 81 – LOCAL TPR pre-agg per client: ['0.525', '0.400', '0.588', '0.625', '0.599', '0.579', '0.564', '0.690', '0.244', '0.225']
Round 81 – TPR per Domain: 0:0.200, 1:0.200, 2:0.370, 3:0.798, 4:0.622, 5:0.622, 6:0.622, 7:0.798, 8:0.370, 9:0.200
Round: 81 Method: dapperfl Mean_Acc: 51.755 Best_Acc: 58.93
Domain_Acc: [62.95, 79.47, 37.93, 26.67] Domain_BestAcc: [63.84, 83.16, 48.28, 53.33]
Prune local model 7, pr_ratio = [0.2, 0.2, 0.2, 0.2]
Prune local model 0, pr_ratio = [0.2, 0.2, 0.2, 0.2]
Prune local model 9, pr_ratio = [0.2, 0.2, 0.2, 0.2]
Prune local model 1, pr_ratio = [0.2, 0.2, 0.2, 0.2]
Prune local model 3, pr_ratio = [0.2, 0.2, 0.2, 0.2]
Prune local model 6, pr_ratio = [0.2, 0.2, 0.2, 0.2]
Prune local model 2, pr_ratio = [0.2, 0.2, 0.2, 0.2]
Prune local model 5, pr_ratio = [0.2, 0.2, 0.2, 0.2]
Prune local model 4, pr_ratio = [0.2, 0.2, 0.2, 0.2]
Prune local model 8, pr_ratio = [0.2, 0.2, 0.2, 0.2]
Round 82 – LOCAL TPR pre-agg per client: ['0.525', '0.325', '0.565', '0.823', '0.428', '0.613', '0.527', '0.637', '0.188', '0.275']
Round 82 – TPR per Domain: 0:0.425, 1:0.425, 2:0.427, 3:0.797, 4:0.618, 5:0.618, 6:0.618, 7:0.797, 8:0.427, 9:0.425
Round: 82 Method: dapperfl Mean_Acc: 57.505 Best_Acc: 58.93
Domain_Acc: [62.5, 79.47, 41.38, 46.67] Domain_BestAcc: [63.84, 83.16, 48.28, 53.33]
Prune local model 9, pr_ratio = [0.2, 0.2, 0.2, 0.2]
Prune local model 0, pr_ratio = [0.2, 0.2, 0.2, 0.2]
Prune local model 4, pr_ratio = [0.2, 0.2, 0.2, 0.2]
Prune local model 7, pr_ratio = [0.2, 0.2, 0.2, 0.2]
Prune local model 5, pr_ratio = [0.2, 0.2, 0.2, 0.2]
Prune local model 3, pr_ratio = [0.2, 0.2, 0.2, 0.2]
Prune local model 1, pr_ratio = [0.2, 0.2, 0.2, 0.2]
Prune local model 6, pr_ratio = [0.2, 0.2, 0.2, 0.2]
Prune local model 2, pr_ratio = [0.2, 0.2, 0.2, 0.2]
Prune local model 8, pr_ratio = [0.2, 0.2, 0.2, 0.2]
Round 83 – LOCAL TPR pre-agg per client: ['0.467', '0.383', '0.613', '0.779', '0.515', '0.372', '0.513', '0.684', '0.202', '0.175']
Round 83 – TPR per Domain: 0:0.400, 1:0.400, 2:0.307, 3:0.811, 4:0.610, 5:0.610, 6:0.610, 7:0.811, 8:0.307, 9:0.400
Round: 83 Method: dapperfl Mean_Acc: 54.478 Best_Acc: 58.93
Domain_Acc: [62.5, 81.05, 31.03, 43.33] Domain_BestAcc: [63.84, 83.16, 48.28, 53.33]
Prune local model 8, pr_ratio = [0.2, 0.2, 0.2, 0.2]
Prune local model 5, pr_ratio = [0.2, 0.2, 0.2, 0.2]
Prune local model 6, pr_ratio = [0.2, 0.2, 0.2, 0.2]
Prune local model 0, pr_ratio = [0.2, 0.2, 0.2, 0.2]
Prune local model 3, pr_ratio = [0.2, 0.2, 0.2, 0.2]
Prune local model 4, pr_ratio = [0.2, 0.2, 0.2, 0.2]
Prune local model 7, pr_ratio = [0.2, 0.2, 0.2, 0.2]
Prune local model 1, pr_ratio = [0.2, 0.2, 0.2, 0.2]
Prune local model 2, pr_ratio = [0.2, 0.2, 0.2, 0.2]
Prune local model 9, pr_ratio = [0.2, 0.2, 0.2, 0.2]
Round 84 – LOCAL TPR pre-agg per client: ['0.500', '0.283', '0.642', '0.756', '0.568', '0.530', '0.385', '0.614', '0.177', '0.200']
Round 84 – TPR per Domain: 0:0.400, 1:0.400, 2:0.381, 3:0.735, 4:0.559, 5:0.559, 6:0.559, 7:0.735, 8:0.381, 9:0.400
Round: 84 Method: dapperfl Mean_Acc: 52.238 Best_Acc: 58.93
Domain_Acc: [56.25, 73.16, 36.21, 43.33] Domain_BestAcc: [63.84, 83.16, 48.28, 53.33]
Prune local model 2, pr_ratio = [0.2, 0.2, 0.2, 0.2]
Prune local model 8, pr_ratio = [0.2, 0.2, 0.2, 0.2]
Prune local model 7, pr_ratio = [0.2, 0.2, 0.2, 0.2]
Prune local model 9, pr_ratio = [0.2, 0.2, 0.2, 0.2]
Prune local model 4, pr_ratio = [0.2, 0.2, 0.2, 0.2]
Prune local model 3, pr_ratio = [0.2, 0.2, 0.2, 0.2]
Prune local model 1, pr_ratio = [0.2, 0.2, 0.2, 0.2]
Prune local model 6, pr_ratio = [0.2, 0.2, 0.2, 0.2]
Prune local model 0, pr_ratio = [0.2, 0.2, 0.2, 0.2]
Prune local model 5, pr_ratio = [0.2, 0.2, 0.2, 0.2]
Round 85 – LOCAL TPR pre-agg per client: ['0.542', '0.400', '0.567', '0.717', '0.449', '0.521', '0.500', '0.736', '0.100', '0.183']
Round 85 – TPR per Domain: 0:0.367, 1:0.367, 2:0.392, 3:0.790, 4:0.609, 5:0.609, 6:0.609, 7:0.790, 8:0.392, 9:0.367
Round: 85 Method: dapperfl Mean_Acc: 55.565 Best_Acc: 58.93
Domain_Acc: [62.05, 78.95, 37.93, 43.33] Domain_BestAcc: [63.84, 83.16, 48.28, 53.33]
Prune local model 2, pr_ratio = [0.2, 0.2, 0.2, 0.2]
Prune local model 7, pr_ratio = [0.2, 0.2, 0.2, 0.2]
Prune local model 8, pr_ratio = [0.2, 0.2, 0.2, 0.2]
Prune local model 6, pr_ratio = [0.2, 0.2, 0.2, 0.2]
Prune local model 1, pr_ratio = [0.2, 0.2, 0.2, 0.2]
Prune local model 5, pr_ratio = [0.2, 0.2, 0.2, 0.2]
Prune local model 9, pr_ratio = [0.2, 0.2, 0.2, 0.2]
Prune local model 0, pr_ratio = [0.2, 0.2, 0.2, 0.2]
Prune local model 3, pr_ratio = [0.2, 0.2, 0.2, 0.2]
Prune local model 4, pr_ratio = [0.2, 0.2, 0.2, 0.2]
Round 86 – LOCAL TPR pre-agg per client: ['0.450', '0.292', '0.600', '0.738', '0.546', '0.542', '0.605', '0.279', '0.358', '0.125']
Round 86 – TPR per Domain: 0:0.325, 1:0.325, 2:0.315, 3:0.826, 4:0.603, 5:0.603, 6:0.603, 7:0.826, 8:0.315, 9:0.325
Round: 86 Method: dapperfl Mean_Acc: 52.872 Best_Acc: 58.93
Domain_Acc: [61.16, 82.63, 31.03, 36.67] Domain_BestAcc: [63.84, 83.16, 48.28, 53.33]
Prune local model 1, pr_ratio = [0.2, 0.2, 0.2, 0.2]
Prune local model 4, pr_ratio = [0.2, 0.2, 0.2, 0.2]
Prune local model 2, pr_ratio = [0.2, 0.2, 0.2, 0.2]
Prune local model 6, pr_ratio = [0.2, 0.2, 0.2, 0.2]
Prune local model 7, pr_ratio = [0.2, 0.2, 0.2, 0.2]
Prune local model 8, pr_ratio = [0.2, 0.2, 0.2, 0.2]
Prune local model 0, pr_ratio = [0.2, 0.2, 0.2, 0.2]
Prune local model 3, pr_ratio = [0.2, 0.2, 0.2, 0.2]
Prune local model 9, pr_ratio = [0.2, 0.2, 0.2, 0.2]
Prune local model 5, pr_ratio = [0.2, 0.2, 0.2, 0.2]
Round 87 – LOCAL TPR pre-agg per client: ['0.442', '0.492', '0.642', '0.628', '0.479', '0.555', '0.557', '0.615', '0.254', '0.250']
Round 87 – TPR per Domain: 0:0.350, 1:0.350, 2:0.439, 3:0.797, 4:0.604, 5:0.604, 6:0.604, 7:0.797, 8:0.439, 9:0.350
Round: 87 Method: dapperfl Mean_Acc: 56.365 Best_Acc: 58.93
Domain_Acc: [61.16, 79.47, 44.83, 40.0] Domain_BestAcc: [63.84, 83.16, 48.28, 53.33]
Prune local model 9, pr_ratio = [0.2, 0.2, 0.2, 0.2]
Prune local model 8, pr_ratio = [0.2, 0.2, 0.2, 0.2]
Prune local model 7, pr_ratio = [0.2, 0.2, 0.2, 0.2]
Prune local model 2, pr_ratio = [0.2, 0.2, 0.2, 0.2]
Prune local model 4, pr_ratio = [0.2, 0.2, 0.2, 0.2]
Prune local model 0, pr_ratio = [0.2, 0.2, 0.2, 0.2]
Prune local model 5, pr_ratio = [0.2, 0.2, 0.2, 0.2]
Prune local model 3, pr_ratio = [0.2, 0.2, 0.2, 0.2]
Prune local model 1, pr_ratio = [0.2, 0.2, 0.2, 0.2]
Prune local model 6, pr_ratio = [0.2, 0.2, 0.2, 0.2]
Round 88 – LOCAL TPR pre-agg per client: ['0.458', '0.383', '0.704', '0.766', '0.581', '0.599', '0.583', '0.362', '0.221', '0.117']
Round 88 – TPR per Domain: 0:0.325, 1:0.325, 2:0.399, 3:0.814, 4:0.575, 5:0.575, 6:0.575, 7:0.814, 8:0.399, 9:0.325
Round: 88 Method: dapperfl Mean_Acc: 53.422 Best_Acc: 58.93
Domain_Acc: [58.04, 81.05, 37.93, 36.67] Domain_BestAcc: [63.84, 83.16, 48.28, 53.33]
Prune local model 9, pr_ratio = [0.2, 0.2, 0.2, 0.2]
Prune local model 0, pr_ratio = [0.2, 0.2, 0.2, 0.2]
Prune local model 4, pr_ratio = [0.2, 0.2, 0.2, 0.2]
Prune local model 6, pr_ratio = [0.2, 0.2, 0.2, 0.2]
Prune local model 7, pr_ratio = [0.2, 0.2, 0.2, 0.2]
Prune local model 2, pr_ratio = [0.2, 0.2, 0.2, 0.2]
Prune local model 3, pr_ratio = [0.2, 0.2, 0.2, 0.2]
Prune local model 5, pr_ratio = [0.2, 0.2, 0.2, 0.2]
Prune local model 1, pr_ratio = [0.2, 0.2, 0.2, 0.2]
Prune local model 8, pr_ratio = [0.2, 0.2, 0.2, 0.2]
Round 89 – LOCAL TPR pre-agg per client: ['0.575', '0.375', '0.612', '0.792', '0.600', '0.532', '0.625', '0.769', '0.170', '0.200']
Round 89 – TPR per Domain: 0:0.275, 1:0.275, 2:0.386, 3:0.812, 4:0.629, 5:0.629, 6:0.629, 7:0.812, 8:0.386, 9:0.275
Round: 89 Method: dapperfl Mean_Acc: 53.925 Best_Acc: 58.93
Domain_Acc: [63.39, 81.05, 37.93, 33.33] Domain_BestAcc: [63.84, 83.16, 48.28, 53.33]
Prune local model 9, pr_ratio = [0.2, 0.2, 0.2, 0.2]
Prune local model 1, pr_ratio = [0.2, 0.2, 0.2, 0.2]
Prune local model 7, pr_ratio = [0.2, 0.2, 0.2, 0.2]
Prune local model 3, pr_ratio = [0.2, 0.2, 0.2, 0.2]
Prune local model 5, pr_ratio = [0.2, 0.2, 0.2, 0.2]
Prune local model 4, pr_ratio = [0.2, 0.2, 0.2, 0.2]
Prune local model 2, pr_ratio = [0.2, 0.2, 0.2, 0.2]
Prune local model 0, pr_ratio = [0.2, 0.2, 0.2, 0.2]
Prune local model 6, pr_ratio = [0.2, 0.2, 0.2, 0.2]
Prune local model 8, pr_ratio = [0.2, 0.2, 0.2, 0.2]
Round 90 – LOCAL TPR pre-agg per client: ['0.525', '0.525', '0.721', '0.596', '0.620', '0.624', '0.618', '0.728', '0.223', '0.175']
Round 90 – TPR per Domain: 0:0.275, 1:0.275, 2:0.397, 3:0.791, 4:0.601, 5:0.601, 6:0.601, 7:0.791, 8:0.397, 9:0.275
Round: 90 Method: dapperfl Mean_Acc: 52.842 Best_Acc: 58.93
Domain_Acc: [61.16, 78.95, 37.93, 33.33] Domain_BestAcc: [63.84, 83.16, 48.28, 53.33]
Prune local model 7, pr_ratio = [0.2, 0.2, 0.2, 0.2]
Prune local model 4, pr_ratio = [0.2, 0.2, 0.2, 0.2]
Prune local model 3, pr_ratio = [0.2, 0.2, 0.2, 0.2]
Prune local model 6, pr_ratio = [0.2, 0.2, 0.2, 0.2]
Prune local model 9, pr_ratio = [0.2, 0.2, 0.2, 0.2]
Prune local model 2, pr_ratio = [0.2, 0.2, 0.2, 0.2]
Prune local model 8, pr_ratio = [0.2, 0.2, 0.2, 0.2]
Prune local model 5, pr_ratio = [0.2, 0.2, 0.2, 0.2]
Prune local model 1, pr_ratio = [0.2, 0.2, 0.2, 0.2]
Prune local model 0, pr_ratio = [0.2, 0.2, 0.2, 0.2]
Round 91 – LOCAL TPR pre-agg per client: ['0.475', '0.550', '0.675', '0.641', '0.561', '0.591', '0.616', '0.700', '0.234', '0.100']
Round 91 – TPR per Domain: 0:0.225, 1:0.225, 2:0.271, 3:0.793, 4:0.622, 5:0.622, 6:0.622, 7:0.793, 8:0.271, 9:0.225
Round: 91 Method: dapperfl Mean_Acc: 48.092 Best_Acc: 58.93
Domain_Acc: [62.5, 78.95, 27.59, 23.33] Domain_BestAcc: [63.84, 83.16, 48.28, 53.33]
Prune local model 8, pr_ratio = [0.2, 0.2, 0.2, 0.2]
Prune local model 7, pr_ratio = [0.2, 0.2, 0.2, 0.2]
Prune local model 1, pr_ratio = [0.2, 0.2, 0.2, 0.2]
Prune local model 0, pr_ratio = [0.2, 0.2, 0.2, 0.2]
Prune local model 5, pr_ratio = [0.2, 0.2, 0.2, 0.2]
Prune local model 9, pr_ratio = [0.2, 0.2, 0.2, 0.2]
Prune local model 2, pr_ratio = [0.2, 0.2, 0.2, 0.2]
Prune local model 4, pr_ratio = [0.2, 0.2, 0.2, 0.2]
Prune local model 6, pr_ratio = [0.2, 0.2, 0.2, 0.2]
Prune local model 3, pr_ratio = [0.2, 0.2, 0.2, 0.2]
Round 92 – LOCAL TPR pre-agg per client: ['0.458', '0.567', '0.688', '0.809', '0.616', '0.652', '0.627', '0.586', '0.182', '0.250']
Round 92 – TPR per Domain: 0:0.400, 1:0.400, 2:0.419, 3:0.807, 4:0.637, 5:0.637, 6:0.637, 7:0.807, 8:0.419, 9:0.400
Round: 92 Method: dapperfl Mean_Acc: 57.382 Best_Acc: 58.93
Domain_Acc: [64.29, 80.53, 41.38, 43.33] Domain_BestAcc: [64.29, 83.16, 48.28, 53.33]
Prune local model 6, pr_ratio = [0.2, 0.2, 0.2, 0.2]
Prune local model 7, pr_ratio = [0.2, 0.2, 0.2, 0.2]
Prune local model 4, pr_ratio = [0.2, 0.2, 0.2, 0.2]
Prune local model 1, pr_ratio = [0.2, 0.2, 0.2, 0.2]
Prune local model 0, pr_ratio = [0.2, 0.2, 0.2, 0.2]
Prune local model 8, pr_ratio = [0.2, 0.2, 0.2, 0.2]
Prune local model 9, pr_ratio = [0.2, 0.2, 0.2, 0.2]
Prune local model 2, pr_ratio = [0.2, 0.2, 0.2, 0.2]
Prune local model 3, pr_ratio = [0.2, 0.2, 0.2, 0.2]
Prune local model 5, pr_ratio = [0.2, 0.2, 0.2, 0.2]
Round 93 – LOCAL TPR pre-agg per client: ['0.525', '0.500', '0.621', '0.803', '0.637', '0.592', '0.584', '0.643', '0.179', '0.250']
Round 93 – TPR per Domain: 0:0.300, 1:0.300, 2:0.358, 3:0.807, 4:0.601, 5:0.601, 6:0.601, 7:0.807, 8:0.358, 9:0.300
Round: 93 Method: dapperfl Mean_Acc: 53.53 Best_Acc: 58.93
Domain_Acc: [60.71, 80.53, 36.21, 36.67] Domain_BestAcc: [64.29, 83.16, 48.28, 53.33]
Prune local model 0, pr_ratio = [0.2, 0.2, 0.2, 0.2]
Prune local model 6, pr_ratio = [0.2, 0.2, 0.2, 0.2]
Prune local model 2, pr_ratio = [0.2, 0.2, 0.2, 0.2]
Prune local model 9, pr_ratio = [0.2, 0.2, 0.2, 0.2]
Prune local model 7, pr_ratio = [0.2, 0.2, 0.2, 0.2]
Prune local model 8, pr_ratio = [0.2, 0.2, 0.2, 0.2]
Prune local model 3, pr_ratio = [0.2, 0.2, 0.2, 0.2]
Prune local model 1, pr_ratio = [0.2, 0.2, 0.2, 0.2]
Prune local model 5, pr_ratio = [0.2, 0.2, 0.2, 0.2]
Prune local model 4, pr_ratio = [0.2, 0.2, 0.2, 0.2]
Round 94 – LOCAL TPR pre-agg per client: ['0.525', '0.525', '0.621', '0.676', '0.521', '0.560', '0.466', '0.796', '0.191', '0.100']
Round 94 – TPR per Domain: 0:0.292, 1:0.292, 2:0.481, 3:0.781, 4:0.599, 5:0.599, 6:0.599, 7:0.781, 8:0.481, 9:0.292
Round: 94 Method: dapperfl Mean_Acc: 56.0 Best_Acc: 58.93
Domain_Acc: [61.16, 77.89, 48.28, 36.67] Domain_BestAcc: [64.29, 83.16, 48.28, 53.33]
Prune local model 9, pr_ratio = [0.2, 0.2, 0.2, 0.2]
Prune local model 5, pr_ratio = [0.2, 0.2, 0.2, 0.2]
Prune local model 1, pr_ratio = [0.2, 0.2, 0.2, 0.2]
Prune local model 8, pr_ratio = [0.2, 0.2, 0.2, 0.2]
Prune local model 7, pr_ratio = [0.2, 0.2, 0.2, 0.2]
Prune local model 2, pr_ratio = [0.2, 0.2, 0.2, 0.2]
Prune local model 3, pr_ratio = [0.2, 0.2, 0.2, 0.2]
Prune local model 4, pr_ratio = [0.2, 0.2, 0.2, 0.2]
Prune local model 0, pr_ratio = [0.2, 0.2, 0.2, 0.2]
Prune local model 6, pr_ratio = [0.2, 0.2, 0.2, 0.2]
Round 95 – LOCAL TPR pre-agg per client: ['0.433', '0.425', '0.659', '0.752', '0.612', '0.595', '0.643', '0.741', '0.238', '0.200']
Round 95 – TPR per Domain: 0:0.292, 1:0.292, 2:0.502, 3:0.806, 4:0.623, 5:0.623, 6:0.623, 7:0.806, 8:0.502, 9:0.292
Round: 95 Method: dapperfl Mean_Acc: 57.538 Best_Acc: 58.93
Domain_Acc: [62.95, 80.53, 50.0, 36.67] Domain_BestAcc: [64.29, 83.16, 50.0, 53.33]
Prune local model 0, pr_ratio = [0.2, 0.2, 0.2, 0.2]
Prune local model 9, pr_ratio = [0.2, 0.2, 0.2, 0.2]
Prune local model 1, pr_ratio = [0.2, 0.2, 0.2, 0.2]
Prune local model 4, pr_ratio = [0.2, 0.2, 0.2, 0.2]
Prune local model 3, pr_ratio = [0.2, 0.2, 0.2, 0.2]
Prune local model 2, pr_ratio = [0.2, 0.2, 0.2, 0.2]
Prune local model 5, pr_ratio = [0.2, 0.2, 0.2, 0.2]
Prune local model 6, pr_ratio = [0.2, 0.2, 0.2, 0.2]
Prune local model 8, pr_ratio = [0.2, 0.2, 0.2, 0.2]
Prune local model 7, pr_ratio = [0.2, 0.2, 0.2, 0.2]
Round 96 – LOCAL TPR pre-agg per client: ['0.375', '0.500', '0.679', '0.768', '0.572', '0.648', '0.600', '0.795', '0.171', '0.225']
Round 96 – TPR per Domain: 0:0.325, 1:0.325, 2:0.315, 3:0.805, 4:0.629, 5:0.629, 6:0.629, 7:0.805, 8:0.315, 9:0.325
Round: 96 Method: dapperfl Mean_Acc: 52.905 Best_Acc: 58.93
Domain_Acc: [63.39, 80.53, 31.03, 36.67] Domain_BestAcc: [64.29, 83.16, 50.0, 53.33]
Prune local model 2, pr_ratio = [0.2, 0.2, 0.2, 0.2]
Prune local model 6, pr_ratio = [0.2, 0.2, 0.2, 0.2]
Prune local model 0, pr_ratio = [0.2, 0.2, 0.2, 0.2]
Prune local model 7, pr_ratio = [0.2, 0.2, 0.2, 0.2]
Prune local model 5, pr_ratio = [0.2, 0.2, 0.2, 0.2]
Prune local model 3, pr_ratio = [0.2, 0.2, 0.2, 0.2]
Prune local model 8, pr_ratio = [0.2, 0.2, 0.2, 0.2]
Prune local model 9, pr_ratio = [0.2, 0.2, 0.2, 0.2]
Prune local model 4, pr_ratio = [0.2, 0.2, 0.2, 0.2]
Prune local model 1, pr_ratio = [0.2, 0.2, 0.2, 0.2]
Round 97 – LOCAL TPR pre-agg per client: ['0.458', '0.400', '0.642', '0.765', '0.603', '0.638', '0.612', '0.790', '0.113', '0.175']
Round 97 – TPR per Domain: 0:0.325, 1:0.325, 2:0.394, 3:0.837, 4:0.615, 5:0.615, 6:0.615, 7:0.837, 8:0.394, 9:0.325
Round: 97 Method: dapperfl Mean_Acc: 55.628 Best_Acc: 58.93
Domain_Acc: [62.5, 83.68, 39.66, 36.67] Domain_BestAcc: [64.29, 83.68, 50.0, 53.33]
Prune local model 7, pr_ratio = [0.2, 0.2, 0.2, 0.2]
Prune local model 3, pr_ratio = [0.2, 0.2, 0.2, 0.2]
Prune local model 2, pr_ratio = [0.2, 0.2, 0.2, 0.2]
Prune local model 6, pr_ratio = [0.2, 0.2, 0.2, 0.2]
Prune local model 9, pr_ratio = [0.2, 0.2, 0.2, 0.2]
Prune local model 1, pr_ratio = [0.2, 0.2, 0.2, 0.2]
Prune local model 4, pr_ratio = [0.2, 0.2, 0.2, 0.2]
Prune local model 0, pr_ratio = [0.2, 0.2, 0.2, 0.2]
Prune local model 5, pr_ratio = [0.2, 0.2, 0.2, 0.2]
Prune local model 8, pr_ratio = [0.2, 0.2, 0.2, 0.2]
Round 98 – LOCAL TPR pre-agg per client: ['0.517', '0.475', '0.667', '0.555', '0.611', '0.621', '0.616', '0.775', '0.180', '0.325']
Round 98 – TPR per Domain: 0:0.408, 1:0.408, 2:0.394, 3:0.813, 4:0.632, 5:0.632, 6:0.632, 7:0.813, 8:0.394, 9:0.408
Round: 98 Method: dapperfl Mean_Acc: 57.692 Best_Acc: 58.93
Domain_Acc: [63.39, 81.05, 39.66, 46.67] Domain_BestAcc: [64.29, 83.68, 50.0, 53.33]
Prune local model 4, pr_ratio = [0.2, 0.2, 0.2, 0.2]
Prune local model 2, pr_ratio = [0.2, 0.2, 0.2, 0.2]
Prune local model 8, pr_ratio = [0.2, 0.2, 0.2, 0.2]
Prune local model 5, pr_ratio = [0.2, 0.2, 0.2, 0.2]
Prune local model 1, pr_ratio = [0.2, 0.2, 0.2, 0.2]
Prune local model 0, pr_ratio = [0.2, 0.2, 0.2, 0.2]
Prune local model 6, pr_ratio = [0.2, 0.2, 0.2, 0.2]
Prune local model 7, pr_ratio = [0.2, 0.2, 0.2, 0.2]
Prune local model 3, pr_ratio = [0.2, 0.2, 0.2, 0.2]
Prune local model 9, pr_ratio = [0.2, 0.2, 0.2, 0.2]
Round 99 – LOCAL TPR pre-agg per client: ['0.575', '0.525', '0.588', '0.809', '0.616', '0.548', '0.599', '0.736', '0.235', '0.150']
Round 99 – TPR per Domain: 0:0.375, 1:0.375, 2:0.390, 3:0.822, 4:0.625, 5:0.625, 6:0.625, 7:0.822, 8:0.390, 9:0.375
Round: 99 Method: dapperfl Mean_Acc: 56.468 Best_Acc: 58.93
Domain_Acc: [62.5, 82.11, 37.93, 43.33] Domain_BestAcc: [64.29, 83.68, 50.0, 53.33]
2025-05-23 13:19:10
