Namespace(prefix='', communication_epoch=100, local_epoch=5, parti_num=10, model='dapperfl', dataset='fl_officecaltech', pr_strategy='0.2', backbone='resnet18', alpha=0.9, alpha_min=0.1, epsilon=0.2, reg_coeff=0.01, wandb=0, device_id=0, seed=1234, rand_dataset=1, learning_decay=False, averaing='weight', online_ratio=1, mu=0.1, input_dim=28, noise_var=0.8, group_fairness=False, fairness_lr=0.01, num_groups=2, noise_clients=[8, 9], analyze_gradients=False, csv_log=False, local_lr=0.01, local_batch_size=64, pr_ratios=['0', '0.2', '0.4', '0.6', '0.8'], arch='res18')
2025-05-23 11:56:03
{'dslr': 3, 'webcam': 2, 'amazon': 2, 'caltech': 3}
['dslr', 'dslr', 'webcam', 'amazon', 'caltech', 'caltech', 'caltech', 'amazon', 'webcam', 'dslr']
Prune local model 8, pr_ratio = [0.2, 0.2, 0.2, 0.2]
Prune local model 3, pr_ratio = [0.2, 0.2, 0.2, 0.2]
Prune local model 2, pr_ratio = [0.2, 0.2, 0.2, 0.2]
Prune local model 4, pr_ratio = [0.2, 0.2, 0.2, 0.2]
Prune local model 6, pr_ratio = [0.2, 0.2, 0.2, 0.2]
Prune local model 0, pr_ratio = [0.2, 0.2, 0.2, 0.2]
Prune local model 9, pr_ratio = [0.2, 0.2, 0.2, 0.2]
Prune local model 7, pr_ratio = [0.2, 0.2, 0.2, 0.2]
Prune local model 5, pr_ratio = [0.2, 0.2, 0.2, 0.2]
Prune local model 1, pr_ratio = [0.2, 0.2, 0.2, 0.2]
Round 0 – LOCAL TPR pre-agg per client: ['0.100', '0.100', '0.100', '0.137', '0.100', '0.096', '0.100', '0.100', '0.100', '0.100']
Round 0 – TPR per Domain: 0:0.100, 1:0.100, 2:0.100, 3:0.100, 4:0.100, 5:0.100, 6:0.100, 7:0.100, 8:0.100, 9:0.100
Round: 0 Method: dapperfl Mean_Acc: 10.048 Best_Acc: 10.048
Domain_Acc: [9.82, 8.42, 8.62, 13.33] Domain_BestAcc: [9.82, 8.42, 8.62, 13.33]
Prune local model 6, pr_ratio = [0.2, 0.2, 0.2, 0.2]
Prune local model 7, pr_ratio = [0.2, 0.2, 0.2, 0.2]
Prune local model 2, pr_ratio = [0.2, 0.2, 0.2, 0.2]
Prune local model 0, pr_ratio = [0.2, 0.2, 0.2, 0.2]
Prune local model 9, pr_ratio = [0.2, 0.2, 0.2, 0.2]
Prune local model 3, pr_ratio = [0.2, 0.2, 0.2, 0.2]
Prune local model 4, pr_ratio = [0.2, 0.2, 0.2, 0.2]
Prune local model 1, pr_ratio = [0.2, 0.2, 0.2, 0.2]
Prune local model 5, pr_ratio = [0.2, 0.2, 0.2, 0.2]
Prune local model 8, pr_ratio = [0.2, 0.2, 0.2, 0.2]
Round 1 – LOCAL TPR pre-agg per client: ['0.100', '0.100', '0.117', '0.175', '0.094', '0.110', '0.112', '0.242', '0.100', '0.100']
Round 1 – TPR per Domain: 0:0.100, 1:0.100, 2:0.100, 3:0.100, 4:0.100, 5:0.100, 6:0.100, 7:0.100, 8:0.100, 9:0.100
Round: 1 Method: dapperfl Mean_Acc: 10.048 Best_Acc: 10.048
Domain_Acc: [9.82, 8.42, 8.62, 13.33] Domain_BestAcc: [9.82, 8.42, 8.62, 13.33]
Prune local model 0, pr_ratio = [0.2, 0.2, 0.2, 0.2]
Prune local model 8, pr_ratio = [0.2, 0.2, 0.2, 0.2]
Prune local model 9, pr_ratio = [0.2, 0.2, 0.2, 0.2]
Prune local model 2, pr_ratio = [0.2, 0.2, 0.2, 0.2]
Prune local model 7, pr_ratio = [0.2, 0.2, 0.2, 0.2]
Prune local model 6, pr_ratio = [0.2, 0.2, 0.2, 0.2]
Prune local model 1, pr_ratio = [0.2, 0.2, 0.2, 0.2]
Prune local model 4, pr_ratio = [0.2, 0.2, 0.2, 0.2]
Prune local model 5, pr_ratio = [0.2, 0.2, 0.2, 0.2]
Prune local model 3, pr_ratio = [0.2, 0.2, 0.2, 0.2]
Round 2 – LOCAL TPR pre-agg per client: ['0.100', '0.150', '0.183', '0.386', '0.204', '0.225', '0.269', '0.241', '0.100', '0.175']
Round 2 – TPR per Domain: 0:0.100, 1:0.100, 2:0.100, 3:0.293, 4:0.136, 5:0.136, 6:0.136, 7:0.293, 8:0.100, 9:0.100
Round: 2 Method: dapperfl Mean_Acc: 15.94 Best_Acc: 15.94
Domain_Acc: [13.39, 28.42, 8.62, 13.33] Domain_BestAcc: [13.39, 28.42, 8.62, 13.33]
Prune local model 2, pr_ratio = [0.2, 0.2, 0.2, 0.2]
Prune local model 5, pr_ratio = [0.2, 0.2, 0.2, 0.2]
Prune local model 0, pr_ratio = [0.2, 0.2, 0.2, 0.2]
Prune local model 6, pr_ratio = [0.2, 0.2, 0.2, 0.2]
Prune local model 3, pr_ratio = [0.2, 0.2, 0.2, 0.2]
Prune local model 7, pr_ratio = [0.2, 0.2, 0.2, 0.2]
Prune local model 1, pr_ratio = [0.2, 0.2, 0.2, 0.2]
Prune local model 8, pr_ratio = [0.2, 0.2, 0.2, 0.2]
Prune local model 9, pr_ratio = [0.2, 0.2, 0.2, 0.2]
Prune local model 4, pr_ratio = [0.2, 0.2, 0.2, 0.2]
Round 3 – LOCAL TPR pre-agg per client: ['0.192', '0.100', '0.251', '0.284', '0.212', '0.225', '0.279', '0.318', '0.133', '0.200']
Round 3 – TPR per Domain: 0:0.242, 1:0.242, 2:0.316, 3:0.362, 4:0.388, 5:0.388, 6:0.388, 7:0.362, 8:0.316, 9:0.242
Round: 3 Method: dapperfl Mean_Acc: 33.902 Best_Acc: 33.902
Domain_Acc: [41.07, 36.84, 31.03, 26.67] Domain_BestAcc: [41.07, 36.84, 31.03, 26.67]
Prune local model 4, pr_ratio = [0.2, 0.2, 0.2, 0.2]
Prune local model 9, pr_ratio = [0.2, 0.2, 0.2, 0.2]
Prune local model 5, pr_ratio = [0.2, 0.2, 0.2, 0.2]
Prune local model 3, pr_ratio = [0.2, 0.2, 0.2, 0.2]
Prune local model 1, pr_ratio = [0.2, 0.2, 0.2, 0.2]
Prune local model 6, pr_ratio = [0.2, 0.2, 0.2, 0.2]
Prune local model 0, pr_ratio = [0.2, 0.2, 0.2, 0.2]
Prune local model 8, pr_ratio = [0.2, 0.2, 0.2, 0.2]
Prune local model 2, pr_ratio = [0.2, 0.2, 0.2, 0.2]
Prune local model 7, pr_ratio = [0.2, 0.2, 0.2, 0.2]
Round 4 – LOCAL TPR pre-agg per client: ['0.200', '0.350', '0.340', '0.361', '0.248', '0.291', '0.236', '0.206', '0.183', '0.125']
Round 4 – TPR per Domain: 0:0.183, 1:0.183, 2:0.296, 3:0.390, 4:0.397, 5:0.397, 6:0.397, 7:0.390, 8:0.296, 9:0.183
Round: 4 Method: dapperfl Mean_Acc: 32.668 Best_Acc: 33.902
Domain_Acc: [42.41, 38.95, 29.31, 20.0] Domain_BestAcc: [42.41, 38.95, 31.03, 26.67]
Prune local model 9, pr_ratio = [0.2, 0.2, 0.2, 0.2]
Prune local model 0, pr_ratio = [0.2, 0.2, 0.2, 0.2]
Prune local model 7, pr_ratio = [0.2, 0.2, 0.2, 0.2]
Prune local model 3, pr_ratio = [0.2, 0.2, 0.2, 0.2]
Prune local model 8, pr_ratio = [0.2, 0.2, 0.2, 0.2]
Prune local model 2, pr_ratio = [0.2, 0.2, 0.2, 0.2]
Prune local model 5, pr_ratio = [0.2, 0.2, 0.2, 0.2]
Prune local model 6, pr_ratio = [0.2, 0.2, 0.2, 0.2]
Prune local model 4, pr_ratio = [0.2, 0.2, 0.2, 0.2]
Prune local model 1, pr_ratio = [0.2, 0.2, 0.2, 0.2]
Round 5 – LOCAL TPR pre-agg per client: ['0.200', '0.300', '0.297', '0.424', '0.309', '0.291', '0.220', '0.333', '0.253', '0.200']
Round 5 – TPR per Domain: 0:0.117, 1:0.117, 2:0.196, 3:0.509, 4:0.378, 5:0.378, 6:0.378, 7:0.509, 8:0.196, 9:0.117
Round: 5 Method: dapperfl Mean_Acc: 31.81 Best_Acc: 33.902
Domain_Acc: [41.07, 50.53, 18.97, 16.67] Domain_BestAcc: [42.41, 50.53, 31.03, 26.67]
Prune local model 8, pr_ratio = [0.2, 0.2, 0.2, 0.2]
Prune local model 3, pr_ratio = [0.2, 0.2, 0.2, 0.2]
Prune local model 0, pr_ratio = [0.2, 0.2, 0.2, 0.2]
Prune local model 1, pr_ratio = [0.2, 0.2, 0.2, 0.2]
Prune local model 4, pr_ratio = [0.2, 0.2, 0.2, 0.2]
Prune local model 5, pr_ratio = [0.2, 0.2, 0.2, 0.2]
Prune local model 6, pr_ratio = [0.2, 0.2, 0.2, 0.2]
Prune local model 7, pr_ratio = [0.2, 0.2, 0.2, 0.2]
Prune local model 9, pr_ratio = [0.2, 0.2, 0.2, 0.2]
Prune local model 2, pr_ratio = [0.2, 0.2, 0.2, 0.2]
Round 6 – LOCAL TPR pre-agg per client: ['0.200', '0.250', '0.324', '0.467', '0.369', '0.354', '0.272', '0.226', '0.200', '0.100']
Round 6 – TPR per Domain: 0:0.192, 1:0.192, 2:0.276, 3:0.533, 4:0.439, 5:0.439, 6:0.439, 7:0.533, 8:0.276, 9:0.192
Round: 6 Method: dapperfl Mean_Acc: 37.045 Best_Acc: 37.045
Domain_Acc: [46.88, 52.11, 25.86, 23.33] Domain_BestAcc: [46.88, 52.11, 31.03, 26.67]
Prune local model 1, pr_ratio = [0.2, 0.2, 0.2, 0.2]
Prune local model 3, pr_ratio = [0.2, 0.2, 0.2, 0.2]
Prune local model 0, pr_ratio = [0.2, 0.2, 0.2, 0.2]
Prune local model 5, pr_ratio = [0.2, 0.2, 0.2, 0.2]
Prune local model 9, pr_ratio = [0.2, 0.2, 0.2, 0.2]
Prune local model 6, pr_ratio = [0.2, 0.2, 0.2, 0.2]
Prune local model 7, pr_ratio = [0.2, 0.2, 0.2, 0.2]
Prune local model 4, pr_ratio = [0.2, 0.2, 0.2, 0.2]
Prune local model 8, pr_ratio = [0.2, 0.2, 0.2, 0.2]
Prune local model 2, pr_ratio = [0.2, 0.2, 0.2, 0.2]
Round 7 – LOCAL TPR pre-agg per client: ['0.175', '0.225', '0.366', '0.440', '0.310', '0.245', '0.334', '0.539', '0.150', '0.200']
Round 7 – TPR per Domain: 0:0.192, 1:0.192, 2:0.228, 3:0.655, 4:0.451, 5:0.451, 6:0.451, 7:0.655, 8:0.228, 9:0.192
Round: 7 Method: dapperfl Mean_Acc: 41.118 Best_Acc: 41.118
Domain_Acc: [47.32, 64.74, 22.41, 30.0] Domain_BestAcc: [47.32, 64.74, 31.03, 30.0]
Prune local model 4, pr_ratio = [0.2, 0.2, 0.2, 0.2]
Prune local model 0, pr_ratio = [0.2, 0.2, 0.2, 0.2]
Prune local model 1, pr_ratio = [0.2, 0.2, 0.2, 0.2]
Prune local model 3, pr_ratio = [0.2, 0.2, 0.2, 0.2]
Prune local model 6, pr_ratio = [0.2, 0.2, 0.2, 0.2]
Prune local model 8, pr_ratio = [0.2, 0.2, 0.2, 0.2]
Prune local model 2, pr_ratio = [0.2, 0.2, 0.2, 0.2]
Prune local model 5, pr_ratio = [0.2, 0.2, 0.2, 0.2]
Prune local model 9, pr_ratio = [0.2, 0.2, 0.2, 0.2]
Prune local model 7, pr_ratio = [0.2, 0.2, 0.2, 0.2]
Round 8 – LOCAL TPR pre-agg per client: ['0.325', '0.175', '0.358', '0.388', '0.279', '0.341', '0.347', '0.578', '0.188', '0.175']
Round 8 – TPR per Domain: 0:0.217, 1:0.217, 2:0.292, 3:0.622, 4:0.462, 5:0.462, 6:0.462, 7:0.622, 8:0.292, 9:0.217
Round: 8 Method: dapperfl Mean_Acc: 41.957 Best_Acc: 41.957
Domain_Acc: [48.66, 61.58, 27.59, 30.0] Domain_BestAcc: [48.66, 64.74, 31.03, 30.0]
Prune local model 6, pr_ratio = [0.2, 0.2, 0.2, 0.2]
Prune local model 9, pr_ratio = [0.2, 0.2, 0.2, 0.2]
Prune local model 8, pr_ratio = [0.2, 0.2, 0.2, 0.2]
Prune local model 0, pr_ratio = [0.2, 0.2, 0.2, 0.2]
Prune local model 2, pr_ratio = [0.2, 0.2, 0.2, 0.2]
Prune local model 4, pr_ratio = [0.2, 0.2, 0.2, 0.2]
Prune local model 7, pr_ratio = [0.2, 0.2, 0.2, 0.2]
Prune local model 1, pr_ratio = [0.2, 0.2, 0.2, 0.2]
Prune local model 3, pr_ratio = [0.2, 0.2, 0.2, 0.2]
Prune local model 5, pr_ratio = [0.2, 0.2, 0.2, 0.2]
Round 9 – LOCAL TPR pre-agg per client: ['0.150', '0.300', '0.466', '0.560', '0.262', '0.246', '0.297', '0.361', '0.204', '0.075']
Round 9 – TPR per Domain: 0:0.175, 1:0.175, 2:0.315, 3:0.556, 4:0.462, 5:0.462, 6:0.462, 7:0.556, 8:0.315, 9:0.175
Round: 9 Method: dapperfl Mean_Acc: 40.275 Best_Acc: 41.957
Domain_Acc: [48.66, 54.74, 31.03, 26.67] Domain_BestAcc: [48.66, 64.74, 31.03, 30.0]
Prune local model 5, pr_ratio = [0.2, 0.2, 0.2, 0.2]
Prune local model 7, pr_ratio = [0.2, 0.2, 0.2, 0.2]
Prune local model 1, pr_ratio = [0.2, 0.2, 0.2, 0.2]
Prune local model 3, pr_ratio = [0.2, 0.2, 0.2, 0.2]
Prune local model 8, pr_ratio = [0.2, 0.2, 0.2, 0.2]
Prune local model 6, pr_ratio = [0.2, 0.2, 0.2, 0.2]
Prune local model 0, pr_ratio = [0.2, 0.2, 0.2, 0.2]
Prune local model 9, pr_ratio = [0.2, 0.2, 0.2, 0.2]
Prune local model 4, pr_ratio = [0.2, 0.2, 0.2, 0.2]
Prune local model 2, pr_ratio = [0.2, 0.2, 0.2, 0.2]
Round 10 – LOCAL TPR pre-agg per client: ['0.200', '0.225', '0.465', '0.477', '0.305', '0.327', '0.388', '0.430', '0.313', '0.175']
Round 10 – TPR per Domain: 0:0.217, 1:0.217, 2:0.294, 3:0.625, 4:0.468, 5:0.468, 6:0.468, 7:0.625, 8:0.294, 9:0.217
Round: 10 Method: dapperfl Mean_Acc: 42.22 Best_Acc: 42.22
Domain_Acc: [48.66, 62.63, 27.59, 30.0] Domain_BestAcc: [48.66, 64.74, 31.03, 30.0]
Prune local model 5, pr_ratio = [0.2, 0.2, 0.2, 0.2]
Prune local model 2, pr_ratio = [0.2, 0.2, 0.2, 0.2]
Prune local model 3, pr_ratio = [0.2, 0.2, 0.2, 0.2]
Prune local model 9, pr_ratio = [0.2, 0.2, 0.2, 0.2]
Prune local model 8, pr_ratio = [0.2, 0.2, 0.2, 0.2]
Prune local model 6, pr_ratio = [0.2, 0.2, 0.2, 0.2]
Prune local model 4, pr_ratio = [0.2, 0.2, 0.2, 0.2]
Prune local model 7, pr_ratio = [0.2, 0.2, 0.2, 0.2]
Prune local model 1, pr_ratio = [0.2, 0.2, 0.2, 0.2]
Prune local model 0, pr_ratio = [0.2, 0.2, 0.2, 0.2]
Round 11 – LOCAL TPR pre-agg per client: ['0.200', '0.450', '0.338', '0.590', '0.206', '0.263', '0.339', '0.301', '0.228', '0.100']
Round 11 – TPR per Domain: 0:0.175, 1:0.175, 2:0.418, 3:0.586, 4:0.488, 5:0.488, 6:0.488, 7:0.586, 8:0.418, 9:0.175
Round: 11 Method: dapperfl Mean_Acc: 44.098 Best_Acc: 44.098
Domain_Acc: [50.45, 57.89, 41.38, 26.67] Domain_BestAcc: [50.45, 64.74, 41.38, 30.0]
Prune local model 4, pr_ratio = [0.2, 0.2, 0.2, 0.2]
Prune local model 6, pr_ratio = [0.2, 0.2, 0.2, 0.2]
Prune local model 7, pr_ratio = [0.2, 0.2, 0.2, 0.2]
Prune local model 1, pr_ratio = [0.2, 0.2, 0.2, 0.2]
Prune local model 0, pr_ratio = [0.2, 0.2, 0.2, 0.2]
Prune local model 3, pr_ratio = [0.2, 0.2, 0.2, 0.2]
Prune local model 2, pr_ratio = [0.2, 0.2, 0.2, 0.2]
Prune local model 8, pr_ratio = [0.2, 0.2, 0.2, 0.2]
Prune local model 5, pr_ratio = [0.2, 0.2, 0.2, 0.2]
Prune local model 9, pr_ratio = [0.2, 0.2, 0.2, 0.2]
Round 12 – LOCAL TPR pre-agg per client: ['0.425', '0.325', '0.573', '0.469', '0.294', '0.328', '0.209', '0.262', '0.311', '0.175']
Round 12 – TPR per Domain: 0:0.292, 1:0.292, 2:0.323, 3:0.658, 4:0.508, 5:0.508, 6:0.508, 7:0.658, 8:0.323, 9:0.292
Round: 12 Method: dapperfl Mean_Acc: 48.142 Best_Acc: 48.142
Domain_Acc: [54.02, 65.79, 32.76, 40.0] Domain_BestAcc: [54.02, 65.79, 41.38, 40.0]
Prune local model 8, pr_ratio = [0.2, 0.2, 0.2, 0.2]
Prune local model 2, pr_ratio = [0.2, 0.2, 0.2, 0.2]
Prune local model 9, pr_ratio = [0.2, 0.2, 0.2, 0.2]
Prune local model 5, pr_ratio = [0.2, 0.2, 0.2, 0.2]
Prune local model 7, pr_ratio = [0.2, 0.2, 0.2, 0.2]
Prune local model 1, pr_ratio = [0.2, 0.2, 0.2, 0.2]
Prune local model 0, pr_ratio = [0.2, 0.2, 0.2, 0.2]
Prune local model 6, pr_ratio = [0.2, 0.2, 0.2, 0.2]
Prune local model 4, pr_ratio = [0.2, 0.2, 0.2, 0.2]
Prune local model 3, pr_ratio = [0.2, 0.2, 0.2, 0.2]
Round 13 – LOCAL TPR pre-agg per client: ['0.300', '0.500', '0.462', '0.540', '0.343', '0.333', '0.282', '0.493', '0.297', '0.225']
Round 13 – TPR per Domain: 0:0.267, 1:0.267, 2:0.298, 3:0.586, 4:0.499, 5:0.499, 6:0.499, 7:0.586, 8:0.298, 9:0.267
Round: 13 Method: dapperfl Mean_Acc: 44.27 Best_Acc: 48.142
Domain_Acc: [52.68, 58.42, 29.31, 36.67] Domain_BestAcc: [54.02, 65.79, 41.38, 40.0]
Prune local model 9, pr_ratio = [0.2, 0.2, 0.2, 0.2]
Prune local model 0, pr_ratio = [0.2, 0.2, 0.2, 0.2]
Prune local model 3, pr_ratio = [0.2, 0.2, 0.2, 0.2]
Prune local model 6, pr_ratio = [0.2, 0.2, 0.2, 0.2]
Prune local model 8, pr_ratio = [0.2, 0.2, 0.2, 0.2]
Prune local model 7, pr_ratio = [0.2, 0.2, 0.2, 0.2]
Prune local model 1, pr_ratio = [0.2, 0.2, 0.2, 0.2]
Prune local model 2, pr_ratio = [0.2, 0.2, 0.2, 0.2]
Prune local model 5, pr_ratio = [0.2, 0.2, 0.2, 0.2]
Prune local model 4, pr_ratio = [0.2, 0.2, 0.2, 0.2]
Round 14 – LOCAL TPR pre-agg per client: ['0.350', '0.350', '0.513', '0.348', '0.380', '0.410', '0.261', '0.522', '0.284', '0.325']
Round 14 – TPR per Domain: 0:0.267, 1:0.267, 2:0.393, 3:0.719, 4:0.512, 5:0.512, 6:0.512, 7:0.719, 8:0.393, 9:0.267
Round: 14 Method: dapperfl Mean_Acc: 49.957 Best_Acc: 49.957
Domain_Acc: [53.12, 72.11, 37.93, 36.67] Domain_BestAcc: [54.02, 72.11, 41.38, 40.0]
Prune local model 0, pr_ratio = [0.2, 0.2, 0.2, 0.2]
Prune local model 5, pr_ratio = [0.2, 0.2, 0.2, 0.2]
Prune local model 1, pr_ratio = [0.2, 0.2, 0.2, 0.2]
Prune local model 9, pr_ratio = [0.2, 0.2, 0.2, 0.2]
Prune local model 2, pr_ratio = [0.2, 0.2, 0.2, 0.2]
Prune local model 6, pr_ratio = [0.2, 0.2, 0.2, 0.2]
Prune local model 7, pr_ratio = [0.2, 0.2, 0.2, 0.2]
Prune local model 3, pr_ratio = [0.2, 0.2, 0.2, 0.2]
Prune local model 4, pr_ratio = [0.2, 0.2, 0.2, 0.2]
Prune local model 8, pr_ratio = [0.2, 0.2, 0.2, 0.2]
Round 15 – LOCAL TPR pre-agg per client: ['0.400', '0.275', '0.478', '0.583', '0.359', '0.336', '0.338', '0.432', '0.408', '0.250']
Round 15 – TPR per Domain: 0:0.175, 1:0.175, 2:0.404, 3:0.624, 4:0.482, 5:0.482, 6:0.482, 7:0.624, 8:0.404, 9:0.175
Round: 15 Method: dapperfl Mean_Acc: 44.7 Best_Acc: 49.957
Domain_Acc: [50.89, 61.58, 39.66, 26.67] Domain_BestAcc: [54.02, 72.11, 41.38, 40.0]
Prune local model 9, pr_ratio = [0.2, 0.2, 0.2, 0.2]
Prune local model 1, pr_ratio = [0.2, 0.2, 0.2, 0.2]
Prune local model 3, pr_ratio = [0.2, 0.2, 0.2, 0.2]
Prune local model 2, pr_ratio = [0.2, 0.2, 0.2, 0.2]
Prune local model 8, pr_ratio = [0.2, 0.2, 0.2, 0.2]
Prune local model 7, pr_ratio = [0.2, 0.2, 0.2, 0.2]
Prune local model 4, pr_ratio = [0.2, 0.2, 0.2, 0.2]
Prune local model 6, pr_ratio = [0.2, 0.2, 0.2, 0.2]
Prune local model 0, pr_ratio = [0.2, 0.2, 0.2, 0.2]
Prune local model 5, pr_ratio = [0.2, 0.2, 0.2, 0.2]
Round 16 – LOCAL TPR pre-agg per client: ['0.350', '0.425', '0.577', '0.521', '0.369', '0.370', '0.349', '0.416', '0.414', '0.325']
Round 16 – TPR per Domain: 0:0.267, 1:0.267, 2:0.392, 3:0.679, 4:0.515, 5:0.515, 6:0.515, 7:0.679, 8:0.392, 9:0.267
Round: 16 Method: dapperfl Mean_Acc: 49.108 Best_Acc: 49.957
Domain_Acc: [54.46, 67.37, 37.93, 36.67] Domain_BestAcc: [54.46, 72.11, 41.38, 40.0]
Prune local model 5, pr_ratio = [0.2, 0.2, 0.2, 0.2]
Prune local model 6, pr_ratio = [0.2, 0.2, 0.2, 0.2]
Prune local model 2, pr_ratio = [0.2, 0.2, 0.2, 0.2]
Prune local model 1, pr_ratio = [0.2, 0.2, 0.2, 0.2]
Prune local model 4, pr_ratio = [0.2, 0.2, 0.2, 0.2]
Prune local model 0, pr_ratio = [0.2, 0.2, 0.2, 0.2]
Prune local model 7, pr_ratio = [0.2, 0.2, 0.2, 0.2]
Prune local model 3, pr_ratio = [0.2, 0.2, 0.2, 0.2]
Prune local model 9, pr_ratio = [0.2, 0.2, 0.2, 0.2]
Prune local model 8, pr_ratio = [0.2, 0.2, 0.2, 0.2]
Round 17 – LOCAL TPR pre-agg per client: ['0.175', '0.200', '0.385', '0.513', '0.280', '0.256', '0.365', '0.511', '0.297', '0.250']
Round 17 – TPR per Domain: 0:0.275, 1:0.275, 2:0.397, 3:0.673, 4:0.493, 5:0.493, 6:0.493, 7:0.673, 8:0.397, 9:0.275
Round: 17 Method: dapperfl Mean_Acc: 47.582 Best_Acc: 49.957
Domain_Acc: [52.23, 66.84, 37.93, 33.33] Domain_BestAcc: [54.46, 72.11, 41.38, 40.0]
Prune local model 5, pr_ratio = [0.2, 0.2, 0.2, 0.2]
Prune local model 2, pr_ratio = [0.2, 0.2, 0.2, 0.2]
Prune local model 4, pr_ratio = [0.2, 0.2, 0.2, 0.2]
Prune local model 3, pr_ratio = [0.2, 0.2, 0.2, 0.2]
Prune local model 6, pr_ratio = [0.2, 0.2, 0.2, 0.2]
Prune local model 1, pr_ratio = [0.2, 0.2, 0.2, 0.2]
Prune local model 9, pr_ratio = [0.2, 0.2, 0.2, 0.2]
Prune local model 0, pr_ratio = [0.2, 0.2, 0.2, 0.2]
Prune local model 8, pr_ratio = [0.2, 0.2, 0.2, 0.2]
Prune local model 7, pr_ratio = [0.2, 0.2, 0.2, 0.2]
Round 18 – LOCAL TPR pre-agg per client: ['0.300', '0.308', '0.458', '0.575', '0.308', '0.397', '0.419', '0.484', '0.338', '0.350']
Round 18 – TPR per Domain: 0:0.242, 1:0.242, 2:0.360, 3:0.720, 4:0.532, 5:0.532, 6:0.532, 7:0.720, 8:0.360, 9:0.242
Round: 18 Method: dapperfl Mean_Acc: 48.798 Best_Acc: 49.957
Domain_Acc: [55.8, 71.58, 34.48, 33.33] Domain_BestAcc: [55.8, 72.11, 41.38, 40.0]
Prune local model 8, pr_ratio = [0.2, 0.2, 0.2, 0.2]
Prune local model 3, pr_ratio = [0.2, 0.2, 0.2, 0.2]
Prune local model 2, pr_ratio = [0.2, 0.2, 0.2, 0.2]
Prune local model 6, pr_ratio = [0.2, 0.2, 0.2, 0.2]
Prune local model 1, pr_ratio = [0.2, 0.2, 0.2, 0.2]
Prune local model 7, pr_ratio = [0.2, 0.2, 0.2, 0.2]
Prune local model 9, pr_ratio = [0.2, 0.2, 0.2, 0.2]
Prune local model 4, pr_ratio = [0.2, 0.2, 0.2, 0.2]
Prune local model 5, pr_ratio = [0.2, 0.2, 0.2, 0.2]
Prune local model 0, pr_ratio = [0.2, 0.2, 0.2, 0.2]
Round 19 – LOCAL TPR pre-agg per client: ['0.200', '0.333', '0.453', '0.396', '0.371', '0.347', '0.378', '0.622', '0.208', '0.175']
Round 19 – TPR per Domain: 0:0.450, 1:0.450, 2:0.389, 3:0.654, 4:0.475, 5:0.475, 6:0.475, 7:0.654, 8:0.389, 9:0.450
Round: 19 Method: dapperfl Mean_Acc: 50.188 Best_Acc: 50.188
Domain_Acc: [50.89, 65.26, 37.93, 46.67] Domain_BestAcc: [55.8, 72.11, 41.38, 46.67]
Prune local model 2, pr_ratio = [0.2, 0.2, 0.2, 0.2]
Prune local model 0, pr_ratio = [0.2, 0.2, 0.2, 0.2]
Prune local model 8, pr_ratio = [0.2, 0.2, 0.2, 0.2]
Prune local model 6, pr_ratio = [0.2, 0.2, 0.2, 0.2]
Prune local model 3, pr_ratio = [0.2, 0.2, 0.2, 0.2]
Prune local model 1, pr_ratio = [0.2, 0.2, 0.2, 0.2]
Prune local model 7, pr_ratio = [0.2, 0.2, 0.2, 0.2]
Prune local model 5, pr_ratio = [0.2, 0.2, 0.2, 0.2]
Prune local model 4, pr_ratio = [0.2, 0.2, 0.2, 0.2]
Prune local model 9, pr_ratio = [0.2, 0.2, 0.2, 0.2]
Round 20 – LOCAL TPR pre-agg per client: ['0.250', '0.300', '0.403', '0.602', '0.396', '0.285', '0.340', '0.520', '0.422', '0.350']
Round 20 – TPR per Domain: 0:0.317, 1:0.317, 2:0.393, 3:0.673, 4:0.533, 5:0.533, 6:0.533, 7:0.673, 8:0.393, 9:0.317
Round: 20 Method: dapperfl Mean_Acc: 50.688 Best_Acc: 50.688
Domain_Acc: [56.25, 66.84, 39.66, 40.0] Domain_BestAcc: [56.25, 72.11, 41.38, 46.67]
Prune local model 6, pr_ratio = [0.2, 0.2, 0.2, 0.2]
Prune local model 0, pr_ratio = [0.2, 0.2, 0.2, 0.2]
Prune local model 1, pr_ratio = [0.2, 0.2, 0.2, 0.2]
Prune local model 8, pr_ratio = [0.2, 0.2, 0.2, 0.2]
Prune local model 7, pr_ratio = [0.2, 0.2, 0.2, 0.2]
Prune local model 2, pr_ratio = [0.2, 0.2, 0.2, 0.2]
Prune local model 4, pr_ratio = [0.2, 0.2, 0.2, 0.2]
Prune local model 3, pr_ratio = [0.2, 0.2, 0.2, 0.2]
Prune local model 9, pr_ratio = [0.2, 0.2, 0.2, 0.2]
Prune local model 5, pr_ratio = [0.2, 0.2, 0.2, 0.2]
Round 21 – LOCAL TPR pre-agg per client: ['0.325', '0.367', '0.543', '0.364', '0.334', '0.278', '0.331', '0.401', '0.325', '0.250']
Round 21 – TPR per Domain: 0:0.292, 1:0.292, 2:0.417, 3:0.607, 4:0.514, 5:0.514, 6:0.514, 7:0.607, 8:0.417, 9:0.292
Round: 21 Method: dapperfl Mean_Acc: 46.64 Best_Acc: 50.688
Domain_Acc: [53.57, 60.0, 39.66, 33.33] Domain_BestAcc: [56.25, 72.11, 41.38, 46.67]
Prune local model 8, pr_ratio = [0.2, 0.2, 0.2, 0.2]
Prune local model 3, pr_ratio = [0.2, 0.2, 0.2, 0.2]
Prune local model 1, pr_ratio = [0.2, 0.2, 0.2, 0.2]
Prune local model 6, pr_ratio = [0.2, 0.2, 0.2, 0.2]
Prune local model 4, pr_ratio = [0.2, 0.2, 0.2, 0.2]
Prune local model 9, pr_ratio = [0.2, 0.2, 0.2, 0.2]
Prune local model 7, pr_ratio = [0.2, 0.2, 0.2, 0.2]
Prune local model 0, pr_ratio = [0.2, 0.2, 0.2, 0.2]
Prune local model 5, pr_ratio = [0.2, 0.2, 0.2, 0.2]
Prune local model 2, pr_ratio = [0.2, 0.2, 0.2, 0.2]
Round 22 – LOCAL TPR pre-agg per client: ['0.250', '0.467', '0.430', '0.561', '0.350', '0.444', '0.369', '0.630', '0.273', '0.350']
Round 22 – TPR per Domain: 0:0.267, 1:0.267, 2:0.450, 3:0.720, 4:0.541, 5:0.541, 6:0.541, 7:0.720, 8:0.450, 9:0.267
Round: 22 Method: dapperfl Mean_Acc: 50.952 Best_Acc: 50.952
Domain_Acc: [55.8, 71.58, 43.1, 33.33] Domain_BestAcc: [56.25, 72.11, 43.1, 46.67]
Prune local model 6, pr_ratio = [0.2, 0.2, 0.2, 0.2]
Prune local model 2, pr_ratio = [0.2, 0.2, 0.2, 0.2]
Prune local model 4, pr_ratio = [0.2, 0.2, 0.2, 0.2]
Prune local model 1, pr_ratio = [0.2, 0.2, 0.2, 0.2]
Prune local model 3, pr_ratio = [0.2, 0.2, 0.2, 0.2]
Prune local model 0, pr_ratio = [0.2, 0.2, 0.2, 0.2]
Prune local model 7, pr_ratio = [0.2, 0.2, 0.2, 0.2]
Prune local model 8, pr_ratio = [0.2, 0.2, 0.2, 0.2]
Prune local model 5, pr_ratio = [0.2, 0.2, 0.2, 0.2]
Prune local model 9, pr_ratio = [0.2, 0.2, 0.2, 0.2]
Round 23 – LOCAL TPR pre-agg per client: ['0.400', '0.425', '0.420', '0.507', '0.408', '0.305', '0.391', '0.506', '0.413', '0.350']
Round 23 – TPR per Domain: 0:0.492, 1:0.492, 2:0.352, 3:0.705, 4:0.547, 5:0.547, 6:0.547, 7:0.705, 8:0.352, 9:0.492
Round: 23 Method: dapperfl Mean_Acc: 52.7 Best_Acc: 52.7
Domain_Acc: [58.04, 70.0, 32.76, 50.0] Domain_BestAcc: [58.04, 72.11, 43.1, 50.0]
Prune local model 0, pr_ratio = [0.2, 0.2, 0.2, 0.2]
Prune local model 7, pr_ratio = [0.2, 0.2, 0.2, 0.2]
Prune local model 8, pr_ratio = [0.2, 0.2, 0.2, 0.2]
Prune local model 2, pr_ratio = [0.2, 0.2, 0.2, 0.2]
Prune local model 3, pr_ratio = [0.2, 0.2, 0.2, 0.2]
Prune local model 5, pr_ratio = [0.2, 0.2, 0.2, 0.2]
Prune local model 6, pr_ratio = [0.2, 0.2, 0.2, 0.2]
Prune local model 9, pr_ratio = [0.2, 0.2, 0.2, 0.2]
Prune local model 4, pr_ratio = [0.2, 0.2, 0.2, 0.2]
Prune local model 1, pr_ratio = [0.2, 0.2, 0.2, 0.2]
Round 24 – LOCAL TPR pre-agg per client: ['0.250', '0.383', '0.483', '0.426', '0.392', '0.360', '0.451', '0.621', '0.345', '0.200']
Round 24 – TPR per Domain: 0:0.400, 1:0.400, 2:0.401, 3:0.690, 4:0.555, 5:0.555, 6:0.555, 7:0.690, 8:0.401, 9:0.400
Round: 24 Method: dapperfl Mean_Acc: 52.972 Best_Acc: 52.972
Domain_Acc: [57.14, 68.42, 39.66, 46.67] Domain_BestAcc: [58.04, 72.11, 43.1, 50.0]
Prune local model 4, pr_ratio = [0.2, 0.2, 0.2, 0.2]
Prune local model 9, pr_ratio = [0.2, 0.2, 0.2, 0.2]
Prune local model 6, pr_ratio = [0.2, 0.2, 0.2, 0.2]
Prune local model 7, pr_ratio = [0.2, 0.2, 0.2, 0.2]
Prune local model 5, pr_ratio = [0.2, 0.2, 0.2, 0.2]
Prune local model 3, pr_ratio = [0.2, 0.2, 0.2, 0.2]
Prune local model 2, pr_ratio = [0.2, 0.2, 0.2, 0.2]
Prune local model 8, pr_ratio = [0.2, 0.2, 0.2, 0.2]
Prune local model 1, pr_ratio = [0.2, 0.2, 0.2, 0.2]
Prune local model 0, pr_ratio = [0.2, 0.2, 0.2, 0.2]
Round 25 – LOCAL TPR pre-agg per client: ['0.275', '0.317', '0.470', '0.411', '0.354', '0.344', '0.392', '0.324', '0.344', '0.267']
Round 25 – TPR per Domain: 0:0.325, 1:0.325, 2:0.328, 3:0.686, 4:0.479, 5:0.479, 6:0.479, 7:0.686, 8:0.328, 9:0.325
Round: 25 Method: dapperfl Mean_Acc: 48.242 Best_Acc: 52.972
Domain_Acc: [51.79, 68.42, 32.76, 40.0] Domain_BestAcc: [58.04, 72.11, 43.1, 50.0]
Prune local model 5, pr_ratio = [0.2, 0.2, 0.2, 0.2]
Prune local model 8, pr_ratio = [0.2, 0.2, 0.2, 0.2]
Prune local model 3, pr_ratio = [0.2, 0.2, 0.2, 0.2]
Prune local model 4, pr_ratio = [0.2, 0.2, 0.2, 0.2]
Prune local model 9, pr_ratio = [0.2, 0.2, 0.2, 0.2]
Prune local model 2, pr_ratio = [0.2, 0.2, 0.2, 0.2]
Prune local model 1, pr_ratio = [0.2, 0.2, 0.2, 0.2]
Prune local model 7, pr_ratio = [0.2, 0.2, 0.2, 0.2]
Prune local model 0, pr_ratio = [0.2, 0.2, 0.2, 0.2]
Prune local model 6, pr_ratio = [0.2, 0.2, 0.2, 0.2]
Round 26 – LOCAL TPR pre-agg per client: ['0.300', '0.200', '0.560', '0.610', '0.401', '0.385', '0.408', '0.575', '0.310', '0.275']
Round 26 – TPR per Domain: 0:0.450, 1:0.450, 2:0.417, 3:0.710, 4:0.532, 5:0.532, 6:0.532, 7:0.710, 8:0.417, 9:0.450
Round: 26 Method: dapperfl Mean_Acc: 53.165 Best_Acc: 53.165
Domain_Acc: [55.8, 70.53, 39.66, 46.67] Domain_BestAcc: [58.04, 72.11, 43.1, 50.0]
Prune local model 9, pr_ratio = [0.2, 0.2, 0.2, 0.2]
Prune local model 3, pr_ratio = [0.2, 0.2, 0.2, 0.2]
Prune local model 0, pr_ratio = [0.2, 0.2, 0.2, 0.2]
Prune local model 6, pr_ratio = [0.2, 0.2, 0.2, 0.2]
Prune local model 5, pr_ratio = [0.2, 0.2, 0.2, 0.2]
Prune local model 1, pr_ratio = [0.2, 0.2, 0.2, 0.2]
Prune local model 4, pr_ratio = [0.2, 0.2, 0.2, 0.2]
Prune local model 7, pr_ratio = [0.2, 0.2, 0.2, 0.2]
Prune local model 8, pr_ratio = [0.2, 0.2, 0.2, 0.2]
Prune local model 2, pr_ratio = [0.2, 0.2, 0.2, 0.2]
Round 27 – LOCAL TPR pre-agg per client: ['0.200', '0.258', '0.490', '0.501', '0.372', '0.429', '0.427', '0.443', '0.448', '0.275']
Round 27 – TPR per Domain: 0:0.300, 1:0.300, 2:0.375, 3:0.691, 4:0.518, 5:0.518, 6:0.518, 7:0.691, 8:0.375, 9:0.300
Round: 27 Method: dapperfl Mean_Acc: 49.052 Best_Acc: 53.165
Domain_Acc: [54.91, 68.42, 36.21, 36.67] Domain_BestAcc: [58.04, 72.11, 43.1, 50.0]
Prune local model 3, pr_ratio = [0.2, 0.2, 0.2, 0.2]
Prune local model 1, pr_ratio = [0.2, 0.2, 0.2, 0.2]
Prune local model 2, pr_ratio = [0.2, 0.2, 0.2, 0.2]
Prune local model 5, pr_ratio = [0.2, 0.2, 0.2, 0.2]
Prune local model 9, pr_ratio = [0.2, 0.2, 0.2, 0.2]
Prune local model 6, pr_ratio = [0.2, 0.2, 0.2, 0.2]
Prune local model 0, pr_ratio = [0.2, 0.2, 0.2, 0.2]
Prune local model 7, pr_ratio = [0.2, 0.2, 0.2, 0.2]
Prune local model 4, pr_ratio = [0.2, 0.2, 0.2, 0.2]
Prune local model 8, pr_ratio = [0.2, 0.2, 0.2, 0.2]
Round 28 – LOCAL TPR pre-agg per client: ['0.450', '0.425', '0.497', '0.640', '0.429', '0.336', '0.429', '0.417', '0.384', '0.250']
Round 28 – TPR per Domain: 0:0.408, 1:0.408, 2:0.447, 3:0.723, 4:0.535, 5:0.535, 6:0.535, 7:0.723, 8:0.447, 9:0.408
Round: 28 Method: dapperfl Mean_Acc: 53.585 Best_Acc: 53.585
Domain_Acc: [55.8, 72.11, 43.1, 43.33] Domain_BestAcc: [58.04, 72.11, 43.1, 50.0]
Prune local model 2, pr_ratio = [0.2, 0.2, 0.2, 0.2]
Prune local model 5, pr_ratio = [0.2, 0.2, 0.2, 0.2]
Prune local model 3, pr_ratio = [0.2, 0.2, 0.2, 0.2]
Prune local model 8, pr_ratio = [0.2, 0.2, 0.2, 0.2]
Prune local model 1, pr_ratio = [0.2, 0.2, 0.2, 0.2]
Prune local model 7, pr_ratio = [0.2, 0.2, 0.2, 0.2]
Prune local model 6, pr_ratio = [0.2, 0.2, 0.2, 0.2]
Prune local model 0, pr_ratio = [0.2, 0.2, 0.2, 0.2]
Prune local model 9, pr_ratio = [0.2, 0.2, 0.2, 0.2]
Prune local model 4, pr_ratio = [0.2, 0.2, 0.2, 0.2]
Round 29 – LOCAL TPR pre-agg per client: ['0.375', '0.442', '0.501', '0.571', '0.420', '0.429', '0.401', '0.534', '0.370', '0.225']
Round 29 – TPR per Domain: 0:0.367, 1:0.367, 2:0.383, 3:0.744, 4:0.529, 5:0.529, 6:0.529, 7:0.744, 8:0.383, 9:0.367
Round: 29 Method: dapperfl Mean_Acc: 51.78 Best_Acc: 53.585
Domain_Acc: [56.7, 74.21, 36.21, 40.0] Domain_BestAcc: [58.04, 74.21, 43.1, 50.0]
Prune local model 9, pr_ratio = [0.2, 0.2, 0.2, 0.2]
Prune local model 5, pr_ratio = [0.2, 0.2, 0.2, 0.2]
Prune local model 4, pr_ratio = [0.2, 0.2, 0.2, 0.2]
Prune local model 6, pr_ratio = [0.2, 0.2, 0.2, 0.2]
Prune local model 1, pr_ratio = [0.2, 0.2, 0.2, 0.2]
Prune local model 0, pr_ratio = [0.2, 0.2, 0.2, 0.2]
Prune local model 8, pr_ratio = [0.2, 0.2, 0.2, 0.2]
Prune local model 3, pr_ratio = [0.2, 0.2, 0.2, 0.2]
Prune local model 2, pr_ratio = [0.2, 0.2, 0.2, 0.2]
Prune local model 7, pr_ratio = [0.2, 0.2, 0.2, 0.2]
Round 30 – LOCAL TPR pre-agg per client: ['0.300', '0.358', '0.537', '0.528', '0.409', '0.381', '0.346', '0.643', '0.308', '0.375']
Round 30 – TPR per Domain: 0:0.417, 1:0.417, 2:0.375, 3:0.745, 4:0.532, 5:0.532, 6:0.532, 7:0.745, 8:0.375, 9:0.417
Round: 30 Method: dapperfl Mean_Acc: 52.388 Best_Acc: 53.585
Domain_Acc: [55.8, 74.21, 36.21, 43.33] Domain_BestAcc: [58.04, 74.21, 43.1, 50.0]
Prune local model 0, pr_ratio = [0.2, 0.2, 0.2, 0.2]
Prune local model 3, pr_ratio = [0.2, 0.2, 0.2, 0.2]
Prune local model 8, pr_ratio = [0.2, 0.2, 0.2, 0.2]
Prune local model 2, pr_ratio = [0.2, 0.2, 0.2, 0.2]
Prune local model 6, pr_ratio = [0.2, 0.2, 0.2, 0.2]
Prune local model 1, pr_ratio = [0.2, 0.2, 0.2, 0.2]
Prune local model 5, pr_ratio = [0.2, 0.2, 0.2, 0.2]
Prune local model 9, pr_ratio = [0.2, 0.2, 0.2, 0.2]
Prune local model 7, pr_ratio = [0.2, 0.2, 0.2, 0.2]
Prune local model 4, pr_ratio = [0.2, 0.2, 0.2, 0.2]
Round 31 – LOCAL TPR pre-agg per client: ['0.575', '0.275', '0.583', '0.621', '0.468', '0.425', '0.459', '0.564', '0.371', '0.275']
Round 31 – TPR per Domain: 0:0.317, 1:0.317, 2:0.358, 3:0.786, 4:0.573, 5:0.573, 6:0.573, 7:0.786, 8:0.358, 9:0.317
Round: 31 Method: dapperfl Mean_Acc: 51.918 Best_Acc: 53.585
Domain_Acc: [59.82, 78.42, 32.76, 36.67] Domain_BestAcc: [59.82, 78.42, 43.1, 50.0]
Prune local model 3, pr_ratio = [0.2, 0.2, 0.2, 0.2]
Prune local model 7, pr_ratio = [0.2, 0.2, 0.2, 0.2]
Prune local model 9, pr_ratio = [0.2, 0.2, 0.2, 0.2]
Prune local model 0, pr_ratio = [0.2, 0.2, 0.2, 0.2]
Prune local model 5, pr_ratio = [0.2, 0.2, 0.2, 0.2]
Prune local model 1, pr_ratio = [0.2, 0.2, 0.2, 0.2]
Prune local model 4, pr_ratio = [0.2, 0.2, 0.2, 0.2]
Prune local model 2, pr_ratio = [0.2, 0.2, 0.2, 0.2]
Prune local model 8, pr_ratio = [0.2, 0.2, 0.2, 0.2]
Prune local model 6, pr_ratio = [0.2, 0.2, 0.2, 0.2]
Round 32 – LOCAL TPR pre-agg per client: ['0.275', '0.417', '0.505', '0.651', '0.365', '0.383', '0.455', '0.444', '0.433', '0.250']
Round 32 – TPR per Domain: 0:0.275, 1:0.275, 2:0.405, 3:0.773, 4:0.542, 5:0.542, 6:0.542, 7:0.773, 8:0.405, 9:0.275
Round: 32 Method: dapperfl Mean_Acc: 51.408 Best_Acc: 53.585
Domain_Acc: [55.8, 76.84, 39.66, 33.33] Domain_BestAcc: [59.82, 78.42, 43.1, 50.0]
Prune local model 8, pr_ratio = [0.2, 0.2, 0.2, 0.2]
Prune local model 0, pr_ratio = [0.2, 0.2, 0.2, 0.2]
Prune local model 9, pr_ratio = [0.2, 0.2, 0.2, 0.2]
Prune local model 7, pr_ratio = [0.2, 0.2, 0.2, 0.2]
Prune local model 1, pr_ratio = [0.2, 0.2, 0.2, 0.2]
Prune local model 4, pr_ratio = [0.2, 0.2, 0.2, 0.2]
Prune local model 6, pr_ratio = [0.2, 0.2, 0.2, 0.2]
Prune local model 2, pr_ratio = [0.2, 0.2, 0.2, 0.2]
Prune local model 5, pr_ratio = [0.2, 0.2, 0.2, 0.2]
Prune local model 3, pr_ratio = [0.2, 0.2, 0.2, 0.2]
Round 33 – LOCAL TPR pre-agg per client: ['0.375', '0.342', '0.534', '0.628', '0.425', '0.421', '0.487', '0.463', '0.479', '0.317']
Round 33 – TPR per Domain: 0:0.392, 1:0.392, 2:0.357, 3:0.737, 4:0.560, 5:0.560, 6:0.560, 7:0.737, 8:0.357, 9:0.392
Round: 33 Method: dapperfl Mean_Acc: 52.492 Best_Acc: 53.585
Domain_Acc: [58.48, 73.68, 34.48, 43.33] Domain_BestAcc: [59.82, 78.42, 43.1, 50.0]
Prune local model 9, pr_ratio = [0.2, 0.2, 0.2, 0.2]
Prune local model 0, pr_ratio = [0.2, 0.2, 0.2, 0.2]
Prune local model 1, pr_ratio = [0.2, 0.2, 0.2, 0.2]
Prune local model 3, pr_ratio = [0.2, 0.2, 0.2, 0.2]
Prune local model 7, pr_ratio = [0.2, 0.2, 0.2, 0.2]
Prune local model 2, pr_ratio = [0.2, 0.2, 0.2, 0.2]
Prune local model 8, pr_ratio = [0.2, 0.2, 0.2, 0.2]
Prune local model 4, pr_ratio = [0.2, 0.2, 0.2, 0.2]
Prune local model 6, pr_ratio = [0.2, 0.2, 0.2, 0.2]
Prune local model 5, pr_ratio = [0.2, 0.2, 0.2, 0.2]
Round 34 – LOCAL TPR pre-agg per client: ['0.450', '0.450', '0.555', '0.482', '0.337', '0.446', '0.398', '0.446', '0.517', '0.250']
Round 34 – TPR per Domain: 0:0.483, 1:0.483, 2:0.508, 3:0.672, 4:0.543, 5:0.543, 6:0.543, 7:0.672, 8:0.508, 9:0.483
Round: 34 Method: dapperfl Mean_Acc: 55.865 Best_Acc: 55.865
Domain_Acc: [57.14, 66.32, 50.0, 50.0] Domain_BestAcc: [59.82, 78.42, 50.0, 50.0]
Prune local model 2, pr_ratio = [0.2, 0.2, 0.2, 0.2]
Prune local model 3, pr_ratio = [0.2, 0.2, 0.2, 0.2]
Prune local model 9, pr_ratio = [0.2, 0.2, 0.2, 0.2]
Prune local model 1, pr_ratio = [0.2, 0.2, 0.2, 0.2]
Prune local model 8, pr_ratio = [0.2, 0.2, 0.2, 0.2]
Prune local model 5, pr_ratio = [0.2, 0.2, 0.2, 0.2]
Prune local model 6, pr_ratio = [0.2, 0.2, 0.2, 0.2]
Prune local model 0, pr_ratio = [0.2, 0.2, 0.2, 0.2]
Prune local model 7, pr_ratio = [0.2, 0.2, 0.2, 0.2]
Prune local model 4, pr_ratio = [0.2, 0.2, 0.2, 0.2]
Round 35 – LOCAL TPR pre-agg per client: ['0.550', '0.292', '0.443', '0.648', '0.426', '0.450', '0.398', '0.529', '0.454', '0.400']
Round 35 – TPR per Domain: 0:0.450, 1:0.450, 2:0.450, 3:0.736, 4:0.562, 5:0.562, 6:0.562, 7:0.736, 8:0.450, 9:0.450
Round: 35 Method: dapperfl Mean_Acc: 54.63 Best_Acc: 55.865
Domain_Acc: [58.93, 73.16, 43.1, 43.33] Domain_BestAcc: [59.82, 78.42, 50.0, 50.0]
Prune local model 6, pr_ratio = [0.2, 0.2, 0.2, 0.2]
Prune local model 0, pr_ratio = [0.2, 0.2, 0.2, 0.2]
Prune local model 3, pr_ratio = [0.2, 0.2, 0.2, 0.2]
Prune local model 4, pr_ratio = [0.2, 0.2, 0.2, 0.2]
Prune local model 8, pr_ratio = [0.2, 0.2, 0.2, 0.2]
Prune local model 7, pr_ratio = [0.2, 0.2, 0.2, 0.2]
Prune local model 1, pr_ratio = [0.2, 0.2, 0.2, 0.2]
Prune local model 5, pr_ratio = [0.2, 0.2, 0.2, 0.2]
Prune local model 9, pr_ratio = [0.2, 0.2, 0.2, 0.2]
Prune local model 2, pr_ratio = [0.2, 0.2, 0.2, 0.2]
Round 36 – LOCAL TPR pre-agg per client: ['0.433', '0.275', '0.448', '0.675', '0.480', '0.513', '0.439', '0.507', '0.463', '0.350']
Round 36 – TPR per Domain: 0:0.442, 1:0.442, 2:0.361, 3:0.758, 4:0.570, 5:0.570, 6:0.570, 7:0.758, 8:0.361, 9:0.442
Round: 36 Method: dapperfl Mean_Acc: 55.213 Best_Acc: 55.865
Domain_Acc: [59.38, 75.26, 36.21, 50.0] Domain_BestAcc: [59.82, 78.42, 50.0, 50.0]
Prune local model 6, pr_ratio = [0.2, 0.2, 0.2, 0.2]
Prune local model 5, pr_ratio = [0.2, 0.2, 0.2, 0.2]
Prune local model 7, pr_ratio = [0.2, 0.2, 0.2, 0.2]
Prune local model 3, pr_ratio = [0.2, 0.2, 0.2, 0.2]
Prune local model 8, pr_ratio = [0.2, 0.2, 0.2, 0.2]
Prune local model 9, pr_ratio = [0.2, 0.2, 0.2, 0.2]
Prune local model 1, pr_ratio = [0.2, 0.2, 0.2, 0.2]
Prune local model 4, pr_ratio = [0.2, 0.2, 0.2, 0.2]
Prune local model 2, pr_ratio = [0.2, 0.2, 0.2, 0.2]
Prune local model 0, pr_ratio = [0.2, 0.2, 0.2, 0.2]
Round 37 – LOCAL TPR pre-agg per client: ['0.375', '0.417', '0.444', '0.433', '0.397', '0.486', '0.428', '0.477', '0.394', '0.175']
Round 37 – TPR per Domain: 0:0.417, 1:0.417, 2:0.375, 3:0.768, 4:0.563, 5:0.563, 6:0.563, 7:0.768, 8:0.375, 9:0.417
Round: 37 Method: dapperfl Mean_Acc: 53.585 Best_Acc: 55.865
Domain_Acc: [58.48, 76.32, 36.21, 43.33] Domain_BestAcc: [59.82, 78.42, 50.0, 50.0]
Prune local model 1, pr_ratio = [0.2, 0.2, 0.2, 0.2]
Prune local model 3, pr_ratio = [0.2, 0.2, 0.2, 0.2]
Prune local model 2, pr_ratio = [0.2, 0.2, 0.2, 0.2]
Prune local model 4, pr_ratio = [0.2, 0.2, 0.2, 0.2]
Prune local model 8, pr_ratio = [0.2, 0.2, 0.2, 0.2]
Prune local model 0, pr_ratio = [0.2, 0.2, 0.2, 0.2]
Prune local model 9, pr_ratio = [0.2, 0.2, 0.2, 0.2]
Prune local model 7, pr_ratio = [0.2, 0.2, 0.2, 0.2]
Prune local model 5, pr_ratio = [0.2, 0.2, 0.2, 0.2]
Prune local model 6, pr_ratio = [0.2, 0.2, 0.2, 0.2]
Round 38 – LOCAL TPR pre-agg per client: ['0.542', '0.292', '0.547', '0.547', '0.462', '0.444', '0.477', '0.467', '0.381', '0.325']
Round 38 – TPR per Domain: 0:0.525, 1:0.525, 2:0.430, 3:0.728, 4:0.580, 5:0.580, 6:0.580, 7:0.728, 8:0.430, 9:0.525
Round: 38 Method: dapperfl Mean_Acc: 56.772 Best_Acc: 56.772
Domain_Acc: [60.27, 72.11, 41.38, 53.33] Domain_BestAcc: [60.27, 78.42, 50.0, 53.33]
Prune local model 9, pr_ratio = [0.2, 0.2, 0.2, 0.2]
Prune local model 5, pr_ratio = [0.2, 0.2, 0.2, 0.2]
Prune local model 7, pr_ratio = [0.2, 0.2, 0.2, 0.2]
Prune local model 0, pr_ratio = [0.2, 0.2, 0.2, 0.2]
Prune local model 6, pr_ratio = [0.2, 0.2, 0.2, 0.2]
Prune local model 2, pr_ratio = [0.2, 0.2, 0.2, 0.2]
Prune local model 1, pr_ratio = [0.2, 0.2, 0.2, 0.2]
Prune local model 8, pr_ratio = [0.2, 0.2, 0.2, 0.2]
Prune local model 4, pr_ratio = [0.2, 0.2, 0.2, 0.2]
Prune local model 3, pr_ratio = [0.2, 0.2, 0.2, 0.2]
Round 39 – LOCAL TPR pre-agg per client: ['0.300', '0.275', '0.608', '0.658', '0.398', '0.501', '0.415', '0.752', '0.421', '0.350']
Round 39 – TPR per Domain: 0:0.350, 1:0.350, 2:0.438, 3:0.771, 4:0.546, 5:0.546, 6:0.546, 7:0.771, 8:0.438, 9:0.350
Round: 39 Method: dapperfl Mean_Acc: 53.008 Best_Acc: 56.772
Domain_Acc: [57.14, 76.84, 41.38, 36.67] Domain_BestAcc: [60.27, 78.42, 50.0, 53.33]
Prune local model 7, pr_ratio = [0.2, 0.2, 0.2, 0.2]
Prune local model 4, pr_ratio = [0.2, 0.2, 0.2, 0.2]
Prune local model 0, pr_ratio = [0.2, 0.2, 0.2, 0.2]
Prune local model 8, pr_ratio = [0.2, 0.2, 0.2, 0.2]
Prune local model 9, pr_ratio = [0.2, 0.2, 0.2, 0.2]
Prune local model 1, pr_ratio = [0.2, 0.2, 0.2, 0.2]
Prune local model 6, pr_ratio = [0.2, 0.2, 0.2, 0.2]
Prune local model 5, pr_ratio = [0.2, 0.2, 0.2, 0.2]
Prune local model 3, pr_ratio = [0.2, 0.2, 0.2, 0.2]
Prune local model 2, pr_ratio = [0.2, 0.2, 0.2, 0.2]
Round 40 – LOCAL TPR pre-agg per client: ['0.475', '0.300', '0.507', '0.467', '0.467', '0.532', '0.520', '0.288', '0.328', '0.225']
Round 40 – TPR per Domain: 0:0.400, 1:0.400, 2:0.467, 3:0.751, 4:0.571, 5:0.571, 6:0.571, 7:0.751, 8:0.467, 9:0.400
Round: 40 Method: dapperfl Mean_Acc: 54.96 Best_Acc: 56.772
Domain_Acc: [60.27, 74.74, 44.83, 40.0] Domain_BestAcc: [60.27, 78.42, 50.0, 53.33]
Prune local model 1, pr_ratio = [0.2, 0.2, 0.2, 0.2]
Prune local model 3, pr_ratio = [0.2, 0.2, 0.2, 0.2]
Prune local model 5, pr_ratio = [0.2, 0.2, 0.2, 0.2]
Prune local model 0, pr_ratio = [0.2, 0.2, 0.2, 0.2]
Prune local model 6, pr_ratio = [0.2, 0.2, 0.2, 0.2]
Prune local model 7, pr_ratio = [0.2, 0.2, 0.2, 0.2]
Prune local model 2, pr_ratio = [0.2, 0.2, 0.2, 0.2]
Prune local model 4, pr_ratio = [0.2, 0.2, 0.2, 0.2]
Prune local model 9, pr_ratio = [0.2, 0.2, 0.2, 0.2]
Prune local model 8, pr_ratio = [0.2, 0.2, 0.2, 0.2]
Round 41 – LOCAL TPR pre-agg per client: ['0.550', '0.275', '0.667', '0.658', '0.446', '0.413', '0.393', '0.530', '0.333', '0.300']
Round 41 – TPR per Domain: 0:0.400, 1:0.400, 2:0.419, 3:0.745, 4:0.589, 5:0.589, 6:0.589, 7:0.745, 8:0.419, 9:0.400
Round: 41 Method: dapperfl Mean_Acc: 55.337 Best_Acc: 56.772
Domain_Acc: [60.71, 74.21, 43.1, 43.33] Domain_BestAcc: [60.71, 78.42, 50.0, 53.33]
Prune local model 4, pr_ratio = [0.2, 0.2, 0.2, 0.2]
Prune local model 2, pr_ratio = [0.2, 0.2, 0.2, 0.2]
Prune local model 1, pr_ratio = [0.2, 0.2, 0.2, 0.2]
Prune local model 3, pr_ratio = [0.2, 0.2, 0.2, 0.2]
Prune local model 7, pr_ratio = [0.2, 0.2, 0.2, 0.2]
Prune local model 5, pr_ratio = [0.2, 0.2, 0.2, 0.2]
Prune local model 8, pr_ratio = [0.2, 0.2, 0.2, 0.2]
Prune local model 6, pr_ratio = [0.2, 0.2, 0.2, 0.2]
Prune local model 0, pr_ratio = [0.2, 0.2, 0.2, 0.2]
Prune local model 9, pr_ratio = [0.2, 0.2, 0.2, 0.2]
Round 42 – LOCAL TPR pre-agg per client: ['0.467', '0.342', '0.513', '0.671', '0.511', '0.440', '0.458', '0.413', '0.417', '0.275']
Round 42 – TPR per Domain: 0:0.425, 1:0.425, 2:0.375, 3:0.761, 4:0.576, 5:0.576, 6:0.576, 7:0.761, 8:0.375, 9:0.425
Round: 42 Method: dapperfl Mean_Acc: 53.9 Best_Acc: 56.772
Domain_Acc: [60.27, 75.79, 36.21, 43.33] Domain_BestAcc: [60.71, 78.42, 50.0, 53.33]
Prune local model 9, pr_ratio = [0.2, 0.2, 0.2, 0.2]
Prune local model 1, pr_ratio = [0.2, 0.2, 0.2, 0.2]
Prune local model 4, pr_ratio = [0.2, 0.2, 0.2, 0.2]
Prune local model 5, pr_ratio = [0.2, 0.2, 0.2, 0.2]
Prune local model 8, pr_ratio = [0.2, 0.2, 0.2, 0.2]
Prune local model 2, pr_ratio = [0.2, 0.2, 0.2, 0.2]
Prune local model 7, pr_ratio = [0.2, 0.2, 0.2, 0.2]
Prune local model 6, pr_ratio = [0.2, 0.2, 0.2, 0.2]
Prune local model 0, pr_ratio = [0.2, 0.2, 0.2, 0.2]
Prune local model 3, pr_ratio = [0.2, 0.2, 0.2, 0.2]
Round 43 – LOCAL TPR pre-agg per client: ['0.475', '0.508', '0.540', '0.449', '0.465', '0.458', '0.507', '0.656', '0.462', '0.425']
Round 43 – TPR per Domain: 0:0.492, 1:0.492, 2:0.401, 3:0.768, 4:0.584, 5:0.584, 6:0.584, 7:0.768, 8:0.401, 9:0.492
Round: 43 Method: dapperfl Mean_Acc: 56.13 Best_Acc: 56.772
Domain_Acc: [60.27, 76.32, 37.93, 50.0] Domain_BestAcc: [60.71, 78.42, 50.0, 53.33]
Prune local model 5, pr_ratio = [0.2, 0.2, 0.2, 0.2]
Prune local model 9, pr_ratio = [0.2, 0.2, 0.2, 0.2]
Prune local model 1, pr_ratio = [0.2, 0.2, 0.2, 0.2]
Prune local model 4, pr_ratio = [0.2, 0.2, 0.2, 0.2]
Prune local model 3, pr_ratio = [0.2, 0.2, 0.2, 0.2]
Prune local model 6, pr_ratio = [0.2, 0.2, 0.2, 0.2]
Prune local model 0, pr_ratio = [0.2, 0.2, 0.2, 0.2]
Prune local model 8, pr_ratio = [0.2, 0.2, 0.2, 0.2]
Prune local model 7, pr_ratio = [0.2, 0.2, 0.2, 0.2]
Prune local model 2, pr_ratio = [0.2, 0.2, 0.2, 0.2]
Round 44 – LOCAL TPR pre-agg per client: ['0.550', '0.242', '0.473', '0.614', '0.479', '0.489', '0.538', '0.613', '0.229', '0.450']
Round 44 – TPR per Domain: 0:0.500, 1:0.500, 2:0.438, 3:0.753, 4:0.598, 5:0.598, 6:0.598, 7:0.753, 8:0.438, 9:0.500
Round: 44 Method: dapperfl Mean_Acc: 57.472 Best_Acc: 57.472
Domain_Acc: [62.05, 74.74, 43.1, 50.0] Domain_BestAcc: [62.05, 78.42, 50.0, 53.33]
Prune local model 1, pr_ratio = [0.2, 0.2, 0.2, 0.2]
Prune local model 3, pr_ratio = [0.2, 0.2, 0.2, 0.2]
Prune local model 4, pr_ratio = [0.2, 0.2, 0.2, 0.2]
Prune local model 2, pr_ratio = [0.2, 0.2, 0.2, 0.2]
Prune local model 9, pr_ratio = [0.2, 0.2, 0.2, 0.2]
Prune local model 8, pr_ratio = [0.2, 0.2, 0.2, 0.2]
Prune local model 5, pr_ratio = [0.2, 0.2, 0.2, 0.2]
Prune local model 7, pr_ratio = [0.2, 0.2, 0.2, 0.2]
Prune local model 0, pr_ratio = [0.2, 0.2, 0.2, 0.2]
Prune local model 6, pr_ratio = [0.2, 0.2, 0.2, 0.2]
Round 45 – LOCAL TPR pre-agg per client: ['0.500', '0.492', '0.456', '0.710', '0.473', '0.553', '0.467', '0.636', '0.281', '0.300']
Round 45 – TPR per Domain: 0:0.400, 1:0.400, 2:0.362, 3:0.793, 4:0.584, 5:0.584, 6:0.584, 7:0.793, 8:0.362, 9:0.400
Round: 45 Method: dapperfl Mean_Acc: 53.968 Best_Acc: 57.472
Domain_Acc: [60.71, 78.95, 36.21, 40.0] Domain_BestAcc: [62.05, 78.95, 50.0, 53.33]
Prune local model 1, pr_ratio = [0.2, 0.2, 0.2, 0.2]
Prune local model 7, pr_ratio = [0.2, 0.2, 0.2, 0.2]
Prune local model 6, pr_ratio = [0.2, 0.2, 0.2, 0.2]
Prune local model 9, pr_ratio = [0.2, 0.2, 0.2, 0.2]
Prune local model 8, pr_ratio = [0.2, 0.2, 0.2, 0.2]
Prune local model 2, pr_ratio = [0.2, 0.2, 0.2, 0.2]
Prune local model 0, pr_ratio = [0.2, 0.2, 0.2, 0.2]
Prune local model 5, pr_ratio = [0.2, 0.2, 0.2, 0.2]
Prune local model 4, pr_ratio = [0.2, 0.2, 0.2, 0.2]
Prune local model 3, pr_ratio = [0.2, 0.2, 0.2, 0.2]
Round 46 – LOCAL TPR pre-agg per client: ['0.325', '0.342', '0.462', '0.686', '0.539', '0.449', '0.493', '0.584', '0.447', '0.325']
Round 46 – TPR per Domain: 0:0.483, 1:0.483, 2:0.492, 3:0.772, 4:0.582, 5:0.582, 6:0.582, 7:0.772, 8:0.492, 9:0.483
Round: 46 Method: dapperfl Mean_Acc: 58.125 Best_Acc: 58.125
Domain_Acc: [60.71, 76.84, 48.28, 46.67] Domain_BestAcc: [62.05, 78.95, 50.0, 53.33]
Prune local model 0, pr_ratio = [0.2, 0.2, 0.2, 0.2]
Prune local model 5, pr_ratio = [0.2, 0.2, 0.2, 0.2]
Prune local model 8, pr_ratio = [0.2, 0.2, 0.2, 0.2]
Prune local model 1, pr_ratio = [0.2, 0.2, 0.2, 0.2]
Prune local model 2, pr_ratio = [0.2, 0.2, 0.2, 0.2]
Prune local model 3, pr_ratio = [0.2, 0.2, 0.2, 0.2]
Prune local model 6, pr_ratio = [0.2, 0.2, 0.2, 0.2]
Prune local model 4, pr_ratio = [0.2, 0.2, 0.2, 0.2]
Prune local model 7, pr_ratio = [0.2, 0.2, 0.2, 0.2]
Prune local model 9, pr_ratio = [0.2, 0.2, 0.2, 0.2]
Round 47 – LOCAL TPR pre-agg per client: ['0.325', '0.350', '0.642', '0.705', '0.455', '0.515', '0.455', '0.527', '0.375', '0.350']
Round 47 – TPR per Domain: 0:0.450, 1:0.450, 2:0.443, 3:0.760, 4:0.546, 5:0.546, 6:0.546, 7:0.760, 8:0.443, 9:0.450
Round: 47 Method: dapperfl Mean_Acc: 55.065 Best_Acc: 58.125
Domain_Acc: [58.04, 75.79, 43.1, 43.33] Domain_BestAcc: [62.05, 78.95, 50.0, 53.33]
Prune local model 5, pr_ratio = [0.2, 0.2, 0.2, 0.2]
Prune local model 1, pr_ratio = [0.2, 0.2, 0.2, 0.2]
Prune local model 0, pr_ratio = [0.2, 0.2, 0.2, 0.2]
Prune local model 4, pr_ratio = [0.2, 0.2, 0.2, 0.2]
Prune local model 6, pr_ratio = [0.2, 0.2, 0.2, 0.2]
Prune local model 2, pr_ratio = [0.2, 0.2, 0.2, 0.2]
Prune local model 3, pr_ratio = [0.2, 0.2, 0.2, 0.2]
Prune local model 8, pr_ratio = [0.2, 0.2, 0.2, 0.2]
Prune local model 9, pr_ratio = [0.2, 0.2, 0.2, 0.2]
Prune local model 7, pr_ratio = [0.2, 0.2, 0.2, 0.2]
Round 48 – LOCAL TPR pre-agg per client: ['0.475', '0.292', '0.514', '0.556', '0.477', '0.512', '0.508', '0.603', '0.410', '0.392']
Round 48 – TPR per Domain: 0:0.375, 1:0.375, 2:0.434, 3:0.803, 4:0.622, 5:0.622, 6:0.622, 7:0.803, 8:0.434, 9:0.375
Round: 48 Method: dapperfl Mean_Acc: 57.68 Best_Acc: 58.125
Domain_Acc: [64.29, 80.0, 43.1, 43.33] Domain_BestAcc: [64.29, 80.0, 50.0, 53.33]
Prune local model 6, pr_ratio = [0.2, 0.2, 0.2, 0.2]
Prune local model 0, pr_ratio = [0.2, 0.2, 0.2, 0.2]
Prune local model 5, pr_ratio = [0.2, 0.2, 0.2, 0.2]
Prune local model 4, pr_ratio = [0.2, 0.2, 0.2, 0.2]
Prune local model 3, pr_ratio = [0.2, 0.2, 0.2, 0.2]
Prune local model 9, pr_ratio = [0.2, 0.2, 0.2, 0.2]
Prune local model 7, pr_ratio = [0.2, 0.2, 0.2, 0.2]
Prune local model 1, pr_ratio = [0.2, 0.2, 0.2, 0.2]
Prune local model 8, pr_ratio = [0.2, 0.2, 0.2, 0.2]
Prune local model 2, pr_ratio = [0.2, 0.2, 0.2, 0.2]
Round 49 – LOCAL TPR pre-agg per client: ['0.567', '0.317', '0.507', '0.566', '0.405', '0.547', '0.448', '0.654', '0.334', '0.150']
Round 49 – TPR per Domain: 0:0.575, 1:0.575, 2:0.479, 3:0.796, 4:0.561, 5:0.561, 6:0.561, 7:0.796, 8:0.479, 9:0.575
Round: 49 Method: dapperfl Mean_Acc: 60.405 Best_Acc: 60.405
Domain_Acc: [58.93, 79.47, 46.55, 56.67] Domain_BestAcc: [64.29, 80.0, 50.0, 56.67]
Prune local model 8, pr_ratio = [0.2, 0.2, 0.2, 0.2]
Prune local model 5, pr_ratio = [0.2, 0.2, 0.2, 0.2]
Prune local model 4, pr_ratio = [0.2, 0.2, 0.2, 0.2]
Prune local model 2, pr_ratio = [0.2, 0.2, 0.2, 0.2]
Prune local model 3, pr_ratio = [0.2, 0.2, 0.2, 0.2]
Prune local model 1, pr_ratio = [0.2, 0.2, 0.2, 0.2]
Prune local model 6, pr_ratio = [0.2, 0.2, 0.2, 0.2]
Prune local model 9, pr_ratio = [0.2, 0.2, 0.2, 0.2]
Prune local model 0, pr_ratio = [0.2, 0.2, 0.2, 0.2]
Prune local model 7, pr_ratio = [0.2, 0.2, 0.2, 0.2]
Round 50 – LOCAL TPR pre-agg per client: ['0.533', '0.417', '0.604', '0.725', '0.490', '0.563', '0.557', '0.380', '0.338', '0.275']
Round 50 – TPR per Domain: 0:0.475, 1:0.475, 2:0.369, 3:0.752, 4:0.609, 5:0.609, 6:0.609, 7:0.752, 8:0.369, 9:0.475
Round: 50 Method: dapperfl Mean_Acc: 55.975 Best_Acc: 60.405
Domain_Acc: [62.95, 74.74, 36.21, 50.0] Domain_BestAcc: [64.29, 80.0, 50.0, 56.67]
Prune local model 9, pr_ratio = [0.2, 0.2, 0.2, 0.2]
Prune local model 2, pr_ratio = [0.2, 0.2, 0.2, 0.2]
Prune local model 6, pr_ratio = [0.2, 0.2, 0.2, 0.2]
Prune local model 3, pr_ratio = [0.2, 0.2, 0.2, 0.2]
Prune local model 4, pr_ratio = [0.2, 0.2, 0.2, 0.2]
Prune local model 5, pr_ratio = [0.2, 0.2, 0.2, 0.2]
Prune local model 1, pr_ratio = [0.2, 0.2, 0.2, 0.2]
Prune local model 7, pr_ratio = [0.2, 0.2, 0.2, 0.2]
Prune local model 0, pr_ratio = [0.2, 0.2, 0.2, 0.2]
Prune local model 8, pr_ratio = [0.2, 0.2, 0.2, 0.2]
Round 51 – LOCAL TPR pre-agg per client: ['0.525', '0.275', '0.572', '0.738', '0.498', '0.577', '0.533', '0.607', '0.262', '0.483']
Round 51 – TPR per Domain: 0:0.475, 1:0.475, 2:0.365, 3:0.788, 4:0.640, 5:0.640, 6:0.640, 7:0.788, 8:0.365, 9:0.475
Round: 51 Method: dapperfl Mean_Acc: 57.675 Best_Acc: 60.405
Domain_Acc: [66.07, 78.42, 36.21, 50.0] Domain_BestAcc: [66.07, 80.0, 50.0, 56.67]
Prune local model 5, pr_ratio = [0.2, 0.2, 0.2, 0.2]
Prune local model 7, pr_ratio = [0.2, 0.2, 0.2, 0.2]
Prune local model 0, pr_ratio = [0.2, 0.2, 0.2, 0.2]
Prune local model 3, pr_ratio = [0.2, 0.2, 0.2, 0.2]
Prune local model 1, pr_ratio = [0.2, 0.2, 0.2, 0.2]
Prune local model 8, pr_ratio = [0.2, 0.2, 0.2, 0.2]
Prune local model 2, pr_ratio = [0.2, 0.2, 0.2, 0.2]
Prune local model 4, pr_ratio = [0.2, 0.2, 0.2, 0.2]
Prune local model 6, pr_ratio = [0.2, 0.2, 0.2, 0.2]
Prune local model 9, pr_ratio = [0.2, 0.2, 0.2, 0.2]
Round 52 – LOCAL TPR pre-agg per client: ['0.367', '0.458', '0.593', '0.588', '0.499', '0.546', '0.396', '0.452', '0.533', '0.417']
Round 52 – TPR per Domain: 0:0.442, 1:0.442, 2:0.408, 3:0.792, 4:0.590, 5:0.590, 6:0.590, 7:0.792, 8:0.408, 9:0.442
Round: 52 Method: dapperfl Mean_Acc: 56.722 Best_Acc: 60.405
Domain_Acc: [61.61, 78.95, 39.66, 46.67] Domain_BestAcc: [66.07, 80.0, 50.0, 56.67]
Prune local model 2, pr_ratio = [0.2, 0.2, 0.2, 0.2]
Prune local model 6, pr_ratio = [0.2, 0.2, 0.2, 0.2]
Prune local model 5, pr_ratio = [0.2, 0.2, 0.2, 0.2]
Prune local model 4, pr_ratio = [0.2, 0.2, 0.2, 0.2]
Prune local model 3, pr_ratio = [0.2, 0.2, 0.2, 0.2]
Prune local model 9, pr_ratio = [0.2, 0.2, 0.2, 0.2]
Prune local model 7, pr_ratio = [0.2, 0.2, 0.2, 0.2]
Prune local model 0, pr_ratio = [0.2, 0.2, 0.2, 0.2]
Prune local model 8, pr_ratio = [0.2, 0.2, 0.2, 0.2]
Prune local model 1, pr_ratio = [0.2, 0.2, 0.2, 0.2]
Round 53 – LOCAL TPR pre-agg per client: ['0.500', '0.192', '0.518', '0.510', '0.444', '0.485', '0.504', '0.501', '0.400', '0.575']
Round 53 – TPR per Domain: 0:0.467, 1:0.467, 2:0.339, 3:0.787, 4:0.608, 5:0.608, 6:0.608, 7:0.787, 8:0.339, 9:0.467
Round: 53 Method: dapperfl Mean_Acc: 55.088 Best_Acc: 60.405
Domain_Acc: [62.5, 78.42, 32.76, 46.67] Domain_BestAcc: [66.07, 80.0, 50.0, 56.67]
Prune local model 9, pr_ratio = [0.2, 0.2, 0.2, 0.2]
Prune local model 0, pr_ratio = [0.2, 0.2, 0.2, 0.2]
Prune local model 8, pr_ratio = [0.2, 0.2, 0.2, 0.2]
Prune local model 3, pr_ratio = [0.2, 0.2, 0.2, 0.2]
Prune local model 1, pr_ratio = [0.2, 0.2, 0.2, 0.2]
Prune local model 7, pr_ratio = [0.2, 0.2, 0.2, 0.2]
Prune local model 6, pr_ratio = [0.2, 0.2, 0.2, 0.2]
Prune local model 5, pr_ratio = [0.2, 0.2, 0.2, 0.2]
Prune local model 2, pr_ratio = [0.2, 0.2, 0.2, 0.2]
Prune local model 4, pr_ratio = [0.2, 0.2, 0.2, 0.2]
Round 54 – LOCAL TPR pre-agg per client: ['0.467', '0.217', '0.597', '0.714', '0.497', '0.387', '0.512', '0.654', '0.325', '0.275']
Round 54 – TPR per Domain: 0:0.450, 1:0.450, 2:0.446, 3:0.766, 4:0.563, 5:0.563, 6:0.563, 7:0.766, 8:0.446, 9:0.450
Round: 54 Method: dapperfl Mean_Acc: 56.255 Best_Acc: 60.405
Domain_Acc: [58.93, 76.32, 43.1, 46.67] Domain_BestAcc: [66.07, 80.0, 50.0, 56.67]
Prune local model 0, pr_ratio = [0.2, 0.2, 0.2, 0.2]
Prune local model 4, pr_ratio = [0.2, 0.2, 0.2, 0.2]
Prune local model 7, pr_ratio = [0.2, 0.2, 0.2, 0.2]
Prune local model 9, pr_ratio = [0.2, 0.2, 0.2, 0.2]
Prune local model 6, pr_ratio = [0.2, 0.2, 0.2, 0.2]
Prune local model 3, pr_ratio = [0.2, 0.2, 0.2, 0.2]
Prune local model 1, pr_ratio = [0.2, 0.2, 0.2, 0.2]
Prune local model 5, pr_ratio = [0.2, 0.2, 0.2, 0.2]
Prune local model 8, pr_ratio = [0.2, 0.2, 0.2, 0.2]
Prune local model 2, pr_ratio = [0.2, 0.2, 0.2, 0.2]
Round 55 – LOCAL TPR pre-agg per client: ['0.592', '0.442', '0.634', '0.670', '0.493', '0.597', '0.565', '0.604', '0.533', '0.450']
Round 55 – TPR per Domain: 0:0.525, 1:0.525, 2:0.434, 3:0.764, 4:0.629, 5:0.629, 6:0.629, 7:0.764, 8:0.434, 9:0.525
Round: 55 Method: dapperfl Mean_Acc: 59.238 Best_Acc: 60.405
Domain_Acc: [64.73, 75.79, 43.1, 53.33] Domain_BestAcc: [66.07, 80.0, 50.0, 56.67]
Prune local model 0, pr_ratio = [0.2, 0.2, 0.2, 0.2]
Prune local model 5, pr_ratio = [0.2, 0.2, 0.2, 0.2]
Prune local model 6, pr_ratio = [0.2, 0.2, 0.2, 0.2]
Prune local model 1, pr_ratio = [0.2, 0.2, 0.2, 0.2]
Prune local model 3, pr_ratio = [0.2, 0.2, 0.2, 0.2]
Prune local model 2, pr_ratio = [0.2, 0.2, 0.2, 0.2]
Prune local model 4, pr_ratio = [0.2, 0.2, 0.2, 0.2]
Prune local model 9, pr_ratio = [0.2, 0.2, 0.2, 0.2]
Prune local model 7, pr_ratio = [0.2, 0.2, 0.2, 0.2]
Prune local model 8, pr_ratio = [0.2, 0.2, 0.2, 0.2]
Round 56 – LOCAL TPR pre-agg per client: ['0.600', '0.550', '0.588', '0.591', '0.540', '0.549', '0.527', '0.566', '0.421', '0.300']
Round 56 – TPR per Domain: 0:0.542, 1:0.542, 2:0.365, 3:0.768, 4:0.583, 5:0.583, 6:0.583, 7:0.768, 8:0.365, 9:0.542
Round: 56 Method: dapperfl Mean_Acc: 56.532 Best_Acc: 60.405
Domain_Acc: [60.27, 76.32, 36.21, 53.33] Domain_BestAcc: [66.07, 80.0, 50.0, 56.67]
Prune local model 1, pr_ratio = [0.2, 0.2, 0.2, 0.2]
Prune local model 8, pr_ratio = [0.2, 0.2, 0.2, 0.2]
Prune local model 7, pr_ratio = [0.2, 0.2, 0.2, 0.2]
Prune local model 2, pr_ratio = [0.2, 0.2, 0.2, 0.2]
Prune local model 3, pr_ratio = [0.2, 0.2, 0.2, 0.2]
Prune local model 5, pr_ratio = [0.2, 0.2, 0.2, 0.2]
Prune local model 4, pr_ratio = [0.2, 0.2, 0.2, 0.2]
Prune local model 0, pr_ratio = [0.2, 0.2, 0.2, 0.2]
Prune local model 6, pr_ratio = [0.2, 0.2, 0.2, 0.2]
Prune local model 9, pr_ratio = [0.2, 0.2, 0.2, 0.2]
Round 57 – LOCAL TPR pre-agg per client: ['0.650', '0.350', '0.452', '0.483', '0.508', '0.512', '0.527', '0.457', '0.503', '0.367']
Round 57 – TPR per Domain: 0:0.467, 1:0.467, 2:0.475, 3:0.789, 4:0.623, 5:0.623, 6:0.623, 7:0.789, 8:0.475, 9:0.467
Round: 57 Method: dapperfl Mean_Acc: 58.982 Best_Acc: 60.405
Domain_Acc: [64.29, 78.42, 46.55, 46.67] Domain_BestAcc: [66.07, 80.0, 50.0, 56.67]
Prune local model 0, pr_ratio = [0.2, 0.2, 0.2, 0.2]
Prune local model 2, pr_ratio = [0.2, 0.2, 0.2, 0.2]
Prune local model 3, pr_ratio = [0.2, 0.2, 0.2, 0.2]
Prune local model 5, pr_ratio = [0.2, 0.2, 0.2, 0.2]
Prune local model 7, pr_ratio = [0.2, 0.2, 0.2, 0.2]
Prune local model 8, pr_ratio = [0.2, 0.2, 0.2, 0.2]
Prune local model 1, pr_ratio = [0.2, 0.2, 0.2, 0.2]
Prune local model 9, pr_ratio = [0.2, 0.2, 0.2, 0.2]
Prune local model 4, pr_ratio = [0.2, 0.2, 0.2, 0.2]
Prune local model 6, pr_ratio = [0.2, 0.2, 0.2, 0.2]
Round 58 – LOCAL TPR pre-agg per client: ['0.450', '0.417', '0.481', '0.723', '0.500', '0.531', '0.582', '0.641', '0.400', '0.467']
Round 58 – TPR per Domain: 0:0.483, 1:0.483, 2:0.414, 3:0.782, 4:0.586, 5:0.586, 6:0.586, 7:0.782, 8:0.414, 9:0.483
Round: 58 Method: dapperfl Mean_Acc: 56.44 Best_Acc: 60.405
Domain_Acc: [59.82, 77.89, 41.38, 46.67] Domain_BestAcc: [66.07, 80.0, 50.0, 56.67]
Prune local model 4, pr_ratio = [0.2, 0.2, 0.2, 0.2]
Prune local model 2, pr_ratio = [0.2, 0.2, 0.2, 0.2]
Prune local model 5, pr_ratio = [0.2, 0.2, 0.2, 0.2]
Prune local model 8, pr_ratio = [0.2, 0.2, 0.2, 0.2]
Prune local model 1, pr_ratio = [0.2, 0.2, 0.2, 0.2]
Prune local model 7, pr_ratio = [0.2, 0.2, 0.2, 0.2]
Prune local model 6, pr_ratio = [0.2, 0.2, 0.2, 0.2]
Prune local model 0, pr_ratio = [0.2, 0.2, 0.2, 0.2]
Prune local model 9, pr_ratio = [0.2, 0.2, 0.2, 0.2]
Prune local model 3, pr_ratio = [0.2, 0.2, 0.2, 0.2]
Round 59 – LOCAL TPR pre-agg per client: ['0.517', '0.283', '0.565', '0.499', '0.544', '0.583', '0.507', '0.506', '0.358', '0.250']
Round 59 – TPR per Domain: 0:0.367, 1:0.367, 2:0.332, 3:0.777, 4:0.613, 5:0.613, 6:0.613, 7:0.777, 8:0.332, 9:0.367
Round: 59 Method: dapperfl Mean_Acc: 53.27 Best_Acc: 60.405
Domain_Acc: [62.95, 77.37, 32.76, 40.0] Domain_BestAcc: [66.07, 80.0, 50.0, 56.67]
Prune local model 3, pr_ratio = [0.2, 0.2, 0.2, 0.2]
Prune local model 5, pr_ratio = [0.2, 0.2, 0.2, 0.2]
Prune local model 2, pr_ratio = [0.2, 0.2, 0.2, 0.2]
Prune local model 6, pr_ratio = [0.2, 0.2, 0.2, 0.2]
Prune local model 1, pr_ratio = [0.2, 0.2, 0.2, 0.2]
Prune local model 9, pr_ratio = [0.2, 0.2, 0.2, 0.2]
Prune local model 0, pr_ratio = [0.2, 0.2, 0.2, 0.2]
Prune local model 4, pr_ratio = [0.2, 0.2, 0.2, 0.2]
Prune local model 7, pr_ratio = [0.2, 0.2, 0.2, 0.2]
Prune local model 8, pr_ratio = [0.2, 0.2, 0.2, 0.2]
Round 60 – LOCAL TPR pre-agg per client: ['0.417', '0.458', '0.551', '0.759', '0.527', '0.485', '0.552', '0.610', '0.302', '0.367']
Round 60 – TPR per Domain: 0:0.400, 1:0.400, 2:0.368, 3:0.793, 4:0.606, 5:0.606, 6:0.606, 7:0.793, 8:0.368, 9:0.400
Round: 60 Method: dapperfl Mean_Acc: 54.095 Best_Acc: 60.405
Domain_Acc: [62.95, 78.95, 34.48, 40.0] Domain_BestAcc: [66.07, 80.0, 50.0, 56.67]
Prune local model 2, pr_ratio = [0.2, 0.2, 0.2, 0.2]
Prune local model 1, pr_ratio = [0.2, 0.2, 0.2, 0.2]
Prune local model 6, pr_ratio = [0.2, 0.2, 0.2, 0.2]
Prune local model 5, pr_ratio = [0.2, 0.2, 0.2, 0.2]
Prune local model 7, pr_ratio = [0.2, 0.2, 0.2, 0.2]
Prune local model 3, pr_ratio = [0.2, 0.2, 0.2, 0.2]
Prune local model 8, pr_ratio = [0.2, 0.2, 0.2, 0.2]
Prune local model 0, pr_ratio = [0.2, 0.2, 0.2, 0.2]
Prune local model 4, pr_ratio = [0.2, 0.2, 0.2, 0.2]
Prune local model 9, pr_ratio = [0.2, 0.2, 0.2, 0.2]
Round 61 – LOCAL TPR pre-agg per client: ['0.542', '0.242', '0.571', '0.716', '0.574', '0.579', '0.519', '0.651', '0.369', '0.333']
Round 61 – TPR per Domain: 0:0.383, 1:0.383, 2:0.423, 3:0.803, 4:0.616, 5:0.616, 6:0.616, 7:0.803, 8:0.423, 9:0.383
Round: 61 Method: dapperfl Mean_Acc: 56.735 Best_Acc: 60.405
Domain_Acc: [63.84, 80.0, 43.1, 40.0] Domain_BestAcc: [66.07, 80.0, 50.0, 56.67]
Prune local model 6, pr_ratio = [0.2, 0.2, 0.2, 0.2]
Prune local model 1, pr_ratio = [0.2, 0.2, 0.2, 0.2]
Prune local model 2, pr_ratio = [0.2, 0.2, 0.2, 0.2]
Prune local model 4, pr_ratio = [0.2, 0.2, 0.2, 0.2]
Prune local model 9, pr_ratio = [0.2, 0.2, 0.2, 0.2]
Prune local model 3, pr_ratio = [0.2, 0.2, 0.2, 0.2]
Prune local model 8, pr_ratio = [0.2, 0.2, 0.2, 0.2]
Prune local model 0, pr_ratio = [0.2, 0.2, 0.2, 0.2]
Prune local model 7, pr_ratio = [0.2, 0.2, 0.2, 0.2]
Prune local model 5, pr_ratio = [0.2, 0.2, 0.2, 0.2]
Round 62 – LOCAL TPR pre-agg per client: ['0.367', '0.250', '0.604', '0.374', '0.513', '0.516', '0.551', '0.593', '0.437', '0.350']
Round 62 – TPR per Domain: 0:0.367, 1:0.367, 2:0.442, 3:0.773, 4:0.585, 5:0.585, 6:0.585, 7:0.773, 8:0.442, 9:0.367
Round: 62 Method: dapperfl Mean_Acc: 55.162 Best_Acc: 60.405
Domain_Acc: [60.71, 76.84, 43.1, 40.0] Domain_BestAcc: [66.07, 80.0, 50.0, 56.67]
Prune local model 0, pr_ratio = [0.2, 0.2, 0.2, 0.2]
Prune local model 8, pr_ratio = [0.2, 0.2, 0.2, 0.2]
Prune local model 5, pr_ratio = [0.2, 0.2, 0.2, 0.2]
Prune local model 1, pr_ratio = [0.2, 0.2, 0.2, 0.2]
Prune local model 7, pr_ratio = [0.2, 0.2, 0.2, 0.2]
Prune local model 6, pr_ratio = [0.2, 0.2, 0.2, 0.2]
Prune local model 3, pr_ratio = [0.2, 0.2, 0.2, 0.2]
Prune local model 4, pr_ratio = [0.2, 0.2, 0.2, 0.2]
Prune local model 2, pr_ratio = [0.2, 0.2, 0.2, 0.2]
Prune local model 9, pr_ratio = [0.2, 0.2, 0.2, 0.2]
Round 63 – LOCAL TPR pre-agg per client: ['0.308', '0.433', '0.608', '0.782', '0.478', '0.594', '0.510', '0.728', '0.419', '0.325']
Round 63 – TPR per Domain: 0:0.525, 1:0.525, 2:0.508, 3:0.834, 4:0.612, 5:0.612, 6:0.612, 7:0.834, 8:0.508, 9:0.525
Round: 63 Method: dapperfl Mean_Acc: 62.47 Best_Acc: 62.47
Domain_Acc: [63.39, 83.16, 50.0, 53.33] Domain_BestAcc: [66.07, 83.16, 50.0, 56.67]
Prune local model 8, pr_ratio = [0.2, 0.2, 0.2, 0.2]
Prune local model 7, pr_ratio = [0.2, 0.2, 0.2, 0.2]
Prune local model 1, pr_ratio = [0.2, 0.2, 0.2, 0.2]
Prune local model 9, pr_ratio = [0.2, 0.2, 0.2, 0.2]
Prune local model 0, pr_ratio = [0.2, 0.2, 0.2, 0.2]
Prune local model 4, pr_ratio = [0.2, 0.2, 0.2, 0.2]
Prune local model 3, pr_ratio = [0.2, 0.2, 0.2, 0.2]
Prune local model 5, pr_ratio = [0.2, 0.2, 0.2, 0.2]
Prune local model 2, pr_ratio = [0.2, 0.2, 0.2, 0.2]
Prune local model 6, pr_ratio = [0.2, 0.2, 0.2, 0.2]
Round 64 – LOCAL TPR pre-agg per client: ['0.583', '0.317', '0.642', '0.687', '0.577', '0.568', '0.501', '0.687', '0.457', '0.350']
Round 64 – TPR per Domain: 0:0.475, 1:0.475, 2:0.455, 3:0.753, 4:0.594, 5:0.594, 6:0.594, 7:0.753, 8:0.455, 9:0.475
Round: 64 Method: dapperfl Mean_Acc: 57.905 Best_Acc: 62.47
Domain_Acc: [62.05, 74.74, 44.83, 50.0] Domain_BestAcc: [66.07, 83.16, 50.0, 56.67]
Prune local model 2, pr_ratio = [0.2, 0.2, 0.2, 0.2]
Prune local model 3, pr_ratio = [0.2, 0.2, 0.2, 0.2]
Prune local model 4, pr_ratio = [0.2, 0.2, 0.2, 0.2]
Prune local model 7, pr_ratio = [0.2, 0.2, 0.2, 0.2]
Prune local model 6, pr_ratio = [0.2, 0.2, 0.2, 0.2]
Prune local model 8, pr_ratio = [0.2, 0.2, 0.2, 0.2]
Prune local model 0, pr_ratio = [0.2, 0.2, 0.2, 0.2]
Prune local model 9, pr_ratio = [0.2, 0.2, 0.2, 0.2]
Prune local model 1, pr_ratio = [0.2, 0.2, 0.2, 0.2]
Prune local model 5, pr_ratio = [0.2, 0.2, 0.2, 0.2]
Round 65 – LOCAL TPR pre-agg per client: ['0.642', '0.542', '0.579', '0.746', '0.457', '0.485', '0.532', '0.579', '0.432', '0.442']
Round 65 – TPR per Domain: 0:0.525, 1:0.525, 2:0.383, 3:0.752, 4:0.619, 5:0.619, 6:0.619, 7:0.752, 8:0.383, 9:0.525
Round: 65 Method: dapperfl Mean_Acc: 57.573 Best_Acc: 62.47
Domain_Acc: [64.29, 74.74, 37.93, 53.33] Domain_BestAcc: [66.07, 83.16, 50.0, 56.67]
Prune local model 8, pr_ratio = [0.2, 0.2, 0.2, 0.2]
Prune local model 6, pr_ratio = [0.2, 0.2, 0.2, 0.2]
Prune local model 7, pr_ratio = [0.2, 0.2, 0.2, 0.2]
Prune local model 2, pr_ratio = [0.2, 0.2, 0.2, 0.2]
Prune local model 9, pr_ratio = [0.2, 0.2, 0.2, 0.2]
Prune local model 4, pr_ratio = [0.2, 0.2, 0.2, 0.2]
Prune local model 1, pr_ratio = [0.2, 0.2, 0.2, 0.2]
Prune local model 5, pr_ratio = [0.2, 0.2, 0.2, 0.2]
Prune local model 3, pr_ratio = [0.2, 0.2, 0.2, 0.2]
Prune local model 0, pr_ratio = [0.2, 0.2, 0.2, 0.2]
Round 66 – LOCAL TPR pre-agg per client: ['0.533', '0.600', '0.654', '0.617', '0.450', '0.498', '0.545', '0.726', '0.567', '0.450']
Round 66 – TPR per Domain: 0:0.375, 1:0.375, 2:0.433, 3:0.783, 4:0.603, 5:0.603, 6:0.603, 7:0.783, 8:0.433, 9:0.375
Round: 66 Method: dapperfl Mean_Acc: 55.442 Best_Acc: 62.47
Domain_Acc: [62.5, 77.89, 41.38, 40.0] Domain_BestAcc: [66.07, 83.16, 50.0, 56.67]
Prune local model 4, pr_ratio = [0.2, 0.2, 0.2, 0.2]
Prune local model 3, pr_ratio = [0.2, 0.2, 0.2, 0.2]
Prune local model 7, pr_ratio = [0.2, 0.2, 0.2, 0.2]
Prune local model 5, pr_ratio = [0.2, 0.2, 0.2, 0.2]
Prune local model 0, pr_ratio = [0.2, 0.2, 0.2, 0.2]
Prune local model 2, pr_ratio = [0.2, 0.2, 0.2, 0.2]
Prune local model 6, pr_ratio = [0.2, 0.2, 0.2, 0.2]
Prune local model 9, pr_ratio = [0.2, 0.2, 0.2, 0.2]
Prune local model 1, pr_ratio = [0.2, 0.2, 0.2, 0.2]
Prune local model 8, pr_ratio = [0.2, 0.2, 0.2, 0.2]
Round 67 – LOCAL TPR pre-agg per client: ['0.583', '0.300', '0.604', '0.706', '0.474', '0.600', '0.599', '0.677', '0.357', '0.625']
Round 67 – TPR per Domain: 0:0.483, 1:0.483, 2:0.497, 3:0.788, 4:0.596, 5:0.596, 6:0.596, 7:0.788, 8:0.497, 9:0.483
Round: 67 Method: dapperfl Mean_Acc: 60.23 Best_Acc: 62.47
Domain_Acc: [62.5, 78.42, 50.0, 50.0] Domain_BestAcc: [66.07, 83.16, 50.0, 56.67]
Prune local model 0, pr_ratio = [0.2, 0.2, 0.2, 0.2]
Prune local model 2, pr_ratio = [0.2, 0.2, 0.2, 0.2]
Prune local model 8, pr_ratio = [0.2, 0.2, 0.2, 0.2]
Prune local model 9, pr_ratio = [0.2, 0.2, 0.2, 0.2]
Prune local model 4, pr_ratio = [0.2, 0.2, 0.2, 0.2]
Prune local model 5, pr_ratio = [0.2, 0.2, 0.2, 0.2]
Prune local model 1, pr_ratio = [0.2, 0.2, 0.2, 0.2]
Prune local model 7, pr_ratio = [0.2, 0.2, 0.2, 0.2]
Prune local model 6, pr_ratio = [0.2, 0.2, 0.2, 0.2]
Prune local model 3, pr_ratio = [0.2, 0.2, 0.2, 0.2]
Round 68 – LOCAL TPR pre-agg per client: ['0.550', '0.500', '0.529', '0.730', '0.586', '0.552', '0.553', '0.805', '0.411', '0.467']
Round 68 – TPR per Domain: 0:0.442, 1:0.442, 2:0.412, 3:0.793, 4:0.617, 5:0.617, 6:0.617, 7:0.793, 8:0.412, 9:0.442
Round: 68 Method: dapperfl Mean_Acc: 57.71 Best_Acc: 62.47
Domain_Acc: [63.84, 78.95, 41.38, 46.67] Domain_BestAcc: [66.07, 83.16, 50.0, 56.67]
Prune local model 9, pr_ratio = [0.2, 0.2, 0.2, 0.2]
Prune local model 0, pr_ratio = [0.2, 0.2, 0.2, 0.2]
Prune local model 4, pr_ratio = [0.2, 0.2, 0.2, 0.2]
Prune local model 1, pr_ratio = [0.2, 0.2, 0.2, 0.2]
Prune local model 5, pr_ratio = [0.2, 0.2, 0.2, 0.2]
Prune local model 7, pr_ratio = [0.2, 0.2, 0.2, 0.2]
Prune local model 8, pr_ratio = [0.2, 0.2, 0.2, 0.2]
Prune local model 2, pr_ratio = [0.2, 0.2, 0.2, 0.2]
Prune local model 3, pr_ratio = [0.2, 0.2, 0.2, 0.2]
Prune local model 6, pr_ratio = [0.2, 0.2, 0.2, 0.2]
Round 69 – LOCAL TPR pre-agg per client: ['0.350', '0.567', '0.588', '0.708', '0.520', '0.475', '0.513', '0.719', '0.398', '0.300']
Round 69 – TPR per Domain: 0:0.475, 1:0.475, 2:0.479, 3:0.803, 4:0.589, 5:0.589, 6:0.589, 7:0.803, 8:0.479, 9:0.475
Round: 69 Method: dapperfl Mean_Acc: 59.427 Best_Acc: 62.47
Domain_Acc: [61.16, 80.0, 46.55, 50.0] Domain_BestAcc: [66.07, 83.16, 50.0, 56.67]
Prune local model 2, pr_ratio = [0.2, 0.2, 0.2, 0.2]
Prune local model 7, pr_ratio = [0.2, 0.2, 0.2, 0.2]
Prune local model 4, pr_ratio = [0.2, 0.2, 0.2, 0.2]
Prune local model 9, pr_ratio = [0.2, 0.2, 0.2, 0.2]
Prune local model 5, pr_ratio = [0.2, 0.2, 0.2, 0.2]
Prune local model 3, pr_ratio = [0.2, 0.2, 0.2, 0.2]
Prune local model 0, pr_ratio = [0.2, 0.2, 0.2, 0.2]
Prune local model 8, pr_ratio = [0.2, 0.2, 0.2, 0.2]
Prune local model 1, pr_ratio = [0.2, 0.2, 0.2, 0.2]
Prune local model 6, pr_ratio = [0.2, 0.2, 0.2, 0.2]
Round 70 – LOCAL TPR pre-agg per client: ['0.533', '0.575', '0.571', '0.767', '0.523', '0.605', '0.511', '0.571', '0.362', '0.300']
Round 70 – TPR per Domain: 0:0.450, 1:0.450, 2:0.464, 3:0.779, 4:0.601, 5:0.601, 6:0.601, 7:0.779, 8:0.464, 9:0.450
Round: 70 Method: dapperfl Mean_Acc: 58.273 Best_Acc: 62.47
Domain_Acc: [62.5, 77.37, 46.55, 46.67] Domain_BestAcc: [66.07, 83.16, 50.0, 56.67]
Prune local model 9, pr_ratio = [0.2, 0.2, 0.2, 0.2]
Prune local model 1, pr_ratio = [0.2, 0.2, 0.2, 0.2]
Prune local model 6, pr_ratio = [0.2, 0.2, 0.2, 0.2]
Prune local model 8, pr_ratio = [0.2, 0.2, 0.2, 0.2]
Prune local model 7, pr_ratio = [0.2, 0.2, 0.2, 0.2]
Prune local model 4, pr_ratio = [0.2, 0.2, 0.2, 0.2]
Prune local model 5, pr_ratio = [0.2, 0.2, 0.2, 0.2]
Prune local model 0, pr_ratio = [0.2, 0.2, 0.2, 0.2]
Prune local model 2, pr_ratio = [0.2, 0.2, 0.2, 0.2]
Prune local model 3, pr_ratio = [0.2, 0.2, 0.2, 0.2]
Round 71 – LOCAL TPR pre-agg per client: ['0.483', '0.575', '0.704', '0.754', '0.584', '0.639', '0.562', '0.359', '0.458', '0.317']
Round 71 – TPR per Domain: 0:0.458, 1:0.458, 2:0.575, 3:0.783, 4:0.614, 5:0.614, 6:0.614, 7:0.783, 8:0.575, 9:0.458
Round: 71 Method: dapperfl Mean_Acc: 61.213 Best_Acc: 62.47
Domain_Acc: [63.39, 77.89, 56.9, 46.67] Domain_BestAcc: [66.07, 83.16, 56.9, 56.67]
Prune local model 8, pr_ratio = [0.2, 0.2, 0.2, 0.2]
Prune local model 4, pr_ratio = [0.2, 0.2, 0.2, 0.2]
Prune local model 0, pr_ratio = [0.2, 0.2, 0.2, 0.2]
Prune local model 3, pr_ratio = [0.2, 0.2, 0.2, 0.2]
Prune local model 7, pr_ratio = [0.2, 0.2, 0.2, 0.2]
Prune local model 6, pr_ratio = [0.2, 0.2, 0.2, 0.2]
Prune local model 9, pr_ratio = [0.2, 0.2, 0.2, 0.2]
Prune local model 5, pr_ratio = [0.2, 0.2, 0.2, 0.2]
Prune local model 1, pr_ratio = [0.2, 0.2, 0.2, 0.2]
Prune local model 2, pr_ratio = [0.2, 0.2, 0.2, 0.2]
Round 72 – LOCAL TPR pre-agg per client: ['0.533', '0.450', '0.583', '0.700', '0.578', '0.280', '0.566', '0.633', '0.415', '0.417']
Round 72 – TPR per Domain: 0:0.450, 1:0.450, 2:0.505, 3:0.790, 4:0.595, 5:0.595, 6:0.595, 7:0.790, 8:0.505, 9:0.450
Round: 72 Method: dapperfl Mean_Acc: 58.855 Best_Acc: 62.47
Domain_Acc: [62.05, 78.42, 48.28, 46.67] Domain_BestAcc: [66.07, 83.16, 56.9, 56.67]
Prune local model 9, pr_ratio = [0.2, 0.2, 0.2, 0.2]
Prune local model 7, pr_ratio = [0.2, 0.2, 0.2, 0.2]
Prune local model 0, pr_ratio = [0.2, 0.2, 0.2, 0.2]
Prune local model 1, pr_ratio = [0.2, 0.2, 0.2, 0.2]
Prune local model 8, pr_ratio = [0.2, 0.2, 0.2, 0.2]
Prune local model 6, pr_ratio = [0.2, 0.2, 0.2, 0.2]
Prune local model 4, pr_ratio = [0.2, 0.2, 0.2, 0.2]
Prune local model 3, pr_ratio = [0.2, 0.2, 0.2, 0.2]
Prune local model 2, pr_ratio = [0.2, 0.2, 0.2, 0.2]
Prune local model 5, pr_ratio = [0.2, 0.2, 0.2, 0.2]
Round 73 – LOCAL TPR pre-agg per client: ['0.508', '0.583', '0.654', '0.712', '0.562', '0.568', '0.586', '0.715', '0.411', '0.317']
Round 73 – TPR per Domain: 0:0.550, 1:0.550, 2:0.533, 3:0.788, 4:0.616, 5:0.616, 6:0.616, 7:0.788, 8:0.533, 9:0.550
Round: 73 Method: dapperfl Mean_Acc: 62.775 Best_Acc: 62.775
Domain_Acc: [64.29, 78.42, 51.72, 56.67] Domain_BestAcc: [66.07, 83.16, 56.9, 56.67]
Prune local model 8, pr_ratio = [0.2, 0.2, 0.2, 0.2]
Prune local model 5, pr_ratio = [0.2, 0.2, 0.2, 0.2]
Prune local model 2, pr_ratio = [0.2, 0.2, 0.2, 0.2]
Prune local model 7, pr_ratio = [0.2, 0.2, 0.2, 0.2]
Prune local model 0, pr_ratio = [0.2, 0.2, 0.2, 0.2]
Prune local model 9, pr_ratio = [0.2, 0.2, 0.2, 0.2]
Prune local model 6, pr_ratio = [0.2, 0.2, 0.2, 0.2]
Prune local model 4, pr_ratio = [0.2, 0.2, 0.2, 0.2]
Prune local model 3, pr_ratio = [0.2, 0.2, 0.2, 0.2]
Prune local model 1, pr_ratio = [0.2, 0.2, 0.2, 0.2]
Round 74 – LOCAL TPR pre-agg per client: ['0.408', '0.633', '0.696', '0.642', '0.496', '0.545', '0.567', '0.694', '0.447', '0.375']
Round 74 – TPR per Domain: 0:0.383, 1:0.383, 2:0.385, 3:0.787, 4:0.588, 5:0.588, 6:0.588, 7:0.787, 8:0.385, 9:0.383
Round: 74 Method: dapperfl Mean_Acc: 54.378 Best_Acc: 62.775
Domain_Acc: [61.16, 78.42, 37.93, 40.0] Domain_BestAcc: [66.07, 83.16, 56.9, 56.67]
Prune local model 9, pr_ratio = [0.2, 0.2, 0.2, 0.2]
Prune local model 4, pr_ratio = [0.2, 0.2, 0.2, 0.2]
Prune local model 6, pr_ratio = [0.2, 0.2, 0.2, 0.2]
Prune local model 8, pr_ratio = [0.2, 0.2, 0.2, 0.2]
Prune local model 2, pr_ratio = [0.2, 0.2, 0.2, 0.2]
Prune local model 7, pr_ratio = [0.2, 0.2, 0.2, 0.2]
Prune local model 1, pr_ratio = [0.2, 0.2, 0.2, 0.2]
Prune local model 0, pr_ratio = [0.2, 0.2, 0.2, 0.2]
Prune local model 5, pr_ratio = [0.2, 0.2, 0.2, 0.2]
Prune local model 3, pr_ratio = [0.2, 0.2, 0.2, 0.2]
Round 75 – LOCAL TPR pre-agg per client: ['0.517', '0.375', '0.596', '0.726', '0.509', '0.601', '0.530', '0.737', '0.458', '0.467']
Round 75 – TPR per Domain: 0:0.450, 1:0.450, 2:0.508, 3:0.783, 4:0.618, 5:0.618, 6:0.618, 7:0.783, 8:0.508, 9:0.450
Round: 75 Method: dapperfl Mean_Acc: 59.17 Best_Acc: 62.775
Domain_Acc: [63.84, 77.89, 48.28, 46.67] Domain_BestAcc: [66.07, 83.16, 56.9, 56.67]
Prune local model 8, pr_ratio = [0.2, 0.2, 0.2, 0.2]
Prune local model 3, pr_ratio = [0.2, 0.2, 0.2, 0.2]
Prune local model 1, pr_ratio = [0.2, 0.2, 0.2, 0.2]
Prune local model 0, pr_ratio = [0.2, 0.2, 0.2, 0.2]
Prune local model 4, pr_ratio = [0.2, 0.2, 0.2, 0.2]
Prune local model 2, pr_ratio = [0.2, 0.2, 0.2, 0.2]
Prune local model 6, pr_ratio = [0.2, 0.2, 0.2, 0.2]
Prune local model 7, pr_ratio = [0.2, 0.2, 0.2, 0.2]
Prune local model 9, pr_ratio = [0.2, 0.2, 0.2, 0.2]
Prune local model 5, pr_ratio = [0.2, 0.2, 0.2, 0.2]
Round 76 – LOCAL TPR pre-agg per client: ['0.492', '0.433', '0.563', '0.685', '0.559', '0.552', '0.581', '0.606', '0.520', '0.242']
Round 76 – TPR per Domain: 0:0.400, 1:0.400, 2:0.416, 3:0.802, 4:0.591, 5:0.591, 6:0.591, 7:0.802, 8:0.416, 9:0.400
Round: 76 Method: dapperfl Mean_Acc: 56.178 Best_Acc: 62.775
Domain_Acc: [61.61, 80.0, 43.1, 40.0] Domain_BestAcc: [66.07, 83.16, 56.9, 56.67]
Prune local model 9, pr_ratio = [0.2, 0.2, 0.2, 0.2]
Prune local model 1, pr_ratio = [0.2, 0.2, 0.2, 0.2]
Prune local model 7, pr_ratio = [0.2, 0.2, 0.2, 0.2]
Prune local model 4, pr_ratio = [0.2, 0.2, 0.2, 0.2]
Prune local model 2, pr_ratio = [0.2, 0.2, 0.2, 0.2]
Prune local model 6, pr_ratio = [0.2, 0.2, 0.2, 0.2]
Prune local model 0, pr_ratio = [0.2, 0.2, 0.2, 0.2]
Prune local model 5, pr_ratio = [0.2, 0.2, 0.2, 0.2]
Prune local model 8, pr_ratio = [0.2, 0.2, 0.2, 0.2]
Prune local model 3, pr_ratio = [0.2, 0.2, 0.2, 0.2]
Round 77 – LOCAL TPR pre-agg per client: ['0.533', '0.300', '0.658', '0.689', '0.553', '0.567', '0.600', '0.672', '0.530', '0.292']
Round 77 – TPR per Domain: 0:0.475, 1:0.475, 2:0.496, 3:0.819, 4:0.632, 5:0.632, 6:0.632, 7:0.819, 8:0.496, 9:0.475
Round: 77 Method: dapperfl Mean_Acc: 61.8 Best_Acc: 62.775
Domain_Acc: [65.62, 81.58, 50.0, 50.0] Domain_BestAcc: [66.07, 83.16, 56.9, 56.67]
Prune local model 4, pr_ratio = [0.2, 0.2, 0.2, 0.2]
Prune local model 1, pr_ratio = [0.2, 0.2, 0.2, 0.2]
Prune local model 2, pr_ratio = [0.2, 0.2, 0.2, 0.2]
Prune local model 8, pr_ratio = [0.2, 0.2, 0.2, 0.2]
Prune local model 9, pr_ratio = [0.2, 0.2, 0.2, 0.2]
Prune local model 7, pr_ratio = [0.2, 0.2, 0.2, 0.2]
Prune local model 6, pr_ratio = [0.2, 0.2, 0.2, 0.2]
Prune local model 0, pr_ratio = [0.2, 0.2, 0.2, 0.2]
Prune local model 5, pr_ratio = [0.2, 0.2, 0.2, 0.2]
Prune local model 3, pr_ratio = [0.2, 0.2, 0.2, 0.2]
Round 78 – LOCAL TPR pre-agg per client: ['0.592', '0.458', '0.633', '0.541', '0.600', '0.614', '0.602', '0.771', '0.383', '0.242']
Round 78 – TPR per Domain: 0:0.450, 1:0.450, 2:0.513, 3:0.783, 4:0.638, 5:0.638, 6:0.638, 7:0.783, 8:0.513, 9:0.450
Round: 78 Method: dapperfl Mean_Acc: 60.158 Best_Acc: 62.775
Domain_Acc: [66.07, 77.89, 50.0, 46.67] Domain_BestAcc: [66.07, 83.16, 56.9, 56.67]
Prune local model 7, pr_ratio = [0.2, 0.2, 0.2, 0.2]
Prune local model 3, pr_ratio = [0.2, 0.2, 0.2, 0.2]
Prune local model 6, pr_ratio = [0.2, 0.2, 0.2, 0.2]
Prune local model 4, pr_ratio = [0.2, 0.2, 0.2, 0.2]
Prune local model 5, pr_ratio = [0.2, 0.2, 0.2, 0.2]
Prune local model 1, pr_ratio = [0.2, 0.2, 0.2, 0.2]
Prune local model 0, pr_ratio = [0.2, 0.2, 0.2, 0.2]
Prune local model 2, pr_ratio = [0.2, 0.2, 0.2, 0.2]
Prune local model 9, pr_ratio = [0.2, 0.2, 0.2, 0.2]
Prune local model 8, pr_ratio = [0.2, 0.2, 0.2, 0.2]
Round 79 – LOCAL TPR pre-agg per client: ['0.433', '0.492', '0.625', '0.787', '0.609', '0.597', '0.599', '0.749', '0.484', '0.308']
Round 79 – TPR per Domain: 0:0.508, 1:0.508, 2:0.506, 3:0.809, 4:0.604, 5:0.604, 6:0.604, 7:0.809, 8:0.506, 9:0.508
Round: 79 Method: dapperfl Mean_Acc: 60.98 Best_Acc: 62.775
Domain_Acc: [63.39, 80.53, 50.0, 50.0] Domain_BestAcc: [66.07, 83.16, 56.9, 56.67]
Prune local model 0, pr_ratio = [0.2, 0.2, 0.2, 0.2]
Prune local model 4, pr_ratio = [0.2, 0.2, 0.2, 0.2]
Prune local model 8, pr_ratio = [0.2, 0.2, 0.2, 0.2]
Prune local model 3, pr_ratio = [0.2, 0.2, 0.2, 0.2]
Prune local model 7, pr_ratio = [0.2, 0.2, 0.2, 0.2]
Prune local model 9, pr_ratio = [0.2, 0.2, 0.2, 0.2]
Prune local model 5, pr_ratio = [0.2, 0.2, 0.2, 0.2]
Prune local model 1, pr_ratio = [0.2, 0.2, 0.2, 0.2]
Prune local model 6, pr_ratio = [0.2, 0.2, 0.2, 0.2]
Prune local model 2, pr_ratio = [0.2, 0.2, 0.2, 0.2]
Round 80 – LOCAL TPR pre-agg per client: ['0.533', '0.533', '0.608', '0.764', '0.572', '0.611', '0.551', '0.805', '0.536', '0.517']
Round 80 – TPR per Domain: 0:0.500, 1:0.500, 2:0.558, 3:0.810, 4:0.630, 5:0.630, 6:0.630, 7:0.810, 8:0.558, 9:0.500
Round: 80 Method: dapperfl Mean_Acc: 63.552 Best_Acc: 63.552
Domain_Acc: [65.18, 80.53, 55.17, 53.33] Domain_BestAcc: [66.07, 83.16, 56.9, 56.67]
Prune local model 7, pr_ratio = [0.2, 0.2, 0.2, 0.2]
Prune local model 1, pr_ratio = [0.2, 0.2, 0.2, 0.2]
Prune local model 9, pr_ratio = [0.2, 0.2, 0.2, 0.2]
Prune local model 8, pr_ratio = [0.2, 0.2, 0.2, 0.2]
Prune local model 3, pr_ratio = [0.2, 0.2, 0.2, 0.2]
Prune local model 0, pr_ratio = [0.2, 0.2, 0.2, 0.2]
Prune local model 2, pr_ratio = [0.2, 0.2, 0.2, 0.2]
Prune local model 4, pr_ratio = [0.2, 0.2, 0.2, 0.2]
Prune local model 5, pr_ratio = [0.2, 0.2, 0.2, 0.2]
Prune local model 6, pr_ratio = [0.2, 0.2, 0.2, 0.2]
Round 81 – LOCAL TPR pre-agg per client: ['0.433', '0.575', '0.658', '0.692', '0.458', '0.536', '0.607', '0.478', '0.443', '0.150']
Round 81 – TPR per Domain: 0:0.442, 1:0.442, 2:0.525, 3:0.824, 4:0.641, 5:0.641, 6:0.641, 7:0.824, 8:0.525, 9:0.442
Round: 81 Method: dapperfl Mean_Acc: 61.642 Best_Acc: 63.552
Domain_Acc: [66.07, 82.11, 51.72, 46.67] Domain_BestAcc: [66.07, 83.16, 56.9, 56.67]
Prune local model 9, pr_ratio = [0.2, 0.2, 0.2, 0.2]
Prune local model 1, pr_ratio = [0.2, 0.2, 0.2, 0.2]
Prune local model 8, pr_ratio = [0.2, 0.2, 0.2, 0.2]
Prune local model 2, pr_ratio = [0.2, 0.2, 0.2, 0.2]
Prune local model 3, pr_ratio = [0.2, 0.2, 0.2, 0.2]
Prune local model 5, pr_ratio = [0.2, 0.2, 0.2, 0.2]
Prune local model 7, pr_ratio = [0.2, 0.2, 0.2, 0.2]
Prune local model 6, pr_ratio = [0.2, 0.2, 0.2, 0.2]
Prune local model 0, pr_ratio = [0.2, 0.2, 0.2, 0.2]
Prune local model 4, pr_ratio = [0.2, 0.2, 0.2, 0.2]
Round 82 – LOCAL TPR pre-agg per client: ['0.475', '0.392', '0.667', '0.715', '0.582', '0.550', '0.571', '0.723', '0.281', '0.142']
Round 82 – TPR per Domain: 0:0.433, 1:0.433, 2:0.399, 3:0.819, 4:0.592, 5:0.592, 6:0.592, 7:0.819, 8:0.399, 9:0.433
Round: 82 Method: dapperfl Mean_Acc: 56.433 Best_Acc: 63.552
Domain_Acc: [61.16, 81.58, 39.66, 43.33] Domain_BestAcc: [66.07, 83.16, 56.9, 56.67]
Prune local model 9, pr_ratio = [0.2, 0.2, 0.2, 0.2]
Prune local model 0, pr_ratio = [0.2, 0.2, 0.2, 0.2]
Prune local model 3, pr_ratio = [0.2, 0.2, 0.2, 0.2]
Prune local model 2, pr_ratio = [0.2, 0.2, 0.2, 0.2]
Prune local model 6, pr_ratio = [0.2, 0.2, 0.2, 0.2]
Prune local model 4, pr_ratio = [0.2, 0.2, 0.2, 0.2]
Prune local model 1, pr_ratio = [0.2, 0.2, 0.2, 0.2]
Prune local model 5, pr_ratio = [0.2, 0.2, 0.2, 0.2]
Prune local model 8, pr_ratio = [0.2, 0.2, 0.2, 0.2]
Prune local model 7, pr_ratio = [0.2, 0.2, 0.2, 0.2]
Round 83 – LOCAL TPR pre-agg per client: ['0.508', '0.742', '0.642', '0.720', '0.470', '0.620', '0.602', '0.648', '0.513', '0.508']
Round 83 – TPR per Domain: 0:0.492, 1:0.492, 2:0.504, 3:0.773, 4:0.635, 5:0.635, 6:0.635, 7:0.773, 8:0.504, 9:0.492
Round: 83 Method: dapperfl Mean_Acc: 60.728 Best_Acc: 63.552
Domain_Acc: [66.07, 76.84, 50.0, 50.0] Domain_BestAcc: [66.07, 83.16, 56.9, 56.67]
Prune local model 8, pr_ratio = [0.2, 0.2, 0.2, 0.2]
Prune local model 5, pr_ratio = [0.2, 0.2, 0.2, 0.2]
Prune local model 1, pr_ratio = [0.2, 0.2, 0.2, 0.2]
Prune local model 0, pr_ratio = [0.2, 0.2, 0.2, 0.2]
Prune local model 3, pr_ratio = [0.2, 0.2, 0.2, 0.2]
Prune local model 4, pr_ratio = [0.2, 0.2, 0.2, 0.2]
Prune local model 9, pr_ratio = [0.2, 0.2, 0.2, 0.2]
Prune local model 6, pr_ratio = [0.2, 0.2, 0.2, 0.2]
Prune local model 2, pr_ratio = [0.2, 0.2, 0.2, 0.2]
Prune local model 7, pr_ratio = [0.2, 0.2, 0.2, 0.2]
Round 84 – LOCAL TPR pre-agg per client: ['0.508', '0.283', '0.675', '0.823', '0.464', '0.525', '0.563', '0.749', '0.440', '0.192']
Round 84 – TPR per Domain: 0:0.500, 1:0.500, 2:0.402, 3:0.779, 4:0.619, 5:0.619, 6:0.619, 7:0.779, 8:0.402, 9:0.500
Round: 84 Method: dapperfl Mean_Acc: 58.663 Best_Acc: 63.552
Domain_Acc: [64.29, 77.37, 39.66, 53.33] Domain_BestAcc: [66.07, 83.16, 56.9, 56.67]
Prune local model 5, pr_ratio = [0.2, 0.2, 0.2, 0.2]
Prune local model 8, pr_ratio = [0.2, 0.2, 0.2, 0.2]
Prune local model 1, pr_ratio = [0.2, 0.2, 0.2, 0.2]
Prune local model 6, pr_ratio = [0.2, 0.2, 0.2, 0.2]
Prune local model 4, pr_ratio = [0.2, 0.2, 0.2, 0.2]
Prune local model 3, pr_ratio = [0.2, 0.2, 0.2, 0.2]
Prune local model 9, pr_ratio = [0.2, 0.2, 0.2, 0.2]
Prune local model 7, pr_ratio = [0.2, 0.2, 0.2, 0.2]
Prune local model 0, pr_ratio = [0.2, 0.2, 0.2, 0.2]
Prune local model 2, pr_ratio = [0.2, 0.2, 0.2, 0.2]
Round 85 – LOCAL TPR pre-agg per client: ['0.542', '0.450', '0.600', '0.603', '0.588', '0.570', '0.597', '0.388', '0.487', '0.175']
Round 85 – TPR per Domain: 0:0.475, 1:0.475, 2:0.542, 3:0.805, 4:0.620, 5:0.620, 6:0.620, 7:0.805, 8:0.542, 9:0.475
Round: 85 Method: dapperfl Mean_Acc: 62.045 Best_Acc: 63.552
Domain_Acc: [64.73, 80.0, 53.45, 50.0] Domain_BestAcc: [66.07, 83.16, 56.9, 56.67]
Prune local model 8, pr_ratio = [0.2, 0.2, 0.2, 0.2]
Prune local model 7, pr_ratio = [0.2, 0.2, 0.2, 0.2]
Prune local model 0, pr_ratio = [0.2, 0.2, 0.2, 0.2]
Prune local model 6, pr_ratio = [0.2, 0.2, 0.2, 0.2]
Prune local model 3, pr_ratio = [0.2, 0.2, 0.2, 0.2]
Prune local model 9, pr_ratio = [0.2, 0.2, 0.2, 0.2]
Prune local model 2, pr_ratio = [0.2, 0.2, 0.2, 0.2]
Prune local model 1, pr_ratio = [0.2, 0.2, 0.2, 0.2]
Prune local model 5, pr_ratio = [0.2, 0.2, 0.2, 0.2]
Prune local model 4, pr_ratio = [0.2, 0.2, 0.2, 0.2]
Round 86 – LOCAL TPR pre-agg per client: ['0.508', '0.300', '0.679', '0.776', '0.525', '0.605', '0.590', '0.573', '0.463', '0.367']
Round 86 – TPR per Domain: 0:0.400, 1:0.400, 2:0.474, 3:0.794, 4:0.644, 5:0.644, 6:0.644, 7:0.794, 8:0.474, 9:0.400
Round: 86 Method: dapperfl Mean_Acc: 59.045 Best_Acc: 63.552
Domain_Acc: [65.62, 78.95, 48.28, 43.33] Domain_BestAcc: [66.07, 83.16, 56.9, 56.67]
Prune local model 6, pr_ratio = [0.2, 0.2, 0.2, 0.2]
Prune local model 7, pr_ratio = [0.2, 0.2, 0.2, 0.2]
Prune local model 5, pr_ratio = [0.2, 0.2, 0.2, 0.2]
Prune local model 8, pr_ratio = [0.2, 0.2, 0.2, 0.2]
Prune local model 2, pr_ratio = [0.2, 0.2, 0.2, 0.2]
Prune local model 1, pr_ratio = [0.2, 0.2, 0.2, 0.2]
Prune local model 4, pr_ratio = [0.2, 0.2, 0.2, 0.2]
Prune local model 0, pr_ratio = [0.2, 0.2, 0.2, 0.2]
Prune local model 9, pr_ratio = [0.2, 0.2, 0.2, 0.2]
Prune local model 3, pr_ratio = [0.2, 0.2, 0.2, 0.2]
Round 87 – LOCAL TPR pre-agg per client: ['0.533', '0.467', '0.604', '0.787', '0.494', '0.581', '0.612', '0.678', '0.405', '0.458']
Round 87 – TPR per Domain: 0:0.475, 1:0.475, 2:0.395, 3:0.782, 4:0.635, 5:0.635, 6:0.635, 7:0.782, 8:0.395, 9:0.475
Round: 87 Method: dapperfl Mean_Acc: 58.182 Best_Acc: 63.552
Domain_Acc: [65.18, 77.89, 39.66, 50.0] Domain_BestAcc: [66.07, 83.16, 56.9, 56.67]
Prune local model 2, pr_ratio = [0.2, 0.2, 0.2, 0.2]
Prune local model 7, pr_ratio = [0.2, 0.2, 0.2, 0.2]
Prune local model 6, pr_ratio = [0.2, 0.2, 0.2, 0.2]
Prune local model 5, pr_ratio = [0.2, 0.2, 0.2, 0.2]
Prune local model 4, pr_ratio = [0.2, 0.2, 0.2, 0.2]
Prune local model 3, pr_ratio = [0.2, 0.2, 0.2, 0.2]
Prune local model 0, pr_ratio = [0.2, 0.2, 0.2, 0.2]
Prune local model 9, pr_ratio = [0.2, 0.2, 0.2, 0.2]
Prune local model 1, pr_ratio = [0.2, 0.2, 0.2, 0.2]
Prune local model 8, pr_ratio = [0.2, 0.2, 0.2, 0.2]
Round 88 – LOCAL TPR pre-agg per client: ['0.558', '0.425', '0.579', '0.600', '0.572', '0.538', '0.604', '0.645', '0.568', '0.508']
Round 88 – TPR per Domain: 0:0.508, 1:0.508, 2:0.489, 3:0.810, 4:0.613, 5:0.613, 6:0.613, 7:0.810, 8:0.489, 9:0.508
Round: 88 Method: dapperfl Mean_Acc: 62.218 Best_Acc: 63.552
Domain_Acc: [63.39, 80.53, 48.28, 56.67] Domain_BestAcc: [66.07, 83.16, 56.9, 56.67]
Prune local model 8, pr_ratio = [0.2, 0.2, 0.2, 0.2]
Prune local model 4, pr_ratio = [0.2, 0.2, 0.2, 0.2]
Prune local model 5, pr_ratio = [0.2, 0.2, 0.2, 0.2]
Prune local model 3, pr_ratio = [0.2, 0.2, 0.2, 0.2]
Prune local model 2, pr_ratio = [0.2, 0.2, 0.2, 0.2]
Prune local model 9, pr_ratio = [0.2, 0.2, 0.2, 0.2]
Prune local model 0, pr_ratio = [0.2, 0.2, 0.2, 0.2]
Prune local model 1, pr_ratio = [0.2, 0.2, 0.2, 0.2]
Prune local model 6, pr_ratio = [0.2, 0.2, 0.2, 0.2]
Prune local model 7, pr_ratio = [0.2, 0.2, 0.2, 0.2]
Round 89 – LOCAL TPR pre-agg per client: ['0.442', '0.558', '0.567', '0.792', '0.511', '0.607', '0.530', '0.695', '0.463', '0.300']
Round 89 – TPR per Domain: 0:0.433, 1:0.433, 2:0.489, 3:0.834, 4:0.633, 5:0.633, 6:0.633, 7:0.834, 8:0.489, 9:0.433
Round: 89 Method: dapperfl Mean_Acc: 59.988 Best_Acc: 63.552
Domain_Acc: [65.18, 83.16, 48.28, 43.33] Domain_BestAcc: [66.07, 83.16, 56.9, 56.67]
Prune local model 6, pr_ratio = [0.2, 0.2, 0.2, 0.2]
Prune local model 1, pr_ratio = [0.2, 0.2, 0.2, 0.2]
Prune local model 4, pr_ratio = [0.2, 0.2, 0.2, 0.2]
Prune local model 5, pr_ratio = [0.2, 0.2, 0.2, 0.2]
Prune local model 7, pr_ratio = [0.2, 0.2, 0.2, 0.2]
Prune local model 8, pr_ratio = [0.2, 0.2, 0.2, 0.2]
Prune local model 3, pr_ratio = [0.2, 0.2, 0.2, 0.2]
Prune local model 9, pr_ratio = [0.2, 0.2, 0.2, 0.2]
Prune local model 2, pr_ratio = [0.2, 0.2, 0.2, 0.2]
Prune local model 0, pr_ratio = [0.2, 0.2, 0.2, 0.2]
Round 90 – LOCAL TPR pre-agg per client: ['0.558', '0.442', '0.650', '0.471', '0.574', '0.560', '0.608', '0.667', '0.554', '0.450']
Round 90 – TPR per Domain: 0:0.375, 1:0.375, 2:0.408, 3:0.802, 4:0.598, 5:0.598, 6:0.598, 7:0.802, 8:0.408, 9:0.375
Round: 90 Method: dapperfl Mean_Acc: 55.22 Best_Acc: 63.552
Domain_Acc: [62.95, 80.0, 37.93, 40.0] Domain_BestAcc: [66.07, 83.16, 56.9, 56.67]
Prune local model 9, pr_ratio = [0.2, 0.2, 0.2, 0.2]
Prune local model 8, pr_ratio = [0.2, 0.2, 0.2, 0.2]
Prune local model 5, pr_ratio = [0.2, 0.2, 0.2, 0.2]
Prune local model 7, pr_ratio = [0.2, 0.2, 0.2, 0.2]
Prune local model 1, pr_ratio = [0.2, 0.2, 0.2, 0.2]
Prune local model 0, pr_ratio = [0.2, 0.2, 0.2, 0.2]
Prune local model 3, pr_ratio = [0.2, 0.2, 0.2, 0.2]
Prune local model 4, pr_ratio = [0.2, 0.2, 0.2, 0.2]
Prune local model 2, pr_ratio = [0.2, 0.2, 0.2, 0.2]
Prune local model 6, pr_ratio = [0.2, 0.2, 0.2, 0.2]
Round 91 – LOCAL TPR pre-agg per client: ['0.450', '0.475', '0.625', '0.643', '0.586', '0.556', '0.542', '0.797', '0.500', '0.275']
Round 91 – TPR per Domain: 0:0.483, 1:0.483, 2:0.497, 3:0.784, 4:0.581, 5:0.581, 6:0.581, 7:0.784, 8:0.497, 9:0.483
Round: 91 Method: dapperfl Mean_Acc: 59.65 Best_Acc: 63.552
Domain_Acc: [60.71, 77.89, 50.0, 50.0] Domain_BestAcc: [66.07, 83.16, 56.9, 56.67]
Prune local model 3, pr_ratio = [0.2, 0.2, 0.2, 0.2]
Prune local model 2, pr_ratio = [0.2, 0.2, 0.2, 0.2]
Prune local model 5, pr_ratio = [0.2, 0.2, 0.2, 0.2]
Prune local model 6, pr_ratio = [0.2, 0.2, 0.2, 0.2]
Prune local model 8, pr_ratio = [0.2, 0.2, 0.2, 0.2]
Prune local model 0, pr_ratio = [0.2, 0.2, 0.2, 0.2]
Prune local model 9, pr_ratio = [0.2, 0.2, 0.2, 0.2]
Prune local model 1, pr_ratio = [0.2, 0.2, 0.2, 0.2]
Prune local model 4, pr_ratio = [0.2, 0.2, 0.2, 0.2]
Prune local model 7, pr_ratio = [0.2, 0.2, 0.2, 0.2]
Round 92 – LOCAL TPR pre-agg per client: ['0.533', '0.458', '0.621', '0.683', '0.626', '0.595', '0.544', '0.716', '0.379', '0.492']
Round 92 – TPR per Domain: 0:0.492, 1:0.492, 2:0.416, 3:0.844, 4:0.629, 5:0.629, 6:0.629, 7:0.844, 8:0.416, 9:0.492
Round: 92 Method: dapperfl Mean_Acc: 60.192 Best_Acc: 63.552
Domain_Acc: [65.18, 84.21, 41.38, 50.0] Domain_BestAcc: [66.07, 84.21, 56.9, 56.67]
Prune local model 0, pr_ratio = [0.2, 0.2, 0.2, 0.2]
Prune local model 1, pr_ratio = [0.2, 0.2, 0.2, 0.2]
Prune local model 4, pr_ratio = [0.2, 0.2, 0.2, 0.2]
Prune local model 7, pr_ratio = [0.2, 0.2, 0.2, 0.2]
Prune local model 8, pr_ratio = [0.2, 0.2, 0.2, 0.2]
Prune local model 3, pr_ratio = [0.2, 0.2, 0.2, 0.2]
Prune local model 9, pr_ratio = [0.2, 0.2, 0.2, 0.2]
Prune local model 6, pr_ratio = [0.2, 0.2, 0.2, 0.2]
Prune local model 2, pr_ratio = [0.2, 0.2, 0.2, 0.2]
Prune local model 5, pr_ratio = [0.2, 0.2, 0.2, 0.2]
Round 93 – LOCAL TPR pre-agg per client: ['0.558', '0.442', '0.583', '0.802', '0.508', '0.606', '0.600', '0.598', '0.441', '0.308']
Round 93 – TPR per Domain: 0:0.467, 1:0.467, 2:0.477, 3:0.840, 4:0.625, 5:0.625, 6:0.625, 7:0.840, 8:0.477, 9:0.467
Round: 93 Method: dapperfl Mean_Acc: 61.24 Best_Acc: 63.552
Domain_Acc: [64.73, 83.68, 46.55, 50.0] Domain_BestAcc: [66.07, 84.21, 56.9, 56.67]
Prune local model 6, pr_ratio = [0.2, 0.2, 0.2, 0.2]
Prune local model 1, pr_ratio = [0.2, 0.2, 0.2, 0.2]
Prune local model 9, pr_ratio = [0.2, 0.2, 0.2, 0.2]
Prune local model 8, pr_ratio = [0.2, 0.2, 0.2, 0.2]
Prune local model 0, pr_ratio = [0.2, 0.2, 0.2, 0.2]
Prune local model 2, pr_ratio = [0.2, 0.2, 0.2, 0.2]
Prune local model 5, pr_ratio = [0.2, 0.2, 0.2, 0.2]
Prune local model 4, pr_ratio = [0.2, 0.2, 0.2, 0.2]
Prune local model 7, pr_ratio = [0.2, 0.2, 0.2, 0.2]
Prune local model 3, pr_ratio = [0.2, 0.2, 0.2, 0.2]
Round 94 – LOCAL TPR pre-agg per client: ['0.500', '0.400', '0.671', '0.791', '0.555', '0.611', '0.612', '0.806', '0.442', '0.275']
Round 94 – TPR per Domain: 0:0.525, 1:0.525, 2:0.523, 3:0.824, 4:0.636, 5:0.636, 6:0.636, 7:0.824, 8:0.523, 9:0.525
Round: 94 Method: dapperfl Mean_Acc: 64.03 Best_Acc: 64.03
Domain_Acc: [65.62, 82.11, 51.72, 56.67] Domain_BestAcc: [66.07, 84.21, 56.9, 56.67]
Prune local model 5, pr_ratio = [0.2, 0.2, 0.2, 0.2]
Prune local model 6, pr_ratio = [0.2, 0.2, 0.2, 0.2]
Prune local model 7, pr_ratio = [0.2, 0.2, 0.2, 0.2]
Prune local model 4, pr_ratio = [0.2, 0.2, 0.2, 0.2]
Prune local model 2, pr_ratio = [0.2, 0.2, 0.2, 0.2]
Prune local model 8, pr_ratio = [0.2, 0.2, 0.2, 0.2]
Prune local model 1, pr_ratio = [0.2, 0.2, 0.2, 0.2]
Prune local model 3, pr_ratio = [0.2, 0.2, 0.2, 0.2]
Prune local model 0, pr_ratio = [0.2, 0.2, 0.2, 0.2]
Prune local model 9, pr_ratio = [0.2, 0.2, 0.2, 0.2]
Round 95 – LOCAL TPR pre-agg per client: ['0.483', '0.592', '0.600', '0.583', '0.618', '0.597', '0.627', '0.775', '0.412', '0.475']
Round 95 – TPR per Domain: 0:0.442, 1:0.442, 2:0.537, 3:0.823, 4:0.616, 5:0.616, 6:0.616, 7:0.823, 8:0.537, 9:0.442
Round: 95 Method: dapperfl Mean_Acc: 60.972 Best_Acc: 64.03
Domain_Acc: [63.39, 82.11, 51.72, 46.67] Domain_BestAcc: [66.07, 84.21, 56.9, 56.67]
Prune local model 3, pr_ratio = [0.2, 0.2, 0.2, 0.2]
Prune local model 9, pr_ratio = [0.2, 0.2, 0.2, 0.2]
Prune local model 7, pr_ratio = [0.2, 0.2, 0.2, 0.2]
Prune local model 2, pr_ratio = [0.2, 0.2, 0.2, 0.2]
Prune local model 8, pr_ratio = [0.2, 0.2, 0.2, 0.2]
Prune local model 5, pr_ratio = [0.2, 0.2, 0.2, 0.2]
Prune local model 6, pr_ratio = [0.2, 0.2, 0.2, 0.2]
Prune local model 0, pr_ratio = [0.2, 0.2, 0.2, 0.2]
Prune local model 4, pr_ratio = [0.2, 0.2, 0.2, 0.2]
Prune local model 1, pr_ratio = [0.2, 0.2, 0.2, 0.2]
Round 96 – LOCAL TPR pre-agg per client: ['0.575', '0.542', '0.583', '0.448', '0.518', '0.635', '0.548', '0.786', '0.483', '0.408']
Round 96 – TPR per Domain: 0:0.450, 1:0.450, 2:0.517, 3:0.824, 4:0.559, 5:0.559, 6:0.559, 7:0.824, 8:0.517, 9:0.450
Round: 96 Method: dapperfl Mean_Acc: 59.54 Best_Acc: 64.03
Domain_Acc: [59.38, 82.11, 50.0, 46.67] Domain_BestAcc: [66.07, 84.21, 56.9, 56.67]
Prune local model 6, pr_ratio = [0.2, 0.2, 0.2, 0.2]
Prune local model 5, pr_ratio = [0.2, 0.2, 0.2, 0.2]
Prune local model 1, pr_ratio = [0.2, 0.2, 0.2, 0.2]
Prune local model 9, pr_ratio = [0.2, 0.2, 0.2, 0.2]
Prune local model 3, pr_ratio = [0.2, 0.2, 0.2, 0.2]
Prune local model 2, pr_ratio = [0.2, 0.2, 0.2, 0.2]
Prune local model 0, pr_ratio = [0.2, 0.2, 0.2, 0.2]
Prune local model 7, pr_ratio = [0.2, 0.2, 0.2, 0.2]
Prune local model 4, pr_ratio = [0.2, 0.2, 0.2, 0.2]
Prune local model 8, pr_ratio = [0.2, 0.2, 0.2, 0.2]
Round 97 – LOCAL TPR pre-agg per client: ['0.583', '0.383', '0.692', '0.761', '0.576', '0.618', '0.555', '0.579', '0.487', '0.275']
Round 97 – TPR per Domain: 0:0.450, 1:0.450, 2:0.517, 3:0.810, 4:0.622, 5:0.622, 6:0.622, 7:0.810, 8:0.517, 9:0.450
Round: 97 Method: dapperfl Mean_Acc: 60.595 Best_Acc: 64.03
Domain_Acc: [65.18, 80.53, 50.0, 46.67] Domain_BestAcc: [66.07, 84.21, 56.9, 56.67]
Prune local model 7, pr_ratio = [0.2, 0.2, 0.2, 0.2]
Prune local model 4, pr_ratio = [0.2, 0.2, 0.2, 0.2]
Prune local model 8, pr_ratio = [0.2, 0.2, 0.2, 0.2]
Prune local model 6, pr_ratio = [0.2, 0.2, 0.2, 0.2]
Prune local model 5, pr_ratio = [0.2, 0.2, 0.2, 0.2]
Prune local model 3, pr_ratio = [0.2, 0.2, 0.2, 0.2]
Prune local model 1, pr_ratio = [0.2, 0.2, 0.2, 0.2]
Prune local model 2, pr_ratio = [0.2, 0.2, 0.2, 0.2]
Prune local model 9, pr_ratio = [0.2, 0.2, 0.2, 0.2]
Prune local model 0, pr_ratio = [0.2, 0.2, 0.2, 0.2]
Round 98 – LOCAL TPR pre-agg per client: ['0.533', '0.517', '0.558', '0.802', '0.629', '0.594', '0.489', '0.680', '0.436', '0.192']
Round 98 – TPR per Domain: 0:0.475, 1:0.475, 2:0.501, 3:0.810, 4:0.622, 5:0.622, 6:0.622, 7:0.810, 8:0.501, 9:0.475
Round: 98 Method: dapperfl Mean_Acc: 60.775 Best_Acc: 64.03
Domain_Acc: [64.29, 80.53, 48.28, 50.0] Domain_BestAcc: [66.07, 84.21, 56.9, 56.67]
Prune local model 7, pr_ratio = [0.2, 0.2, 0.2, 0.2]
Prune local model 2, pr_ratio = [0.2, 0.2, 0.2, 0.2]
Prune local model 4, pr_ratio = [0.2, 0.2, 0.2, 0.2]
Prune local model 9, pr_ratio = [0.2, 0.2, 0.2, 0.2]
Prune local model 6, pr_ratio = [0.2, 0.2, 0.2, 0.2]
Prune local model 0, pr_ratio = [0.2, 0.2, 0.2, 0.2]
Prune local model 5, pr_ratio = [0.2, 0.2, 0.2, 0.2]
Prune local model 8, pr_ratio = [0.2, 0.2, 0.2, 0.2]
Prune local model 1, pr_ratio = [0.2, 0.2, 0.2, 0.2]
Prune local model 3, pr_ratio = [0.2, 0.2, 0.2, 0.2]
Round 99 – LOCAL TPR pre-agg per client: ['0.508', '0.542', '0.642', '0.794', '0.612', '0.607', '0.615', '0.573', '0.449', '0.275']
Round 99 – TPR per Domain: 0:0.500, 1:0.500, 2:0.537, 3:0.815, 4:0.621, 5:0.621, 6:0.621, 7:0.815, 8:0.537, 9:0.500
Round: 99 Method: dapperfl Mean_Acc: 63.14 Best_Acc: 64.03
Domain_Acc: [64.73, 81.05, 53.45, 53.33] Domain_BestAcc: [66.07, 84.21, 56.9, 56.67]
2025-05-23 12:15:04
