Namespace(prefix='', communication_epoch=100, local_epoch=5, parti_num=10, model='dapperfl', dataset='fl_officecaltech', pr_strategy='AD', backbone='resnet18', alpha=0.9, alpha_min=0.1, epsilon=0.2, reg_coeff=0.01, wandb=0, device_id=0, seed=1234, rand_dataset=1, learning_decay=False, averaing='weight', online_ratio=1, mu=0.1, input_dim=28, csv_log=False, local_lr=0.01, local_batch_size=64, pr_ratios=['0', '0.2', '0.4', '0.6', '0.8'], arch='res18')
2025-04-13 15:57:20
{'dslr': 3, 'webcam': 2, 'amazon': 2, 'caltech': 3}
['dslr', 'dslr', 'webcam', 'amazon', 'caltech', 'caltech', 'caltech', 'amazon', 'webcam', 'dslr']
Prune local model 0, pr_ratio = [0, 0, 0, 0]
Prune local model 6, pr_ratio = [0.2, 0.2, 0.2, 0.2]
Prune local model 9, pr_ratio = [0.8, 0.8, 0.8, 0.8]
Prune local model 1, pr_ratio = [0.2, 0.2, 0.2, 0.2]
Prune local model 3, pr_ratio = [0.6, 0.6, 0.6, 0.6]
Prune local model 7, pr_ratio = [0.4, 0.4, 0.4, 0.4]
Prune local model 5, pr_ratio = [0, 0, 0, 0]
Prune local model 4, pr_ratio = [0.8, 0.8, 0.8, 0.8]
Prune local model 2, pr_ratio = [0.4, 0.4, 0.4, 0.4]
Prune local model 8, pr_ratio = [0.6, 0.6, 0.6, 0.6]
Round: 0 Method: dapperfl Mean_Acc: 8.782 Best_Acc: 8.782
Domain_Acc: [7.59, 10.53, 10.34, 6.67] Domain_BestAcc: [7.59, 10.53, 10.34, 6.67]
Prune local model 8, pr_ratio = [0.6, 0.6, 0.6, 0.6]
Prune local model 6, pr_ratio = [0.2, 0.2, 0.2, 0.2]
Prune local model 1, pr_ratio = [0.2, 0.2, 0.2, 0.2]
Prune local model 5, pr_ratio = [0, 0, 0, 0]
Prune local model 2, pr_ratio = [0.4, 0.4, 0.4, 0.4]
Prune local model 7, pr_ratio = [0.4, 0.4, 0.4, 0.4]
Prune local model 9, pr_ratio = [0.8, 0.8, 0.8, 0.8]
Prune local model 3, pr_ratio = [0.6, 0.6, 0.6, 0.6]
Prune local model 0, pr_ratio = [0, 0, 0, 0]
Prune local model 4, pr_ratio = [0.8, 0.8, 0.8, 0.8]
Round: 1 Method: dapperfl Mean_Acc: 8.852 Best_Acc: 8.852
Domain_Acc: [8.93, 9.47, 10.34, 6.67] Domain_BestAcc: [8.93, 10.53, 10.34, 6.67]
Prune local model 6, pr_ratio = [0.2, 0.2, 0.2, 0.2]
Prune local model 5, pr_ratio = [0, 0, 0, 0]
Prune local model 7, pr_ratio = [0.4, 0.4, 0.4, 0.4]
Prune local model 0, pr_ratio = [0, 0, 0, 0]
Prune local model 3, pr_ratio = [0.6, 0.6, 0.6, 0.6]
Prune local model 9, pr_ratio = [0.8, 0.8, 0.8, 0.8]
Prune local model 2, pr_ratio = [0.4, 0.4, 0.4, 0.4]
Prune local model 1, pr_ratio = [0.2, 0.2, 0.2, 0.2]
Prune local model 4, pr_ratio = [0.8, 0.8, 0.8, 0.8]
Prune local model 8, pr_ratio = [0.6, 0.6, 0.6, 0.6]
Round: 2 Method: dapperfl Mean_Acc: 10.048 Best_Acc: 10.048
Domain_Acc: [9.82, 8.42, 8.62, 13.33] Domain_BestAcc: [9.82, 10.53, 10.34, 13.33]
Prune local model 5, pr_ratio = [0, 0, 0, 0]
Prune local model 7, pr_ratio = [0.4, 0.4, 0.4, 0.4]
Prune local model 9, pr_ratio = [0.8, 0.8, 0.8, 0.8]
Prune local model 8, pr_ratio = [0.6, 0.6, 0.6, 0.6]
Prune local model 2, pr_ratio = [0.4, 0.4, 0.4, 0.4]
Prune local model 1, pr_ratio = [0.2, 0.2, 0.2, 0.2]
Prune local model 0, pr_ratio = [0, 0, 0, 0]
Prune local model 3, pr_ratio = [0.6, 0.6, 0.6, 0.6]
Prune local model 6, pr_ratio = [0.2, 0.2, 0.2, 0.2]
Prune local model 4, pr_ratio = [0.8, 0.8, 0.8, 0.8]
Round: 3 Method: dapperfl Mean_Acc: 10.048 Best_Acc: 10.048
Domain_Acc: [9.82, 8.42, 8.62, 13.33] Domain_BestAcc: [9.82, 10.53, 10.34, 13.33]
Prune local model 3, pr_ratio = [0.6, 0.6, 0.6, 0.6]
Prune local model 9, pr_ratio = [0.8, 0.8, 0.8, 0.8]
Prune local model 0, pr_ratio = [0, 0, 0, 0]
Prune local model 1, pr_ratio = [0.2, 0.2, 0.2, 0.2]
Prune local model 6, pr_ratio = [0.2, 0.2, 0.2, 0.2]
Prune local model 2, pr_ratio = [0.4, 0.4, 0.4, 0.4]
Prune local model 7, pr_ratio = [0.4, 0.4, 0.4, 0.4]
Prune local model 4, pr_ratio = [0.8, 0.8, 0.8, 0.8]
Prune local model 5, pr_ratio = [0, 0, 0, 0]
Prune local model 8, pr_ratio = [0.6, 0.6, 0.6, 0.6]
Round: 4 Method: dapperfl Mean_Acc: 10.048 Best_Acc: 10.048
Domain_Acc: [9.82, 8.42, 8.62, 13.33] Domain_BestAcc: [9.82, 10.53, 10.34, 13.33]
Prune local model 8, pr_ratio = [0.6, 0.6, 0.6, 0.6]
Prune local model 2, pr_ratio = [0.4, 0.4, 0.4, 0.4]
Prune local model 5, pr_ratio = [0, 0, 0, 0]
Prune local model 4, pr_ratio = [0.8, 0.8, 0.8, 0.8]
Prune local model 9, pr_ratio = [0.8, 0.8, 0.8, 0.8]
Prune local model 7, pr_ratio = [0.4, 0.4, 0.4, 0.4]
Prune local model 3, pr_ratio = [0.6, 0.6, 0.6, 0.6]
Prune local model 0, pr_ratio = [0, 0, 0, 0]
Prune local model 6, pr_ratio = [0.2, 0.2, 0.2, 0.2]
Prune local model 1, pr_ratio = [0.2, 0.2, 0.2, 0.2]
Round: 5 Method: dapperfl Mean_Acc: 10.048 Best_Acc: 10.048
Domain_Acc: [9.82, 8.42, 8.62, 13.33] Domain_BestAcc: [9.82, 10.53, 10.34, 13.33]
Prune local model 1, pr_ratio = [0.2, 0.2, 0.2, 0.2]
Prune local model 7, pr_ratio = [0.4, 0.4, 0.4, 0.4]
Prune local model 8, pr_ratio = [0.6, 0.6, 0.6, 0.6]
Prune local model 0, pr_ratio = [0, 0, 0, 0]
Prune local model 6, pr_ratio = [0.2, 0.2, 0.2, 0.2]
Prune local model 9, pr_ratio = [0.8, 0.8, 0.8, 0.8]
Prune local model 5, pr_ratio = [0, 0, 0, 0]
Prune local model 2, pr_ratio = [0.4, 0.4, 0.4, 0.4]
Prune local model 3, pr_ratio = [0.6, 0.6, 0.6, 0.6]
Prune local model 4, pr_ratio = [0.8, 0.8, 0.8, 0.8]
Round: 6 Method: dapperfl Mean_Acc: 17.388 Best_Acc: 17.388
Domain_Acc: [20.09, 25.79, 10.34, 13.33] Domain_BestAcc: [20.09, 25.79, 10.34, 13.33]
Prune local model 2, pr_ratio = [0.4, 0.4, 0.4, 0.4]
Prune local model 8, pr_ratio = [0.6, 0.6, 0.6, 0.6]
Prune local model 9, pr_ratio = [0.8, 0.8, 0.8, 0.8]
Prune local model 3, pr_ratio = [0.6, 0.6, 0.6, 0.6]
Prune local model 6, pr_ratio = [0.2, 0.2, 0.2, 0.2]
Prune local model 4, pr_ratio = [0.8, 0.8, 0.8, 0.8]
Prune local model 1, pr_ratio = [0.2, 0.2, 0.2, 0.2]
Prune local model 0, pr_ratio = [0, 0, 0, 0]
Prune local model 5, pr_ratio = [0, 0, 0, 0]
Prune local model 7, pr_ratio = [0.4, 0.4, 0.4, 0.4]
Round: 7 Method: dapperfl Mean_Acc: 19.695 Best_Acc: 19.695
Domain_Acc: [24.11, 24.21, 13.79, 16.67] Domain_BestAcc: [24.11, 25.79, 13.79, 16.67]
Prune local model 3, pr_ratio = [0.6, 0.6, 0.6, 0.6]
Prune local model 9, pr_ratio = [0.8, 0.8, 0.8, 0.8]
Prune local model 6, pr_ratio = [0.2, 0.2, 0.2, 0.2]
Prune local model 7, pr_ratio = [0.4, 0.4, 0.4, 0.4]
Prune local model 8, pr_ratio = [0.6, 0.6, 0.6, 0.6]
Prune local model 5, pr_ratio = [0, 0, 0, 0]
Prune local model 4, pr_ratio = [0.8, 0.8, 0.8, 0.8]
Prune local model 0, pr_ratio = [0, 0, 0, 0]
Prune local model 2, pr_ratio = [0.4, 0.4, 0.4, 0.4]
Prune local model 1, pr_ratio = [0.2, 0.2, 0.2, 0.2]
Round: 8 Method: dapperfl Mean_Acc: 19.63 Best_Acc: 19.695
Domain_Acc: [29.02, 24.21, 8.62, 16.67] Domain_BestAcc: [29.02, 25.79, 13.79, 16.67]
Prune local model 4, pr_ratio = [0.8, 0.8, 0.8, 0.8]
Prune local model 7, pr_ratio = [0.4, 0.4, 0.4, 0.4]
Prune local model 6, pr_ratio = [0.2, 0.2, 0.2, 0.2]
Prune local model 8, pr_ratio = [0.6, 0.6, 0.6, 0.6]
Prune local model 5, pr_ratio = [0, 0, 0, 0]
Prune local model 0, pr_ratio = [0, 0, 0, 0]
Prune local model 9, pr_ratio = [0.8, 0.8, 0.8, 0.8]
Prune local model 3, pr_ratio = [0.6, 0.6, 0.6, 0.6]
Prune local model 2, pr_ratio = [0.4, 0.4, 0.4, 0.4]
Prune local model 1, pr_ratio = [0.2, 0.2, 0.2, 0.2]
Round: 9 Method: dapperfl Mean_Acc: 26.8 Best_Acc: 26.8
Domain_Acc: [30.8, 34.21, 15.52, 26.67] Domain_BestAcc: [30.8, 34.21, 15.52, 26.67]
Prune local model 5, pr_ratio = [0, 0, 0, 0]
Prune local model 2, pr_ratio = [0.4, 0.4, 0.4, 0.4]
Prune local model 4, pr_ratio = [0.8, 0.8, 0.8, 0.8]
Prune local model 1, pr_ratio = [0.2, 0.2, 0.2, 0.2]
Prune local model 3, pr_ratio = [0.6, 0.6, 0.6, 0.6]
Prune local model 6, pr_ratio = [0.2, 0.2, 0.2, 0.2]
Prune local model 7, pr_ratio = [0.4, 0.4, 0.4, 0.4]
Prune local model 0, pr_ratio = [0, 0, 0, 0]
Prune local model 9, pr_ratio = [0.8, 0.8, 0.8, 0.8]
Prune local model 8, pr_ratio = [0.6, 0.6, 0.6, 0.6]
Round: 10 Method: dapperfl Mean_Acc: 29.197 Best_Acc: 29.197
Domain_Acc: [33.93, 38.95, 17.24, 26.67] Domain_BestAcc: [33.93, 38.95, 17.24, 26.67]
Prune local model 2, pr_ratio = [0.4, 0.4, 0.4, 0.4]
Prune local model 7, pr_ratio = [0.4, 0.4, 0.4, 0.4]
Prune local model 3, pr_ratio = [0.6, 0.6, 0.6, 0.6]
Prune local model 0, pr_ratio = [0, 0, 0, 0]
Prune local model 4, pr_ratio = [0.8, 0.8, 0.8, 0.8]
Prune local model 1, pr_ratio = [0.2, 0.2, 0.2, 0.2]
Prune local model 8, pr_ratio = [0.6, 0.6, 0.6, 0.6]
Prune local model 5, pr_ratio = [0, 0, 0, 0]
Prune local model 6, pr_ratio = [0.2, 0.2, 0.2, 0.2]
Prune local model 9, pr_ratio = [0.8, 0.8, 0.8, 0.8]
Round: 11 Method: dapperfl Mean_Acc: 24.15 Best_Acc: 29.197
Domain_Acc: [31.25, 33.16, 15.52, 16.67] Domain_BestAcc: [33.93, 38.95, 17.24, 26.67]
Prune local model 1, pr_ratio = [0.2, 0.2, 0.2, 0.2]
Prune local model 7, pr_ratio = [0.4, 0.4, 0.4, 0.4]
Prune local model 8, pr_ratio = [0.6, 0.6, 0.6, 0.6]
Prune local model 0, pr_ratio = [0, 0, 0, 0]
Prune local model 2, pr_ratio = [0.4, 0.4, 0.4, 0.4]
Prune local model 9, pr_ratio = [0.8, 0.8, 0.8, 0.8]
Prune local model 4, pr_ratio = [0.8, 0.8, 0.8, 0.8]
Prune local model 3, pr_ratio = [0.6, 0.6, 0.6, 0.6]
Prune local model 5, pr_ratio = [0, 0, 0, 0]
Prune local model 6, pr_ratio = [0.2, 0.2, 0.2, 0.2]
Round: 12 Method: dapperfl Mean_Acc: 18.132 Best_Acc: 29.197
Domain_Acc: [15.18, 23.68, 10.34, 23.33] Domain_BestAcc: [33.93, 38.95, 17.24, 26.67]
Prune local model 6, pr_ratio = [0.2, 0.2, 0.2, 0.2]
Prune local model 7, pr_ratio = [0.4, 0.4, 0.4, 0.4]
Prune local model 3, pr_ratio = [0.6, 0.6, 0.6, 0.6]
Prune local model 9, pr_ratio = [0.8, 0.8, 0.8, 0.8]
Prune local model 5, pr_ratio = [0, 0, 0, 0]
Prune local model 0, pr_ratio = [0, 0, 0, 0]
Prune local model 8, pr_ratio = [0.6, 0.6, 0.6, 0.6]
Prune local model 1, pr_ratio = [0.2, 0.2, 0.2, 0.2]
Prune local model 2, pr_ratio = [0.4, 0.4, 0.4, 0.4]
Prune local model 4, pr_ratio = [0.8, 0.8, 0.8, 0.8]
Round: 13 Method: dapperfl Mean_Acc: 25.86 Best_Acc: 29.197
Domain_Acc: [33.04, 33.16, 17.24, 20.0] Domain_BestAcc: [33.93, 38.95, 17.24, 26.67]
Prune local model 0, pr_ratio = [0, 0, 0, 0]
Prune local model 9, pr_ratio = [0.8, 0.8, 0.8, 0.8]
Prune local model 6, pr_ratio = [0.2, 0.2, 0.2, 0.2]
Prune local model 3, pr_ratio = [0.6, 0.6, 0.6, 0.6]
Prune local model 4, pr_ratio = [0.8, 0.8, 0.8, 0.8]
Prune local model 7, pr_ratio = [0.4, 0.4, 0.4, 0.4]
Prune local model 1, pr_ratio = [0.2, 0.2, 0.2, 0.2]
Prune local model 8, pr_ratio = [0.6, 0.6, 0.6, 0.6]
Prune local model 5, pr_ratio = [0, 0, 0, 0]
Prune local model 2, pr_ratio = [0.4, 0.4, 0.4, 0.4]
Round: 14 Method: dapperfl Mean_Acc: 29.838 Best_Acc: 29.838
Domain_Acc: [41.96, 38.42, 18.97, 20.0] Domain_BestAcc: [41.96, 38.95, 18.97, 26.67]
Prune local model 9, pr_ratio = [0.8, 0.8, 0.8, 0.8]
Prune local model 4, pr_ratio = [0.8, 0.8, 0.8, 0.8]
Prune local model 6, pr_ratio = [0.2, 0.2, 0.2, 0.2]
Prune local model 2, pr_ratio = [0.4, 0.4, 0.4, 0.4]
Prune local model 8, pr_ratio = [0.6, 0.6, 0.6, 0.6]
Prune local model 1, pr_ratio = [0.2, 0.2, 0.2, 0.2]
Prune local model 7, pr_ratio = [0.4, 0.4, 0.4, 0.4]
Prune local model 5, pr_ratio = [0, 0, 0, 0]
Prune local model 0, pr_ratio = [0, 0, 0, 0]
Prune local model 3, pr_ratio = [0.6, 0.6, 0.6, 0.6]
Round: 15 Method: dapperfl Mean_Acc: 26.187 Best_Acc: 29.838
Domain_Acc: [37.05, 33.68, 20.69, 13.33] Domain_BestAcc: [41.96, 38.95, 20.69, 26.67]
Prune local model 8, pr_ratio = [0.6, 0.6, 0.6, 0.6]
Prune local model 7, pr_ratio = [0.4, 0.4, 0.4, 0.4]
Prune local model 0, pr_ratio = [0, 0, 0, 0]
Prune local model 4, pr_ratio = [0.8, 0.8, 0.8, 0.8]
Prune local model 9, pr_ratio = [0.8, 0.8, 0.8, 0.8]
Prune local model 6, pr_ratio = [0.2, 0.2, 0.2, 0.2]
Prune local model 5, pr_ratio = [0, 0, 0, 0]
Prune local model 2, pr_ratio = [0.4, 0.4, 0.4, 0.4]
Prune local model 1, pr_ratio = [0.2, 0.2, 0.2, 0.2]
Prune local model 3, pr_ratio = [0.6, 0.6, 0.6, 0.6]
Round: 16 Method: dapperfl Mean_Acc: 33.502 Best_Acc: 33.502
Domain_Acc: [44.2, 35.79, 20.69, 33.33] Domain_BestAcc: [44.2, 38.95, 20.69, 33.33]
Prune local model 1, pr_ratio = [0.2, 0.2, 0.2, 0.2]
Prune local model 9, pr_ratio = [0.8, 0.8, 0.8, 0.8]
Prune local model 7, pr_ratio = [0.4, 0.4, 0.4, 0.4]
Prune local model 0, pr_ratio = [0, 0, 0, 0]
Prune local model 6, pr_ratio = [0.2, 0.2, 0.2, 0.2]
Prune local model 4, pr_ratio = [0.8, 0.8, 0.8, 0.8]
Prune local model 2, pr_ratio = [0.4, 0.4, 0.4, 0.4]
Prune local model 3, pr_ratio = [0.6, 0.6, 0.6, 0.6]
Prune local model 5, pr_ratio = [0, 0, 0, 0]
Prune local model 8, pr_ratio = [0.6, 0.6, 0.6, 0.6]
Round: 17 Method: dapperfl Mean_Acc: 32.392 Best_Acc: 33.502
Domain_Acc: [39.29, 39.47, 24.14, 26.67] Domain_BestAcc: [44.2, 39.47, 24.14, 33.33]
Prune local model 5, pr_ratio = [0, 0, 0, 0]
Prune local model 9, pr_ratio = [0.8, 0.8, 0.8, 0.8]
Prune local model 3, pr_ratio = [0.6, 0.6, 0.6, 0.6]
Prune local model 4, pr_ratio = [0.8, 0.8, 0.8, 0.8]
Prune local model 2, pr_ratio = [0.4, 0.4, 0.4, 0.4]
Prune local model 7, pr_ratio = [0.4, 0.4, 0.4, 0.4]
Prune local model 8, pr_ratio = [0.6, 0.6, 0.6, 0.6]
Prune local model 1, pr_ratio = [0.2, 0.2, 0.2, 0.2]
Prune local model 0, pr_ratio = [0, 0, 0, 0]
Prune local model 6, pr_ratio = [0.2, 0.2, 0.2, 0.2]
Round: 18 Method: dapperfl Mean_Acc: 29.618 Best_Acc: 33.502
Domain_Acc: [41.96, 34.21, 18.97, 23.33] Domain_BestAcc: [44.2, 39.47, 24.14, 33.33]
Prune local model 4, pr_ratio = [0.8, 0.8, 0.8, 0.8]
Prune local model 3, pr_ratio = [0.6, 0.6, 0.6, 0.6]
Prune local model 8, pr_ratio = [0.6, 0.6, 0.6, 0.6]
Prune local model 7, pr_ratio = [0.4, 0.4, 0.4, 0.4]
Prune local model 9, pr_ratio = [0.8, 0.8, 0.8, 0.8]
Prune local model 5, pr_ratio = [0, 0, 0, 0]
Prune local model 0, pr_ratio = [0, 0, 0, 0]
Prune local model 2, pr_ratio = [0.4, 0.4, 0.4, 0.4]
Prune local model 6, pr_ratio = [0.2, 0.2, 0.2, 0.2]
Prune local model 1, pr_ratio = [0.2, 0.2, 0.2, 0.2]
Round: 19 Method: dapperfl Mean_Acc: 31.63 Best_Acc: 33.502
Domain_Acc: [40.18, 37.37, 18.97, 30.0] Domain_BestAcc: [44.2, 39.47, 24.14, 33.33]
Prune local model 3, pr_ratio = [0.6, 0.6, 0.6, 0.6]
Prune local model 5, pr_ratio = [0, 0, 0, 0]
Prune local model 8, pr_ratio = [0.6, 0.6, 0.6, 0.6]
Prune local model 9, pr_ratio = [0.8, 0.8, 0.8, 0.8]
Prune local model 0, pr_ratio = [0, 0, 0, 0]
Prune local model 7, pr_ratio = [0.4, 0.4, 0.4, 0.4]
Prune local model 1, pr_ratio = [0.2, 0.2, 0.2, 0.2]
Prune local model 6, pr_ratio = [0.2, 0.2, 0.2, 0.2]
Prune local model 2, pr_ratio = [0.4, 0.4, 0.4, 0.4]
Prune local model 4, pr_ratio = [0.8, 0.8, 0.8, 0.8]
Round: 20 Method: dapperfl Mean_Acc: 35.77 Best_Acc: 35.77
Domain_Acc: [46.43, 52.63, 20.69, 23.33] Domain_BestAcc: [46.43, 52.63, 24.14, 33.33]
Prune local model 4, pr_ratio = [0.8, 0.8, 0.8, 0.8]
Prune local model 3, pr_ratio = [0.6, 0.6, 0.6, 0.6]
Prune local model 8, pr_ratio = [0.6, 0.6, 0.6, 0.6]
Prune local model 6, pr_ratio = [0.2, 0.2, 0.2, 0.2]
Prune local model 5, pr_ratio = [0, 0, 0, 0]
Prune local model 0, pr_ratio = [0, 0, 0, 0]
Prune local model 9, pr_ratio = [0.8, 0.8, 0.8, 0.8]
Prune local model 1, pr_ratio = [0.2, 0.2, 0.2, 0.2]
Prune local model 2, pr_ratio = [0.4, 0.4, 0.4, 0.4]
Prune local model 7, pr_ratio = [0.4, 0.4, 0.4, 0.4]
Round: 21 Method: dapperfl Mean_Acc: 36.6 Best_Acc: 36.6
Domain_Acc: [47.32, 40.0, 22.41, 36.67] Domain_BestAcc: [47.32, 52.63, 24.14, 36.67]
Prune local model 9, pr_ratio = [0.8, 0.8, 0.8, 0.8]
Prune local model 1, pr_ratio = [0.2, 0.2, 0.2, 0.2]
Prune local model 0, pr_ratio = [0, 0, 0, 0]
Prune local model 6, pr_ratio = [0.2, 0.2, 0.2, 0.2]
Prune local model 2, pr_ratio = [0.4, 0.4, 0.4, 0.4]
Prune local model 7, pr_ratio = [0.4, 0.4, 0.4, 0.4]
Prune local model 5, pr_ratio = [0, 0, 0, 0]
Prune local model 4, pr_ratio = [0.8, 0.8, 0.8, 0.8]
Prune local model 3, pr_ratio = [0.6, 0.6, 0.6, 0.6]
Prune local model 8, pr_ratio = [0.6, 0.6, 0.6, 0.6]
Round: 22 Method: dapperfl Mean_Acc: 36.045 Best_Acc: 36.6
Domain_Acc: [48.66, 50.0, 15.52, 30.0] Domain_BestAcc: [48.66, 52.63, 24.14, 36.67]
Prune local model 9, pr_ratio = [0.8, 0.8, 0.8, 0.8]
Prune local model 2, pr_ratio = [0.4, 0.4, 0.4, 0.4]
Prune local model 8, pr_ratio = [0.6, 0.6, 0.6, 0.6]
Prune local model 7, pr_ratio = [0.4, 0.4, 0.4, 0.4]
Prune local model 5, pr_ratio = [0, 0, 0, 0]
Prune local model 1, pr_ratio = [0.2, 0.2, 0.2, 0.2]
Prune local model 6, pr_ratio = [0.2, 0.2, 0.2, 0.2]
Prune local model 4, pr_ratio = [0.8, 0.8, 0.8, 0.8]
Prune local model 3, pr_ratio = [0.6, 0.6, 0.6, 0.6]
Prune local model 0, pr_ratio = [0, 0, 0, 0]
Round: 23 Method: dapperfl Mean_Acc: 30.575 Best_Acc: 36.6
Domain_Acc: [41.52, 45.26, 15.52, 20.0] Domain_BestAcc: [48.66, 52.63, 24.14, 36.67]
Prune local model 6, pr_ratio = [0.2, 0.2, 0.2, 0.2]
Prune local model 3, pr_ratio = [0.6, 0.6, 0.6, 0.6]
Prune local model 2, pr_ratio = [0.4, 0.4, 0.4, 0.4]
Prune local model 7, pr_ratio = [0.4, 0.4, 0.4, 0.4]
Prune local model 9, pr_ratio = [0.8, 0.8, 0.8, 0.8]
Prune local model 8, pr_ratio = [0.6, 0.6, 0.6, 0.6]
Prune local model 5, pr_ratio = [0, 0, 0, 0]
Prune local model 1, pr_ratio = [0.2, 0.2, 0.2, 0.2]
Prune local model 0, pr_ratio = [0, 0, 0, 0]
Prune local model 4, pr_ratio = [0.8, 0.8, 0.8, 0.8]
Round: 24 Method: dapperfl Mean_Acc: 41.515 Best_Acc: 41.515
Domain_Acc: [48.21, 48.42, 32.76, 36.67] Domain_BestAcc: [48.66, 52.63, 32.76, 36.67]
Prune local model 1, pr_ratio = [0.2, 0.2, 0.2, 0.2]
Prune local model 4, pr_ratio = [0.8, 0.8, 0.8, 0.8]
Prune local model 9, pr_ratio = [0.8, 0.8, 0.8, 0.8]
Prune local model 5, pr_ratio = [0, 0, 0, 0]
Prune local model 7, pr_ratio = [0.4, 0.4, 0.4, 0.4]
Prune local model 0, pr_ratio = [0, 0, 0, 0]
Prune local model 8, pr_ratio = [0.6, 0.6, 0.6, 0.6]
Prune local model 2, pr_ratio = [0.4, 0.4, 0.4, 0.4]
Prune local model 3, pr_ratio = [0.6, 0.6, 0.6, 0.6]
Prune local model 6, pr_ratio = [0.2, 0.2, 0.2, 0.2]
Round: 25 Method: dapperfl Mean_Acc: 38.4 Best_Acc: 41.515
Domain_Acc: [45.54, 57.37, 20.69, 30.0] Domain_BestAcc: [48.66, 57.37, 32.76, 36.67]
Prune local model 9, pr_ratio = [0.8, 0.8, 0.8, 0.8]
Prune local model 5, pr_ratio = [0, 0, 0, 0]
Prune local model 7, pr_ratio = [0.4, 0.4, 0.4, 0.4]
Prune local model 0, pr_ratio = [0, 0, 0, 0]
Prune local model 1, pr_ratio = [0.2, 0.2, 0.2, 0.2]
Prune local model 4, pr_ratio = [0.8, 0.8, 0.8, 0.8]
Prune local model 6, pr_ratio = [0.2, 0.2, 0.2, 0.2]
Prune local model 8, pr_ratio = [0.6, 0.6, 0.6, 0.6]
Prune local model 2, pr_ratio = [0.4, 0.4, 0.4, 0.4]
Prune local model 3, pr_ratio = [0.6, 0.6, 0.6, 0.6]
Round: 26 Method: dapperfl Mean_Acc: 35.798 Best_Acc: 41.515
Domain_Acc: [45.54, 46.84, 24.14, 26.67] Domain_BestAcc: [48.66, 57.37, 32.76, 36.67]
Prune local model 4, pr_ratio = [0.8, 0.8, 0.8, 0.8]
Prune local model 5, pr_ratio = [0, 0, 0, 0]
Prune local model 3, pr_ratio = [0.6, 0.6, 0.6, 0.6]
Prune local model 1, pr_ratio = [0.2, 0.2, 0.2, 0.2]
Prune local model 0, pr_ratio = [0, 0, 0, 0]
Prune local model 9, pr_ratio = [0.8, 0.8, 0.8, 0.8]
Prune local model 6, pr_ratio = [0.2, 0.2, 0.2, 0.2]
Prune local model 8, pr_ratio = [0.6, 0.6, 0.6, 0.6]
Prune local model 2, pr_ratio = [0.4, 0.4, 0.4, 0.4]
Prune local model 7, pr_ratio = [0.4, 0.4, 0.4, 0.4]
Round: 27 Method: dapperfl Mean_Acc: 38.248 Best_Acc: 41.515
Domain_Acc: [45.54, 55.26, 15.52, 36.67] Domain_BestAcc: [48.66, 57.37, 32.76, 36.67]
Prune local model 6, pr_ratio = [0.2, 0.2, 0.2, 0.2]
Prune local model 4, pr_ratio = [0.8, 0.8, 0.8, 0.8]
Prune local model 3, pr_ratio = [0.6, 0.6, 0.6, 0.6]
Prune local model 0, pr_ratio = [0, 0, 0, 0]
Prune local model 5, pr_ratio = [0, 0, 0, 0]
Prune local model 8, pr_ratio = [0.6, 0.6, 0.6, 0.6]
Prune local model 2, pr_ratio = [0.4, 0.4, 0.4, 0.4]
Prune local model 9, pr_ratio = [0.8, 0.8, 0.8, 0.8]
Prune local model 1, pr_ratio = [0.2, 0.2, 0.2, 0.2]
Prune local model 7, pr_ratio = [0.4, 0.4, 0.4, 0.4]
Round: 28 Method: dapperfl Mean_Acc: 36.37 Best_Acc: 41.515
Domain_Acc: [46.43, 55.26, 13.79, 30.0] Domain_BestAcc: [48.66, 57.37, 32.76, 36.67]
Prune local model 5, pr_ratio = [0, 0, 0, 0]
Prune local model 8, pr_ratio = [0.6, 0.6, 0.6, 0.6]
Prune local model 6, pr_ratio = [0.2, 0.2, 0.2, 0.2]
Prune local model 0, pr_ratio = [0, 0, 0, 0]
Prune local model 3, pr_ratio = [0.6, 0.6, 0.6, 0.6]
Prune local model 7, pr_ratio = [0.4, 0.4, 0.4, 0.4]
Prune local model 4, pr_ratio = [0.8, 0.8, 0.8, 0.8]
Prune local model 2, pr_ratio = [0.4, 0.4, 0.4, 0.4]
Prune local model 1, pr_ratio = [0.2, 0.2, 0.2, 0.2]
Prune local model 9, pr_ratio = [0.8, 0.8, 0.8, 0.8]
Round: 29 Method: dapperfl Mean_Acc: 34.272 Best_Acc: 41.515
Domain_Acc: [39.29, 48.95, 15.52, 33.33] Domain_BestAcc: [48.66, 57.37, 32.76, 36.67]
Prune local model 3, pr_ratio = [0.6, 0.6, 0.6, 0.6]
Prune local model 8, pr_ratio = [0.6, 0.6, 0.6, 0.6]
Prune local model 6, pr_ratio = [0.2, 0.2, 0.2, 0.2]
Prune local model 2, pr_ratio = [0.4, 0.4, 0.4, 0.4]
Prune local model 4, pr_ratio = [0.8, 0.8, 0.8, 0.8]
Prune local model 5, pr_ratio = [0, 0, 0, 0]
Prune local model 7, pr_ratio = [0.4, 0.4, 0.4, 0.4]
Prune local model 9, pr_ratio = [0.8, 0.8, 0.8, 0.8]
Prune local model 1, pr_ratio = [0.2, 0.2, 0.2, 0.2]
Prune local model 0, pr_ratio = [0, 0, 0, 0]
Round: 30 Method: dapperfl Mean_Acc: 37.33 Best_Acc: 41.515
Domain_Acc: [46.88, 48.42, 20.69, 33.33] Domain_BestAcc: [48.66, 57.37, 32.76, 36.67]
Prune local model 2, pr_ratio = [0.4, 0.4, 0.4, 0.4]
Prune local model 6, pr_ratio = [0.2, 0.2, 0.2, 0.2]
Prune local model 7, pr_ratio = [0.4, 0.4, 0.4, 0.4]
Prune local model 9, pr_ratio = [0.8, 0.8, 0.8, 0.8]
Prune local model 1, pr_ratio = [0.2, 0.2, 0.2, 0.2]
Prune local model 5, pr_ratio = [0, 0, 0, 0]
Prune local model 4, pr_ratio = [0.8, 0.8, 0.8, 0.8]
Prune local model 0, pr_ratio = [0, 0, 0, 0]
Prune local model 3, pr_ratio = [0.6, 0.6, 0.6, 0.6]
Prune local model 8, pr_ratio = [0.6, 0.6, 0.6, 0.6]
Round: 31 Method: dapperfl Mean_Acc: 36.982 Best_Acc: 41.515
Domain_Acc: [44.64, 54.21, 22.41, 26.67] Domain_BestAcc: [48.66, 57.37, 32.76, 36.67]
Prune local model 1, pr_ratio = [0.2, 0.2, 0.2, 0.2]
Prune local model 5, pr_ratio = [0, 0, 0, 0]
Prune local model 0, pr_ratio = [0, 0, 0, 0]
Prune local model 6, pr_ratio = [0.2, 0.2, 0.2, 0.2]
Prune local model 2, pr_ratio = [0.4, 0.4, 0.4, 0.4]
Prune local model 9, pr_ratio = [0.8, 0.8, 0.8, 0.8]
Prune local model 4, pr_ratio = [0.8, 0.8, 0.8, 0.8]
Prune local model 7, pr_ratio = [0.4, 0.4, 0.4, 0.4]
Prune local model 3, pr_ratio = [0.6, 0.6, 0.6, 0.6]
Prune local model 8, pr_ratio = [0.6, 0.6, 0.6, 0.6]
Round: 32 Method: dapperfl Mean_Acc: 41.908 Best_Acc: 41.908
Domain_Acc: [50.89, 54.21, 25.86, 36.67] Domain_BestAcc: [50.89, 57.37, 32.76, 36.67]
Prune local model 9, pr_ratio = [0.8, 0.8, 0.8, 0.8]
Prune local model 2, pr_ratio = [0.4, 0.4, 0.4, 0.4]
Prune local model 7, pr_ratio = [0.4, 0.4, 0.4, 0.4]
Prune local model 3, pr_ratio = [0.6, 0.6, 0.6, 0.6]
Prune local model 4, pr_ratio = [0.8, 0.8, 0.8, 0.8]
Prune local model 0, pr_ratio = [0, 0, 0, 0]
Prune local model 1, pr_ratio = [0.2, 0.2, 0.2, 0.2]
Prune local model 6, pr_ratio = [0.2, 0.2, 0.2, 0.2]
Prune local model 5, pr_ratio = [0, 0, 0, 0]
Prune local model 8, pr_ratio = [0.6, 0.6, 0.6, 0.6]
Round: 33 Method: dapperfl Mean_Acc: 38.42 Best_Acc: 41.908
Domain_Acc: [43.3, 54.74, 18.97, 36.67] Domain_BestAcc: [50.89, 57.37, 32.76, 36.67]
Prune local model 9, pr_ratio = [0.8, 0.8, 0.8, 0.8]
Prune local model 4, pr_ratio = [0.8, 0.8, 0.8, 0.8]
Prune local model 5, pr_ratio = [0, 0, 0, 0]
Prune local model 7, pr_ratio = [0.4, 0.4, 0.4, 0.4]
Prune local model 6, pr_ratio = [0.2, 0.2, 0.2, 0.2]
Prune local model 8, pr_ratio = [0.6, 0.6, 0.6, 0.6]
Prune local model 2, pr_ratio = [0.4, 0.4, 0.4, 0.4]
Prune local model 1, pr_ratio = [0.2, 0.2, 0.2, 0.2]
Prune local model 0, pr_ratio = [0, 0, 0, 0]
Prune local model 3, pr_ratio = [0.6, 0.6, 0.6, 0.6]
Round: 34 Method: dapperfl Mean_Acc: 41.47 Best_Acc: 41.908
Domain_Acc: [48.66, 61.58, 18.97, 36.67] Domain_BestAcc: [50.89, 61.58, 32.76, 36.67]
Prune local model 8, pr_ratio = [0.6, 0.6, 0.6, 0.6]
Prune local model 9, pr_ratio = [0.8, 0.8, 0.8, 0.8]
Prune local model 6, pr_ratio = [0.2, 0.2, 0.2, 0.2]
Prune local model 7, pr_ratio = [0.4, 0.4, 0.4, 0.4]
Prune local model 3, pr_ratio = [0.6, 0.6, 0.6, 0.6]
Prune local model 5, pr_ratio = [0, 0, 0, 0]
Prune local model 1, pr_ratio = [0.2, 0.2, 0.2, 0.2]
Prune local model 2, pr_ratio = [0.4, 0.4, 0.4, 0.4]
Prune local model 0, pr_ratio = [0, 0, 0, 0]
Prune local model 4, pr_ratio = [0.8, 0.8, 0.8, 0.8]
Round: 35 Method: dapperfl Mean_Acc: 36.755 Best_Acc: 41.908
Domain_Acc: [49.55, 53.68, 13.79, 30.0] Domain_BestAcc: [50.89, 61.58, 32.76, 36.67]
Prune local model 5, pr_ratio = [0, 0, 0, 0]
Prune local model 4, pr_ratio = [0.8, 0.8, 0.8, 0.8]
Prune local model 3, pr_ratio = [0.6, 0.6, 0.6, 0.6]
Prune local model 0, pr_ratio = [0, 0, 0, 0]
Prune local model 8, pr_ratio = [0.6, 0.6, 0.6, 0.6]
Prune local model 1, pr_ratio = [0.2, 0.2, 0.2, 0.2]
Prune local model 2, pr_ratio = [0.4, 0.4, 0.4, 0.4]
Prune local model 7, pr_ratio = [0.4, 0.4, 0.4, 0.4]
Prune local model 9, pr_ratio = [0.8, 0.8, 0.8, 0.8]
Prune local model 6, pr_ratio = [0.2, 0.2, 0.2, 0.2]
Round: 36 Method: dapperfl Mean_Acc: 40.12 Best_Acc: 41.908
Domain_Acc: [44.64, 51.58, 27.59, 36.67] Domain_BestAcc: [50.89, 61.58, 32.76, 36.67]
Prune local model 6, pr_ratio = [0.2, 0.2, 0.2, 0.2]
Prune local model 9, pr_ratio = [0.8, 0.8, 0.8, 0.8]
Prune local model 1, pr_ratio = [0.2, 0.2, 0.2, 0.2]
Prune local model 3, pr_ratio = [0.6, 0.6, 0.6, 0.6]
Prune local model 5, pr_ratio = [0, 0, 0, 0]
Prune local model 7, pr_ratio = [0.4, 0.4, 0.4, 0.4]
Prune local model 2, pr_ratio = [0.4, 0.4, 0.4, 0.4]
Prune local model 4, pr_ratio = [0.8, 0.8, 0.8, 0.8]
Prune local model 8, pr_ratio = [0.6, 0.6, 0.6, 0.6]
Prune local model 0, pr_ratio = [0, 0, 0, 0]
Round: 37 Method: dapperfl Mean_Acc: 35.278 Best_Acc: 41.908
Domain_Acc: [50.45, 55.26, 12.07, 23.33] Domain_BestAcc: [50.89, 61.58, 32.76, 36.67]
Prune local model 2, pr_ratio = [0.4, 0.4, 0.4, 0.4]
Prune local model 6, pr_ratio = [0.2, 0.2, 0.2, 0.2]
Prune local model 9, pr_ratio = [0.8, 0.8, 0.8, 0.8]
Prune local model 8, pr_ratio = [0.6, 0.6, 0.6, 0.6]
Prune local model 5, pr_ratio = [0, 0, 0, 0]
Prune local model 3, pr_ratio = [0.6, 0.6, 0.6, 0.6]
Prune local model 7, pr_ratio = [0.4, 0.4, 0.4, 0.4]
Prune local model 0, pr_ratio = [0, 0, 0, 0]
Prune local model 1, pr_ratio = [0.2, 0.2, 0.2, 0.2]
Prune local model 4, pr_ratio = [0.8, 0.8, 0.8, 0.8]
Round: 38 Method: dapperfl Mean_Acc: 39.425 Best_Acc: 41.908
Domain_Acc: [48.66, 47.89, 34.48, 26.67] Domain_BestAcc: [50.89, 61.58, 34.48, 36.67]
Prune local model 0, pr_ratio = [0, 0, 0, 0]
Prune local model 2, pr_ratio = [0.4, 0.4, 0.4, 0.4]
Prune local model 6, pr_ratio = [0.2, 0.2, 0.2, 0.2]
Prune local model 4, pr_ratio = [0.8, 0.8, 0.8, 0.8]
Prune local model 8, pr_ratio = [0.6, 0.6, 0.6, 0.6]
Prune local model 1, pr_ratio = [0.2, 0.2, 0.2, 0.2]
Prune local model 9, pr_ratio = [0.8, 0.8, 0.8, 0.8]
Prune local model 7, pr_ratio = [0.4, 0.4, 0.4, 0.4]
Prune local model 3, pr_ratio = [0.6, 0.6, 0.6, 0.6]
Prune local model 5, pr_ratio = [0, 0, 0, 0]
Round: 39 Method: dapperfl Mean_Acc: 36.04 Best_Acc: 41.908
Domain_Acc: [44.2, 57.89, 12.07, 30.0] Domain_BestAcc: [50.89, 61.58, 34.48, 36.67]
Prune local model 6, pr_ratio = [0.2, 0.2, 0.2, 0.2]
Prune local model 2, pr_ratio = [0.4, 0.4, 0.4, 0.4]
Prune local model 8, pr_ratio = [0.6, 0.6, 0.6, 0.6]
Prune local model 0, pr_ratio = [0, 0, 0, 0]
Prune local model 1, pr_ratio = [0.2, 0.2, 0.2, 0.2]
Prune local model 7, pr_ratio = [0.4, 0.4, 0.4, 0.4]
Prune local model 3, pr_ratio = [0.6, 0.6, 0.6, 0.6]
Prune local model 4, pr_ratio = [0.8, 0.8, 0.8, 0.8]
Prune local model 9, pr_ratio = [0.8, 0.8, 0.8, 0.8]
Prune local model 5, pr_ratio = [0, 0, 0, 0]
Round: 40 Method: dapperfl Mean_Acc: 46.818 Best_Acc: 46.818
Domain_Acc: [51.79, 67.89, 27.59, 40.0] Domain_BestAcc: [51.79, 67.89, 34.48, 40.0]
Prune local model 2, pr_ratio = [0.4, 0.4, 0.4, 0.4]
Prune local model 1, pr_ratio = [0.2, 0.2, 0.2, 0.2]
Prune local model 8, pr_ratio = [0.6, 0.6, 0.6, 0.6]
Prune local model 9, pr_ratio = [0.8, 0.8, 0.8, 0.8]
Prune local model 4, pr_ratio = [0.8, 0.8, 0.8, 0.8]
Prune local model 3, pr_ratio = [0.6, 0.6, 0.6, 0.6]
Prune local model 6, pr_ratio = [0.2, 0.2, 0.2, 0.2]
Prune local model 0, pr_ratio = [0, 0, 0, 0]
Prune local model 5, pr_ratio = [0, 0, 0, 0]
Prune local model 7, pr_ratio = [0.4, 0.4, 0.4, 0.4]
Round: 41 Method: dapperfl Mean_Acc: 44.982 Best_Acc: 46.818
Domain_Acc: [52.23, 60.0, 31.03, 36.67] Domain_BestAcc: [52.23, 67.89, 34.48, 40.0]
Prune local model 5, pr_ratio = [0, 0, 0, 0]
Prune local model 0, pr_ratio = [0, 0, 0, 0]
Prune local model 2, pr_ratio = [0.4, 0.4, 0.4, 0.4]
Prune local model 6, pr_ratio = [0.2, 0.2, 0.2, 0.2]
Prune local model 7, pr_ratio = [0.4, 0.4, 0.4, 0.4]
Prune local model 8, pr_ratio = [0.6, 0.6, 0.6, 0.6]
Prune local model 1, pr_ratio = [0.2, 0.2, 0.2, 0.2]
Prune local model 4, pr_ratio = [0.8, 0.8, 0.8, 0.8]
Prune local model 9, pr_ratio = [0.8, 0.8, 0.8, 0.8]
Prune local model 3, pr_ratio = [0.6, 0.6, 0.6, 0.6]
Round: 42 Method: dapperfl Mean_Acc: 41.645 Best_Acc: 46.818
Domain_Acc: [50.89, 53.16, 25.86, 36.67] Domain_BestAcc: [52.23, 67.89, 34.48, 40.0]
Prune local model 9, pr_ratio = [0.8, 0.8, 0.8, 0.8]
Prune local model 0, pr_ratio = [0, 0, 0, 0]
Prune local model 7, pr_ratio = [0.4, 0.4, 0.4, 0.4]
Prune local model 3, pr_ratio = [0.6, 0.6, 0.6, 0.6]
Prune local model 6, pr_ratio = [0.2, 0.2, 0.2, 0.2]
Prune local model 5, pr_ratio = [0, 0, 0, 0]
Prune local model 4, pr_ratio = [0.8, 0.8, 0.8, 0.8]
Prune local model 1, pr_ratio = [0.2, 0.2, 0.2, 0.2]
Prune local model 2, pr_ratio = [0.4, 0.4, 0.4, 0.4]
Prune local model 8, pr_ratio = [0.6, 0.6, 0.6, 0.6]
Round: 43 Method: dapperfl Mean_Acc: 32.712 Best_Acc: 46.818
Domain_Acc: [43.75, 51.58, 15.52, 20.0] Domain_BestAcc: [52.23, 67.89, 34.48, 40.0]
Prune local model 7, pr_ratio = [0.4, 0.4, 0.4, 0.4]
Prune local model 6, pr_ratio = [0.2, 0.2, 0.2, 0.2]
Prune local model 3, pr_ratio = [0.6, 0.6, 0.6, 0.6]
Prune local model 4, pr_ratio = [0.8, 0.8, 0.8, 0.8]
Prune local model 2, pr_ratio = [0.4, 0.4, 0.4, 0.4]
Prune local model 5, pr_ratio = [0, 0, 0, 0]
Prune local model 8, pr_ratio = [0.6, 0.6, 0.6, 0.6]
Prune local model 0, pr_ratio = [0, 0, 0, 0]
Prune local model 9, pr_ratio = [0.8, 0.8, 0.8, 0.8]
Prune local model 1, pr_ratio = [0.2, 0.2, 0.2, 0.2]
Round: 44 Method: dapperfl Mean_Acc: 46.382 Best_Acc: 46.818
Domain_Acc: [51.34, 63.16, 31.03, 40.0] Domain_BestAcc: [52.23, 67.89, 34.48, 40.0]
Prune local model 0, pr_ratio = [0, 0, 0, 0]
Prune local model 6, pr_ratio = [0.2, 0.2, 0.2, 0.2]
Prune local model 5, pr_ratio = [0, 0, 0, 0]
Prune local model 2, pr_ratio = [0.4, 0.4, 0.4, 0.4]
Prune local model 7, pr_ratio = [0.4, 0.4, 0.4, 0.4]
Prune local model 1, pr_ratio = [0.2, 0.2, 0.2, 0.2]
Prune local model 8, pr_ratio = [0.6, 0.6, 0.6, 0.6]
Prune local model 4, pr_ratio = [0.8, 0.8, 0.8, 0.8]
Prune local model 9, pr_ratio = [0.8, 0.8, 0.8, 0.8]
Prune local model 3, pr_ratio = [0.6, 0.6, 0.6, 0.6]
Round: 45 Method: dapperfl Mean_Acc: 39.608 Best_Acc: 46.818
Domain_Acc: [42.86, 63.16, 22.41, 30.0] Domain_BestAcc: [52.23, 67.89, 34.48, 40.0]
Prune local model 6, pr_ratio = [0.2, 0.2, 0.2, 0.2]
Prune local model 2, pr_ratio = [0.4, 0.4, 0.4, 0.4]
Prune local model 4, pr_ratio = [0.8, 0.8, 0.8, 0.8]
Prune local model 1, pr_ratio = [0.2, 0.2, 0.2, 0.2]
Prune local model 7, pr_ratio = [0.4, 0.4, 0.4, 0.4]
Prune local model 5, pr_ratio = [0, 0, 0, 0]
Prune local model 3, pr_ratio = [0.6, 0.6, 0.6, 0.6]
Prune local model 9, pr_ratio = [0.8, 0.8, 0.8, 0.8]
Prune local model 0, pr_ratio = [0, 0, 0, 0]
Prune local model 8, pr_ratio = [0.6, 0.6, 0.6, 0.6]
Round: 46 Method: dapperfl Mean_Acc: 47.197 Best_Acc: 47.197
Domain_Acc: [52.23, 67.37, 25.86, 43.33] Domain_BestAcc: [52.23, 67.89, 34.48, 43.33]
Prune local model 9, pr_ratio = [0.8, 0.8, 0.8, 0.8]
Prune local model 1, pr_ratio = [0.2, 0.2, 0.2, 0.2]
Prune local model 5, pr_ratio = [0, 0, 0, 0]
Prune local model 6, pr_ratio = [0.2, 0.2, 0.2, 0.2]
Prune local model 2, pr_ratio = [0.4, 0.4, 0.4, 0.4]
Prune local model 7, pr_ratio = [0.4, 0.4, 0.4, 0.4]
Prune local model 4, pr_ratio = [0.8, 0.8, 0.8, 0.8]
Prune local model 3, pr_ratio = [0.6, 0.6, 0.6, 0.6]
Prune local model 8, pr_ratio = [0.6, 0.6, 0.6, 0.6]
Prune local model 0, pr_ratio = [0, 0, 0, 0]
Round: 47 Method: dapperfl Mean_Acc: 43.978 Best_Acc: 47.197
Domain_Acc: [50.89, 64.21, 24.14, 36.67] Domain_BestAcc: [52.23, 67.89, 34.48, 43.33]
Prune local model 8, pr_ratio = [0.6, 0.6, 0.6, 0.6]
Prune local model 2, pr_ratio = [0.4, 0.4, 0.4, 0.4]
Prune local model 4, pr_ratio = [0.8, 0.8, 0.8, 0.8]
Prune local model 5, pr_ratio = [0, 0, 0, 0]
Prune local model 0, pr_ratio = [0, 0, 0, 0]
Prune local model 9, pr_ratio = [0.8, 0.8, 0.8, 0.8]
Prune local model 7, pr_ratio = [0.4, 0.4, 0.4, 0.4]
Prune local model 3, pr_ratio = [0.6, 0.6, 0.6, 0.6]
Prune local model 6, pr_ratio = [0.2, 0.2, 0.2, 0.2]
Prune local model 1, pr_ratio = [0.2, 0.2, 0.2, 0.2]
Round: 48 Method: dapperfl Mean_Acc: 40.135 Best_Acc: 47.197
Domain_Acc: [48.66, 49.47, 22.41, 40.0] Domain_BestAcc: [52.23, 67.89, 34.48, 43.33]
Prune local model 1, pr_ratio = [0.2, 0.2, 0.2, 0.2]
Prune local model 5, pr_ratio = [0, 0, 0, 0]
Prune local model 8, pr_ratio = [0.6, 0.6, 0.6, 0.6]
Prune local model 7, pr_ratio = [0.4, 0.4, 0.4, 0.4]
Prune local model 9, pr_ratio = [0.8, 0.8, 0.8, 0.8]
Prune local model 3, pr_ratio = [0.6, 0.6, 0.6, 0.6]
Prune local model 6, pr_ratio = [0.2, 0.2, 0.2, 0.2]
Prune local model 4, pr_ratio = [0.8, 0.8, 0.8, 0.8]
Prune local model 0, pr_ratio = [0, 0, 0, 0]
Prune local model 2, pr_ratio = [0.4, 0.4, 0.4, 0.4]
Round: 49 Method: dapperfl Mean_Acc: 37.502 Best_Acc: 47.197
Domain_Acc: [45.54, 58.95, 15.52, 30.0] Domain_BestAcc: [52.23, 67.89, 34.48, 43.33]
Prune local model 2, pr_ratio = [0.4, 0.4, 0.4, 0.4]
Prune local model 9, pr_ratio = [0.8, 0.8, 0.8, 0.8]
Prune local model 5, pr_ratio = [0, 0, 0, 0]
Prune local model 0, pr_ratio = [0, 0, 0, 0]
Prune local model 6, pr_ratio = [0.2, 0.2, 0.2, 0.2]
Prune local model 3, pr_ratio = [0.6, 0.6, 0.6, 0.6]
Prune local model 1, pr_ratio = [0.2, 0.2, 0.2, 0.2]
Prune local model 7, pr_ratio = [0.4, 0.4, 0.4, 0.4]
Prune local model 4, pr_ratio = [0.8, 0.8, 0.8, 0.8]
Prune local model 8, pr_ratio = [0.6, 0.6, 0.6, 0.6]
Round: 50 Method: dapperfl Mean_Acc: 43.605 Best_Acc: 47.197
Domain_Acc: [48.21, 63.68, 25.86, 36.67] Domain_BestAcc: [52.23, 67.89, 34.48, 43.33]
Prune local model 9, pr_ratio = [0.8, 0.8, 0.8, 0.8]
Prune local model 0, pr_ratio = [0, 0, 0, 0]
Prune local model 1, pr_ratio = [0.2, 0.2, 0.2, 0.2]
Prune local model 5, pr_ratio = [0, 0, 0, 0]
Prune local model 6, pr_ratio = [0.2, 0.2, 0.2, 0.2]
Prune local model 4, pr_ratio = [0.8, 0.8, 0.8, 0.8]
Prune local model 7, pr_ratio = [0.4, 0.4, 0.4, 0.4]
Prune local model 3, pr_ratio = [0.6, 0.6, 0.6, 0.6]
Prune local model 2, pr_ratio = [0.4, 0.4, 0.4, 0.4]
Prune local model 8, pr_ratio = [0.6, 0.6, 0.6, 0.6]
Round: 51 Method: dapperfl Mean_Acc: 40.92 Best_Acc: 47.197
Domain_Acc: [48.66, 64.21, 24.14, 26.67] Domain_BestAcc: [52.23, 67.89, 34.48, 43.33]
Prune local model 1, pr_ratio = [0.2, 0.2, 0.2, 0.2]
Prune local model 5, pr_ratio = [0, 0, 0, 0]
Prune local model 0, pr_ratio = [0, 0, 0, 0]
Prune local model 7, pr_ratio = [0.4, 0.4, 0.4, 0.4]
Prune local model 2, pr_ratio = [0.4, 0.4, 0.4, 0.4]
Prune local model 6, pr_ratio = [0.2, 0.2, 0.2, 0.2]
Prune local model 8, pr_ratio = [0.6, 0.6, 0.6, 0.6]
Prune local model 3, pr_ratio = [0.6, 0.6, 0.6, 0.6]
Prune local model 4, pr_ratio = [0.8, 0.8, 0.8, 0.8]
Prune local model 9, pr_ratio = [0.8, 0.8, 0.8, 0.8]
Round: 52 Method: dapperfl Mean_Acc: 37.073 Best_Acc: 47.197
Domain_Acc: [46.43, 54.74, 13.79, 33.33] Domain_BestAcc: [52.23, 67.89, 34.48, 43.33]
Prune local model 8, pr_ratio = [0.6, 0.6, 0.6, 0.6]
Prune local model 4, pr_ratio = [0.8, 0.8, 0.8, 0.8]
Prune local model 3, pr_ratio = [0.6, 0.6, 0.6, 0.6]
Prune local model 0, pr_ratio = [0, 0, 0, 0]
Prune local model 5, pr_ratio = [0, 0, 0, 0]
Prune local model 2, pr_ratio = [0.4, 0.4, 0.4, 0.4]
Prune local model 7, pr_ratio = [0.4, 0.4, 0.4, 0.4]
Prune local model 1, pr_ratio = [0.2, 0.2, 0.2, 0.2]
Prune local model 9, pr_ratio = [0.8, 0.8, 0.8, 0.8]
Prune local model 6, pr_ratio = [0.2, 0.2, 0.2, 0.2]
Round: 53 Method: dapperfl Mean_Acc: 47.045 Best_Acc: 47.197
Domain_Acc: [54.02, 68.42, 22.41, 43.33] Domain_BestAcc: [54.02, 68.42, 34.48, 43.33]
Prune local model 8, pr_ratio = [0.6, 0.6, 0.6, 0.6]
Prune local model 1, pr_ratio = [0.2, 0.2, 0.2, 0.2]
Prune local model 5, pr_ratio = [0, 0, 0, 0]
Prune local model 9, pr_ratio = [0.8, 0.8, 0.8, 0.8]
Prune local model 3, pr_ratio = [0.6, 0.6, 0.6, 0.6]
Prune local model 4, pr_ratio = [0.8, 0.8, 0.8, 0.8]
Prune local model 0, pr_ratio = [0, 0, 0, 0]
Prune local model 2, pr_ratio = [0.4, 0.4, 0.4, 0.4]
Prune local model 7, pr_ratio = [0.4, 0.4, 0.4, 0.4]
Prune local model 6, pr_ratio = [0.2, 0.2, 0.2, 0.2]
Round: 54 Method: dapperfl Mean_Acc: 37.822 Best_Acc: 47.197
Domain_Acc: [47.32, 43.16, 24.14, 36.67] Domain_BestAcc: [54.02, 68.42, 34.48, 43.33]
Prune local model 2, pr_ratio = [0.4, 0.4, 0.4, 0.4]
Prune local model 7, pr_ratio = [0.4, 0.4, 0.4, 0.4]
Prune local model 1, pr_ratio = [0.2, 0.2, 0.2, 0.2]
Prune local model 4, pr_ratio = [0.8, 0.8, 0.8, 0.8]
Prune local model 3, pr_ratio = [0.6, 0.6, 0.6, 0.6]
Prune local model 0, pr_ratio = [0, 0, 0, 0]
Prune local model 8, pr_ratio = [0.6, 0.6, 0.6, 0.6]
Prune local model 5, pr_ratio = [0, 0, 0, 0]
Prune local model 6, pr_ratio = [0.2, 0.2, 0.2, 0.2]
Prune local model 9, pr_ratio = [0.8, 0.8, 0.8, 0.8]
Round: 55 Method: dapperfl Mean_Acc: 44.18 Best_Acc: 47.197
Domain_Acc: [46.88, 60.53, 29.31, 40.0] Domain_BestAcc: [54.02, 68.42, 34.48, 43.33]
Prune local model 2, pr_ratio = [0.4, 0.4, 0.4, 0.4]
Prune local model 7, pr_ratio = [0.4, 0.4, 0.4, 0.4]
Prune local model 5, pr_ratio = [0, 0, 0, 0]
Prune local model 0, pr_ratio = [0, 0, 0, 0]
Prune local model 8, pr_ratio = [0.6, 0.6, 0.6, 0.6]
Prune local model 4, pr_ratio = [0.8, 0.8, 0.8, 0.8]
Prune local model 9, pr_ratio = [0.8, 0.8, 0.8, 0.8]
Prune local model 3, pr_ratio = [0.6, 0.6, 0.6, 0.6]
Prune local model 1, pr_ratio = [0.2, 0.2, 0.2, 0.2]
Prune local model 6, pr_ratio = [0.2, 0.2, 0.2, 0.2]
Round: 56 Method: dapperfl Mean_Acc: 41.872 Best_Acc: 47.197
Domain_Acc: [49.55, 53.68, 27.59, 36.67] Domain_BestAcc: [54.02, 68.42, 34.48, 43.33]
Prune local model 2, pr_ratio = [0.4, 0.4, 0.4, 0.4]
Prune local model 3, pr_ratio = [0.6, 0.6, 0.6, 0.6]
Prune local model 9, pr_ratio = [0.8, 0.8, 0.8, 0.8]
Prune local model 4, pr_ratio = [0.8, 0.8, 0.8, 0.8]
Prune local model 0, pr_ratio = [0, 0, 0, 0]
Prune local model 1, pr_ratio = [0.2, 0.2, 0.2, 0.2]
Prune local model 5, pr_ratio = [0, 0, 0, 0]
Prune local model 6, pr_ratio = [0.2, 0.2, 0.2, 0.2]
Prune local model 7, pr_ratio = [0.4, 0.4, 0.4, 0.4]
Prune local model 8, pr_ratio = [0.6, 0.6, 0.6, 0.6]
Round: 57 Method: dapperfl Mean_Acc: 45.975 Best_Acc: 47.197
Domain_Acc: [53.57, 72.63, 31.03, 26.67] Domain_BestAcc: [54.02, 72.63, 34.48, 43.33]
Prune local model 5, pr_ratio = [0, 0, 0, 0]
Prune local model 2, pr_ratio = [0.4, 0.4, 0.4, 0.4]
Prune local model 7, pr_ratio = [0.4, 0.4, 0.4, 0.4]
Prune local model 3, pr_ratio = [0.6, 0.6, 0.6, 0.6]
Prune local model 8, pr_ratio = [0.6, 0.6, 0.6, 0.6]
Prune local model 1, pr_ratio = [0.2, 0.2, 0.2, 0.2]
Prune local model 4, pr_ratio = [0.8, 0.8, 0.8, 0.8]
Prune local model 0, pr_ratio = [0, 0, 0, 0]
Prune local model 6, pr_ratio = [0.2, 0.2, 0.2, 0.2]
Prune local model 9, pr_ratio = [0.8, 0.8, 0.8, 0.8]
Round: 58 Method: dapperfl Mean_Acc: 43.825 Best_Acc: 47.197
Domain_Acc: [45.54, 58.95, 24.14, 46.67] Domain_BestAcc: [54.02, 72.63, 34.48, 46.67]
Prune local model 0, pr_ratio = [0, 0, 0, 0]
Prune local model 7, pr_ratio = [0.4, 0.4, 0.4, 0.4]
Prune local model 3, pr_ratio = [0.6, 0.6, 0.6, 0.6]
Prune local model 1, pr_ratio = [0.2, 0.2, 0.2, 0.2]
Prune local model 6, pr_ratio = [0.2, 0.2, 0.2, 0.2]
Prune local model 8, pr_ratio = [0.6, 0.6, 0.6, 0.6]
Prune local model 9, pr_ratio = [0.8, 0.8, 0.8, 0.8]
Prune local model 2, pr_ratio = [0.4, 0.4, 0.4, 0.4]
Prune local model 5, pr_ratio = [0, 0, 0, 0]
Prune local model 4, pr_ratio = [0.8, 0.8, 0.8, 0.8]
Round: 59 Method: dapperfl Mean_Acc: 45.26 Best_Acc: 47.197
Domain_Acc: [51.79, 66.84, 22.41, 40.0] Domain_BestAcc: [54.02, 72.63, 34.48, 46.67]
Prune local model 2, pr_ratio = [0.4, 0.4, 0.4, 0.4]
Prune local model 3, pr_ratio = [0.6, 0.6, 0.6, 0.6]
Prune local model 9, pr_ratio = [0.8, 0.8, 0.8, 0.8]
Prune local model 7, pr_ratio = [0.4, 0.4, 0.4, 0.4]
Prune local model 6, pr_ratio = [0.2, 0.2, 0.2, 0.2]
Prune local model 0, pr_ratio = [0, 0, 0, 0]
Prune local model 8, pr_ratio = [0.6, 0.6, 0.6, 0.6]
Prune local model 5, pr_ratio = [0, 0, 0, 0]
Prune local model 1, pr_ratio = [0.2, 0.2, 0.2, 0.2]
Prune local model 4, pr_ratio = [0.8, 0.8, 0.8, 0.8]
Round: 60 Method: dapperfl Mean_Acc: 29.542 Best_Acc: 47.197
Domain_Acc: [33.04, 47.89, 17.24, 20.0] Domain_BestAcc: [54.02, 72.63, 34.48, 46.67]
Prune local model 2, pr_ratio = [0.4, 0.4, 0.4, 0.4]
Prune local model 7, pr_ratio = [0.4, 0.4, 0.4, 0.4]
Prune local model 0, pr_ratio = [0, 0, 0, 0]
Prune local model 6, pr_ratio = [0.2, 0.2, 0.2, 0.2]
Prune local model 1, pr_ratio = [0.2, 0.2, 0.2, 0.2]
Prune local model 4, pr_ratio = [0.8, 0.8, 0.8, 0.8]
Prune local model 9, pr_ratio = [0.8, 0.8, 0.8, 0.8]
Prune local model 5, pr_ratio = [0, 0, 0, 0]
Prune local model 3, pr_ratio = [0.6, 0.6, 0.6, 0.6]
Prune local model 8, pr_ratio = [0.6, 0.6, 0.6, 0.6]
Round: 61 Method: dapperfl Mean_Acc: 44.688 Best_Acc: 47.197
Domain_Acc: [56.25, 61.58, 27.59, 33.33] Domain_BestAcc: [56.25, 72.63, 34.48, 46.67]
Prune local model 7, pr_ratio = [0.4, 0.4, 0.4, 0.4]
Prune local model 2, pr_ratio = [0.4, 0.4, 0.4, 0.4]
Prune local model 5, pr_ratio = [0, 0, 0, 0]
Prune local model 1, pr_ratio = [0.2, 0.2, 0.2, 0.2]
Prune local model 0, pr_ratio = [0, 0, 0, 0]
Prune local model 4, pr_ratio = [0.8, 0.8, 0.8, 0.8]
Prune local model 3, pr_ratio = [0.6, 0.6, 0.6, 0.6]
Prune local model 6, pr_ratio = [0.2, 0.2, 0.2, 0.2]
Prune local model 8, pr_ratio = [0.6, 0.6, 0.6, 0.6]
Prune local model 9, pr_ratio = [0.8, 0.8, 0.8, 0.8]
Round: 62 Method: dapperfl Mean_Acc: 47.543 Best_Acc: 47.543
Domain_Acc: [51.79, 68.95, 32.76, 36.67] Domain_BestAcc: [56.25, 72.63, 34.48, 46.67]
Prune local model 4, pr_ratio = [0.8, 0.8, 0.8, 0.8]
Prune local model 3, pr_ratio = [0.6, 0.6, 0.6, 0.6]
Prune local model 8, pr_ratio = [0.6, 0.6, 0.6, 0.6]
Prune local model 1, pr_ratio = [0.2, 0.2, 0.2, 0.2]
Prune local model 5, pr_ratio = [0, 0, 0, 0]
Prune local model 6, pr_ratio = [0.2, 0.2, 0.2, 0.2]
Prune local model 9, pr_ratio = [0.8, 0.8, 0.8, 0.8]
Prune local model 7, pr_ratio = [0.4, 0.4, 0.4, 0.4]
Prune local model 2, pr_ratio = [0.4, 0.4, 0.4, 0.4]
Prune local model 0, pr_ratio = [0, 0, 0, 0]
Round: 63 Method: dapperfl Mean_Acc: 35.122 Best_Acc: 47.543
Domain_Acc: [41.52, 50.0, 18.97, 30.0] Domain_BestAcc: [56.25, 72.63, 34.48, 46.67]
Prune local model 8, pr_ratio = [0.6, 0.6, 0.6, 0.6]
Prune local model 2, pr_ratio = [0.4, 0.4, 0.4, 0.4]
Prune local model 6, pr_ratio = [0.2, 0.2, 0.2, 0.2]
Prune local model 4, pr_ratio = [0.8, 0.8, 0.8, 0.8]
Prune local model 1, pr_ratio = [0.2, 0.2, 0.2, 0.2]
Prune local model 3, pr_ratio = [0.6, 0.6, 0.6, 0.6]
Prune local model 7, pr_ratio = [0.4, 0.4, 0.4, 0.4]
Prune local model 5, pr_ratio = [0, 0, 0, 0]
Prune local model 9, pr_ratio = [0.8, 0.8, 0.8, 0.8]
Prune local model 0, pr_ratio = [0, 0, 0, 0]
Round: 64 Method: dapperfl Mean_Acc: 47.227 Best_Acc: 47.543
Domain_Acc: [56.7, 74.74, 24.14, 33.33] Domain_BestAcc: [56.7, 74.74, 34.48, 46.67]
Prune local model 2, pr_ratio = [0.4, 0.4, 0.4, 0.4]
Prune local model 1, pr_ratio = [0.2, 0.2, 0.2, 0.2]
Prune local model 7, pr_ratio = [0.4, 0.4, 0.4, 0.4]
Prune local model 9, pr_ratio = [0.8, 0.8, 0.8, 0.8]
Prune local model 6, pr_ratio = [0.2, 0.2, 0.2, 0.2]
Prune local model 5, pr_ratio = [0, 0, 0, 0]
Prune local model 4, pr_ratio = [0.8, 0.8, 0.8, 0.8]
Prune local model 0, pr_ratio = [0, 0, 0, 0]
Prune local model 8, pr_ratio = [0.6, 0.6, 0.6, 0.6]
Prune local model 3, pr_ratio = [0.6, 0.6, 0.6, 0.6]
Round: 65 Method: dapperfl Mean_Acc: 45.168 Best_Acc: 47.543
Domain_Acc: [52.23, 69.47, 18.97, 40.0] Domain_BestAcc: [56.7, 74.74, 34.48, 46.67]
Prune local model 2, pr_ratio = [0.4, 0.4, 0.4, 0.4]
Prune local model 7, pr_ratio = [0.4, 0.4, 0.4, 0.4]
Prune local model 6, pr_ratio = [0.2, 0.2, 0.2, 0.2]
Prune local model 9, pr_ratio = [0.8, 0.8, 0.8, 0.8]
Prune local model 8, pr_ratio = [0.6, 0.6, 0.6, 0.6]
Prune local model 4, pr_ratio = [0.8, 0.8, 0.8, 0.8]
Prune local model 0, pr_ratio = [0, 0, 0, 0]
Prune local model 5, pr_ratio = [0, 0, 0, 0]
Prune local model 3, pr_ratio = [0.6, 0.6, 0.6, 0.6]
Prune local model 1, pr_ratio = [0.2, 0.2, 0.2, 0.2]
Round: 66 Method: dapperfl Mean_Acc: 46.202 Best_Acc: 47.543
Domain_Acc: [57.14, 65.26, 22.41, 40.0] Domain_BestAcc: [57.14, 74.74, 34.48, 46.67]
Prune local model 2, pr_ratio = [0.4, 0.4, 0.4, 0.4]
Prune local model 9, pr_ratio = [0.8, 0.8, 0.8, 0.8]
Prune local model 0, pr_ratio = [0, 0, 0, 0]
Prune local model 6, pr_ratio = [0.2, 0.2, 0.2, 0.2]
Prune local model 3, pr_ratio = [0.6, 0.6, 0.6, 0.6]
Prune local model 5, pr_ratio = [0, 0, 0, 0]
Prune local model 1, pr_ratio = [0.2, 0.2, 0.2, 0.2]
Prune local model 8, pr_ratio = [0.6, 0.6, 0.6, 0.6]
Prune local model 4, pr_ratio = [0.8, 0.8, 0.8, 0.8]
Prune local model 7, pr_ratio = [0.4, 0.4, 0.4, 0.4]
Round: 67 Method: dapperfl Mean_Acc: 45.633 Best_Acc: 47.543
Domain_Acc: [50.0, 70.0, 25.86, 36.67] Domain_BestAcc: [57.14, 74.74, 34.48, 46.67]
Prune local model 5, pr_ratio = [0, 0, 0, 0]
Prune local model 0, pr_ratio = [0, 0, 0, 0]
Prune local model 6, pr_ratio = [0.2, 0.2, 0.2, 0.2]
Prune local model 4, pr_ratio = [0.8, 0.8, 0.8, 0.8]
Prune local model 1, pr_ratio = [0.2, 0.2, 0.2, 0.2]
Prune local model 3, pr_ratio = [0.6, 0.6, 0.6, 0.6]
Prune local model 2, pr_ratio = [0.4, 0.4, 0.4, 0.4]
Prune local model 7, pr_ratio = [0.4, 0.4, 0.4, 0.4]
Prune local model 9, pr_ratio = [0.8, 0.8, 0.8, 0.8]
Prune local model 8, pr_ratio = [0.6, 0.6, 0.6, 0.6]
Round: 68 Method: dapperfl Mean_Acc: 43.355 Best_Acc: 47.543
Domain_Acc: [50.45, 68.95, 20.69, 33.33] Domain_BestAcc: [57.14, 74.74, 34.48, 46.67]
Prune local model 7, pr_ratio = [0.4, 0.4, 0.4, 0.4]
Prune local model 8, pr_ratio = [0.6, 0.6, 0.6, 0.6]
Prune local model 5, pr_ratio = [0, 0, 0, 0]
Prune local model 6, pr_ratio = [0.2, 0.2, 0.2, 0.2]
Prune local model 2, pr_ratio = [0.4, 0.4, 0.4, 0.4]
Prune local model 9, pr_ratio = [0.8, 0.8, 0.8, 0.8]
Prune local model 4, pr_ratio = [0.8, 0.8, 0.8, 0.8]
Prune local model 3, pr_ratio = [0.6, 0.6, 0.6, 0.6]
Prune local model 0, pr_ratio = [0, 0, 0, 0]
Prune local model 1, pr_ratio = [0.2, 0.2, 0.2, 0.2]
Round: 69 Method: dapperfl Mean_Acc: 48.925 Best_Acc: 48.925
Domain_Acc: [59.38, 63.68, 29.31, 43.33] Domain_BestAcc: [59.38, 74.74, 34.48, 46.67]
Prune local model 6, pr_ratio = [0.2, 0.2, 0.2, 0.2]
Prune local model 8, pr_ratio = [0.6, 0.6, 0.6, 0.6]
Prune local model 1, pr_ratio = [0.2, 0.2, 0.2, 0.2]
Prune local model 2, pr_ratio = [0.4, 0.4, 0.4, 0.4]
Prune local model 7, pr_ratio = [0.4, 0.4, 0.4, 0.4]
Prune local model 3, pr_ratio = [0.6, 0.6, 0.6, 0.6]
Prune local model 5, pr_ratio = [0, 0, 0, 0]
Prune local model 9, pr_ratio = [0.8, 0.8, 0.8, 0.8]
Prune local model 4, pr_ratio = [0.8, 0.8, 0.8, 0.8]
Prune local model 0, pr_ratio = [0, 0, 0, 0]
Round: 70 Method: dapperfl Mean_Acc: 43.585 Best_Acc: 48.925
Domain_Acc: [50.0, 65.26, 22.41, 36.67] Domain_BestAcc: [59.38, 74.74, 34.48, 46.67]
Prune local model 1, pr_ratio = [0.2, 0.2, 0.2, 0.2]
Prune local model 4, pr_ratio = [0.8, 0.8, 0.8, 0.8]
Prune local model 2, pr_ratio = [0.4, 0.4, 0.4, 0.4]
Prune local model 0, pr_ratio = [0, 0, 0, 0]
Prune local model 3, pr_ratio = [0.6, 0.6, 0.6, 0.6]
Prune local model 5, pr_ratio = [0, 0, 0, 0]
Prune local model 9, pr_ratio = [0.8, 0.8, 0.8, 0.8]
Prune local model 6, pr_ratio = [0.2, 0.2, 0.2, 0.2]
Prune local model 7, pr_ratio = [0.4, 0.4, 0.4, 0.4]
Prune local model 8, pr_ratio = [0.6, 0.6, 0.6, 0.6]
Round: 71 Method: dapperfl Mean_Acc: 47.545 Best_Acc: 48.925
Domain_Acc: [53.12, 69.47, 27.59, 40.0] Domain_BestAcc: [59.38, 74.74, 34.48, 46.67]
Prune local model 5, pr_ratio = [0, 0, 0, 0]
Prune local model 2, pr_ratio = [0.4, 0.4, 0.4, 0.4]
Prune local model 0, pr_ratio = [0, 0, 0, 0]
Prune local model 9, pr_ratio = [0.8, 0.8, 0.8, 0.8]
Prune local model 4, pr_ratio = [0.8, 0.8, 0.8, 0.8]
Prune local model 6, pr_ratio = [0.2, 0.2, 0.2, 0.2]
Prune local model 8, pr_ratio = [0.6, 0.6, 0.6, 0.6]
Prune local model 3, pr_ratio = [0.6, 0.6, 0.6, 0.6]
Prune local model 7, pr_ratio = [0.4, 0.4, 0.4, 0.4]
Prune local model 1, pr_ratio = [0.2, 0.2, 0.2, 0.2]
Round: 72 Method: dapperfl Mean_Acc: 44.762 Best_Acc: 48.925
Domain_Acc: [52.68, 62.11, 27.59, 36.67] Domain_BestAcc: [59.38, 74.74, 34.48, 46.67]
Prune local model 9, pr_ratio = [0.8, 0.8, 0.8, 0.8]
Prune local model 6, pr_ratio = [0.2, 0.2, 0.2, 0.2]
Prune local model 3, pr_ratio = [0.6, 0.6, 0.6, 0.6]
Prune local model 5, pr_ratio = [0, 0, 0, 0]
Prune local model 1, pr_ratio = [0.2, 0.2, 0.2, 0.2]
Prune local model 4, pr_ratio = [0.8, 0.8, 0.8, 0.8]
Prune local model 0, pr_ratio = [0, 0, 0, 0]
Prune local model 8, pr_ratio = [0.6, 0.6, 0.6, 0.6]
Prune local model 2, pr_ratio = [0.4, 0.4, 0.4, 0.4]
Prune local model 7, pr_ratio = [0.4, 0.4, 0.4, 0.4]
Round: 73 Method: dapperfl Mean_Acc: 34.085 Best_Acc: 48.925
Domain_Acc: [41.52, 52.63, 15.52, 26.67] Domain_BestAcc: [59.38, 74.74, 34.48, 46.67]
Prune local model 0, pr_ratio = [0, 0, 0, 0]
Prune local model 8, pr_ratio = [0.6, 0.6, 0.6, 0.6]
Prune local model 4, pr_ratio = [0.8, 0.8, 0.8, 0.8]
Prune local model 1, pr_ratio = [0.2, 0.2, 0.2, 0.2]
Prune local model 2, pr_ratio = [0.4, 0.4, 0.4, 0.4]
Prune local model 9, pr_ratio = [0.8, 0.8, 0.8, 0.8]
Prune local model 6, pr_ratio = [0.2, 0.2, 0.2, 0.2]
Prune local model 3, pr_ratio = [0.6, 0.6, 0.6, 0.6]
Prune local model 5, pr_ratio = [0, 0, 0, 0]
Prune local model 7, pr_ratio = [0.4, 0.4, 0.4, 0.4]
Round: 74 Method: dapperfl Mean_Acc: 50.83 Best_Acc: 50.83
Domain_Acc: [57.14, 65.26, 27.59, 53.33] Domain_BestAcc: [59.38, 74.74, 34.48, 53.33]
Prune local model 4, pr_ratio = [0.8, 0.8, 0.8, 0.8]
Prune local model 9, pr_ratio = [0.8, 0.8, 0.8, 0.8]
Prune local model 2, pr_ratio = [0.4, 0.4, 0.4, 0.4]
Prune local model 5, pr_ratio = [0, 0, 0, 0]
Prune local model 3, pr_ratio = [0.6, 0.6, 0.6, 0.6]
Prune local model 0, pr_ratio = [0, 0, 0, 0]
Prune local model 8, pr_ratio = [0.6, 0.6, 0.6, 0.6]
Prune local model 1, pr_ratio = [0.2, 0.2, 0.2, 0.2]
Prune local model 7, pr_ratio = [0.4, 0.4, 0.4, 0.4]
Prune local model 6, pr_ratio = [0.2, 0.2, 0.2, 0.2]
Round: 75 Method: dapperfl Mean_Acc: 47.065 Best_Acc: 50.83
Domain_Acc: [54.91, 67.37, 29.31, 36.67] Domain_BestAcc: [59.38, 74.74, 34.48, 53.33]
Prune local model 2, pr_ratio = [0.4, 0.4, 0.4, 0.4]
Prune local model 0, pr_ratio = [0, 0, 0, 0]
Prune local model 7, pr_ratio = [0.4, 0.4, 0.4, 0.4]
Prune local model 1, pr_ratio = [0.2, 0.2, 0.2, 0.2]
Prune local model 9, pr_ratio = [0.8, 0.8, 0.8, 0.8]
Prune local model 3, pr_ratio = [0.6, 0.6, 0.6, 0.6]
Prune local model 5, pr_ratio = [0, 0, 0, 0]
Prune local model 6, pr_ratio = [0.2, 0.2, 0.2, 0.2]
Prune local model 8, pr_ratio = [0.6, 0.6, 0.6, 0.6]
Prune local model 4, pr_ratio = [0.8, 0.8, 0.8, 0.8]
Round: 76 Method: dapperfl Mean_Acc: 47.298 Best_Acc: 50.83
Domain_Acc: [52.68, 70.53, 29.31, 36.67] Domain_BestAcc: [59.38, 74.74, 34.48, 53.33]
Prune local model 9, pr_ratio = [0.8, 0.8, 0.8, 0.8]
Prune local model 4, pr_ratio = [0.8, 0.8, 0.8, 0.8]
Prune local model 5, pr_ratio = [0, 0, 0, 0]
Prune local model 3, pr_ratio = [0.6, 0.6, 0.6, 0.6]
Prune local model 7, pr_ratio = [0.4, 0.4, 0.4, 0.4]
Prune local model 2, pr_ratio = [0.4, 0.4, 0.4, 0.4]
Prune local model 0, pr_ratio = [0, 0, 0, 0]
Prune local model 6, pr_ratio = [0.2, 0.2, 0.2, 0.2]
Prune local model 1, pr_ratio = [0.2, 0.2, 0.2, 0.2]
Prune local model 8, pr_ratio = [0.6, 0.6, 0.6, 0.6]
Round: 77 Method: dapperfl Mean_Acc: 40.16 Best_Acc: 50.83
Domain_Acc: [50.45, 57.89, 18.97, 33.33] Domain_BestAcc: [59.38, 74.74, 34.48, 53.33]
Prune local model 8, pr_ratio = [0.6, 0.6, 0.6, 0.6]
Prune local model 7, pr_ratio = [0.4, 0.4, 0.4, 0.4]
Prune local model 4, pr_ratio = [0.8, 0.8, 0.8, 0.8]
Prune local model 0, pr_ratio = [0, 0, 0, 0]
Prune local model 1, pr_ratio = [0.2, 0.2, 0.2, 0.2]
Prune local model 3, pr_ratio = [0.6, 0.6, 0.6, 0.6]
Prune local model 2, pr_ratio = [0.4, 0.4, 0.4, 0.4]
Prune local model 6, pr_ratio = [0.2, 0.2, 0.2, 0.2]
Prune local model 9, pr_ratio = [0.8, 0.8, 0.8, 0.8]
Prune local model 5, pr_ratio = [0, 0, 0, 0]
Round: 78 Method: dapperfl Mean_Acc: 47.922 Best_Acc: 50.83
Domain_Acc: [58.48, 68.95, 27.59, 36.67] Domain_BestAcc: [59.38, 74.74, 34.48, 53.33]
Prune local model 3, pr_ratio = [0.6, 0.6, 0.6, 0.6]
Prune local model 4, pr_ratio = [0.8, 0.8, 0.8, 0.8]
Prune local model 8, pr_ratio = [0.6, 0.6, 0.6, 0.6]
Prune local model 7, pr_ratio = [0.4, 0.4, 0.4, 0.4]
Prune local model 6, pr_ratio = [0.2, 0.2, 0.2, 0.2]
Prune local model 5, pr_ratio = [0, 0, 0, 0]
Prune local model 2, pr_ratio = [0.4, 0.4, 0.4, 0.4]
Prune local model 9, pr_ratio = [0.8, 0.8, 0.8, 0.8]
Prune local model 0, pr_ratio = [0, 0, 0, 0]
Prune local model 1, pr_ratio = [0.2, 0.2, 0.2, 0.2]
Round: 79 Method: dapperfl Mean_Acc: 42.26 Best_Acc: 50.83
Domain_Acc: [48.21, 58.42, 22.41, 40.0] Domain_BestAcc: [59.38, 74.74, 34.48, 53.33]
Prune local model 0, pr_ratio = [0, 0, 0, 0]
Prune local model 3, pr_ratio = [0.6, 0.6, 0.6, 0.6]
Prune local model 9, pr_ratio = [0.8, 0.8, 0.8, 0.8]
Prune local model 1, pr_ratio = [0.2, 0.2, 0.2, 0.2]
Prune local model 6, pr_ratio = [0.2, 0.2, 0.2, 0.2]
Prune local model 4, pr_ratio = [0.8, 0.8, 0.8, 0.8]
Prune local model 8, pr_ratio = [0.6, 0.6, 0.6, 0.6]
Prune local model 2, pr_ratio = [0.4, 0.4, 0.4, 0.4]
Prune local model 5, pr_ratio = [0, 0, 0, 0]
Prune local model 7, pr_ratio = [0.4, 0.4, 0.4, 0.4]
Round: 80 Method: dapperfl Mean_Acc: 38.092 Best_Acc: 50.83
Domain_Acc: [49.11, 59.47, 13.79, 30.0] Domain_BestAcc: [59.38, 74.74, 34.48, 53.33]
Prune local model 4, pr_ratio = [0.8, 0.8, 0.8, 0.8]
Prune local model 7, pr_ratio = [0.4, 0.4, 0.4, 0.4]
Prune local model 2, pr_ratio = [0.4, 0.4, 0.4, 0.4]
Prune local model 8, pr_ratio = [0.6, 0.6, 0.6, 0.6]
Prune local model 9, pr_ratio = [0.8, 0.8, 0.8, 0.8]
Prune local model 3, pr_ratio = [0.6, 0.6, 0.6, 0.6]
Prune local model 6, pr_ratio = [0.2, 0.2, 0.2, 0.2]
Prune local model 5, pr_ratio = [0, 0, 0, 0]
Prune local model 0, pr_ratio = [0, 0, 0, 0]
Prune local model 1, pr_ratio = [0.2, 0.2, 0.2, 0.2]
Round: 81 Method: dapperfl Mean_Acc: 42.392 Best_Acc: 50.83
Domain_Acc: [51.34, 64.21, 20.69, 33.33] Domain_BestAcc: [59.38, 74.74, 34.48, 53.33]
Prune local model 4, pr_ratio = [0.8, 0.8, 0.8, 0.8]
Prune local model 1, pr_ratio = [0.2, 0.2, 0.2, 0.2]
Prune local model 5, pr_ratio = [0, 0, 0, 0]
Prune local model 7, pr_ratio = [0.4, 0.4, 0.4, 0.4]
Prune local model 0, pr_ratio = [0, 0, 0, 0]
Prune local model 2, pr_ratio = [0.4, 0.4, 0.4, 0.4]
Prune local model 8, pr_ratio = [0.6, 0.6, 0.6, 0.6]
Prune local model 9, pr_ratio = [0.8, 0.8, 0.8, 0.8]
Prune local model 3, pr_ratio = [0.6, 0.6, 0.6, 0.6]
Prune local model 6, pr_ratio = [0.2, 0.2, 0.2, 0.2]
Round: 82 Method: dapperfl Mean_Acc: 44.762 Best_Acc: 50.83
Domain_Acc: [56.7, 63.16, 25.86, 33.33] Domain_BestAcc: [59.38, 74.74, 34.48, 53.33]
Prune local model 1, pr_ratio = [0.2, 0.2, 0.2, 0.2]
Prune local model 9, pr_ratio = [0.8, 0.8, 0.8, 0.8]
Prune local model 8, pr_ratio = [0.6, 0.6, 0.6, 0.6]
Prune local model 2, pr_ratio = [0.4, 0.4, 0.4, 0.4]
Prune local model 6, pr_ratio = [0.2, 0.2, 0.2, 0.2]
Prune local model 3, pr_ratio = [0.6, 0.6, 0.6, 0.6]
Prune local model 0, pr_ratio = [0, 0, 0, 0]
Prune local model 5, pr_ratio = [0, 0, 0, 0]
Prune local model 7, pr_ratio = [0.4, 0.4, 0.4, 0.4]
Prune local model 4, pr_ratio = [0.8, 0.8, 0.8, 0.8]
Round: 83 Method: dapperfl Mean_Acc: 38.138 Best_Acc: 50.83
Domain_Acc: [38.39, 58.42, 22.41, 33.33] Domain_BestAcc: [59.38, 74.74, 34.48, 53.33]
Prune local model 7, pr_ratio = [0.4, 0.4, 0.4, 0.4]
Prune local model 3, pr_ratio = [0.6, 0.6, 0.6, 0.6]
Prune local model 0, pr_ratio = [0, 0, 0, 0]
Prune local model 6, pr_ratio = [0.2, 0.2, 0.2, 0.2]
Prune local model 2, pr_ratio = [0.4, 0.4, 0.4, 0.4]
Prune local model 8, pr_ratio = [0.6, 0.6, 0.6, 0.6]
Prune local model 4, pr_ratio = [0.8, 0.8, 0.8, 0.8]
Prune local model 5, pr_ratio = [0, 0, 0, 0]
Prune local model 9, pr_ratio = [0.8, 0.8, 0.8, 0.8]
Prune local model 1, pr_ratio = [0.2, 0.2, 0.2, 0.2]
Round: 84 Method: dapperfl Mean_Acc: 48.185 Best_Acc: 50.83
Domain_Acc: [55.36, 64.74, 29.31, 43.33] Domain_BestAcc: [59.38, 74.74, 34.48, 53.33]
Prune local model 9, pr_ratio = [0.8, 0.8, 0.8, 0.8]
Prune local model 2, pr_ratio = [0.4, 0.4, 0.4, 0.4]
Prune local model 6, pr_ratio = [0.2, 0.2, 0.2, 0.2]
Prune local model 3, pr_ratio = [0.6, 0.6, 0.6, 0.6]
Prune local model 7, pr_ratio = [0.4, 0.4, 0.4, 0.4]
Prune local model 5, pr_ratio = [0, 0, 0, 0]
Prune local model 1, pr_ratio = [0.2, 0.2, 0.2, 0.2]
Prune local model 4, pr_ratio = [0.8, 0.8, 0.8, 0.8]
Prune local model 0, pr_ratio = [0, 0, 0, 0]
Prune local model 8, pr_ratio = [0.6, 0.6, 0.6, 0.6]
Round: 85 Method: dapperfl Mean_Acc: 48.025 Best_Acc: 50.83
Domain_Acc: [57.14, 67.37, 27.59, 40.0] Domain_BestAcc: [59.38, 74.74, 34.48, 53.33]
Prune local model 0, pr_ratio = [0, 0, 0, 0]
Prune local model 8, pr_ratio = [0.6, 0.6, 0.6, 0.6]
Prune local model 1, pr_ratio = [0.2, 0.2, 0.2, 0.2]
Prune local model 2, pr_ratio = [0.4, 0.4, 0.4, 0.4]
Prune local model 6, pr_ratio = [0.2, 0.2, 0.2, 0.2]
Prune local model 9, pr_ratio = [0.8, 0.8, 0.8, 0.8]
Prune local model 3, pr_ratio = [0.6, 0.6, 0.6, 0.6]
Prune local model 5, pr_ratio = [0, 0, 0, 0]
Prune local model 4, pr_ratio = [0.8, 0.8, 0.8, 0.8]
Prune local model 7, pr_ratio = [0.4, 0.4, 0.4, 0.4]
Round: 86 Method: dapperfl Mean_Acc: 45.402 Best_Acc: 50.83
Domain_Acc: [54.46, 64.74, 22.41, 40.0] Domain_BestAcc: [59.38, 74.74, 34.48, 53.33]
Prune local model 1, pr_ratio = [0.2, 0.2, 0.2, 0.2]
Prune local model 2, pr_ratio = [0.4, 0.4, 0.4, 0.4]
Prune local model 4, pr_ratio = [0.8, 0.8, 0.8, 0.8]
Prune local model 9, pr_ratio = [0.8, 0.8, 0.8, 0.8]
Prune local model 3, pr_ratio = [0.6, 0.6, 0.6, 0.6]
Prune local model 7, pr_ratio = [0.4, 0.4, 0.4, 0.4]
Prune local model 0, pr_ratio = [0, 0, 0, 0]
Prune local model 6, pr_ratio = [0.2, 0.2, 0.2, 0.2]
Prune local model 5, pr_ratio = [0, 0, 0, 0]
Prune local model 8, pr_ratio = [0.6, 0.6, 0.6, 0.6]
Round: 87 Method: dapperfl Mean_Acc: 46.162 Best_Acc: 50.83
Domain_Acc: [53.12, 65.79, 22.41, 43.33] Domain_BestAcc: [59.38, 74.74, 34.48, 53.33]
Prune local model 2, pr_ratio = [0.4, 0.4, 0.4, 0.4]
Prune local model 5, pr_ratio = [0, 0, 0, 0]
Prune local model 3, pr_ratio = [0.6, 0.6, 0.6, 0.6]
Prune local model 7, pr_ratio = [0.4, 0.4, 0.4, 0.4]
Prune local model 9, pr_ratio = [0.8, 0.8, 0.8, 0.8]
Prune local model 4, pr_ratio = [0.8, 0.8, 0.8, 0.8]
Prune local model 8, pr_ratio = [0.6, 0.6, 0.6, 0.6]
Prune local model 0, pr_ratio = [0, 0, 0, 0]
Prune local model 6, pr_ratio = [0.2, 0.2, 0.2, 0.2]
Prune local model 1, pr_ratio = [0.2, 0.2, 0.2, 0.2]
Round: 88 Method: dapperfl Mean_Acc: 48.572 Best_Acc: 50.83
Domain_Acc: [62.05, 73.16, 22.41, 36.67] Domain_BestAcc: [62.05, 74.74, 34.48, 53.33]
Prune local model 7, pr_ratio = [0.4, 0.4, 0.4, 0.4]
Prune local model 2, pr_ratio = [0.4, 0.4, 0.4, 0.4]
Prune local model 4, pr_ratio = [0.8, 0.8, 0.8, 0.8]
Prune local model 8, pr_ratio = [0.6, 0.6, 0.6, 0.6]
Prune local model 5, pr_ratio = [0, 0, 0, 0]
Prune local model 3, pr_ratio = [0.6, 0.6, 0.6, 0.6]
Prune local model 6, pr_ratio = [0.2, 0.2, 0.2, 0.2]
Prune local model 1, pr_ratio = [0.2, 0.2, 0.2, 0.2]
Prune local model 0, pr_ratio = [0, 0, 0, 0]
Prune local model 9, pr_ratio = [0.8, 0.8, 0.8, 0.8]
Round: 89 Method: dapperfl Mean_Acc: 36.78 Best_Acc: 50.83
Domain_Acc: [44.2, 52.11, 24.14, 26.67] Domain_BestAcc: [62.05, 74.74, 34.48, 53.33]
Prune local model 1, pr_ratio = [0.2, 0.2, 0.2, 0.2]
Prune local model 9, pr_ratio = [0.8, 0.8, 0.8, 0.8]
Prune local model 2, pr_ratio = [0.4, 0.4, 0.4, 0.4]
Prune local model 8, pr_ratio = [0.6, 0.6, 0.6, 0.6]
Prune local model 5, pr_ratio = [0, 0, 0, 0]
Prune local model 0, pr_ratio = [0, 0, 0, 0]
Prune local model 7, pr_ratio = [0.4, 0.4, 0.4, 0.4]
Prune local model 6, pr_ratio = [0.2, 0.2, 0.2, 0.2]
Prune local model 3, pr_ratio = [0.6, 0.6, 0.6, 0.6]
Prune local model 4, pr_ratio = [0.8, 0.8, 0.8, 0.8]
Round: 90 Method: dapperfl Mean_Acc: 50.965 Best_Acc: 50.965
Domain_Acc: [61.16, 66.84, 25.86, 50.0] Domain_BestAcc: [62.05, 74.74, 34.48, 53.33]
Prune local model 6, pr_ratio = [0.2, 0.2, 0.2, 0.2]
Prune local model 1, pr_ratio = [0.2, 0.2, 0.2, 0.2]
Prune local model 3, pr_ratio = [0.6, 0.6, 0.6, 0.6]
Prune local model 2, pr_ratio = [0.4, 0.4, 0.4, 0.4]
Prune local model 4, pr_ratio = [0.8, 0.8, 0.8, 0.8]
Prune local model 8, pr_ratio = [0.6, 0.6, 0.6, 0.6]
Prune local model 9, pr_ratio = [0.8, 0.8, 0.8, 0.8]
Prune local model 0, pr_ratio = [0, 0, 0, 0]
Prune local model 5, pr_ratio = [0, 0, 0, 0]
Prune local model 7, pr_ratio = [0.4, 0.4, 0.4, 0.4]
Round: 91 Method: dapperfl Mean_Acc: 45.142 Best_Acc: 50.965
Domain_Acc: [51.79, 59.47, 29.31, 40.0] Domain_BestAcc: [62.05, 74.74, 34.48, 53.33]
Prune local model 2, pr_ratio = [0.4, 0.4, 0.4, 0.4]
Prune local model 6, pr_ratio = [0.2, 0.2, 0.2, 0.2]
Prune local model 0, pr_ratio = [0, 0, 0, 0]
Prune local model 8, pr_ratio = [0.6, 0.6, 0.6, 0.6]
Prune local model 7, pr_ratio = [0.4, 0.4, 0.4, 0.4]
Prune local model 1, pr_ratio = [0.2, 0.2, 0.2, 0.2]
Prune local model 4, pr_ratio = [0.8, 0.8, 0.8, 0.8]
Prune local model 5, pr_ratio = [0, 0, 0, 0]
Prune local model 3, pr_ratio = [0.6, 0.6, 0.6, 0.6]
Prune local model 9, pr_ratio = [0.8, 0.8, 0.8, 0.8]
Round: 92 Method: dapperfl Mean_Acc: 38.388 Best_Acc: 50.965
Domain_Acc: [45.09, 57.89, 17.24, 33.33] Domain_BestAcc: [62.05, 74.74, 34.48, 53.33]
Prune local model 6, pr_ratio = [0.2, 0.2, 0.2, 0.2]
Prune local model 1, pr_ratio = [0.2, 0.2, 0.2, 0.2]
Prune local model 3, pr_ratio = [0.6, 0.6, 0.6, 0.6]
Prune local model 5, pr_ratio = [0, 0, 0, 0]
Prune local model 7, pr_ratio = [0.4, 0.4, 0.4, 0.4]
Prune local model 4, pr_ratio = [0.8, 0.8, 0.8, 0.8]
Prune local model 2, pr_ratio = [0.4, 0.4, 0.4, 0.4]
Prune local model 0, pr_ratio = [0, 0, 0, 0]
Prune local model 9, pr_ratio = [0.8, 0.8, 0.8, 0.8]
Prune local model 8, pr_ratio = [0.6, 0.6, 0.6, 0.6]
Round: 93 Method: dapperfl Mean_Acc: 48.465 Best_Acc: 50.965
Domain_Acc: [56.25, 68.42, 25.86, 43.33] Domain_BestAcc: [62.05, 74.74, 34.48, 53.33]
Prune local model 6, pr_ratio = [0.2, 0.2, 0.2, 0.2]
Prune local model 3, pr_ratio = [0.6, 0.6, 0.6, 0.6]
Prune local model 4, pr_ratio = [0.8, 0.8, 0.8, 0.8]
Prune local model 2, pr_ratio = [0.4, 0.4, 0.4, 0.4]
Prune local model 9, pr_ratio = [0.8, 0.8, 0.8, 0.8]
Prune local model 8, pr_ratio = [0.6, 0.6, 0.6, 0.6]
Prune local model 7, pr_ratio = [0.4, 0.4, 0.4, 0.4]
Prune local model 1, pr_ratio = [0.2, 0.2, 0.2, 0.2]
Prune local model 5, pr_ratio = [0, 0, 0, 0]
Prune local model 0, pr_ratio = [0, 0, 0, 0]
Round: 94 Method: dapperfl Mean_Acc: 48.14 Best_Acc: 50.965
Domain_Acc: [55.36, 67.89, 29.31, 40.0] Domain_BestAcc: [62.05, 74.74, 34.48, 53.33]
Prune local model 2, pr_ratio = [0.4, 0.4, 0.4, 0.4]
Prune local model 9, pr_ratio = [0.8, 0.8, 0.8, 0.8]
Prune local model 5, pr_ratio = [0, 0, 0, 0]
Prune local model 6, pr_ratio = [0.2, 0.2, 0.2, 0.2]
Prune local model 8, pr_ratio = [0.6, 0.6, 0.6, 0.6]
Prune local model 0, pr_ratio = [0, 0, 0, 0]
Prune local model 7, pr_ratio = [0.4, 0.4, 0.4, 0.4]
Prune local model 1, pr_ratio = [0.2, 0.2, 0.2, 0.2]
Prune local model 4, pr_ratio = [0.8, 0.8, 0.8, 0.8]
Prune local model 3, pr_ratio = [0.6, 0.6, 0.6, 0.6]
Round: 95 Method: dapperfl Mean_Acc: 45.525 Best_Acc: 50.965
Domain_Acc: [52.68, 63.68, 22.41, 43.33] Domain_BestAcc: [62.05, 74.74, 34.48, 53.33]
Prune local model 3, pr_ratio = [0.6, 0.6, 0.6, 0.6]
Prune local model 9, pr_ratio = [0.8, 0.8, 0.8, 0.8]
Prune local model 1, pr_ratio = [0.2, 0.2, 0.2, 0.2]
Prune local model 4, pr_ratio = [0.8, 0.8, 0.8, 0.8]
Prune local model 0, pr_ratio = [0, 0, 0, 0]
Prune local model 2, pr_ratio = [0.4, 0.4, 0.4, 0.4]
Prune local model 7, pr_ratio = [0.4, 0.4, 0.4, 0.4]
Prune local model 6, pr_ratio = [0.2, 0.2, 0.2, 0.2]
Prune local model 5, pr_ratio = [0, 0, 0, 0]
Prune local model 8, pr_ratio = [0.6, 0.6, 0.6, 0.6]
Round: 96 Method: dapperfl Mean_Acc: 46.82 Best_Acc: 50.965
Domain_Acc: [52.68, 63.68, 27.59, 43.33] Domain_BestAcc: [62.05, 74.74, 34.48, 53.33]
Prune local model 2, pr_ratio = [0.4, 0.4, 0.4, 0.4]
Prune local model 6, pr_ratio = [0.2, 0.2, 0.2, 0.2]
Prune local model 4, pr_ratio = [0.8, 0.8, 0.8, 0.8]
Prune local model 7, pr_ratio = [0.4, 0.4, 0.4, 0.4]
Prune local model 9, pr_ratio = [0.8, 0.8, 0.8, 0.8]
Prune local model 3, pr_ratio = [0.6, 0.6, 0.6, 0.6]
Prune local model 8, pr_ratio = [0.6, 0.6, 0.6, 0.6]
Prune local model 5, pr_ratio = [0, 0, 0, 0]
Prune local model 1, pr_ratio = [0.2, 0.2, 0.2, 0.2]
Prune local model 0, pr_ratio = [0, 0, 0, 0]
Round: 97 Method: dapperfl Mean_Acc: 50.362 Best_Acc: 50.965
Domain_Acc: [59.82, 67.37, 27.59, 46.67] Domain_BestAcc: [62.05, 74.74, 34.48, 53.33]
Prune local model 5, pr_ratio = [0, 0, 0, 0]
Prune local model 4, pr_ratio = [0.8, 0.8, 0.8, 0.8]
Prune local model 9, pr_ratio = [0.8, 0.8, 0.8, 0.8]
Prune local model 3, pr_ratio = [0.6, 0.6, 0.6, 0.6]
Prune local model 6, pr_ratio = [0.2, 0.2, 0.2, 0.2]
Prune local model 1, pr_ratio = [0.2, 0.2, 0.2, 0.2]
Prune local model 0, pr_ratio = [0, 0, 0, 0]
Prune local model 2, pr_ratio = [0.4, 0.4, 0.4, 0.4]
Prune local model 7, pr_ratio = [0.4, 0.4, 0.4, 0.4]
Prune local model 8, pr_ratio = [0.6, 0.6, 0.6, 0.6]
Round: 98 Method: dapperfl Mean_Acc: 46.402 Best_Acc: 50.965
Domain_Acc: [61.16, 65.26, 25.86, 33.33] Domain_BestAcc: [62.05, 74.74, 34.48, 53.33]
Prune local model 2, pr_ratio = [0.4, 0.4, 0.4, 0.4]
Prune local model 3, pr_ratio = [0.6, 0.6, 0.6, 0.6]
Prune local model 4, pr_ratio = [0.8, 0.8, 0.8, 0.8]
Prune local model 6, pr_ratio = [0.2, 0.2, 0.2, 0.2]
Prune local model 5, pr_ratio = [0, 0, 0, 0]
Prune local model 0, pr_ratio = [0, 0, 0, 0]
Prune local model 8, pr_ratio = [0.6, 0.6, 0.6, 0.6]
Prune local model 9, pr_ratio = [0.8, 0.8, 0.8, 0.8]
Prune local model 7, pr_ratio = [0.4, 0.4, 0.4, 0.4]
Prune local model 1, pr_ratio = [0.2, 0.2, 0.2, 0.2]
Round: 99 Method: dapperfl Mean_Acc: 37.058 Best_Acc: 50.965
Domain_Acc: [39.29, 61.58, 20.69, 26.67] Domain_BestAcc: [62.05, 74.74, 34.48, 53.33]
2025-04-13 16:11:24
