Namespace(prefix='', communication_epoch=100, local_epoch=5, parti_num=10, model='dapperfl', dataset='fl_officecaltech', pr_strategy='AD', backbone='resnet18', alpha=0.9, alpha_min=0.1, epsilon=0.2, reg_coeff=0.01, wandb=0, device_id=0, seed=1234, rand_dataset=1, learning_decay=False, averaing='weight', online_ratio=1, mu=0.1, input_dim=28, csv_log=False, local_lr=0.01, local_batch_size=64, pr_ratios=['0', '0.2', '0.4', '0.6', '0.8'], arch='res18')
2025-04-13 15:37:08
{'dslr': 3, 'webcam': 2, 'amazon': 2, 'caltech': 3}
['dslr', 'dslr', 'webcam', 'amazon', 'caltech', 'caltech', 'caltech', 'amazon', 'webcam', 'dslr']
Prune local model 3, pr_ratio = [0.6, 0.6, 0.6, 0.6]
Prune local model 2, pr_ratio = [0.4, 0.4, 0.4, 0.4]
Prune local model 9, pr_ratio = [0.8, 0.8, 0.8, 0.8]
Prune local model 8, pr_ratio = [0.6, 0.6, 0.6, 0.6]
Prune local model 7, pr_ratio = [0.4, 0.4, 0.4, 0.4]
Prune local model 5, pr_ratio = [0, 0, 0, 0]
Prune local model 4, pr_ratio = [0.8, 0.8, 0.8, 0.8]
Prune local model 0, pr_ratio = [0, 0, 0, 0]
Prune local model 6, pr_ratio = [0.2, 0.2, 0.2, 0.2]
Prune local model 1, pr_ratio = [0.2, 0.2, 0.2, 0.2]
Round: 0 Method: dapperfl Mean_Acc: 8.782 Best_Acc: 8.782
Domain_Acc: [7.59, 10.53, 10.34, 6.67] Domain_BestAcc: [7.59, 10.53, 10.34, 6.67]
Prune local model 5, pr_ratio = [0, 0, 0, 0]
Prune local model 0, pr_ratio = [0, 0, 0, 0]
Prune local model 3, pr_ratio = [0.6, 0.6, 0.6, 0.6]
Prune local model 7, pr_ratio = [0.4, 0.4, 0.4, 0.4]
Prune local model 8, pr_ratio = [0.6, 0.6, 0.6, 0.6]
Prune local model 1, pr_ratio = [0.2, 0.2, 0.2, 0.2]
Prune local model 2, pr_ratio = [0.4, 0.4, 0.4, 0.4]
Prune local model 9, pr_ratio = [0.8, 0.8, 0.8, 0.8]
Prune local model 4, pr_ratio = [0.8, 0.8, 0.8, 0.8]
Prune local model 6, pr_ratio = [0.2, 0.2, 0.2, 0.2]
Round: 1 Method: dapperfl Mean_Acc: 10.048 Best_Acc: 10.048
Domain_Acc: [9.82, 8.42, 8.62, 13.33] Domain_BestAcc: [9.82, 10.53, 10.34, 13.33]
Prune local model 3, pr_ratio = [0.6, 0.6, 0.6, 0.6]
Prune local model 0, pr_ratio = [0, 0, 0, 0]
Prune local model 1, pr_ratio = [0.2, 0.2, 0.2, 0.2]
Prune local model 6, pr_ratio = [0.2, 0.2, 0.2, 0.2]
Prune local model 9, pr_ratio = [0.8, 0.8, 0.8, 0.8]
Prune local model 8, pr_ratio = [0.6, 0.6, 0.6, 0.6]
Prune local model 5, pr_ratio = [0, 0, 0, 0]
Prune local model 2, pr_ratio = [0.4, 0.4, 0.4, 0.4]
Prune local model 4, pr_ratio = [0.8, 0.8, 0.8, 0.8]
Prune local model 7, pr_ratio = [0.4, 0.4, 0.4, 0.4]
Round: 2 Method: dapperfl Mean_Acc: 10.048 Best_Acc: 10.048
Domain_Acc: [9.82, 8.42, 8.62, 13.33] Domain_BestAcc: [9.82, 10.53, 10.34, 13.33]
Prune local model 6, pr_ratio = [0.2, 0.2, 0.2, 0.2]
Prune local model 3, pr_ratio = [0.6, 0.6, 0.6, 0.6]
Prune local model 5, pr_ratio = [0, 0, 0, 0]
Prune local model 7, pr_ratio = [0.4, 0.4, 0.4, 0.4]
Prune local model 1, pr_ratio = [0.2, 0.2, 0.2, 0.2]
Prune local model 2, pr_ratio = [0.4, 0.4, 0.4, 0.4]
Prune local model 4, pr_ratio = [0.8, 0.8, 0.8, 0.8]
Prune local model 9, pr_ratio = [0.8, 0.8, 0.8, 0.8]
Prune local model 0, pr_ratio = [0, 0, 0, 0]
Prune local model 8, pr_ratio = [0.6, 0.6, 0.6, 0.6]
Round: 3 Method: dapperfl Mean_Acc: 10.048 Best_Acc: 10.048
Domain_Acc: [9.82, 8.42, 8.62, 13.33] Domain_BestAcc: [9.82, 10.53, 10.34, 13.33]
Prune local model 1, pr_ratio = [0.2, 0.2, 0.2, 0.2]
Prune local model 7, pr_ratio = [0.4, 0.4, 0.4, 0.4]
Prune local model 6, pr_ratio = [0.2, 0.2, 0.2, 0.2]
Prune local model 0, pr_ratio = [0, 0, 0, 0]
Prune local model 5, pr_ratio = [0, 0, 0, 0]
Prune local model 4, pr_ratio = [0.8, 0.8, 0.8, 0.8]
Prune local model 9, pr_ratio = [0.8, 0.8, 0.8, 0.8]
Prune local model 2, pr_ratio = [0.4, 0.4, 0.4, 0.4]
Prune local model 8, pr_ratio = [0.6, 0.6, 0.6, 0.6]
Prune local model 3, pr_ratio = [0.6, 0.6, 0.6, 0.6]
Round: 4 Method: dapperfl Mean_Acc: 12.445 Best_Acc: 12.445
Domain_Acc: [11.61, 11.05, 13.79, 13.33] Domain_BestAcc: [11.61, 11.05, 13.79, 13.33]
Prune local model 1, pr_ratio = [0.2, 0.2, 0.2, 0.2]
Prune local model 6, pr_ratio = [0.2, 0.2, 0.2, 0.2]
Prune local model 4, pr_ratio = [0.8, 0.8, 0.8, 0.8]
Prune local model 8, pr_ratio = [0.6, 0.6, 0.6, 0.6]
Prune local model 7, pr_ratio = [0.4, 0.4, 0.4, 0.4]
Prune local model 2, pr_ratio = [0.4, 0.4, 0.4, 0.4]
Prune local model 3, pr_ratio = [0.6, 0.6, 0.6, 0.6]
Prune local model 9, pr_ratio = [0.8, 0.8, 0.8, 0.8]
Prune local model 0, pr_ratio = [0, 0, 0, 0]
Prune local model 5, pr_ratio = [0, 0, 0, 0]
Round: 5 Method: dapperfl Mean_Acc: 17.312 Best_Acc: 17.312
Domain_Acc: [16.07, 14.21, 18.97, 20.0] Domain_BestAcc: [16.07, 14.21, 18.97, 20.0]
Prune local model 0, pr_ratio = [0, 0, 0, 0]
Prune local model 5, pr_ratio = [0, 0, 0, 0]
Prune local model 9, pr_ratio = [0.8, 0.8, 0.8, 0.8]
Prune local model 7, pr_ratio = [0.4, 0.4, 0.4, 0.4]
Prune local model 2, pr_ratio = [0.4, 0.4, 0.4, 0.4]
Prune local model 6, pr_ratio = [0.2, 0.2, 0.2, 0.2]
Prune local model 4, pr_ratio = [0.8, 0.8, 0.8, 0.8]
Prune local model 1, pr_ratio = [0.2, 0.2, 0.2, 0.2]
Prune local model 3, pr_ratio = [0.6, 0.6, 0.6, 0.6]
Prune local model 8, pr_ratio = [0.6, 0.6, 0.6, 0.6]
Round: 6 Method: dapperfl Mean_Acc: 17.27 Best_Acc: 17.312
Domain_Acc: [18.3, 15.26, 15.52, 20.0] Domain_BestAcc: [18.3, 15.26, 18.97, 20.0]
Prune local model 9, pr_ratio = [0.8, 0.8, 0.8, 0.8]
Prune local model 0, pr_ratio = [0, 0, 0, 0]
Prune local model 3, pr_ratio = [0.6, 0.6, 0.6, 0.6]
Prune local model 5, pr_ratio = [0, 0, 0, 0]
Prune local model 2, pr_ratio = [0.4, 0.4, 0.4, 0.4]
Prune local model 4, pr_ratio = [0.8, 0.8, 0.8, 0.8]
Prune local model 7, pr_ratio = [0.4, 0.4, 0.4, 0.4]
Prune local model 1, pr_ratio = [0.2, 0.2, 0.2, 0.2]
Prune local model 6, pr_ratio = [0.2, 0.2, 0.2, 0.2]
Prune local model 8, pr_ratio = [0.6, 0.6, 0.6, 0.6]
Round: 7 Method: dapperfl Mean_Acc: 22.708 Best_Acc: 22.708
Domain_Acc: [31.25, 25.79, 13.79, 20.0] Domain_BestAcc: [31.25, 25.79, 18.97, 20.0]
Prune local model 2, pr_ratio = [0.4, 0.4, 0.4, 0.4]
Prune local model 4, pr_ratio = [0.8, 0.8, 0.8, 0.8]
Prune local model 3, pr_ratio = [0.6, 0.6, 0.6, 0.6]
Prune local model 0, pr_ratio = [0, 0, 0, 0]
Prune local model 5, pr_ratio = [0, 0, 0, 0]
Prune local model 1, pr_ratio = [0.2, 0.2, 0.2, 0.2]
Prune local model 9, pr_ratio = [0.8, 0.8, 0.8, 0.8]
Prune local model 7, pr_ratio = [0.4, 0.4, 0.4, 0.4]
Prune local model 8, pr_ratio = [0.6, 0.6, 0.6, 0.6]
Prune local model 6, pr_ratio = [0.2, 0.2, 0.2, 0.2]
Round: 8 Method: dapperfl Mean_Acc: 21.26 Best_Acc: 22.708
Domain_Acc: [22.32, 20.53, 15.52, 26.67] Domain_BestAcc: [31.25, 25.79, 18.97, 26.67]
Prune local model 6, pr_ratio = [0.2, 0.2, 0.2, 0.2]
Prune local model 7, pr_ratio = [0.4, 0.4, 0.4, 0.4]
Prune local model 9, pr_ratio = [0.8, 0.8, 0.8, 0.8]
Prune local model 5, pr_ratio = [0, 0, 0, 0]
Prune local model 1, pr_ratio = [0.2, 0.2, 0.2, 0.2]
Prune local model 3, pr_ratio = [0.6, 0.6, 0.6, 0.6]
Prune local model 8, pr_ratio = [0.6, 0.6, 0.6, 0.6]
Prune local model 4, pr_ratio = [0.8, 0.8, 0.8, 0.8]
Prune local model 0, pr_ratio = [0, 0, 0, 0]
Prune local model 2, pr_ratio = [0.4, 0.4, 0.4, 0.4]
Round: 9 Method: dapperfl Mean_Acc: 26.967 Best_Acc: 26.967
Domain_Acc: [33.93, 38.42, 15.52, 20.0] Domain_BestAcc: [33.93, 38.42, 18.97, 26.67]
Prune local model 3, pr_ratio = [0.6, 0.6, 0.6, 0.6]
Prune local model 5, pr_ratio = [0, 0, 0, 0]
Prune local model 6, pr_ratio = [0.2, 0.2, 0.2, 0.2]
Prune local model 1, pr_ratio = [0.2, 0.2, 0.2, 0.2]
Prune local model 7, pr_ratio = [0.4, 0.4, 0.4, 0.4]
Prune local model 2, pr_ratio = [0.4, 0.4, 0.4, 0.4]
Prune local model 4, pr_ratio = [0.8, 0.8, 0.8, 0.8]
Prune local model 8, pr_ratio = [0.6, 0.6, 0.6, 0.6]
Prune local model 0, pr_ratio = [0, 0, 0, 0]
Prune local model 9, pr_ratio = [0.8, 0.8, 0.8, 0.8]
Round: 10 Method: dapperfl Mean_Acc: 23.395 Best_Acc: 26.967
Domain_Acc: [31.25, 28.42, 17.24, 16.67] Domain_BestAcc: [33.93, 38.42, 18.97, 26.67]
Prune local model 4, pr_ratio = [0.8, 0.8, 0.8, 0.8]
Prune local model 5, pr_ratio = [0, 0, 0, 0]
Prune local model 8, pr_ratio = [0.6, 0.6, 0.6, 0.6]
Prune local model 2, pr_ratio = [0.4, 0.4, 0.4, 0.4]
Prune local model 7, pr_ratio = [0.4, 0.4, 0.4, 0.4]
Prune local model 1, pr_ratio = [0.2, 0.2, 0.2, 0.2]
Prune local model 6, pr_ratio = [0.2, 0.2, 0.2, 0.2]
Prune local model 0, pr_ratio = [0, 0, 0, 0]
Prune local model 3, pr_ratio = [0.6, 0.6, 0.6, 0.6]
Prune local model 9, pr_ratio = [0.8, 0.8, 0.8, 0.8]
Round: 11 Method: dapperfl Mean_Acc: 35.448 Best_Acc: 35.448
Domain_Acc: [39.29, 41.58, 27.59, 33.33] Domain_BestAcc: [39.29, 41.58, 27.59, 33.33]
Prune local model 5, pr_ratio = [0, 0, 0, 0]
Prune local model 4, pr_ratio = [0.8, 0.8, 0.8, 0.8]
Prune local model 8, pr_ratio = [0.6, 0.6, 0.6, 0.6]
Prune local model 9, pr_ratio = [0.8, 0.8, 0.8, 0.8]
Prune local model 0, pr_ratio = [0, 0, 0, 0]
Prune local model 7, pr_ratio = [0.4, 0.4, 0.4, 0.4]
Prune local model 2, pr_ratio = [0.4, 0.4, 0.4, 0.4]
Prune local model 1, pr_ratio = [0.2, 0.2, 0.2, 0.2]
Prune local model 3, pr_ratio = [0.6, 0.6, 0.6, 0.6]
Prune local model 6, pr_ratio = [0.2, 0.2, 0.2, 0.2]
Round: 12 Method: dapperfl Mean_Acc: 28.202 Best_Acc: 35.448
Domain_Acc: [36.16, 32.63, 20.69, 23.33] Domain_BestAcc: [39.29, 41.58, 27.59, 33.33]
Prune local model 7, pr_ratio = [0.4, 0.4, 0.4, 0.4]
Prune local model 0, pr_ratio = [0, 0, 0, 0]
Prune local model 9, pr_ratio = [0.8, 0.8, 0.8, 0.8]
Prune local model 4, pr_ratio = [0.8, 0.8, 0.8, 0.8]
Prune local model 6, pr_ratio = [0.2, 0.2, 0.2, 0.2]
Prune local model 2, pr_ratio = [0.4, 0.4, 0.4, 0.4]
Prune local model 1, pr_ratio = [0.2, 0.2, 0.2, 0.2]
Prune local model 5, pr_ratio = [0, 0, 0, 0]
Prune local model 3, pr_ratio = [0.6, 0.6, 0.6, 0.6]
Prune local model 8, pr_ratio = [0.6, 0.6, 0.6, 0.6]
Round: 13 Method: dapperfl Mean_Acc: 27.272 Best_Acc: 35.448
Domain_Acc: [30.8, 31.05, 17.24, 30.0] Domain_BestAcc: [39.29, 41.58, 27.59, 33.33]
Prune local model 8, pr_ratio = [0.6, 0.6, 0.6, 0.6]
Prune local model 3, pr_ratio = [0.6, 0.6, 0.6, 0.6]
Prune local model 6, pr_ratio = [0.2, 0.2, 0.2, 0.2]
Prune local model 4, pr_ratio = [0.8, 0.8, 0.8, 0.8]
Prune local model 5, pr_ratio = [0, 0, 0, 0]
Prune local model 0, pr_ratio = [0, 0, 0, 0]
Prune local model 9, pr_ratio = [0.8, 0.8, 0.8, 0.8]
Prune local model 2, pr_ratio = [0.4, 0.4, 0.4, 0.4]
Prune local model 7, pr_ratio = [0.4, 0.4, 0.4, 0.4]
Prune local model 1, pr_ratio = [0.2, 0.2, 0.2, 0.2]
Round: 14 Method: dapperfl Mean_Acc: 29.385 Best_Acc: 35.448
Domain_Acc: [34.82, 40.53, 15.52, 26.67] Domain_BestAcc: [39.29, 41.58, 27.59, 33.33]
Prune local model 9, pr_ratio = [0.8, 0.8, 0.8, 0.8]
Prune local model 8, pr_ratio = [0.6, 0.6, 0.6, 0.6]
Prune local model 4, pr_ratio = [0.8, 0.8, 0.8, 0.8]
Prune local model 6, pr_ratio = [0.2, 0.2, 0.2, 0.2]
Prune local model 5, pr_ratio = [0, 0, 0, 0]
Prune local model 7, pr_ratio = [0.4, 0.4, 0.4, 0.4]
Prune local model 1, pr_ratio = [0.2, 0.2, 0.2, 0.2]
Prune local model 3, pr_ratio = [0.6, 0.6, 0.6, 0.6]
Prune local model 0, pr_ratio = [0, 0, 0, 0]
Prune local model 2, pr_ratio = [0.4, 0.4, 0.4, 0.4]
Round: 15 Method: dapperfl Mean_Acc: 31.725 Best_Acc: 35.448
Domain_Acc: [37.5, 35.26, 24.14, 30.0] Domain_BestAcc: [39.29, 41.58, 27.59, 33.33]
Prune local model 4, pr_ratio = [0.8, 0.8, 0.8, 0.8]
Prune local model 2, pr_ratio = [0.4, 0.4, 0.4, 0.4]
Prune local model 8, pr_ratio = [0.6, 0.6, 0.6, 0.6]
Prune local model 6, pr_ratio = [0.2, 0.2, 0.2, 0.2]
Prune local model 3, pr_ratio = [0.6, 0.6, 0.6, 0.6]
Prune local model 9, pr_ratio = [0.8, 0.8, 0.8, 0.8]
Prune local model 5, pr_ratio = [0, 0, 0, 0]
Prune local model 0, pr_ratio = [0, 0, 0, 0]
Prune local model 7, pr_ratio = [0.4, 0.4, 0.4, 0.4]
Prune local model 1, pr_ratio = [0.2, 0.2, 0.2, 0.2]
Round: 16 Method: dapperfl Mean_Acc: 36.302 Best_Acc: 36.302
Domain_Acc: [39.29, 46.84, 22.41, 36.67] Domain_BestAcc: [39.29, 46.84, 27.59, 36.67]
Prune local model 9, pr_ratio = [0.8, 0.8, 0.8, 0.8]
Prune local model 4, pr_ratio = [0.8, 0.8, 0.8, 0.8]
Prune local model 0, pr_ratio = [0, 0, 0, 0]
Prune local model 6, pr_ratio = [0.2, 0.2, 0.2, 0.2]
Prune local model 5, pr_ratio = [0, 0, 0, 0]
Prune local model 2, pr_ratio = [0.4, 0.4, 0.4, 0.4]
Prune local model 8, pr_ratio = [0.6, 0.6, 0.6, 0.6]
Prune local model 3, pr_ratio = [0.6, 0.6, 0.6, 0.6]
Prune local model 1, pr_ratio = [0.2, 0.2, 0.2, 0.2]
Prune local model 7, pr_ratio = [0.4, 0.4, 0.4, 0.4]
Round: 17 Method: dapperfl Mean_Acc: 35.16 Best_Acc: 36.302
Domain_Acc: [40.62, 41.05, 18.97, 40.0] Domain_BestAcc: [40.62, 46.84, 27.59, 40.0]
Prune local model 3, pr_ratio = [0.6, 0.6, 0.6, 0.6]
Prune local model 1, pr_ratio = [0.2, 0.2, 0.2, 0.2]
Prune local model 8, pr_ratio = [0.6, 0.6, 0.6, 0.6]
Prune local model 7, pr_ratio = [0.4, 0.4, 0.4, 0.4]
Prune local model 6, pr_ratio = [0.2, 0.2, 0.2, 0.2]
Prune local model 0, pr_ratio = [0, 0, 0, 0]
Prune local model 9, pr_ratio = [0.8, 0.8, 0.8, 0.8]
Prune local model 2, pr_ratio = [0.4, 0.4, 0.4, 0.4]
Prune local model 5, pr_ratio = [0, 0, 0, 0]
Prune local model 4, pr_ratio = [0.8, 0.8, 0.8, 0.8]
Round: 18 Method: dapperfl Mean_Acc: 32.312 Best_Acc: 36.302
Domain_Acc: [34.38, 35.79, 22.41, 36.67] Domain_BestAcc: [40.62, 46.84, 27.59, 40.0]
Prune local model 6, pr_ratio = [0.2, 0.2, 0.2, 0.2]
Prune local model 7, pr_ratio = [0.4, 0.4, 0.4, 0.4]
Prune local model 4, pr_ratio = [0.8, 0.8, 0.8, 0.8]
Prune local model 5, pr_ratio = [0, 0, 0, 0]
Prune local model 8, pr_ratio = [0.6, 0.6, 0.6, 0.6]
Prune local model 9, pr_ratio = [0.8, 0.8, 0.8, 0.8]
Prune local model 1, pr_ratio = [0.2, 0.2, 0.2, 0.2]
Prune local model 2, pr_ratio = [0.4, 0.4, 0.4, 0.4]
Prune local model 3, pr_ratio = [0.6, 0.6, 0.6, 0.6]
Prune local model 0, pr_ratio = [0, 0, 0, 0]
Round: 19 Method: dapperfl Mean_Acc: 30.482 Best_Acc: 36.302
Domain_Acc: [42.41, 38.95, 17.24, 23.33] Domain_BestAcc: [42.41, 46.84, 27.59, 40.0]
Prune local model 8, pr_ratio = [0.6, 0.6, 0.6, 0.6]
Prune local model 6, pr_ratio = [0.2, 0.2, 0.2, 0.2]
Prune local model 1, pr_ratio = [0.2, 0.2, 0.2, 0.2]
Prune local model 2, pr_ratio = [0.4, 0.4, 0.4, 0.4]
Prune local model 0, pr_ratio = [0, 0, 0, 0]
Prune local model 3, pr_ratio = [0.6, 0.6, 0.6, 0.6]
Prune local model 7, pr_ratio = [0.4, 0.4, 0.4, 0.4]
Prune local model 9, pr_ratio = [0.8, 0.8, 0.8, 0.8]
Prune local model 4, pr_ratio = [0.8, 0.8, 0.8, 0.8]
Prune local model 5, pr_ratio = [0, 0, 0, 0]
Round: 20 Method: dapperfl Mean_Acc: 35.817 Best_Acc: 36.302
Domain_Acc: [43.75, 35.26, 27.59, 36.67] Domain_BestAcc: [43.75, 46.84, 27.59, 40.0]
Prune local model 0, pr_ratio = [0, 0, 0, 0]
Prune local model 4, pr_ratio = [0.8, 0.8, 0.8, 0.8]
Prune local model 6, pr_ratio = [0.2, 0.2, 0.2, 0.2]
Prune local model 8, pr_ratio = [0.6, 0.6, 0.6, 0.6]
Prune local model 5, pr_ratio = [0, 0, 0, 0]
Prune local model 9, pr_ratio = [0.8, 0.8, 0.8, 0.8]
Prune local model 7, pr_ratio = [0.4, 0.4, 0.4, 0.4]
Prune local model 2, pr_ratio = [0.4, 0.4, 0.4, 0.4]
Prune local model 3, pr_ratio = [0.6, 0.6, 0.6, 0.6]
Prune local model 1, pr_ratio = [0.2, 0.2, 0.2, 0.2]
Round: 21 Method: dapperfl Mean_Acc: 36.122 Best_Acc: 36.302
Domain_Acc: [44.64, 54.21, 18.97, 26.67] Domain_BestAcc: [44.64, 54.21, 27.59, 40.0]
Prune local model 3, pr_ratio = [0.6, 0.6, 0.6, 0.6]
Prune local model 6, pr_ratio = [0.2, 0.2, 0.2, 0.2]
Prune local model 4, pr_ratio = [0.8, 0.8, 0.8, 0.8]
Prune local model 0, pr_ratio = [0, 0, 0, 0]
Prune local model 1, pr_ratio = [0.2, 0.2, 0.2, 0.2]
Prune local model 8, pr_ratio = [0.6, 0.6, 0.6, 0.6]
Prune local model 9, pr_ratio = [0.8, 0.8, 0.8, 0.8]
Prune local model 7, pr_ratio = [0.4, 0.4, 0.4, 0.4]
Prune local model 5, pr_ratio = [0, 0, 0, 0]
Prune local model 2, pr_ratio = [0.4, 0.4, 0.4, 0.4]
Round: 22 Method: dapperfl Mean_Acc: 40.38 Best_Acc: 40.38
Domain_Acc: [47.32, 56.84, 20.69, 36.67] Domain_BestAcc: [47.32, 56.84, 27.59, 40.0]
Prune local model 4, pr_ratio = [0.8, 0.8, 0.8, 0.8]
Prune local model 5, pr_ratio = [0, 0, 0, 0]
Prune local model 0, pr_ratio = [0, 0, 0, 0]
Prune local model 8, pr_ratio = [0.6, 0.6, 0.6, 0.6]
Prune local model 6, pr_ratio = [0.2, 0.2, 0.2, 0.2]
Prune local model 9, pr_ratio = [0.8, 0.8, 0.8, 0.8]
Prune local model 7, pr_ratio = [0.4, 0.4, 0.4, 0.4]
Prune local model 3, pr_ratio = [0.6, 0.6, 0.6, 0.6]
Prune local model 2, pr_ratio = [0.4, 0.4, 0.4, 0.4]
Prune local model 1, pr_ratio = [0.2, 0.2, 0.2, 0.2]
Round: 23 Method: dapperfl Mean_Acc: 40.898 Best_Acc: 40.898
Domain_Acc: [46.88, 45.79, 27.59, 43.33] Domain_BestAcc: [47.32, 56.84, 27.59, 43.33]
Prune local model 9, pr_ratio = [0.8, 0.8, 0.8, 0.8]
Prune local model 0, pr_ratio = [0, 0, 0, 0]
Prune local model 2, pr_ratio = [0.4, 0.4, 0.4, 0.4]
Prune local model 5, pr_ratio = [0, 0, 0, 0]
Prune local model 6, pr_ratio = [0.2, 0.2, 0.2, 0.2]
Prune local model 8, pr_ratio = [0.6, 0.6, 0.6, 0.6]
Prune local model 1, pr_ratio = [0.2, 0.2, 0.2, 0.2]
Prune local model 4, pr_ratio = [0.8, 0.8, 0.8, 0.8]
Prune local model 7, pr_ratio = [0.4, 0.4, 0.4, 0.4]
Prune local model 3, pr_ratio = [0.6, 0.6, 0.6, 0.6]
Round: 24 Method: dapperfl Mean_Acc: 34.272 Best_Acc: 40.898
Domain_Acc: [41.07, 52.11, 17.24, 26.67] Domain_BestAcc: [47.32, 56.84, 27.59, 43.33]
Prune local model 8, pr_ratio = [0.6, 0.6, 0.6, 0.6]
Prune local model 1, pr_ratio = [0.2, 0.2, 0.2, 0.2]
Prune local model 3, pr_ratio = [0.6, 0.6, 0.6, 0.6]
Prune local model 2, pr_ratio = [0.4, 0.4, 0.4, 0.4]
Prune local model 9, pr_ratio = [0.8, 0.8, 0.8, 0.8]
Prune local model 6, pr_ratio = [0.2, 0.2, 0.2, 0.2]
Prune local model 0, pr_ratio = [0, 0, 0, 0]
Prune local model 4, pr_ratio = [0.8, 0.8, 0.8, 0.8]
Prune local model 7, pr_ratio = [0.4, 0.4, 0.4, 0.4]
Prune local model 5, pr_ratio = [0, 0, 0, 0]
Round: 25 Method: dapperfl Mean_Acc: 43.918 Best_Acc: 43.918
Domain_Acc: [54.02, 55.79, 25.86, 40.0] Domain_BestAcc: [54.02, 56.84, 27.59, 43.33]
Prune local model 2, pr_ratio = [0.4, 0.4, 0.4, 0.4]
Prune local model 6, pr_ratio = [0.2, 0.2, 0.2, 0.2]
Prune local model 4, pr_ratio = [0.8, 0.8, 0.8, 0.8]
Prune local model 5, pr_ratio = [0, 0, 0, 0]
Prune local model 1, pr_ratio = [0.2, 0.2, 0.2, 0.2]
Prune local model 0, pr_ratio = [0, 0, 0, 0]
Prune local model 3, pr_ratio = [0.6, 0.6, 0.6, 0.6]
Prune local model 7, pr_ratio = [0.4, 0.4, 0.4, 0.4]
Prune local model 9, pr_ratio = [0.8, 0.8, 0.8, 0.8]
Prune local model 8, pr_ratio = [0.6, 0.6, 0.6, 0.6]
Round: 26 Method: dapperfl Mean_Acc: 36.002 Best_Acc: 43.918
Domain_Acc: [42.86, 43.68, 24.14, 33.33] Domain_BestAcc: [54.02, 56.84, 27.59, 43.33]
Prune local model 5, pr_ratio = [0, 0, 0, 0]
Prune local model 2, pr_ratio = [0.4, 0.4, 0.4, 0.4]
Prune local model 8, pr_ratio = [0.6, 0.6, 0.6, 0.6]
Prune local model 3, pr_ratio = [0.6, 0.6, 0.6, 0.6]
Prune local model 0, pr_ratio = [0, 0, 0, 0]
Prune local model 7, pr_ratio = [0.4, 0.4, 0.4, 0.4]
Prune local model 4, pr_ratio = [0.8, 0.8, 0.8, 0.8]
Prune local model 1, pr_ratio = [0.2, 0.2, 0.2, 0.2]
Prune local model 9, pr_ratio = [0.8, 0.8, 0.8, 0.8]
Prune local model 6, pr_ratio = [0.2, 0.2, 0.2, 0.2]
Round: 27 Method: dapperfl Mean_Acc: 36.66 Best_Acc: 43.918
Domain_Acc: [44.2, 48.42, 20.69, 33.33] Domain_BestAcc: [54.02, 56.84, 27.59, 43.33]
Prune local model 4, pr_ratio = [0.8, 0.8, 0.8, 0.8]
Prune local model 5, pr_ratio = [0, 0, 0, 0]
Prune local model 7, pr_ratio = [0.4, 0.4, 0.4, 0.4]
Prune local model 8, pr_ratio = [0.6, 0.6, 0.6, 0.6]
Prune local model 0, pr_ratio = [0, 0, 0, 0]
Prune local model 2, pr_ratio = [0.4, 0.4, 0.4, 0.4]
Prune local model 6, pr_ratio = [0.2, 0.2, 0.2, 0.2]
Prune local model 1, pr_ratio = [0.2, 0.2, 0.2, 0.2]
Prune local model 9, pr_ratio = [0.8, 0.8, 0.8, 0.8]
Prune local model 3, pr_ratio = [0.6, 0.6, 0.6, 0.6]
Round: 28 Method: dapperfl Mean_Acc: 42.925 Best_Acc: 43.918
Domain_Acc: [52.23, 62.11, 20.69, 36.67] Domain_BestAcc: [54.02, 62.11, 27.59, 43.33]
Prune local model 3, pr_ratio = [0.6, 0.6, 0.6, 0.6]
Prune local model 5, pr_ratio = [0, 0, 0, 0]
Prune local model 8, pr_ratio = [0.6, 0.6, 0.6, 0.6]
Prune local model 1, pr_ratio = [0.2, 0.2, 0.2, 0.2]
Prune local model 6, pr_ratio = [0.2, 0.2, 0.2, 0.2]
Prune local model 7, pr_ratio = [0.4, 0.4, 0.4, 0.4]
Prune local model 2, pr_ratio = [0.4, 0.4, 0.4, 0.4]
Prune local model 0, pr_ratio = [0, 0, 0, 0]
Prune local model 4, pr_ratio = [0.8, 0.8, 0.8, 0.8]
Prune local model 9, pr_ratio = [0.8, 0.8, 0.8, 0.8]
Round: 29 Method: dapperfl Mean_Acc: 41.47 Best_Acc: 43.918
Domain_Acc: [50.45, 64.74, 20.69, 30.0] Domain_BestAcc: [54.02, 64.74, 27.59, 43.33]
Prune local model 3, pr_ratio = [0.6, 0.6, 0.6, 0.6]
Prune local model 1, pr_ratio = [0.2, 0.2, 0.2, 0.2]
Prune local model 9, pr_ratio = [0.8, 0.8, 0.8, 0.8]
Prune local model 2, pr_ratio = [0.4, 0.4, 0.4, 0.4]
Prune local model 5, pr_ratio = [0, 0, 0, 0]
Prune local model 7, pr_ratio = [0.4, 0.4, 0.4, 0.4]
Prune local model 6, pr_ratio = [0.2, 0.2, 0.2, 0.2]
Prune local model 0, pr_ratio = [0, 0, 0, 0]
Prune local model 4, pr_ratio = [0.8, 0.8, 0.8, 0.8]
Prune local model 8, pr_ratio = [0.6, 0.6, 0.6, 0.6]
Round: 30 Method: dapperfl Mean_Acc: 35.775 Best_Acc: 43.918
Domain_Acc: [36.16, 49.47, 24.14, 33.33] Domain_BestAcc: [54.02, 64.74, 27.59, 43.33]
Prune local model 1, pr_ratio = [0.2, 0.2, 0.2, 0.2]
Prune local model 8, pr_ratio = [0.6, 0.6, 0.6, 0.6]
Prune local model 4, pr_ratio = [0.8, 0.8, 0.8, 0.8]
Prune local model 6, pr_ratio = [0.2, 0.2, 0.2, 0.2]
Prune local model 3, pr_ratio = [0.6, 0.6, 0.6, 0.6]
Prune local model 0, pr_ratio = [0, 0, 0, 0]
Prune local model 7, pr_ratio = [0.4, 0.4, 0.4, 0.4]
Prune local model 2, pr_ratio = [0.4, 0.4, 0.4, 0.4]
Prune local model 9, pr_ratio = [0.8, 0.8, 0.8, 0.8]
Prune local model 5, pr_ratio = [0, 0, 0, 0]
Round: 31 Method: dapperfl Mean_Acc: 38.808 Best_Acc: 43.918
Domain_Acc: [45.98, 56.84, 22.41, 30.0] Domain_BestAcc: [54.02, 64.74, 27.59, 43.33]
Prune local model 1, pr_ratio = [0.2, 0.2, 0.2, 0.2]
Prune local model 3, pr_ratio = [0.6, 0.6, 0.6, 0.6]
Prune local model 9, pr_ratio = [0.8, 0.8, 0.8, 0.8]
Prune local model 5, pr_ratio = [0, 0, 0, 0]
Prune local model 8, pr_ratio = [0.6, 0.6, 0.6, 0.6]
Prune local model 4, pr_ratio = [0.8, 0.8, 0.8, 0.8]
Prune local model 0, pr_ratio = [0, 0, 0, 0]
Prune local model 7, pr_ratio = [0.4, 0.4, 0.4, 0.4]
Prune local model 2, pr_ratio = [0.4, 0.4, 0.4, 0.4]
Prune local model 6, pr_ratio = [0.2, 0.2, 0.2, 0.2]
Round: 32 Method: dapperfl Mean_Acc: 37.41 Best_Acc: 43.918
Domain_Acc: [43.75, 48.42, 24.14, 33.33] Domain_BestAcc: [54.02, 64.74, 27.59, 43.33]
Prune local model 2, pr_ratio = [0.4, 0.4, 0.4, 0.4]
Prune local model 0, pr_ratio = [0, 0, 0, 0]
Prune local model 1, pr_ratio = [0.2, 0.2, 0.2, 0.2]
Prune local model 5, pr_ratio = [0, 0, 0, 0]
Prune local model 9, pr_ratio = [0.8, 0.8, 0.8, 0.8]
Prune local model 3, pr_ratio = [0.6, 0.6, 0.6, 0.6]
Prune local model 8, pr_ratio = [0.6, 0.6, 0.6, 0.6]
Prune local model 7, pr_ratio = [0.4, 0.4, 0.4, 0.4]
Prune local model 6, pr_ratio = [0.2, 0.2, 0.2, 0.2]
Prune local model 4, pr_ratio = [0.8, 0.8, 0.8, 0.8]
Round: 33 Method: dapperfl Mean_Acc: 47.52 Best_Acc: 47.52
Domain_Acc: [54.02, 61.58, 34.48, 40.0] Domain_BestAcc: [54.02, 64.74, 34.48, 43.33]
Prune local model 9, pr_ratio = [0.8, 0.8, 0.8, 0.8]
Prune local model 7, pr_ratio = [0.4, 0.4, 0.4, 0.4]
Prune local model 2, pr_ratio = [0.4, 0.4, 0.4, 0.4]
Prune local model 1, pr_ratio = [0.2, 0.2, 0.2, 0.2]
Prune local model 0, pr_ratio = [0, 0, 0, 0]
Prune local model 8, pr_ratio = [0.6, 0.6, 0.6, 0.6]
Prune local model 3, pr_ratio = [0.6, 0.6, 0.6, 0.6]
Prune local model 5, pr_ratio = [0, 0, 0, 0]
Prune local model 4, pr_ratio = [0.8, 0.8, 0.8, 0.8]
Prune local model 6, pr_ratio = [0.2, 0.2, 0.2, 0.2]
Round: 34 Method: dapperfl Mean_Acc: 29.928 Best_Acc: 47.52
Domain_Acc: [33.93, 38.42, 20.69, 26.67] Domain_BestAcc: [54.02, 64.74, 34.48, 43.33]
Prune local model 9, pr_ratio = [0.8, 0.8, 0.8, 0.8]
Prune local model 0, pr_ratio = [0, 0, 0, 0]
Prune local model 4, pr_ratio = [0.8, 0.8, 0.8, 0.8]
Prune local model 2, pr_ratio = [0.4, 0.4, 0.4, 0.4]
Prune local model 8, pr_ratio = [0.6, 0.6, 0.6, 0.6]
Prune local model 1, pr_ratio = [0.2, 0.2, 0.2, 0.2]
Prune local model 5, pr_ratio = [0, 0, 0, 0]
Prune local model 7, pr_ratio = [0.4, 0.4, 0.4, 0.4]
Prune local model 6, pr_ratio = [0.2, 0.2, 0.2, 0.2]
Prune local model 3, pr_ratio = [0.6, 0.6, 0.6, 0.6]
Round: 35 Method: dapperfl Mean_Acc: 48.95 Best_Acc: 48.95
Domain_Acc: [56.7, 64.74, 31.03, 43.33] Domain_BestAcc: [56.7, 64.74, 34.48, 43.33]
Prune local model 7, pr_ratio = [0.4, 0.4, 0.4, 0.4]
Prune local model 2, pr_ratio = [0.4, 0.4, 0.4, 0.4]
Prune local model 3, pr_ratio = [0.6, 0.6, 0.6, 0.6]
Prune local model 6, pr_ratio = [0.2, 0.2, 0.2, 0.2]
Prune local model 9, pr_ratio = [0.8, 0.8, 0.8, 0.8]
Prune local model 5, pr_ratio = [0, 0, 0, 0]
Prune local model 0, pr_ratio = [0, 0, 0, 0]
Prune local model 1, pr_ratio = [0.2, 0.2, 0.2, 0.2]
Prune local model 4, pr_ratio = [0.8, 0.8, 0.8, 0.8]
Prune local model 8, pr_ratio = [0.6, 0.6, 0.6, 0.6]
Round: 36 Method: dapperfl Mean_Acc: 28.002 Best_Acc: 48.95
Domain_Acc: [34.38, 42.11, 15.52, 20.0] Domain_BestAcc: [56.7, 64.74, 34.48, 43.33]
Prune local model 0, pr_ratio = [0, 0, 0, 0]
Prune local model 7, pr_ratio = [0.4, 0.4, 0.4, 0.4]
Prune local model 2, pr_ratio = [0.4, 0.4, 0.4, 0.4]
Prune local model 1, pr_ratio = [0.2, 0.2, 0.2, 0.2]
Prune local model 5, pr_ratio = [0, 0, 0, 0]
Prune local model 9, pr_ratio = [0.8, 0.8, 0.8, 0.8]
Prune local model 8, pr_ratio = [0.6, 0.6, 0.6, 0.6]
Prune local model 6, pr_ratio = [0.2, 0.2, 0.2, 0.2]
Prune local model 3, pr_ratio = [0.6, 0.6, 0.6, 0.6]
Prune local model 4, pr_ratio = [0.8, 0.8, 0.8, 0.8]
Round: 37 Method: dapperfl Mean_Acc: 46.647 Best_Acc: 48.95
Domain_Acc: [52.23, 60.0, 31.03, 43.33] Domain_BestAcc: [56.7, 64.74, 34.48, 43.33]
Prune local model 7, pr_ratio = [0.4, 0.4, 0.4, 0.4]
Prune local model 9, pr_ratio = [0.8, 0.8, 0.8, 0.8]
Prune local model 4, pr_ratio = [0.8, 0.8, 0.8, 0.8]
Prune local model 1, pr_ratio = [0.2, 0.2, 0.2, 0.2]
Prune local model 3, pr_ratio = [0.6, 0.6, 0.6, 0.6]
Prune local model 8, pr_ratio = [0.6, 0.6, 0.6, 0.6]
Prune local model 5, pr_ratio = [0, 0, 0, 0]
Prune local model 0, pr_ratio = [0, 0, 0, 0]
Prune local model 2, pr_ratio = [0.4, 0.4, 0.4, 0.4]
Prune local model 6, pr_ratio = [0.2, 0.2, 0.2, 0.2]
Round: 38 Method: dapperfl Mean_Acc: 38.142 Best_Acc: 48.95
Domain_Acc: [44.2, 52.63, 22.41, 33.33] Domain_BestAcc: [56.7, 64.74, 34.48, 43.33]
Prune local model 5, pr_ratio = [0, 0, 0, 0]
Prune local model 9, pr_ratio = [0.8, 0.8, 0.8, 0.8]
Prune local model 6, pr_ratio = [0.2, 0.2, 0.2, 0.2]
Prune local model 0, pr_ratio = [0, 0, 0, 0]
Prune local model 3, pr_ratio = [0.6, 0.6, 0.6, 0.6]
Prune local model 7, pr_ratio = [0.4, 0.4, 0.4, 0.4]
Prune local model 8, pr_ratio = [0.6, 0.6, 0.6, 0.6]
Prune local model 2, pr_ratio = [0.4, 0.4, 0.4, 0.4]
Prune local model 4, pr_ratio = [0.8, 0.8, 0.8, 0.8]
Prune local model 1, pr_ratio = [0.2, 0.2, 0.2, 0.2]
Round: 39 Method: dapperfl Mean_Acc: 43.312 Best_Acc: 48.95
Domain_Acc: [51.34, 57.89, 20.69, 43.33] Domain_BestAcc: [56.7, 64.74, 34.48, 43.33]
Prune local model 6, pr_ratio = [0.2, 0.2, 0.2, 0.2]
Prune local model 9, pr_ratio = [0.8, 0.8, 0.8, 0.8]
Prune local model 1, pr_ratio = [0.2, 0.2, 0.2, 0.2]
Prune local model 0, pr_ratio = [0, 0, 0, 0]
Prune local model 2, pr_ratio = [0.4, 0.4, 0.4, 0.4]
Prune local model 7, pr_ratio = [0.4, 0.4, 0.4, 0.4]
Prune local model 4, pr_ratio = [0.8, 0.8, 0.8, 0.8]
Prune local model 5, pr_ratio = [0, 0, 0, 0]
Prune local model 8, pr_ratio = [0.6, 0.6, 0.6, 0.6]
Prune local model 3, pr_ratio = [0.6, 0.6, 0.6, 0.6]
Round: 40 Method: dapperfl Mean_Acc: 40.872 Best_Acc: 48.95
Domain_Acc: [42.86, 53.16, 24.14, 43.33] Domain_BestAcc: [56.7, 64.74, 34.48, 43.33]
Prune local model 7, pr_ratio = [0.4, 0.4, 0.4, 0.4]
Prune local model 8, pr_ratio = [0.6, 0.6, 0.6, 0.6]
Prune local model 9, pr_ratio = [0.8, 0.8, 0.8, 0.8]
Prune local model 6, pr_ratio = [0.2, 0.2, 0.2, 0.2]
Prune local model 3, pr_ratio = [0.6, 0.6, 0.6, 0.6]
Prune local model 5, pr_ratio = [0, 0, 0, 0]
Prune local model 1, pr_ratio = [0.2, 0.2, 0.2, 0.2]
Prune local model 4, pr_ratio = [0.8, 0.8, 0.8, 0.8]
Prune local model 0, pr_ratio = [0, 0, 0, 0]
Prune local model 2, pr_ratio = [0.4, 0.4, 0.4, 0.4]
Round: 41 Method: dapperfl Mean_Acc: 31.9 Best_Acc: 48.95
Domain_Acc: [38.84, 34.74, 20.69, 33.33] Domain_BestAcc: [56.7, 64.74, 34.48, 43.33]
Prune local model 8, pr_ratio = [0.6, 0.6, 0.6, 0.6]
Prune local model 5, pr_ratio = [0, 0, 0, 0]
Prune local model 1, pr_ratio = [0.2, 0.2, 0.2, 0.2]
Prune local model 0, pr_ratio = [0, 0, 0, 0]
Prune local model 2, pr_ratio = [0.4, 0.4, 0.4, 0.4]
Prune local model 4, pr_ratio = [0.8, 0.8, 0.8, 0.8]
Prune local model 7, pr_ratio = [0.4, 0.4, 0.4, 0.4]
Prune local model 3, pr_ratio = [0.6, 0.6, 0.6, 0.6]
Prune local model 6, pr_ratio = [0.2, 0.2, 0.2, 0.2]
Prune local model 9, pr_ratio = [0.8, 0.8, 0.8, 0.8]
Round: 42 Method: dapperfl Mean_Acc: 42.722 Best_Acc: 48.95
Domain_Acc: [48.21, 58.42, 27.59, 36.67] Domain_BestAcc: [56.7, 64.74, 34.48, 43.33]
Prune local model 2, pr_ratio = [0.4, 0.4, 0.4, 0.4]
Prune local model 1, pr_ratio = [0.2, 0.2, 0.2, 0.2]
Prune local model 6, pr_ratio = [0.2, 0.2, 0.2, 0.2]
Prune local model 4, pr_ratio = [0.8, 0.8, 0.8, 0.8]
Prune local model 8, pr_ratio = [0.6, 0.6, 0.6, 0.6]
Prune local model 9, pr_ratio = [0.8, 0.8, 0.8, 0.8]
Prune local model 0, pr_ratio = [0, 0, 0, 0]
Prune local model 5, pr_ratio = [0, 0, 0, 0]
Prune local model 3, pr_ratio = [0.6, 0.6, 0.6, 0.6]
Prune local model 7, pr_ratio = [0.4, 0.4, 0.4, 0.4]
Round: 43 Method: dapperfl Mean_Acc: 36.53 Best_Acc: 48.95
Domain_Acc: [39.73, 50.53, 25.86, 30.0] Domain_BestAcc: [56.7, 64.74, 34.48, 43.33]
Prune local model 3, pr_ratio = [0.6, 0.6, 0.6, 0.6]
Prune local model 8, pr_ratio = [0.6, 0.6, 0.6, 0.6]
Prune local model 5, pr_ratio = [0, 0, 0, 0]
Prune local model 1, pr_ratio = [0.2, 0.2, 0.2, 0.2]
Prune local model 0, pr_ratio = [0, 0, 0, 0]
Prune local model 7, pr_ratio = [0.4, 0.4, 0.4, 0.4]
Prune local model 9, pr_ratio = [0.8, 0.8, 0.8, 0.8]
Prune local model 6, pr_ratio = [0.2, 0.2, 0.2, 0.2]
Prune local model 2, pr_ratio = [0.4, 0.4, 0.4, 0.4]
Prune local model 4, pr_ratio = [0.8, 0.8, 0.8, 0.8]
Round: 44 Method: dapperfl Mean_Acc: 46.695 Best_Acc: 48.95
Domain_Acc: [53.57, 68.95, 27.59, 36.67] Domain_BestAcc: [56.7, 68.95, 34.48, 43.33]
Prune local model 7, pr_ratio = [0.4, 0.4, 0.4, 0.4]
Prune local model 2, pr_ratio = [0.4, 0.4, 0.4, 0.4]
Prune local model 0, pr_ratio = [0, 0, 0, 0]
Prune local model 8, pr_ratio = [0.6, 0.6, 0.6, 0.6]
Prune local model 4, pr_ratio = [0.8, 0.8, 0.8, 0.8]
Prune local model 3, pr_ratio = [0.6, 0.6, 0.6, 0.6]
Prune local model 1, pr_ratio = [0.2, 0.2, 0.2, 0.2]
Prune local model 9, pr_ratio = [0.8, 0.8, 0.8, 0.8]
Prune local model 5, pr_ratio = [0, 0, 0, 0]
Prune local model 6, pr_ratio = [0.2, 0.2, 0.2, 0.2]
Round: 45 Method: dapperfl Mean_Acc: 37.015 Best_Acc: 48.95
Domain_Acc: [43.75, 46.84, 24.14, 33.33] Domain_BestAcc: [56.7, 68.95, 34.48, 43.33]
Prune local model 1, pr_ratio = [0.2, 0.2, 0.2, 0.2]
Prune local model 7, pr_ratio = [0.4, 0.4, 0.4, 0.4]
Prune local model 5, pr_ratio = [0, 0, 0, 0]
Prune local model 8, pr_ratio = [0.6, 0.6, 0.6, 0.6]
Prune local model 2, pr_ratio = [0.4, 0.4, 0.4, 0.4]
Prune local model 4, pr_ratio = [0.8, 0.8, 0.8, 0.8]
Prune local model 6, pr_ratio = [0.2, 0.2, 0.2, 0.2]
Prune local model 9, pr_ratio = [0.8, 0.8, 0.8, 0.8]
Prune local model 3, pr_ratio = [0.6, 0.6, 0.6, 0.6]
Prune local model 0, pr_ratio = [0, 0, 0, 0]
Round: 46 Method: dapperfl Mean_Acc: 43.215 Best_Acc: 48.95
Domain_Acc: [50.45, 56.32, 32.76, 33.33] Domain_BestAcc: [56.7, 68.95, 34.48, 43.33]
Prune local model 3, pr_ratio = [0.6, 0.6, 0.6, 0.6]
Prune local model 4, pr_ratio = [0.8, 0.8, 0.8, 0.8]
Prune local model 7, pr_ratio = [0.4, 0.4, 0.4, 0.4]
Prune local model 6, pr_ratio = [0.2, 0.2, 0.2, 0.2]
Prune local model 1, pr_ratio = [0.2, 0.2, 0.2, 0.2]
Prune local model 8, pr_ratio = [0.6, 0.6, 0.6, 0.6]
Prune local model 0, pr_ratio = [0, 0, 0, 0]
Prune local model 9, pr_ratio = [0.8, 0.8, 0.8, 0.8]
Prune local model 5, pr_ratio = [0, 0, 0, 0]
Prune local model 2, pr_ratio = [0.4, 0.4, 0.4, 0.4]
Round: 47 Method: dapperfl Mean_Acc: 43.278 Best_Acc: 48.95
Domain_Acc: [50.0, 57.37, 22.41, 43.33] Domain_BestAcc: [56.7, 68.95, 34.48, 43.33]
Prune local model 7, pr_ratio = [0.4, 0.4, 0.4, 0.4]
Prune local model 0, pr_ratio = [0, 0, 0, 0]
Prune local model 1, pr_ratio = [0.2, 0.2, 0.2, 0.2]
Prune local model 9, pr_ratio = [0.8, 0.8, 0.8, 0.8]
Prune local model 4, pr_ratio = [0.8, 0.8, 0.8, 0.8]
Prune local model 2, pr_ratio = [0.4, 0.4, 0.4, 0.4]
Prune local model 5, pr_ratio = [0, 0, 0, 0]
Prune local model 8, pr_ratio = [0.6, 0.6, 0.6, 0.6]
Prune local model 6, pr_ratio = [0.2, 0.2, 0.2, 0.2]
Prune local model 3, pr_ratio = [0.6, 0.6, 0.6, 0.6]
Round: 48 Method: dapperfl Mean_Acc: 43.808 Best_Acc: 48.95
Domain_Acc: [51.79, 62.63, 24.14, 36.67] Domain_BestAcc: [56.7, 68.95, 34.48, 43.33]
Prune local model 2, pr_ratio = [0.4, 0.4, 0.4, 0.4]
Prune local model 9, pr_ratio = [0.8, 0.8, 0.8, 0.8]
Prune local model 0, pr_ratio = [0, 0, 0, 0]
Prune local model 5, pr_ratio = [0, 0, 0, 0]
Prune local model 8, pr_ratio = [0.6, 0.6, 0.6, 0.6]
Prune local model 6, pr_ratio = [0.2, 0.2, 0.2, 0.2]
Prune local model 1, pr_ratio = [0.2, 0.2, 0.2, 0.2]
Prune local model 4, pr_ratio = [0.8, 0.8, 0.8, 0.8]
Prune local model 3, pr_ratio = [0.6, 0.6, 0.6, 0.6]
Prune local model 7, pr_ratio = [0.4, 0.4, 0.4, 0.4]
Round: 49 Method: dapperfl Mean_Acc: 43.26 Best_Acc: 48.95
Domain_Acc: [47.77, 52.63, 29.31, 43.33] Domain_BestAcc: [56.7, 68.95, 34.48, 43.33]
Prune local model 6, pr_ratio = [0.2, 0.2, 0.2, 0.2]
Prune local model 1, pr_ratio = [0.2, 0.2, 0.2, 0.2]
Prune local model 9, pr_ratio = [0.8, 0.8, 0.8, 0.8]
Prune local model 5, pr_ratio = [0, 0, 0, 0]
Prune local model 2, pr_ratio = [0.4, 0.4, 0.4, 0.4]
Prune local model 4, pr_ratio = [0.8, 0.8, 0.8, 0.8]
Prune local model 7, pr_ratio = [0.4, 0.4, 0.4, 0.4]
Prune local model 0, pr_ratio = [0, 0, 0, 0]
Prune local model 8, pr_ratio = [0.6, 0.6, 0.6, 0.6]
Prune local model 3, pr_ratio = [0.6, 0.6, 0.6, 0.6]
Round: 50 Method: dapperfl Mean_Acc: 39.985 Best_Acc: 48.95
Domain_Acc: [46.88, 60.53, 25.86, 26.67] Domain_BestAcc: [56.7, 68.95, 34.48, 43.33]
Prune local model 9, pr_ratio = [0.8, 0.8, 0.8, 0.8]
Prune local model 2, pr_ratio = [0.4, 0.4, 0.4, 0.4]
Prune local model 0, pr_ratio = [0, 0, 0, 0]
Prune local model 4, pr_ratio = [0.8, 0.8, 0.8, 0.8]
Prune local model 6, pr_ratio = [0.2, 0.2, 0.2, 0.2]
Prune local model 8, pr_ratio = [0.6, 0.6, 0.6, 0.6]
Prune local model 5, pr_ratio = [0, 0, 0, 0]
Prune local model 7, pr_ratio = [0.4, 0.4, 0.4, 0.4]
Prune local model 3, pr_ratio = [0.6, 0.6, 0.6, 0.6]
Prune local model 1, pr_ratio = [0.2, 0.2, 0.2, 0.2]
Round: 51 Method: dapperfl Mean_Acc: 40.793 Best_Acc: 48.95
Domain_Acc: [46.43, 54.21, 25.86, 36.67] Domain_BestAcc: [56.7, 68.95, 34.48, 43.33]
Prune local model 4, pr_ratio = [0.8, 0.8, 0.8, 0.8]
Prune local model 5, pr_ratio = [0, 0, 0, 0]
Prune local model 3, pr_ratio = [0.6, 0.6, 0.6, 0.6]
Prune local model 2, pr_ratio = [0.4, 0.4, 0.4, 0.4]
Prune local model 1, pr_ratio = [0.2, 0.2, 0.2, 0.2]
Prune local model 6, pr_ratio = [0.2, 0.2, 0.2, 0.2]
Prune local model 7, pr_ratio = [0.4, 0.4, 0.4, 0.4]
Prune local model 9, pr_ratio = [0.8, 0.8, 0.8, 0.8]
Prune local model 0, pr_ratio = [0, 0, 0, 0]
Prune local model 8, pr_ratio = [0.6, 0.6, 0.6, 0.6]
Round: 52 Method: dapperfl Mean_Acc: 43.862 Best_Acc: 48.95
Domain_Acc: [53.12, 54.74, 27.59, 40.0] Domain_BestAcc: [56.7, 68.95, 34.48, 43.33]
Prune local model 4, pr_ratio = [0.8, 0.8, 0.8, 0.8]
Prune local model 3, pr_ratio = [0.6, 0.6, 0.6, 0.6]
Prune local model 6, pr_ratio = [0.2, 0.2, 0.2, 0.2]
Prune local model 7, pr_ratio = [0.4, 0.4, 0.4, 0.4]
Prune local model 1, pr_ratio = [0.2, 0.2, 0.2, 0.2]
Prune local model 2, pr_ratio = [0.4, 0.4, 0.4, 0.4]
Prune local model 0, pr_ratio = [0, 0, 0, 0]
Prune local model 8, pr_ratio = [0.6, 0.6, 0.6, 0.6]
Prune local model 5, pr_ratio = [0, 0, 0, 0]
Prune local model 9, pr_ratio = [0.8, 0.8, 0.8, 0.8]
Round: 53 Method: dapperfl Mean_Acc: 38.392 Best_Acc: 48.95
Domain_Acc: [39.29, 58.42, 25.86, 30.0] Domain_BestAcc: [56.7, 68.95, 34.48, 43.33]
Prune local model 8, pr_ratio = [0.6, 0.6, 0.6, 0.6]
Prune local model 1, pr_ratio = [0.2, 0.2, 0.2, 0.2]
Prune local model 7, pr_ratio = [0.4, 0.4, 0.4, 0.4]
Prune local model 5, pr_ratio = [0, 0, 0, 0]
Prune local model 0, pr_ratio = [0, 0, 0, 0]
Prune local model 2, pr_ratio = [0.4, 0.4, 0.4, 0.4]
Prune local model 9, pr_ratio = [0.8, 0.8, 0.8, 0.8]
Prune local model 6, pr_ratio = [0.2, 0.2, 0.2, 0.2]
Prune local model 4, pr_ratio = [0.8, 0.8, 0.8, 0.8]
Prune local model 3, pr_ratio = [0.6, 0.6, 0.6, 0.6]
Round: 54 Method: dapperfl Mean_Acc: 40.602 Best_Acc: 48.95
Domain_Acc: [50.0, 50.0, 22.41, 40.0] Domain_BestAcc: [56.7, 68.95, 34.48, 43.33]
Prune local model 5, pr_ratio = [0, 0, 0, 0]
Prune local model 4, pr_ratio = [0.8, 0.8, 0.8, 0.8]
Prune local model 1, pr_ratio = [0.2, 0.2, 0.2, 0.2]
Prune local model 2, pr_ratio = [0.4, 0.4, 0.4, 0.4]
Prune local model 0, pr_ratio = [0, 0, 0, 0]
Prune local model 3, pr_ratio = [0.6, 0.6, 0.6, 0.6]
Prune local model 9, pr_ratio = [0.8, 0.8, 0.8, 0.8]
Prune local model 7, pr_ratio = [0.4, 0.4, 0.4, 0.4]
Prune local model 6, pr_ratio = [0.2, 0.2, 0.2, 0.2]
Prune local model 8, pr_ratio = [0.6, 0.6, 0.6, 0.6]
Round: 55 Method: dapperfl Mean_Acc: 27.152 Best_Acc: 48.95
Domain_Acc: [28.57, 49.47, 17.24, 13.33] Domain_BestAcc: [56.7, 68.95, 34.48, 43.33]
Prune local model 5, pr_ratio = [0, 0, 0, 0]
Prune local model 3, pr_ratio = [0.6, 0.6, 0.6, 0.6]
Prune local model 9, pr_ratio = [0.8, 0.8, 0.8, 0.8]
Prune local model 0, pr_ratio = [0, 0, 0, 0]
Prune local model 6, pr_ratio = [0.2, 0.2, 0.2, 0.2]
Prune local model 8, pr_ratio = [0.6, 0.6, 0.6, 0.6]
Prune local model 2, pr_ratio = [0.4, 0.4, 0.4, 0.4]
Prune local model 1, pr_ratio = [0.2, 0.2, 0.2, 0.2]
Prune local model 4, pr_ratio = [0.8, 0.8, 0.8, 0.8]
Prune local model 7, pr_ratio = [0.4, 0.4, 0.4, 0.4]
Round: 56 Method: dapperfl Mean_Acc: 42.238 Best_Acc: 48.95
Domain_Acc: [49.11, 60.53, 29.31, 30.0] Domain_BestAcc: [56.7, 68.95, 34.48, 43.33]
Prune local model 7, pr_ratio = [0.4, 0.4, 0.4, 0.4]
Prune local model 0, pr_ratio = [0, 0, 0, 0]
Prune local model 9, pr_ratio = [0.8, 0.8, 0.8, 0.8]
Prune local model 6, pr_ratio = [0.2, 0.2, 0.2, 0.2]
Prune local model 4, pr_ratio = [0.8, 0.8, 0.8, 0.8]
Prune local model 5, pr_ratio = [0, 0, 0, 0]
Prune local model 2, pr_ratio = [0.4, 0.4, 0.4, 0.4]
Prune local model 1, pr_ratio = [0.2, 0.2, 0.2, 0.2]
Prune local model 8, pr_ratio = [0.6, 0.6, 0.6, 0.6]
Prune local model 3, pr_ratio = [0.6, 0.6, 0.6, 0.6]
Round: 57 Method: dapperfl Mean_Acc: 45.282 Best_Acc: 48.95
Domain_Acc: [50.45, 56.32, 31.03, 43.33] Domain_BestAcc: [56.7, 68.95, 34.48, 43.33]
Prune local model 0, pr_ratio = [0, 0, 0, 0]
Prune local model 7, pr_ratio = [0.4, 0.4, 0.4, 0.4]
Prune local model 1, pr_ratio = [0.2, 0.2, 0.2, 0.2]
Prune local model 6, pr_ratio = [0.2, 0.2, 0.2, 0.2]
Prune local model 3, pr_ratio = [0.6, 0.6, 0.6, 0.6]
Prune local model 5, pr_ratio = [0, 0, 0, 0]
Prune local model 8, pr_ratio = [0.6, 0.6, 0.6, 0.6]
Prune local model 4, pr_ratio = [0.8, 0.8, 0.8, 0.8]
Prune local model 2, pr_ratio = [0.4, 0.4, 0.4, 0.4]
Prune local model 9, pr_ratio = [0.8, 0.8, 0.8, 0.8]
Round: 58 Method: dapperfl Mean_Acc: 47.28 Best_Acc: 48.95
Domain_Acc: [54.02, 55.79, 29.31, 50.0] Domain_BestAcc: [56.7, 68.95, 34.48, 50.0]
Prune local model 7, pr_ratio = [0.4, 0.4, 0.4, 0.4]
Prune local model 0, pr_ratio = [0, 0, 0, 0]
Prune local model 9, pr_ratio = [0.8, 0.8, 0.8, 0.8]
Prune local model 3, pr_ratio = [0.6, 0.6, 0.6, 0.6]
Prune local model 4, pr_ratio = [0.8, 0.8, 0.8, 0.8]
Prune local model 6, pr_ratio = [0.2, 0.2, 0.2, 0.2]
Prune local model 5, pr_ratio = [0, 0, 0, 0]
Prune local model 2, pr_ratio = [0.4, 0.4, 0.4, 0.4]
Prune local model 8, pr_ratio = [0.6, 0.6, 0.6, 0.6]
Prune local model 1, pr_ratio = [0.2, 0.2, 0.2, 0.2]
Round: 59 Method: dapperfl Mean_Acc: 46.688 Best_Acc: 48.95
Domain_Acc: [49.55, 67.89, 29.31, 40.0] Domain_BestAcc: [56.7, 68.95, 34.48, 50.0]
Prune local model 3, pr_ratio = [0.6, 0.6, 0.6, 0.6]
Prune local model 8, pr_ratio = [0.6, 0.6, 0.6, 0.6]
Prune local model 5, pr_ratio = [0, 0, 0, 0]
Prune local model 6, pr_ratio = [0.2, 0.2, 0.2, 0.2]
Prune local model 2, pr_ratio = [0.4, 0.4, 0.4, 0.4]
Prune local model 4, pr_ratio = [0.8, 0.8, 0.8, 0.8]
Prune local model 0, pr_ratio = [0, 0, 0, 0]
Prune local model 1, pr_ratio = [0.2, 0.2, 0.2, 0.2]
Prune local model 7, pr_ratio = [0.4, 0.4, 0.4, 0.4]
Prune local model 9, pr_ratio = [0.8, 0.8, 0.8, 0.8]
Round: 60 Method: dapperfl Mean_Acc: 50.83 Best_Acc: 50.83
Domain_Acc: [55.8, 63.16, 31.03, 53.33] Domain_BestAcc: [56.7, 68.95, 34.48, 53.33]
Prune local model 5, pr_ratio = [0, 0, 0, 0]
Prune local model 6, pr_ratio = [0.2, 0.2, 0.2, 0.2]
Prune local model 8, pr_ratio = [0.6, 0.6, 0.6, 0.6]
Prune local model 9, pr_ratio = [0.8, 0.8, 0.8, 0.8]
Prune local model 0, pr_ratio = [0, 0, 0, 0]
Prune local model 3, pr_ratio = [0.6, 0.6, 0.6, 0.6]
Prune local model 2, pr_ratio = [0.4, 0.4, 0.4, 0.4]
Prune local model 7, pr_ratio = [0.4, 0.4, 0.4, 0.4]
Prune local model 1, pr_ratio = [0.2, 0.2, 0.2, 0.2]
Prune local model 4, pr_ratio = [0.8, 0.8, 0.8, 0.8]
Round: 61 Method: dapperfl Mean_Acc: 37.555 Best_Acc: 50.83
Domain_Acc: [42.86, 60.0, 20.69, 26.67] Domain_BestAcc: [56.7, 68.95, 34.48, 53.33]
Prune local model 5, pr_ratio = [0, 0, 0, 0]
Prune local model 9, pr_ratio = [0.8, 0.8, 0.8, 0.8]
Prune local model 2, pr_ratio = [0.4, 0.4, 0.4, 0.4]
Prune local model 7, pr_ratio = [0.4, 0.4, 0.4, 0.4]
Prune local model 3, pr_ratio = [0.6, 0.6, 0.6, 0.6]
Prune local model 6, pr_ratio = [0.2, 0.2, 0.2, 0.2]
Prune local model 8, pr_ratio = [0.6, 0.6, 0.6, 0.6]
Prune local model 0, pr_ratio = [0, 0, 0, 0]
Prune local model 4, pr_ratio = [0.8, 0.8, 0.8, 0.8]
Prune local model 1, pr_ratio = [0.2, 0.2, 0.2, 0.2]
Round: 62 Method: dapperfl Mean_Acc: 35.537 Best_Acc: 50.83
Domain_Acc: [40.18, 41.05, 27.59, 33.33] Domain_BestAcc: [56.7, 68.95, 34.48, 53.33]
Prune local model 2, pr_ratio = [0.4, 0.4, 0.4, 0.4]
Prune local model 4, pr_ratio = [0.8, 0.8, 0.8, 0.8]
Prune local model 0, pr_ratio = [0, 0, 0, 0]
Prune local model 1, pr_ratio = [0.2, 0.2, 0.2, 0.2]
Prune local model 9, pr_ratio = [0.8, 0.8, 0.8, 0.8]
Prune local model 3, pr_ratio = [0.6, 0.6, 0.6, 0.6]
Prune local model 8, pr_ratio = [0.6, 0.6, 0.6, 0.6]
Prune local model 7, pr_ratio = [0.4, 0.4, 0.4, 0.4]
Prune local model 5, pr_ratio = [0, 0, 0, 0]
Prune local model 6, pr_ratio = [0.2, 0.2, 0.2, 0.2]
Round: 63 Method: dapperfl Mean_Acc: 43.952 Best_Acc: 50.83
Domain_Acc: [51.79, 70.0, 20.69, 33.33] Domain_BestAcc: [56.7, 70.0, 34.48, 53.33]
Prune local model 5, pr_ratio = [0, 0, 0, 0]
Prune local model 2, pr_ratio = [0.4, 0.4, 0.4, 0.4]
Prune local model 7, pr_ratio = [0.4, 0.4, 0.4, 0.4]
Prune local model 3, pr_ratio = [0.6, 0.6, 0.6, 0.6]
Prune local model 8, pr_ratio = [0.6, 0.6, 0.6, 0.6]
Prune local model 4, pr_ratio = [0.8, 0.8, 0.8, 0.8]
Prune local model 1, pr_ratio = [0.2, 0.2, 0.2, 0.2]
Prune local model 6, pr_ratio = [0.2, 0.2, 0.2, 0.2]
Prune local model 9, pr_ratio = [0.8, 0.8, 0.8, 0.8]
Prune local model 0, pr_ratio = [0, 0, 0, 0]
Round: 64 Method: dapperfl Mean_Acc: 37.945 Best_Acc: 50.83
Domain_Acc: [38.84, 50.53, 22.41, 40.0] Domain_BestAcc: [56.7, 70.0, 34.48, 53.33]
Prune local model 9, pr_ratio = [0.8, 0.8, 0.8, 0.8]
Prune local model 0, pr_ratio = [0, 0, 0, 0]
Prune local model 3, pr_ratio = [0.6, 0.6, 0.6, 0.6]
Prune local model 4, pr_ratio = [0.8, 0.8, 0.8, 0.8]
Prune local model 1, pr_ratio = [0.2, 0.2, 0.2, 0.2]
Prune local model 2, pr_ratio = [0.4, 0.4, 0.4, 0.4]
Prune local model 6, pr_ratio = [0.2, 0.2, 0.2, 0.2]
Prune local model 7, pr_ratio = [0.4, 0.4, 0.4, 0.4]
Prune local model 8, pr_ratio = [0.6, 0.6, 0.6, 0.6]
Prune local model 5, pr_ratio = [0, 0, 0, 0]
Round: 65 Method: dapperfl Mean_Acc: 37.548 Best_Acc: 50.83
Domain_Acc: [39.29, 65.26, 18.97, 26.67] Domain_BestAcc: [56.7, 70.0, 34.48, 53.33]
Prune local model 9, pr_ratio = [0.8, 0.8, 0.8, 0.8]
Prune local model 7, pr_ratio = [0.4, 0.4, 0.4, 0.4]
Prune local model 1, pr_ratio = [0.2, 0.2, 0.2, 0.2]
Prune local model 6, pr_ratio = [0.2, 0.2, 0.2, 0.2]
Prune local model 4, pr_ratio = [0.8, 0.8, 0.8, 0.8]
Prune local model 0, pr_ratio = [0, 0, 0, 0]
Prune local model 5, pr_ratio = [0, 0, 0, 0]
Prune local model 3, pr_ratio = [0.6, 0.6, 0.6, 0.6]
Prune local model 8, pr_ratio = [0.6, 0.6, 0.6, 0.6]
Prune local model 2, pr_ratio = [0.4, 0.4, 0.4, 0.4]
Round: 66 Method: dapperfl Mean_Acc: 42.978 Best_Acc: 50.83
Domain_Acc: [47.77, 60.0, 24.14, 40.0] Domain_BestAcc: [56.7, 70.0, 34.48, 53.33]
Prune local model 3, pr_ratio = [0.6, 0.6, 0.6, 0.6]
Prune local model 7, pr_ratio = [0.4, 0.4, 0.4, 0.4]
Prune local model 8, pr_ratio = [0.6, 0.6, 0.6, 0.6]
Prune local model 2, pr_ratio = [0.4, 0.4, 0.4, 0.4]
Prune local model 5, pr_ratio = [0, 0, 0, 0]
Prune local model 9, pr_ratio = [0.8, 0.8, 0.8, 0.8]
Prune local model 1, pr_ratio = [0.2, 0.2, 0.2, 0.2]
Prune local model 4, pr_ratio = [0.8, 0.8, 0.8, 0.8]
Prune local model 0, pr_ratio = [0, 0, 0, 0]
Prune local model 6, pr_ratio = [0.2, 0.2, 0.2, 0.2]
Round: 67 Method: dapperfl Mean_Acc: 41.73 Best_Acc: 50.83
Domain_Acc: [46.88, 59.47, 17.24, 43.33] Domain_BestAcc: [56.7, 70.0, 34.48, 53.33]
Prune local model 2, pr_ratio = [0.4, 0.4, 0.4, 0.4]
Prune local model 0, pr_ratio = [0, 0, 0, 0]
Prune local model 9, pr_ratio = [0.8, 0.8, 0.8, 0.8]
Prune local model 7, pr_ratio = [0.4, 0.4, 0.4, 0.4]
Prune local model 1, pr_ratio = [0.2, 0.2, 0.2, 0.2]
Prune local model 6, pr_ratio = [0.2, 0.2, 0.2, 0.2]
Prune local model 8, pr_ratio = [0.6, 0.6, 0.6, 0.6]
Prune local model 5, pr_ratio = [0, 0, 0, 0]
Prune local model 3, pr_ratio = [0.6, 0.6, 0.6, 0.6]
Prune local model 4, pr_ratio = [0.8, 0.8, 0.8, 0.8]
Round: 68 Method: dapperfl Mean_Acc: 46.078 Best_Acc: 50.83
Domain_Acc: [52.68, 67.37, 27.59, 36.67] Domain_BestAcc: [56.7, 70.0, 34.48, 53.33]
Prune local model 8, pr_ratio = [0.6, 0.6, 0.6, 0.6]
Prune local model 9, pr_ratio = [0.8, 0.8, 0.8, 0.8]
Prune local model 6, pr_ratio = [0.2, 0.2, 0.2, 0.2]
Prune local model 3, pr_ratio = [0.6, 0.6, 0.6, 0.6]
Prune local model 5, pr_ratio = [0, 0, 0, 0]
Prune local model 0, pr_ratio = [0, 0, 0, 0]
Prune local model 2, pr_ratio = [0.4, 0.4, 0.4, 0.4]
Prune local model 7, pr_ratio = [0.4, 0.4, 0.4, 0.4]
Prune local model 1, pr_ratio = [0.2, 0.2, 0.2, 0.2]
Prune local model 4, pr_ratio = [0.8, 0.8, 0.8, 0.8]
Round: 69 Method: dapperfl Mean_Acc: 41.448 Best_Acc: 50.83
Domain_Acc: [48.66, 66.32, 24.14, 26.67] Domain_BestAcc: [56.7, 70.0, 34.48, 53.33]
Prune local model 4, pr_ratio = [0.8, 0.8, 0.8, 0.8]
Prune local model 3, pr_ratio = [0.6, 0.6, 0.6, 0.6]
Prune local model 8, pr_ratio = [0.6, 0.6, 0.6, 0.6]
Prune local model 9, pr_ratio = [0.8, 0.8, 0.8, 0.8]
Prune local model 7, pr_ratio = [0.4, 0.4, 0.4, 0.4]
Prune local model 2, pr_ratio = [0.4, 0.4, 0.4, 0.4]
Prune local model 1, pr_ratio = [0.2, 0.2, 0.2, 0.2]
Prune local model 6, pr_ratio = [0.2, 0.2, 0.2, 0.2]
Prune local model 0, pr_ratio = [0, 0, 0, 0]
Prune local model 5, pr_ratio = [0, 0, 0, 0]
Round: 70 Method: dapperfl Mean_Acc: 47.168 Best_Acc: 50.83
Domain_Acc: [52.23, 63.68, 32.76, 40.0] Domain_BestAcc: [56.7, 70.0, 34.48, 53.33]
Prune local model 5, pr_ratio = [0, 0, 0, 0]
Prune local model 2, pr_ratio = [0.4, 0.4, 0.4, 0.4]
Prune local model 6, pr_ratio = [0.2, 0.2, 0.2, 0.2]
Prune local model 4, pr_ratio = [0.8, 0.8, 0.8, 0.8]
Prune local model 1, pr_ratio = [0.2, 0.2, 0.2, 0.2]
Prune local model 8, pr_ratio = [0.6, 0.6, 0.6, 0.6]
Prune local model 7, pr_ratio = [0.4, 0.4, 0.4, 0.4]
Prune local model 3, pr_ratio = [0.6, 0.6, 0.6, 0.6]
Prune local model 0, pr_ratio = [0, 0, 0, 0]
Prune local model 9, pr_ratio = [0.8, 0.8, 0.8, 0.8]
Round: 71 Method: dapperfl Mean_Acc: 47.228 Best_Acc: 50.83
Domain_Acc: [52.23, 67.37, 29.31, 40.0] Domain_BestAcc: [56.7, 70.0, 34.48, 53.33]
Prune local model 5, pr_ratio = [0, 0, 0, 0]
Prune local model 6, pr_ratio = [0.2, 0.2, 0.2, 0.2]
Prune local model 9, pr_ratio = [0.8, 0.8, 0.8, 0.8]
Prune local model 4, pr_ratio = [0.8, 0.8, 0.8, 0.8]
Prune local model 0, pr_ratio = [0, 0, 0, 0]
Prune local model 3, pr_ratio = [0.6, 0.6, 0.6, 0.6]
Prune local model 8, pr_ratio = [0.6, 0.6, 0.6, 0.6]
Prune local model 2, pr_ratio = [0.4, 0.4, 0.4, 0.4]
Prune local model 1, pr_ratio = [0.2, 0.2, 0.2, 0.2]
Prune local model 7, pr_ratio = [0.4, 0.4, 0.4, 0.4]
Round: 72 Method: dapperfl Mean_Acc: 47.435 Best_Acc: 50.83
Domain_Acc: [53.12, 60.53, 32.76, 43.33] Domain_BestAcc: [56.7, 70.0, 34.48, 53.33]
Prune local model 3, pr_ratio = [0.6, 0.6, 0.6, 0.6]
Prune local model 1, pr_ratio = [0.2, 0.2, 0.2, 0.2]
Prune local model 0, pr_ratio = [0, 0, 0, 0]
Prune local model 9, pr_ratio = [0.8, 0.8, 0.8, 0.8]
Prune local model 2, pr_ratio = [0.4, 0.4, 0.4, 0.4]
Prune local model 6, pr_ratio = [0.2, 0.2, 0.2, 0.2]
Prune local model 4, pr_ratio = [0.8, 0.8, 0.8, 0.8]
Prune local model 7, pr_ratio = [0.4, 0.4, 0.4, 0.4]
Prune local model 8, pr_ratio = [0.6, 0.6, 0.6, 0.6]
Prune local model 5, pr_ratio = [0, 0, 0, 0]
Round: 73 Method: dapperfl Mean_Acc: 39.433 Best_Acc: 50.83
Domain_Acc: [44.64, 58.95, 24.14, 30.0] Domain_BestAcc: [56.7, 70.0, 34.48, 53.33]
Prune local model 4, pr_ratio = [0.8, 0.8, 0.8, 0.8]
Prune local model 8, pr_ratio = [0.6, 0.6, 0.6, 0.6]
Prune local model 6, pr_ratio = [0.2, 0.2, 0.2, 0.2]
Prune local model 9, pr_ratio = [0.8, 0.8, 0.8, 0.8]
Prune local model 2, pr_ratio = [0.4, 0.4, 0.4, 0.4]
Prune local model 7, pr_ratio = [0.4, 0.4, 0.4, 0.4]
Prune local model 1, pr_ratio = [0.2, 0.2, 0.2, 0.2]
Prune local model 3, pr_ratio = [0.6, 0.6, 0.6, 0.6]
Prune local model 5, pr_ratio = [0, 0, 0, 0]
Prune local model 0, pr_ratio = [0, 0, 0, 0]
Round: 74 Method: dapperfl Mean_Acc: 45.13 Best_Acc: 50.83
Domain_Acc: [48.21, 51.05, 37.93, 43.33] Domain_BestAcc: [56.7, 70.0, 37.93, 53.33]
Prune local model 1, pr_ratio = [0.2, 0.2, 0.2, 0.2]
Prune local model 0, pr_ratio = [0, 0, 0, 0]
Prune local model 8, pr_ratio = [0.6, 0.6, 0.6, 0.6]
Prune local model 5, pr_ratio = [0, 0, 0, 0]
Prune local model 7, pr_ratio = [0.4, 0.4, 0.4, 0.4]
Prune local model 3, pr_ratio = [0.6, 0.6, 0.6, 0.6]
Prune local model 4, pr_ratio = [0.8, 0.8, 0.8, 0.8]
Prune local model 2, pr_ratio = [0.4, 0.4, 0.4, 0.4]
Prune local model 9, pr_ratio = [0.8, 0.8, 0.8, 0.8]
Prune local model 6, pr_ratio = [0.2, 0.2, 0.2, 0.2]
Round: 75 Method: dapperfl Mean_Acc: 48.567 Best_Acc: 50.83
Domain_Acc: [52.68, 68.95, 29.31, 43.33] Domain_BestAcc: [56.7, 70.0, 37.93, 53.33]
Prune local model 5, pr_ratio = [0, 0, 0, 0]
Prune local model 2, pr_ratio = [0.4, 0.4, 0.4, 0.4]
Prune local model 7, pr_ratio = [0.4, 0.4, 0.4, 0.4]
Prune local model 8, pr_ratio = [0.6, 0.6, 0.6, 0.6]
Prune local model 6, pr_ratio = [0.2, 0.2, 0.2, 0.2]
Prune local model 0, pr_ratio = [0, 0, 0, 0]
Prune local model 1, pr_ratio = [0.2, 0.2, 0.2, 0.2]
Prune local model 9, pr_ratio = [0.8, 0.8, 0.8, 0.8]
Prune local model 3, pr_ratio = [0.6, 0.6, 0.6, 0.6]
Prune local model 4, pr_ratio = [0.8, 0.8, 0.8, 0.8]
Round: 76 Method: dapperfl Mean_Acc: 38.562 Best_Acc: 50.83
Domain_Acc: [41.52, 65.26, 24.14, 23.33] Domain_BestAcc: [56.7, 70.0, 37.93, 53.33]
Prune local model 7, pr_ratio = [0.4, 0.4, 0.4, 0.4]
Prune local model 3, pr_ratio = [0.6, 0.6, 0.6, 0.6]
Prune local model 4, pr_ratio = [0.8, 0.8, 0.8, 0.8]
Prune local model 8, pr_ratio = [0.6, 0.6, 0.6, 0.6]
Prune local model 6, pr_ratio = [0.2, 0.2, 0.2, 0.2]
Prune local model 9, pr_ratio = [0.8, 0.8, 0.8, 0.8]
Prune local model 5, pr_ratio = [0, 0, 0, 0]
Prune local model 1, pr_ratio = [0.2, 0.2, 0.2, 0.2]
Prune local model 0, pr_ratio = [0, 0, 0, 0]
Prune local model 2, pr_ratio = [0.4, 0.4, 0.4, 0.4]
Round: 77 Method: dapperfl Mean_Acc: 41.885 Best_Acc: 50.83
Domain_Acc: [48.66, 54.74, 24.14, 40.0] Domain_BestAcc: [56.7, 70.0, 37.93, 53.33]
Prune local model 7, pr_ratio = [0.4, 0.4, 0.4, 0.4]
Prune local model 5, pr_ratio = [0, 0, 0, 0]
Prune local model 0, pr_ratio = [0, 0, 0, 0]
Prune local model 1, pr_ratio = [0.2, 0.2, 0.2, 0.2]
Prune local model 4, pr_ratio = [0.8, 0.8, 0.8, 0.8]
Prune local model 3, pr_ratio = [0.6, 0.6, 0.6, 0.6]
Prune local model 2, pr_ratio = [0.4, 0.4, 0.4, 0.4]
Prune local model 9, pr_ratio = [0.8, 0.8, 0.8, 0.8]
Prune local model 8, pr_ratio = [0.6, 0.6, 0.6, 0.6]
Prune local model 6, pr_ratio = [0.2, 0.2, 0.2, 0.2]
Round: 78 Method: dapperfl Mean_Acc: 41.908 Best_Acc: 50.83
Domain_Acc: [48.21, 63.68, 22.41, 33.33] Domain_BestAcc: [56.7, 70.0, 37.93, 53.33]
Prune local model 5, pr_ratio = [0, 0, 0, 0]
Prune local model 9, pr_ratio = [0.8, 0.8, 0.8, 0.8]
Prune local model 8, pr_ratio = [0.6, 0.6, 0.6, 0.6]
Prune local model 6, pr_ratio = [0.2, 0.2, 0.2, 0.2]
Prune local model 4, pr_ratio = [0.8, 0.8, 0.8, 0.8]
Prune local model 0, pr_ratio = [0, 0, 0, 0]
Prune local model 3, pr_ratio = [0.6, 0.6, 0.6, 0.6]
Prune local model 1, pr_ratio = [0.2, 0.2, 0.2, 0.2]
Prune local model 7, pr_ratio = [0.4, 0.4, 0.4, 0.4]
Prune local model 2, pr_ratio = [0.4, 0.4, 0.4, 0.4]
Round: 79 Method: dapperfl Mean_Acc: 41.172 Best_Acc: 50.83
Domain_Acc: [44.64, 55.79, 27.59, 36.67] Domain_BestAcc: [56.7, 70.0, 37.93, 53.33]
Prune local model 9, pr_ratio = [0.8, 0.8, 0.8, 0.8]
Prune local model 0, pr_ratio = [0, 0, 0, 0]
Prune local model 3, pr_ratio = [0.6, 0.6, 0.6, 0.6]
Prune local model 6, pr_ratio = [0.2, 0.2, 0.2, 0.2]
Prune local model 4, pr_ratio = [0.8, 0.8, 0.8, 0.8]
Prune local model 7, pr_ratio = [0.4, 0.4, 0.4, 0.4]
Prune local model 8, pr_ratio = [0.6, 0.6, 0.6, 0.6]
Prune local model 5, pr_ratio = [0, 0, 0, 0]
Prune local model 2, pr_ratio = [0.4, 0.4, 0.4, 0.4]
Prune local model 1, pr_ratio = [0.2, 0.2, 0.2, 0.2]
Round: 80 Method: dapperfl Mean_Acc: 49.683 Best_Acc: 50.83
Domain_Acc: [57.14, 68.95, 29.31, 43.33] Domain_BestAcc: [57.14, 70.0, 37.93, 53.33]
Prune local model 9, pr_ratio = [0.8, 0.8, 0.8, 0.8]
Prune local model 7, pr_ratio = [0.4, 0.4, 0.4, 0.4]
Prune local model 2, pr_ratio = [0.4, 0.4, 0.4, 0.4]
Prune local model 6, pr_ratio = [0.2, 0.2, 0.2, 0.2]
Prune local model 4, pr_ratio = [0.8, 0.8, 0.8, 0.8]
Prune local model 3, pr_ratio = [0.6, 0.6, 0.6, 0.6]
Prune local model 5, pr_ratio = [0, 0, 0, 0]
Prune local model 0, pr_ratio = [0, 0, 0, 0]
Prune local model 8, pr_ratio = [0.6, 0.6, 0.6, 0.6]
Prune local model 1, pr_ratio = [0.2, 0.2, 0.2, 0.2]
Round: 81 Method: dapperfl Mean_Acc: 47.27 Best_Acc: 50.83
Domain_Acc: [52.23, 64.21, 29.31, 43.33] Domain_BestAcc: [57.14, 70.0, 37.93, 53.33]
Prune local model 1, pr_ratio = [0.2, 0.2, 0.2, 0.2]
Prune local model 2, pr_ratio = [0.4, 0.4, 0.4, 0.4]
Prune local model 0, pr_ratio = [0, 0, 0, 0]
Prune local model 5, pr_ratio = [0, 0, 0, 0]
Prune local model 7, pr_ratio = [0.4, 0.4, 0.4, 0.4]
Prune local model 3, pr_ratio = [0.6, 0.6, 0.6, 0.6]
Prune local model 6, pr_ratio = [0.2, 0.2, 0.2, 0.2]
Prune local model 9, pr_ratio = [0.8, 0.8, 0.8, 0.8]
Prune local model 4, pr_ratio = [0.8, 0.8, 0.8, 0.8]
Prune local model 8, pr_ratio = [0.6, 0.6, 0.6, 0.6]
Round: 82 Method: dapperfl Mean_Acc: 46.902 Best_Acc: 50.83
Domain_Acc: [54.91, 66.84, 25.86, 40.0] Domain_BestAcc: [57.14, 70.0, 37.93, 53.33]
Prune local model 0, pr_ratio = [0, 0, 0, 0]
Prune local model 5, pr_ratio = [0, 0, 0, 0]
Prune local model 6, pr_ratio = [0.2, 0.2, 0.2, 0.2]
Prune local model 4, pr_ratio = [0.8, 0.8, 0.8, 0.8]
Prune local model 1, pr_ratio = [0.2, 0.2, 0.2, 0.2]
Prune local model 3, pr_ratio = [0.6, 0.6, 0.6, 0.6]
Prune local model 8, pr_ratio = [0.6, 0.6, 0.6, 0.6]
Prune local model 9, pr_ratio = [0.8, 0.8, 0.8, 0.8]
Prune local model 2, pr_ratio = [0.4, 0.4, 0.4, 0.4]
Prune local model 7, pr_ratio = [0.4, 0.4, 0.4, 0.4]
Round: 83 Method: dapperfl Mean_Acc: 42.498 Best_Acc: 50.83
Domain_Acc: [45.54, 45.26, 25.86, 53.33] Domain_BestAcc: [57.14, 70.0, 37.93, 53.33]
Prune local model 6, pr_ratio = [0.2, 0.2, 0.2, 0.2]
Prune local model 7, pr_ratio = [0.4, 0.4, 0.4, 0.4]
Prune local model 8, pr_ratio = [0.6, 0.6, 0.6, 0.6]
Prune local model 5, pr_ratio = [0, 0, 0, 0]
Prune local model 3, pr_ratio = [0.6, 0.6, 0.6, 0.6]
Prune local model 2, pr_ratio = [0.4, 0.4, 0.4, 0.4]
Prune local model 9, pr_ratio = [0.8, 0.8, 0.8, 0.8]
Prune local model 1, pr_ratio = [0.2, 0.2, 0.2, 0.2]
Prune local model 0, pr_ratio = [0, 0, 0, 0]
Prune local model 4, pr_ratio = [0.8, 0.8, 0.8, 0.8]
Round: 84 Method: dapperfl Mean_Acc: 51.168 Best_Acc: 51.168
Domain_Acc: [56.7, 72.11, 25.86, 50.0] Domain_BestAcc: [57.14, 72.11, 37.93, 53.33]
Prune local model 4, pr_ratio = [0.8, 0.8, 0.8, 0.8]
Prune local model 5, pr_ratio = [0, 0, 0, 0]
Prune local model 6, pr_ratio = [0.2, 0.2, 0.2, 0.2]
Prune local model 0, pr_ratio = [0, 0, 0, 0]
Prune local model 2, pr_ratio = [0.4, 0.4, 0.4, 0.4]
Prune local model 8, pr_ratio = [0.6, 0.6, 0.6, 0.6]
Prune local model 1, pr_ratio = [0.2, 0.2, 0.2, 0.2]
Prune local model 3, pr_ratio = [0.6, 0.6, 0.6, 0.6]
Prune local model 7, pr_ratio = [0.4, 0.4, 0.4, 0.4]
Prune local model 9, pr_ratio = [0.8, 0.8, 0.8, 0.8]
Round: 85 Method: dapperfl Mean_Acc: 38.54 Best_Acc: 51.168
Domain_Acc: [34.82, 48.42, 27.59, 43.33] Domain_BestAcc: [57.14, 72.11, 37.93, 53.33]
Prune local model 8, pr_ratio = [0.6, 0.6, 0.6, 0.6]
Prune local model 3, pr_ratio = [0.6, 0.6, 0.6, 0.6]
Prune local model 6, pr_ratio = [0.2, 0.2, 0.2, 0.2]
Prune local model 0, pr_ratio = [0, 0, 0, 0]
Prune local model 2, pr_ratio = [0.4, 0.4, 0.4, 0.4]
Prune local model 7, pr_ratio = [0.4, 0.4, 0.4, 0.4]
Prune local model 4, pr_ratio = [0.8, 0.8, 0.8, 0.8]
Prune local model 1, pr_ratio = [0.2, 0.2, 0.2, 0.2]
Prune local model 9, pr_ratio = [0.8, 0.8, 0.8, 0.8]
Prune local model 5, pr_ratio = [0, 0, 0, 0]
Round: 86 Method: dapperfl Mean_Acc: 37.972 Best_Acc: 51.168
Domain_Acc: [41.96, 55.79, 24.14, 30.0] Domain_BestAcc: [57.14, 72.11, 37.93, 53.33]
Prune local model 8, pr_ratio = [0.6, 0.6, 0.6, 0.6]
Prune local model 6, pr_ratio = [0.2, 0.2, 0.2, 0.2]
Prune local model 7, pr_ratio = [0.4, 0.4, 0.4, 0.4]
Prune local model 9, pr_ratio = [0.8, 0.8, 0.8, 0.8]
Prune local model 1, pr_ratio = [0.2, 0.2, 0.2, 0.2]
Prune local model 3, pr_ratio = [0.6, 0.6, 0.6, 0.6]
Prune local model 4, pr_ratio = [0.8, 0.8, 0.8, 0.8]
Prune local model 2, pr_ratio = [0.4, 0.4, 0.4, 0.4]
Prune local model 5, pr_ratio = [0, 0, 0, 0]
Prune local model 0, pr_ratio = [0, 0, 0, 0]
Round: 87 Method: dapperfl Mean_Acc: 43.88 Best_Acc: 51.168
Domain_Acc: [45.98, 63.68, 25.86, 40.0] Domain_BestAcc: [57.14, 72.11, 37.93, 53.33]
Prune local model 2, pr_ratio = [0.4, 0.4, 0.4, 0.4]
Prune local model 6, pr_ratio = [0.2, 0.2, 0.2, 0.2]
Prune local model 9, pr_ratio = [0.8, 0.8, 0.8, 0.8]
Prune local model 3, pr_ratio = [0.6, 0.6, 0.6, 0.6]
Prune local model 0, pr_ratio = [0, 0, 0, 0]
Prune local model 1, pr_ratio = [0.2, 0.2, 0.2, 0.2]
Prune local model 7, pr_ratio = [0.4, 0.4, 0.4, 0.4]
Prune local model 8, pr_ratio = [0.6, 0.6, 0.6, 0.6]
Prune local model 4, pr_ratio = [0.8, 0.8, 0.8, 0.8]
Prune local model 5, pr_ratio = [0, 0, 0, 0]
Round: 88 Method: dapperfl Mean_Acc: 42.888 Best_Acc: 51.168
Domain_Acc: [53.12, 55.79, 29.31, 33.33] Domain_BestAcc: [57.14, 72.11, 37.93, 53.33]
Prune local model 8, pr_ratio = [0.6, 0.6, 0.6, 0.6]
Prune local model 3, pr_ratio = [0.6, 0.6, 0.6, 0.6]
Prune local model 7, pr_ratio = [0.4, 0.4, 0.4, 0.4]
Prune local model 1, pr_ratio = [0.2, 0.2, 0.2, 0.2]
Prune local model 9, pr_ratio = [0.8, 0.8, 0.8, 0.8]
Prune local model 6, pr_ratio = [0.2, 0.2, 0.2, 0.2]
Prune local model 4, pr_ratio = [0.8, 0.8, 0.8, 0.8]
Prune local model 5, pr_ratio = [0, 0, 0, 0]
Prune local model 2, pr_ratio = [0.4, 0.4, 0.4, 0.4]
Prune local model 0, pr_ratio = [0, 0, 0, 0]
Round: 89 Method: dapperfl Mean_Acc: 46.957 Best_Acc: 51.168
Domain_Acc: [50.45, 64.74, 29.31, 43.33] Domain_BestAcc: [57.14, 72.11, 37.93, 53.33]
Prune local model 9, pr_ratio = [0.8, 0.8, 0.8, 0.8]
Prune local model 8, pr_ratio = [0.6, 0.6, 0.6, 0.6]
Prune local model 4, pr_ratio = [0.8, 0.8, 0.8, 0.8]
Prune local model 1, pr_ratio = [0.2, 0.2, 0.2, 0.2]
Prune local model 3, pr_ratio = [0.6, 0.6, 0.6, 0.6]
Prune local model 0, pr_ratio = [0, 0, 0, 0]
Prune local model 5, pr_ratio = [0, 0, 0, 0]
Prune local model 6, pr_ratio = [0.2, 0.2, 0.2, 0.2]
Prune local model 2, pr_ratio = [0.4, 0.4, 0.4, 0.4]
Prune local model 7, pr_ratio = [0.4, 0.4, 0.4, 0.4]
Round: 90 Method: dapperfl Mean_Acc: 48.735 Best_Acc: 51.168
Domain_Acc: [51.34, 65.79, 34.48, 43.33] Domain_BestAcc: [57.14, 72.11, 37.93, 53.33]
Prune local model 1, pr_ratio = [0.2, 0.2, 0.2, 0.2]
Prune local model 6, pr_ratio = [0.2, 0.2, 0.2, 0.2]
Prune local model 8, pr_ratio = [0.6, 0.6, 0.6, 0.6]
Prune local model 5, pr_ratio = [0, 0, 0, 0]
Prune local model 4, pr_ratio = [0.8, 0.8, 0.8, 0.8]
Prune local model 9, pr_ratio = [0.8, 0.8, 0.8, 0.8]
Prune local model 0, pr_ratio = [0, 0, 0, 0]
Prune local model 7, pr_ratio = [0.4, 0.4, 0.4, 0.4]
Prune local model 3, pr_ratio = [0.6, 0.6, 0.6, 0.6]
Prune local model 2, pr_ratio = [0.4, 0.4, 0.4, 0.4]
Round: 91 Method: dapperfl Mean_Acc: 40.713 Best_Acc: 51.168
Domain_Acc: [50.89, 56.32, 18.97, 36.67] Domain_BestAcc: [57.14, 72.11, 37.93, 53.33]
Prune local model 7, pr_ratio = [0.4, 0.4, 0.4, 0.4]
Prune local model 8, pr_ratio = [0.6, 0.6, 0.6, 0.6]
Prune local model 6, pr_ratio = [0.2, 0.2, 0.2, 0.2]
Prune local model 1, pr_ratio = [0.2, 0.2, 0.2, 0.2]
Prune local model 3, pr_ratio = [0.6, 0.6, 0.6, 0.6]
Prune local model 2, pr_ratio = [0.4, 0.4, 0.4, 0.4]
Prune local model 9, pr_ratio = [0.8, 0.8, 0.8, 0.8]
Prune local model 4, pr_ratio = [0.8, 0.8, 0.8, 0.8]
Prune local model 5, pr_ratio = [0, 0, 0, 0]
Prune local model 0, pr_ratio = [0, 0, 0, 0]
Round: 92 Method: dapperfl Mean_Acc: 49.21 Best_Acc: 51.168
Domain_Acc: [48.21, 57.37, 37.93, 53.33] Domain_BestAcc: [57.14, 72.11, 37.93, 53.33]
Prune local model 1, pr_ratio = [0.2, 0.2, 0.2, 0.2]
Prune local model 2, pr_ratio = [0.4, 0.4, 0.4, 0.4]
Prune local model 9, pr_ratio = [0.8, 0.8, 0.8, 0.8]
Prune local model 6, pr_ratio = [0.2, 0.2, 0.2, 0.2]
Prune local model 4, pr_ratio = [0.8, 0.8, 0.8, 0.8]
Prune local model 5, pr_ratio = [0, 0, 0, 0]
Prune local model 0, pr_ratio = [0, 0, 0, 0]
Prune local model 8, pr_ratio = [0.6, 0.6, 0.6, 0.6]
Prune local model 3, pr_ratio = [0.6, 0.6, 0.6, 0.6]
Prune local model 7, pr_ratio = [0.4, 0.4, 0.4, 0.4]
Round: 93 Method: dapperfl Mean_Acc: 48.05 Best_Acc: 51.168
Domain_Acc: [52.68, 65.26, 27.59, 46.67] Domain_BestAcc: [57.14, 72.11, 37.93, 53.33]
Prune local model 5, pr_ratio = [0, 0, 0, 0]
Prune local model 9, pr_ratio = [0.8, 0.8, 0.8, 0.8]
Prune local model 2, pr_ratio = [0.4, 0.4, 0.4, 0.4]
Prune local model 7, pr_ratio = [0.4, 0.4, 0.4, 0.4]
Prune local model 6, pr_ratio = [0.2, 0.2, 0.2, 0.2]
Prune local model 1, pr_ratio = [0.2, 0.2, 0.2, 0.2]
Prune local model 8, pr_ratio = [0.6, 0.6, 0.6, 0.6]
Prune local model 4, pr_ratio = [0.8, 0.8, 0.8, 0.8]
Prune local model 3, pr_ratio = [0.6, 0.6, 0.6, 0.6]
Prune local model 0, pr_ratio = [0, 0, 0, 0]
Round: 94 Method: dapperfl Mean_Acc: 54.532 Best_Acc: 54.532
Domain_Acc: [61.16, 74.21, 32.76, 50.0] Domain_BestAcc: [61.16, 74.21, 37.93, 53.33]
Prune local model 3, pr_ratio = [0.6, 0.6, 0.6, 0.6]
Prune local model 8, pr_ratio = [0.6, 0.6, 0.6, 0.6]
Prune local model 5, pr_ratio = [0, 0, 0, 0]
Prune local model 6, pr_ratio = [0.2, 0.2, 0.2, 0.2]
Prune local model 1, pr_ratio = [0.2, 0.2, 0.2, 0.2]
Prune local model 7, pr_ratio = [0.4, 0.4, 0.4, 0.4]
Prune local model 2, pr_ratio = [0.4, 0.4, 0.4, 0.4]
Prune local model 4, pr_ratio = [0.8, 0.8, 0.8, 0.8]
Prune local model 0, pr_ratio = [0, 0, 0, 0]
Prune local model 9, pr_ratio = [0.8, 0.8, 0.8, 0.8]
Round: 95 Method: dapperfl Mean_Acc: 46.73 Best_Acc: 54.532
Domain_Acc: [52.23, 68.95, 22.41, 43.33] Domain_BestAcc: [61.16, 74.21, 37.93, 53.33]
Prune local model 2, pr_ratio = [0.4, 0.4, 0.4, 0.4]
Prune local model 1, pr_ratio = [0.2, 0.2, 0.2, 0.2]
Prune local model 3, pr_ratio = [0.6, 0.6, 0.6, 0.6]
Prune local model 8, pr_ratio = [0.6, 0.6, 0.6, 0.6]
Prune local model 4, pr_ratio = [0.8, 0.8, 0.8, 0.8]
Prune local model 9, pr_ratio = [0.8, 0.8, 0.8, 0.8]
Prune local model 6, pr_ratio = [0.2, 0.2, 0.2, 0.2]
Prune local model 0, pr_ratio = [0, 0, 0, 0]
Prune local model 7, pr_ratio = [0.4, 0.4, 0.4, 0.4]
Prune local model 5, pr_ratio = [0, 0, 0, 0]
Round: 96 Method: dapperfl Mean_Acc: 48.88 Best_Acc: 54.532
Domain_Acc: [52.23, 60.53, 32.76, 50.0] Domain_BestAcc: [61.16, 74.21, 37.93, 53.33]
Prune local model 5, pr_ratio = [0, 0, 0, 0]
Prune local model 3, pr_ratio = [0.6, 0.6, 0.6, 0.6]
Prune local model 9, pr_ratio = [0.8, 0.8, 0.8, 0.8]
Prune local model 4, pr_ratio = [0.8, 0.8, 0.8, 0.8]
Prune local model 7, pr_ratio = [0.4, 0.4, 0.4, 0.4]
Prune local model 1, pr_ratio = [0.2, 0.2, 0.2, 0.2]
Prune local model 2, pr_ratio = [0.4, 0.4, 0.4, 0.4]
Prune local model 6, pr_ratio = [0.2, 0.2, 0.2, 0.2]
Prune local model 8, pr_ratio = [0.6, 0.6, 0.6, 0.6]
Prune local model 0, pr_ratio = [0, 0, 0, 0]
Round: 97 Method: dapperfl Mean_Acc: 37.795 Best_Acc: 54.532
Domain_Acc: [40.18, 65.26, 22.41, 23.33] Domain_BestAcc: [61.16, 74.21, 37.93, 53.33]
Prune local model 6, pr_ratio = [0.2, 0.2, 0.2, 0.2]
Prune local model 9, pr_ratio = [0.8, 0.8, 0.8, 0.8]
Prune local model 2, pr_ratio = [0.4, 0.4, 0.4, 0.4]
Prune local model 4, pr_ratio = [0.8, 0.8, 0.8, 0.8]
Prune local model 8, pr_ratio = [0.6, 0.6, 0.6, 0.6]
Prune local model 7, pr_ratio = [0.4, 0.4, 0.4, 0.4]
Prune local model 5, pr_ratio = [0, 0, 0, 0]
Prune local model 0, pr_ratio = [0, 0, 0, 0]
Prune local model 1, pr_ratio = [0.2, 0.2, 0.2, 0.2]
Prune local model 3, pr_ratio = [0.6, 0.6, 0.6, 0.6]
Round: 98 Method: dapperfl Mean_Acc: 50.165 Best_Acc: 54.532
Domain_Acc: [54.91, 66.32, 32.76, 46.67] Domain_BestAcc: [61.16, 74.21, 37.93, 53.33]
Prune local model 4, pr_ratio = [0.8, 0.8, 0.8, 0.8]
Prune local model 5, pr_ratio = [0, 0, 0, 0]
Prune local model 2, pr_ratio = [0.4, 0.4, 0.4, 0.4]
Prune local model 7, pr_ratio = [0.4, 0.4, 0.4, 0.4]
Prune local model 8, pr_ratio = [0.6, 0.6, 0.6, 0.6]
Prune local model 1, pr_ratio = [0.2, 0.2, 0.2, 0.2]
Prune local model 0, pr_ratio = [0, 0, 0, 0]
Prune local model 9, pr_ratio = [0.8, 0.8, 0.8, 0.8]
Prune local model 3, pr_ratio = [0.6, 0.6, 0.6, 0.6]
Prune local model 6, pr_ratio = [0.2, 0.2, 0.2, 0.2]
Round: 99 Method: dapperfl Mean_Acc: 39.948 Best_Acc: 54.532
Domain_Acc: [40.18, 60.53, 22.41, 36.67] Domain_BestAcc: [61.16, 74.21, 37.93, 53.33]
2025-04-13 15:50:58
